[20:18:08] ⭐ SALITA prova-amd-1 · xfce · 4k (3840x2160) · gradini 1 · 3 min (ultimo 3) · tetto 2 · PROVA (non conta)
[20:18:08]    scheda della scatola: amd · browser-cliente sulla Intel
[20:18:08]    commit del prodotto: 97e94fe
[20:18:08]    kernel 7.0 · Intel UHD 770 (i5-13500T) [i915] + AMD Radeon RX 6800 [amdgpu] · binario 3fe94e8b · pagina c5279e66 · banchi 4d62a81
[20:18:10]    scatola accendi: codice 0 in 2 s ·   OK  dentro ci sono solo i nodi della Radeon: card0 renderD128
[20:18:11]    scatola prodotto: codice 0 in 1 s ·   OK  la catena PAM del prodotto e installata
[20:18:12]    scatola server: codice 0 in 1 s ·       righe rosse nel registro di avvio: 7
[20:18:12]    ⭐ scheda della scatola: AMD Radeon RX 6800 [amdgpu] 0000:03:00.0 = renderD128 dentro
[20:18:12]    ⭐ tetto delle sessioni in vigore: 2
[20:18:12]    scatola: binario 3fe94e8b · pagina c5279e66 · --tetto-sessioni 2 -- --journal ; · dri card0,renderD128 · VA ?
[20:18:12] ══ livello-01: 1 utenti, 3 min (gradino) ══
[20:18:13]    + utente 01 (pid 1094482, wayland-5, seme 1601, porte 9310)
[20:18:35]      utente 01 nato in 22.0 s
[20:18:35]    tutti dentro (23 s dopo l'inizio del livello): lavoro fino alle 20:21:35
[20:19:05]    SIGUSR1 a 1 attori (foto piena), 30 s prima della finestra
[20:19:06]    foto scritte: 1/1 in 1 s
[20:19:35]    controllo corto: firefox su wayland-4
[20:22:13]    controllo corto: PASS (codice 0)
[20:22:15]    ▶ livello-01: FAIL (significativo) — 1 GREEN · 0 DEGRADED · 1 FAIL · livello: DEGRADED memoria_remotix: NON MISURATO: serie della memoria di remotix troppo corta (38 punti) · DEGRADED memoria_sessioni: NON MISURATO: serie della memoria d
[20:22:15] ⚠ 1 utenti: FAIL — si RIPETE nelle stesse condizioni (§14), da scatola pulita
[20:22:15]    fermo 1 attori (SIGTERM: sgomberano da se')
[20:22:20]    scatola accendi: codice 0 in 2 s ·   OK  dentro ci sono solo i nodi della Radeon: card0 renderD128
[20:22:21]    scatola prodotto: codice 0 in 1 s ·   OK  la catena PAM del prodotto e installata
[20:22:21]    scatola server: codice 0 in 1 s ·       righe rosse nel registro di avvio: 7
[20:22:21]    ⭐ scheda della scatola: AMD Radeon RX 6800 [amdgpu] 0000:03:00.0 = renderD128 dentro
[20:22:22]    ⭐ tetto delle sessioni in vigore: 2
[20:22:22]    scatola: binario 3fe94e8b · pagina c5279e66 · --tetto-sessioni 2 -- --journal ; · dri card0,renderD128 · VA ?
[20:22:22] ══ livello-01-ripetizione: 1 utenti, 3 min (ripetizione) ══
[20:22:22]    + utente 01 (pid 1121679, wayland-5, seme 1601, porte 9310)
[20:22:44]      utente 01 nato in 22.5 s
[20:22:44]    tutti dentro (23 s dopo l'inizio del livello): lavoro fino alle 20:25:44
[20:23:14]    SIGUSR1 a 1 attori (foto piena), 30 s prima della finestra
[20:23:15]    foto scritte: 1/1 in 1 s
[20:23:44]    controllo corto: chrome su wayland-4
[20:26:24]    controllo corto: PASS (codice 0)
[20:26:25]    ▶ livello-01-ripetizione: FAIL (significativo) — 1 GREEN · 0 DEGRADED · 1 FAIL · livello: DEGRADED memoria_remotix: NON MISURATO: serie della memoria di remotix troppo corta (39 punti) · DEGRADED memoria_sessioni: NON MISURATO: serie della memoria d
[20:26:25] ⛔ confermato: 1 utenti FAIL due volte
[20:26:25] ⏹ FINE: ultimo livello buono 0 · rottura 1
[20:26:25]    fermo 1 attori (SIGTERM: sgomberano da se')
[20:26:28]    compositori spenti (2)
[20:26:33]    server rimesso col tetto predefinito (codice 0, tetto 10)
[20:26:33] fine · [{"livello": 1, "nome": "livello-01", "tipo": "gradino", "classe": "FAIL", "significativo": true, "dir": "/media/REMOTIX/misure/fase16/prova-amd-1/livello-01"}, {"livello": 1, "nome": "livello-01-ripetizione", "tipo": "ripetizione", "classe": "FAIL", "significativo": true, "dir": "/media/REMOTIX/misure/fase16/prova-amd-1/livello-01-ripetizione"}]
