LIVELLO 16 · amd-b-3k-lxqt · finestra 17:24:49–17:26:49 · FAIL
  utente 1   A  firefox  c16001u1       GREEN
      GREEN    ritardo input → fotogramma (p95)         35.93 — p95 dei p95 al secondo di «NOSTRO» (copia → byte fuori, 36 righe del figlio) 26.9 ms + 9 ms d'ingresso (tetto costruttivo: poll di 8 ms) · ⚠ strada wlroots: la «copia» e' contata due volte (~4 ms in piu', cattura.c:2309 / figlio.c:5191) — NON corretto, e' dal lato prudente
      GREEN    fotogrammi saltati                       0.0 — 1010 consegnati, 1010 dipinti (salt 0)
      GREEN    blocco piu' lungo dell'immagine          0.048 — dall'attore (14 righe)
      GREEN    buchi nella catena del video             0.0 — 0 buchi in 120 s
      GREEN    caduta, riavvio, errore che stacca       nessuna caduta, riavvio o errore che stacca
      GREEN    nascita (accesso → primo fotogramma)     1.624 — accesso → primo fotogramma
  utente 2   B  chrome   c16002u2       DEGRADED
      DEGRADED ritardo input → fotogramma (p95)         64.45 — p95 dei p95 al secondo di «NOSTRO» (copia → byte fuori, 69 righe del figlio) 55.5 ms + 9 ms d'ingresso (tetto costruttivo: poll di 8 ms) · ⚠ strada wlroots: la «copia» e' contata due volte (~4 ms in piu', cattura.c:2309 / figlio.c:5191) — NON corretto, e' dal lato prudente
      GREEN    fotogrammi saltati                       0.0 — 439 consegnati, 439 dipinti (salt 0)
      GREEN    blocco piu' lungo dell'immagine          0.069 — dall'attore (16 righe)
      GREEN    buchi nella catena del video             0.0 — 0 buchi in 120 s
      GREEN    caduta, riavvio, errore che stacca       nessuna caduta, riavvio o errore che stacca
      GREEN    nascita (accesso → primo fotogramma)     1.628 — accesso → primo fotogramma
  utente 3   C  firefox  c16003u3       DEGRADED
      GREEN    ritardo input → fotogramma (p95)         42.38 — p95 dei p95 al secondo di «NOSTRO» (copia → byte fuori, 53 righe del figlio) 33.4 ms + 9 ms d'ingresso (tetto costruttivo: poll di 8 ms) · ⚠ strada wlroots: la «copia» e' contata due volte (~4 ms in piu', cattura.c:2309 / figlio.c:5191) — NON corretto, e' dal lato prudente
      GREEN    fotogrammi saltati                       0.0 — 257 consegnati, 257 dipinti (salt 0)
      DEGRADED blocco piu' lungo dell'immagine          1.412 — dall'attore (16 righe)
      GREEN    buchi nella catena del video             0.0 — 0 buchi in 120 s
      GREEN    caduta, riavvio, errore che stacca       nessuna caduta, riavvio o errore che stacca
      GREEN    nascita (accesso → primo fotogramma)     1.72 — accesso → primo fotogramma
  utente 4   D  chrome   c16004u4       FAIL
      DEGRADED ritardo input → fotogramma (p95)         64.44 — p95 dei p95 al secondo di «NOSTRO» (copia → byte fuori, 116 righe del figlio) 55.4 ms + 9 ms d'ingresso (tetto costruttivo: poll di 8 ms) · ⚠ strada wlroots: la «copia» e' contata due volte (~4 ms in piu', cattura.c:2309 / figlio.c:5191) — NON corretto, e' dal lato prudente
      GREEN    fotogrammi saltati                       0.0 — 3154 consegnati, 3154 dipinti (salt 0)
      FAIL     blocco piu' lungo dell'immagine          3.95 — dall'attore (22 righe)
      GREEN    buchi nella catena del video             0.0 — 0 buchi in 117 s
      GREEN    video: dipinti al secondo                0.901 — 27.0 dipinti/s in 117 s di video, f = 30.0
      DEGRADED audio udibile                            98.522 — 5665 suonati su 5750 mandati (5665 ricevuti + 85 mancati)
      GREEN    caduta, riavvio, errore che stacca       nessuna caduta, riavvio o errore che stacca
      GREEN    nascita (accesso → primo fotogramma)     1.448 — accesso → primo fotogramma
  utente 5   A  firefox  c16005u5       DEGRADED
      DEGRADED ritardo input → fotogramma (p95)         70.61 — p95 dei p95 al secondo di «NOSTRO» (copia → byte fuori, 47 righe del figlio) 61.6 ms + 9 ms d'ingresso (tetto costruttivo: poll di 8 ms) · ⚠ strada wlroots: la «copia» e' contata due volte (~4 ms in piu', cattura.c:2309 / figlio.c:5191) — NON corretto, e' dal lato prudente
      GREEN    fotogrammi saltati                       0.0 — 612 consegnati, 612 dipinti (salt 0)
      GREEN    blocco piu' lungo dell'immagine          0.129 — dall'attore (14 righe)
      GREEN    buchi nella catena del video             0.0 — 0 buchi in 123 s
      GREEN    caduta, riavvio, errore che stacca       nessuna caduta, riavvio o errore che stacca
      GREEN    nascita (accesso → primo fotogramma)     1.659 — accesso → primo fotogramma
  utente 6   B  chrome   c16006u6       GREEN
      GREEN    ritardo input → fotogramma (p95)         40.77 — p95 dei p95 al secondo di «NOSTRO» (copia → byte fuori, 72 righe del figlio) 31.8 ms + 9 ms d'ingresso (tetto costruttivo: poll di 8 ms) · ⚠ strada wlroots: la «copia» e' contata due volte (~4 ms in piu', cattura.c:2309 / figlio.c:5191) — NON corretto, e' dal lato prudente
      GREEN    fotogrammi saltati                       0.0 — 524 consegnati, 524 dipinti (salt 0)
      GREEN    blocco piu' lungo dell'immagine          0.044 — dall'attore (17 righe)
      GREEN    buchi nella catena del video             0.0 — 0 buchi in 120 s
      GREEN    caduta, riavvio, errore che stacca       nessuna caduta, riavvio o errore che stacca
      GREEN    nascita (accesso → primo fotogramma)     1.625 — accesso → primo fotogramma
  utente 7   C  firefox  c16007u7       DEGRADED
      DEGRADED ritardo input → fotogramma (p95)         72.81 — p95 dei p95 al secondo di «NOSTRO» (copia → byte fuori, 43 righe del figlio) 63.8 ms + 9 ms d'ingresso (tetto costruttivo: poll di 8 ms) · ⚠ strada wlroots: la «copia» e' contata due volte (~4 ms in piu', cattura.c:2309 / figlio.c:5191) — NON corretto, e' dal lato prudente
      GREEN    fotogrammi saltati                       0.0 — 153 consegnati, 153 dipinti (salt 0)
      GREEN    blocco piu' lungo dell'immagine          0.078 — dall'attore (12 righe)
      GREEN    buchi nella catena del video             0.0 — 0 buchi in 119 s
      GREEN    caduta, riavvio, errore che stacca       nessuna caduta, riavvio o errore che stacca
      GREEN    nascita (accesso → primo fotogramma)     1.692 — accesso → primo fotogramma
  utente 8   D  chrome   c16008u8       DEGRADED
      DEGRADED ritardo input → fotogramma (p95)         63.98 — p95 dei p95 al secondo di «NOSTRO» (copia → byte fuori, 118 righe del figlio) 55.0 ms + 9 ms d'ingresso (tetto costruttivo: poll di 8 ms) · ⚠ strada wlroots: la «copia» e' contata due volte (~4 ms in piu', cattura.c:2309 / figlio.c:5191) — NON corretto, e' dal lato prudente
      GREEN    fotogrammi saltati                       0.0 — 3403 consegnati, 3403 dipinti (salt 0)
      GREEN    blocco piu' lungo dell'immagine          0.09 — dall'attore (23 righe)
      GREEN    buchi nella catena del video             0.0 — 0 buchi in 122 s
      GREEN    video: dipinti al secondo                0.933 — 28.0 dipinti/s in 122 s di video, f = 30.0
      GREEN    audio udibile                            100.0 — 6000 suonati su 6000 mandati (6000 ricevuti + 0 mancati)
      GREEN    caduta, riavvio, errore che stacca       nessuna caduta, riavvio o errore che stacca
      GREEN    nascita (accesso → primo fotogramma)     1.737 — accesso → primo fotogramma
  utente 9   A  firefox  c16009u9       GREEN
      GREEN    ritardo input → fotogramma (p95)         38.45 — p95 dei p95 al secondo di «NOSTRO» (copia → byte fuori, 59 righe del figlio) 29.4 ms + 9 ms d'ingresso (tetto costruttivo: poll di 8 ms) · ⚠ strada wlroots: la «copia» e' contata due volte (~4 ms in piu', cattura.c:2309 / figlio.c:5191) — NON corretto, e' dal lato prudente
      GREEN    fotogrammi saltati                       0.0 — 1283 consegnati, 1283 dipinti (salt 0)
      GREEN    blocco piu' lungo dell'immagine          0.055 — dall'attore (16 righe)
      GREEN    buchi nella catena del video             0.0 — 0 buchi in 116 s
      GREEN    caduta, riavvio, errore che stacca       nessuna caduta, riavvio o errore che stacca
      GREEN    nascita (accesso → primo fotogramma)     1.676 — accesso → primo fotogramma
  utente 10  B  chrome   c16010u10      DEGRADED
      DEGRADED ritardo input → fotogramma (p95)         67.67 — p95 dei p95 al secondo di «NOSTRO» (copia → byte fuori, 88 righe del figlio) 58.7 ms + 9 ms d'ingresso (tetto costruttivo: poll di 8 ms) · ⚠ strada wlroots: la «copia» e' contata due volte (~4 ms in piu', cattura.c:2309 / figlio.c:5191) — NON corretto, e' dal lato prudente
      GREEN    fotogrammi saltati                       0.0 — 644 consegnati, 644 dipinti (salt 0)
      GREEN    blocco piu' lungo dell'immagine          0.064 — dall'attore (20 righe)
      GREEN    buchi nella catena del video             0.0 — 0 buchi in 118 s
      GREEN    caduta, riavvio, errore che stacca       nessuna caduta, riavvio o errore che stacca
      GREEN    nascita (accesso → primo fotogramma)     1.623 — accesso → primo fotogramma
  utente 11  C  firefox  c16011u11      GREEN
      GREEN    ritardo input → fotogramma (p95)         40.97 — p95 dei p95 al secondo di «NOSTRO» (copia → byte fuori, 38 righe del figlio) 32.0 ms + 9 ms d'ingresso (tetto costruttivo: poll di 8 ms) · ⚠ strada wlroots: la «copia» e' contata due volte (~4 ms in piu', cattura.c:2309 / figlio.c:5191) — NON corretto, e' dal lato prudente
      GREEN    fotogrammi saltati                       0.0 — 145 consegnati, 145 dipinti (salt 0)
      GREEN    blocco piu' lungo dell'immagine          0.199 — dall'attore (12 righe)
      GREEN    buchi nella catena del video             0.0 — 0 buchi in 124 s
      GREEN    caduta, riavvio, errore che stacca       nessuna caduta, riavvio o errore che stacca
      GREEN    nascita (accesso → primo fotogramma)     1.788 — accesso → primo fotogramma
  utente 12  D  chrome   c16012u12      DEGRADED
      DEGRADED ritardo input → fotogramma (p95)         62.9 — p95 dei p95 al secondo di «NOSTRO» (copia → byte fuori, 118 righe del figlio) 53.9 ms + 9 ms d'ingresso (tetto costruttivo: poll di 8 ms) · ⚠ strada wlroots: la «copia» e' contata due volte (~4 ms in piu', cattura.c:2309 / figlio.c:5191) — NON corretto, e' dal lato prudente
      GREEN    fotogrammi saltati                       0.0 — 3297 consegnati, 3297 dipinti (salt 0)
      GREEN    blocco piu' lungo dell'immagine          0.1 — dall'attore (22 righe)
      GREEN    buchi nella catena del video             0.0 — 0 buchi in 117 s
      GREEN    video: dipinti al secondo                0.937 — 28.1 dipinti/s in 117 s di video, f = 30.0
      GREEN    audio udibile                            100.0 — 6000 suonati su 6000 mandati (6000 ricevuti + 0 mancati)
      GREEN    caduta, riavvio, errore che stacca       nessuna caduta, riavvio o errore che stacca
      GREEN    nascita (accesso → primo fotogramma)     1.73 — accesso → primo fotogramma
  utente 13  A  firefox  c16013u13      DEGRADED
      DEGRADED ritardo input → fotogramma (p95)         75.58 — p95 dei p95 al secondo di «NOSTRO» (copia → byte fuori, 24 righe del figlio) 66.6 ms + 9 ms d'ingresso (tetto costruttivo: poll di 8 ms) · ⚠ strada wlroots: la «copia» e' contata due volte (~4 ms in piu', cattura.c:2309 / figlio.c:5191) — NON corretto, e' dal lato prudente
      GREEN    fotogrammi saltati                       0.0 — 369 consegnati, 369 dipinti (salt 0)
      GREEN    blocco piu' lungo dell'immagine          0.052 — dall'attore (9 righe)
      GREEN    buchi nella catena del video             0.0 — 0 buchi in 117 s
      GREEN    caduta, riavvio, errore che stacca       nessuna caduta, riavvio o errore che stacca
      GREEN    nascita (accesso → primo fotogramma)     1.679 — accesso → primo fotogramma
  utente 14  B  chrome   c16014u14      GREEN
      GREEN    ritardo input → fotogramma (p95)         39.89 — p95 dei p95 al secondo di «NOSTRO» (copia → byte fuori, 71 righe del figlio) 30.9 ms + 9 ms d'ingresso (tetto costruttivo: poll di 8 ms) · ⚠ strada wlroots: la «copia» e' contata due volte (~4 ms in piu', cattura.c:2309 / figlio.c:5191) — NON corretto, e' dal lato prudente
      GREEN    fotogrammi saltati                       0.0 — 637 consegnati, 637 dipinti (salt 0)
      GREEN    blocco piu' lungo dell'immagine          0.053 — dall'attore (20 righe)
      GREEN    buchi nella catena del video             0.0 — 0 buchi in 122 s
      GREEN    caduta, riavvio, errore che stacca       nessuna caduta, riavvio o errore che stacca
      GREEN    nascita (accesso → primo fotogramma)     1.728 — accesso → primo fotogramma
  utente 15  C  firefox  c16015u15      DEGRADED
      DEGRADED ritardo input → fotogramma (p95)         67.27 — p95 dei p95 al secondo di «NOSTRO» (copia → byte fuori, 57 righe del figlio) 58.3 ms + 9 ms d'ingresso (tetto costruttivo: poll di 8 ms) · ⚠ strada wlroots: la «copia» e' contata due volte (~4 ms in piu', cattura.c:2309 / figlio.c:5191) — NON corretto, e' dal lato prudente
      GREEN    fotogrammi saltati                       0.0 — 223 consegnati, 223 dipinti (salt 0)
      GREEN    blocco piu' lungo dell'immagine          0.079 — dall'attore (15 righe)
      GREEN    buchi nella catena del video             0.0 — 0 buchi in 121 s
      GREEN    caduta, riavvio, errore che stacca       nessuna caduta, riavvio o errore che stacca
      GREEN    nascita (accesso → primo fotogramma)     1.672 — accesso → primo fotogramma
  utente 16  D  chrome   c16016u16      DEGRADED
      DEGRADED ritardo input → fotogramma (p95)         63.35 — p95 dei p95 al secondo di «NOSTRO» (copia → byte fuori, 118 righe del figlio) 54.4 ms + 9 ms d'ingresso (tetto costruttivo: poll di 8 ms) · ⚠ strada wlroots: la «copia» e' contata due volte (~4 ms in piu', cattura.c:2309 / figlio.c:5191) — NON corretto, e' dal lato prudente
      GREEN    fotogrammi saltati                       0.0 — 3269 consegnati, 3269 dipinti (salt 0)
      GREEN    blocco piu' lungo dell'immagine          0.11 — dall'attore (22 righe)
      GREEN    buchi nella catena del video             0.0 — 0 buchi in 117 s
      GREEN    video: dipinti al secondo                0.931 — 27.9 dipinti/s in 117 s di video, f = 30.0
      GREEN    audio udibile                            100.0 — 5749 suonati su 5749 mandati (5749 ricevuti + 0 mancati)
      GREEN    caduta, riavvio, errore che stacca       nessuna caduta, riavvio o errore che stacca
      GREEN    nascita (accesso → primo fotogramma)     1.627 — accesso → primo fotogramma
  utente 99  controllo chrome   c16016u99      FAIL
      FAIL     nascita (accesso → primo fotogramma)     la sessione del controllo non e' nata: nessun fotogramma dipinto 90 s dopo l'accesso
      DEGRADED controllo funzionale corto               NON MISURATO: non guardate: F-004, F-007, F-003, F-014
  livello  GREEN    memoria_remotix                PSS 1343 → 569 MB in 1619 s di lavoro (16:57:49–17:24:49); seconda meta' -51.7 %/ora, -103 MB su -774 · da: inizio del lavoro + 60 s
  livello  GREEN    memoria_sessioni               PSS 7369 → 4971 MB in 1619 s di lavoro (16:57:49–17:24:49); seconda meta' -12.3 %/ora, -153 MB su -2397 · da: inizio del lavoro + 60 s
  livello  GREEN    riavvio_server                 il padre remotix e' lo stesso per tutto il livello
  livello  GREEN    entrati                        entrati 16 su 16
  risorse: cpu macchina 32.2 % (media) · mem usata 28712 MB · card0 disegno 73.05%, video 11.73%, video_enhance 0.0% · card1 disegno 9.25%, video 175.77%
{"campagna": "amd-b-3k-lxqt", "livello": 16, "desktop": "lxqt", "scheda": "AMD Radeon RX 6800", "driver": "amdgpu intel-media-va-driver=25.2.3+dfsg1-1 libgl1-mesa-dri=25.0.7-2+deb13u1 libva2=2.22.0-3 mesa-va-drivers=25.0.7-2+deb13u1", "misura": "3k", "commit": "678a2da", "binario": "28a947f5", "pagina": "fb9a18f3", "nucleo": "7.0", "tetto_sessioni": 17, "inizio": "2026-09-28T16:53:53+00:00", "durata_s": 1976, "finestra": ["17:24:49", "17:26:49"], "fps_video": 30.0, "tipo": "livello", "utenti": 17, "sessioni": {"GREEN": 5, "DEGRADED": 10, "FAIL": 2}, "journal_err": {"righe": 643, "per_inquilino": {"c16001u1": 7, "c16002u2": 5, "c16003u3": 5, "c16004u4": 17, "c16005u5": 13, "c16006u6": 5, "c16007u7": 5, "c16008u8": 13, "c16009u9": 13, "c16010u10": 5, "c16011u11": 5, "c16012u12": 8, "c16013u13": 5, "c16014u14": 5, "c16015u15": 5, "c16016u16": 5, "c16016u99": 5}, "esempi": ["figlio  [c16001u1] ⛔ «/usr/bin/loginctl» non e' andato (stato 1)", "figlio  [c16001u1] ⛔ SENZA PALCO alla nascita: la sessione grafica di «c16001u1» non c'e' (ancora).  ⚠ NON esco — §8.3 vieta di staccare — e NON resto fermo: riprovo, la prima volta fra 1000 ms", "figlio  ⛔ il palco di «c16001u1»: bus ⛔ NO, sessione 5, presa 0, monitor «» (0 prima, 0 dopo), 0x0 stride 0 a 0 bit, 0 flussi in consegna — aspetto la tela del cliente", "figlio  [c16001u1] ⛔⛔ FIFO **NON** OTTENUTO: 3 thread su 3 del percorso audio girano a politica NORMALE (nice peggiore 0), e RLIMIT_RTPRIO = 0 — ⚠ il rlimit dice «puoi CHIEDERLA», non «ce l'hai».  `[M", "figlio  ⛔ il palco di «c16001u1»: bus APERTO, sessione 4, presa 0, monitor «» (0 prima, 0 dopo), 0x0 stride 0 a 0 bit, 0 flussi in consegna — il gestore di sessione non è ancora sul bus"], "fonte": "/media/REMOTIX/misure/fase16/amd-b-3k-lxqt/livello-16-ripetizione/journal-err.jsonl"}, "voci": {"memoria_remotix": {"valore": -57.645, "classe": "GREEN", "significativo": false, "nota": "PSS 1343 → 569 MB in 1619 s di lavoro (16:57:49–17:24:49); seconda meta' -51.7 %/ora, -103 MB su -774 · da: inizio del lavoro + 60 s", "continua": false, "pendenza_pct_ora": -51.691, "tratto_s": 1619}, "memoria_sessioni": {"valore": -32.534, "classe": "GREEN", "significativo": false, "nota": "PSS 7369 → 4971 MB in 1619 s di lavoro (16:57:49–17:24:49); seconda meta' -12.3 %/ora, -153 MB su -2397 · da: inizio del lavoro + 60 s", "continua": false, "pendenza_pct_ora": -12.342, "tratto_s": 1619}, "riavvio_server": {"valore": 3572057, "classe": "GREEN", "significativo": false, "nota": "il padre remotix e' lo stesso per tutto il livello"}, "entrati": {"valore": 16, "classe": "GREEN", "significativo": false, "nota": "entrati 16 su 16"}}, "risorse": {"campioni": 120, "cpu_macchina_pct": {"media": 32.2, "p95": 37.5, "max": 39.8}, "carico_1m": {"media": 8.13, "p95": 8.82, "max": 8.88}, "mem_usata_mb": {"media": 28421.08, "p95": 28611, "max": 28712}, "mem_totale_mb": 31869, "thread": {"media": 8058.44, "p95": 8122, "max": 8181}, "misuratore_cpu_s": {"media": 0.17, "p95": 0.21, "max": 0.22}, "recinti": {"remotix": {"cpu_core": {"media": 1.13, "p95": 1.31, "max": 1.4}, "pss_mb": {"media": 563.31, "p95": 573.8, "max": 574.1}, "processi": {"media": 18.76, "p95": 19, "max": 19}, "gpu": {"calcolo": {"media": 0.0, "p95": 0.0, "max": 0.0}, "video": {"media": 117.0, "p95": 147.71, "max": 159.8}}}, "sessioni": {"cpu_core": {"media": 1.78, "p95": 2.4, "max": 3.82}, "pss_mb": {"media": 4971.42, "p95": 5002.5, "max": 5027.5}, "processi": {"media": 361.35, "p95": 363, "max": 364}, "gpu": {"calcolo": {"media": 0.01, "p95": 0.05, "max": 0.12}, "disegno": {"media": 9.25, "p95": 10.92, "max": 12.08}, "video": {"media": 58.77, "p95": 65.15, "max": 71.44}}}, "browser": {"cpu_core": {"media": 2.25, "p95": 2.74, "max": 3.05}, "pss_mb": {"media": 7233.95, "p95": 7341.8, "max": 7345.5}, "processi": {"media": 190.5, "p95": 196, "max": 196}, "gpu": {"copia": {"media": 0.0, "p95": 0.0, "max": 0.0}, "disegno": {"media": 58.67, "p95": 73.38, "max": 78.92}, "video": {"media": 11.73, "p95": 15.39, "max": 16.74}, "video_enhance": {"media": 0.0, "p95": 0.0, "max": 0.0}}}, "altro_scatola": {"cpu_core": {"media": 0.04, "p95": 0.05, "max": 0.13}, "pss_mb": {"media": 167.91, "p95": 207.5, "max": 208.3}, "processi": {"media": 25.02, "p95": 25, "max": 27}, "gpu": {}}, "labwc_cliente": {"cpu_core": {"media": 0.1, "p95": 0.15, "max": 0.17}, "pss_mb": {"media": 141.81, "p95": 142.3, "max": 142.3}, "processi": {"media": 17.0, "p95": 17, "max": 17}, "gpu": {"copia": {"media": 0.0, "p95": 0.0, "max": 0.0}, "disegno": {"media": 14.38, "p95": 16.74, "max": 17.4}, "video": {"media": 0.0, "p95": 0.0, "max": 0.0}, "video_enhance": {"media": 0.0, "p95": 0.0, "max": 0.0}}}}, "gpu": {"0000:00:02.0": {"scheda": "card0", "driver": "i915", "copia": {"media": 0.0, "p95": 0.0, "max": 0.0}, "disegno": {"media": 73.05, "p95": 89.99, "max": 95.83}, "video": {"media": 11.73, "p95": 15.39, "max": 16.74}, "video_enhance": {"media": 0.0, "p95": 0.0, "max": 0.0}, "freq_att_mhz": {"media": 1212.08, "p95": 1550.0, "max": 1550.0}, "freq_mhz": {"media": 1470.68, "p95": 1550.0, "max": 1550.0}, "temp_c": {"media": 56.02, "p95": 59.0, "max": 60.0}, "potenza_w": {"media": 4.59, "p95": 6.15, "max": 6.63}, "vram_usata_mb": null, "occupata_pct": null, "strozzatura_frazione": {"pl4": 0.3}}, "0000:03:00.0": {"scheda": "card1", "driver": "amdgpu", "calcolo": {"media": 0.01, "p95": 0.05, "max": 0.12}, "disegno": {"media": 9.25, "p95": 10.92, "max": 12.08}, "video": {"media": 175.77, "p95": 208.99, "max": 223.41}, "freq_att_mhz": {"media": 1196.67, "p95": 1600.0, "max": 1600.0}, "freq_mhz": {"media": 156.67, "p95": 693.0, "max": 906.0}, "temp_c": {"media": 55.82, "p95": 65.0, "max": 65.0}, "potenza_w": {"media": 52.76, "p95": 57.0, "max": 59.0}, "vram_usata_mb": {"media": 5654.46, "p95": 5670.6, "max": 5752.6}, "occupata_pct": {"media": 8.86, "p95": 16.0, "max": 25.0}, "strozzatura_frazione": {}}}, "avvisi": []}, "classe": "FAIL", "significativo": true, "ragione": "5 GREEN · 10 DEGRADED · 2 FAIL", "evidenze": ["/media/REMOTIX/misure/fase16/amd-b-3k-lxqt/livello-16-ripetizione"]}
{"campagna": "amd-b-3k-lxqt", "livello": 16, "desktop": "lxqt", "scheda": "AMD Radeon RX 6800", "driver": "amdgpu intel-media-va-driver=25.2.3+dfsg1-1 libgl1-mesa-dri=25.0.7-2+deb13u1 libva2=2.22.0-3 mesa-va-drivers=25.0.7-2+deb13u1", "misura": "3k", "commit": "678a2da", "binario": "28a947f5", "pagina": "fb9a18f3", "nucleo": "7.0", "tetto_sessioni": 17, "inizio": "2026-09-28T16:53:53+00:00", "durata_s": 1976, "finestra": ["17:24:49", "17:26:49"], "fps_video": 30.0, "tipo": "sessione", "utente": 1, "profilo": "A", "browser": "firefox", "versione": "Firefox 140.16.0 · finestra vera", "inquilino": "c16001u1", "misure": {"finestra_s": 119.7, "esperienza": {"giro_eco_p95_ms": 47.5, "giro_eco_campioni": 45, "giro_tutti_p95_ms": 42.4, "giro_tutti_campioni": 151}, "video_non_avanza": 0, "input_azioni": 13, "input_persi": 0, "input_latenza_p95_ms": 194, "tratto": {"righe": 36, "mediana_p95_ms": 13.17, "max_campione_p95_ms": 48.32, "produttore_mediana_ms": 0.0}, "ritardo_p95_ms": 35.93, "nostro": {"righe": 36, "p95_dei_p95_ms": 26.93, "max_al_secondo_max_ms": 37.45, "max_al_secondo_p95_ms": 33.84, "mediana_ms": 11.46, "fotogrammi": 929}, "consegnati": 1010, "dipinti": 1010, "salt": 0, "saltati_pct": 0.0, "lavoro_s": 74.6, "blocco_max_s": 0.048, "buchi": 0, "rete": {"persi": 0, "byte_persi": 0, "spediti": 7914, "byte_spediti": 10058436, "ricevuti": 1289, "scartati": 0, "dgram_persi": 0, "dgram_ok": 0, "dgram_falsi": 0, "connessioni": 1, "perdita_pct": 0.0, "mbit_s": 0.68, "srtt_ms": {"mediana": 0.19, "max": 1.09}, "pto_ms_max": 24.3, "secondi": 119}, "tratto_server_ms": {"mediana": 11.24, "max": 33.84, "ora": "17:26:42.443"}, "nascita_s": 1.62, "journal_err": 7}, "voci": {"ritardo_p95_ms": {"valore": 35.93, "classe": "GREEN", "significativo": false, "nota": "p95 dei p95 al secondo di «NOSTRO» (copia → byte fuori, 36 righe del figlio) 26.9 ms + 9 ms d'ingresso (tetto costruttivo: poll di 8 ms) · ⚠ strada wlroots: la «copia» e' contata due volte (~4 ms in piu', cattura.c:2309 / figlio.c:5191) — NON corretto, e' dal lato prudente"}, "saltati_pct": {"valore": 0.0, "classe": "GREEN", "significativo": false, "nota": "1010 consegnati, 1010 dipinti (salt 0)"}, "blocco_max_s": {"valore": 0.048, "classe": "GREEN", "significativo": false, "nota": "dall'attore (14 righe)"}, "buchi_al_min": {"valore": 0.0, "classe": "GREEN", "significativo": false, "nota": "0 buchi in 120 s"}, "caduta": {"valore": false, "classe": "GREEN", "significativo": false, "nota": "nessuna caduta, riavvio o errore che stacca"}, "nascita_s": {"valore": 1.624, "classe": "GREEN", "significativo": false, "nota": "accesso → primo fotogramma"}}, "classe": "GREEN", "ragione": "tutte le voci GREEN", "non_misurate": [], "evidenze": ["/media/REMOTIX/misure/fase16/amd-b-3k-lxqt/livello-16-ripetizione/utente-01"]}
{"campagna": "amd-b-3k-lxqt", "livello": 16, "desktop": "lxqt", "scheda": "AMD Radeon RX 6800", "driver": "amdgpu intel-media-va-driver=25.2.3+dfsg1-1 libgl1-mesa-dri=25.0.7-2+deb13u1 libva2=2.22.0-3 mesa-va-drivers=25.0.7-2+deb13u1", "misura": "3k", "commit": "678a2da", "binario": "28a947f5", "pagina": "fb9a18f3", "nucleo": "7.0", "tetto_sessioni": 17, "inizio": "2026-09-28T16:53:53+00:00", "durata_s": 1976, "finestra": ["17:24:49", "17:26:49"], "fps_video": 30.0, "tipo": "sessione", "utente": 2, "profilo": "B", "browser": "chrome", "versione": "Chrome/154.0.8037.57 · finestra vera", "inquilino": "c16002u2", "misure": {"finestra_s": 119.9, "esperienza": {"giro_eco_p95_ms": 51.6, "giro_eco_campioni": 176, "giro_tutti_p95_ms": 65.3, "giro_tutti_campioni": 257}, "video_non_avanza": 0, "input_azioni": 4, "input_persi": 0, "input_latenza_p95_ms": 6, "tratto": {"righe": 69, "mediana_p95_ms": 35.18, "max_campione_p95_ms": 65.24, "produttore_mediana_ms": 0.0}, "ritardo_p95_ms": 64.45, "nostro": {"righe": 69, "p95_dei_p95_ms": 55.45, "max_al_secondo_max_ms": 65.24, "max_al_secondo_p95_ms": 55.45, "mediana_ms": 32.72, "fotogrammi": 435}, "consegnati": 439, "dipinti": 439, "salt": 0, "saltati_pct": 0.0, "lavoro_s": 89.5, "blocco_max_s": 0.069, "buchi": 0, "rete": {"persi": 0, "byte_persi": 0, "spediti": 874, "byte_spediti": 858628, "ricevuti": 799, "scartati": 0, "dgram_persi": 0, "dgram_ok": 0, "dgram_falsi": 0, "connessioni": 1, "perdita_pct": 0.0, "mbit_s": 0.06, "srtt_ms": {"mediana": 0.23, "max": 0.55}, "pto_ms_max": 27.8, "secondi": 118}, "tratto_server_ms": {"mediana": 32.48, "max": 65.24, "ora": "17:26:45.256"}, "nascita_s": 1.63, "journal_err": 5}, "voci": {"ritardo_p95_ms": {"valore": 64.45, "classe": "DEGRADED", "significativo": false, "nota": "p95 dei p95 al secondo di «NOSTRO» (copia → byte fuori, 69 righe del figlio) 55.5 ms + 9 ms d'ingresso (tetto costruttivo: poll di 8 ms) · ⚠ strada wlroots: la «copia» e' contata due volte (~4 ms in piu', cattura.c:2309 / figlio.c:5191) — NON corretto, e' dal lato prudente"}, "saltati_pct": {"valore": 0.0, "classe": "GREEN", "significativo": false, "nota": "439 consegnati, 439 dipinti (salt 0)"}, "blocco_max_s": {"valore": 0.069, "classe": "GREEN", "significativo": false, "nota": "dall'attore (16 righe)"}, "buchi_al_min": {"valore": 0.0, "classe": "GREEN", "significativo": false, "nota": "0 buchi in 120 s"}, "caduta": {"valore": false, "classe": "GREEN", "significativo": false, "nota": "nessuna caduta, riavvio o errore che stacca"}, "nascita_s": {"valore": 1.628, "classe": "GREEN", "significativo": false, "nota": "accesso → primo fotogramma"}}, "classe": "DEGRADED", "ragione": "DEGRADED ritardo input → fotogramma (p95): 64.45 — p95 dei p95 al secondo di «NOSTRO» (copia → byte fuori, 69 righe del figlio) 55.5 ms + 9 ms d'ingresso (tetto costruttivo: poll di 8 ms) · ⚠ strada wlroots: la «copia» e' contata due volte (~4 ms in piu', cattura.c:2309 / figlio.c:5191) — NON corretto, e' dal lato prudente", "non_misurate": [], "evidenze": ["/media/REMOTIX/misure/fase16/amd-b-3k-lxqt/livello-16-ripetizione/utente-02"]}
{"campagna": "amd-b-3k-lxqt", "livello": 16, "desktop": "lxqt", "scheda": "AMD Radeon RX 6800", "driver": "amdgpu intel-media-va-driver=25.2.3+dfsg1-1 libgl1-mesa-dri=25.0.7-2+deb13u1 libva2=2.22.0-3 mesa-va-drivers=25.0.7-2+deb13u1", "misura": "3k", "commit": "678a2da", "binario": "28a947f5", "pagina": "fb9a18f3", "nucleo": "7.0", "tetto_sessioni": 17, "inizio": "2026-09-28T16:53:53+00:00", "durata_s": 1976, "finestra": ["17:24:49", "17:26:49"], "fps_video": 30.0, "tipo": "sessione", "utente": 3, "profilo": "C", "browser": "firefox", "versione": "Firefox 140.16.0 · finestra vera", "inquilino": "c16003u3", "misure": {"finestra_s": 120.2, "esperienza": {"giro_eco_p95_ms": 34.5, "giro_eco_campioni": 218, "giro_tutti_p95_ms": 37.4, "giro_tutti_campioni": 251}, "video_non_avanza": 0, "input_azioni": 9, "input_persi": 0, "input_latenza_p95_ms": 45, "tratto": {"righe": 53, "mediana_p95_ms": 15.97, "max_campione_p95_ms": 41.44, "produttore_mediana_ms": 0.0}, "ritardo_p95_ms": 42.38, "nostro": {"righe": 53, "p95_dei_p95_ms": 33.38, "max_al_secondo_max_ms": 40.19, "max_al_secondo_p95_ms": 33.38, "mediana_ms": 15.72, "fotogrammi": 254}, "consegnati": 257, "dipinti": 257, "salt": 0, "saltati_pct": 0.0, "lavoro_s": 89.7, "blocco_max_s": 1.412, "buchi": 0, "rete": {"persi": 0, "byte_persi": 0, "spediti": 989, "byte_spediti": 1047352, "ricevuti": 764, "scartati": 0, "dgram_persi": 0, "dgram_ok": 0, "dgram_falsi": 0, "connessioni": 1, "perdita_pct": 0.0, "mbit_s": 0.07, "srtt_ms": {"mediana": 0.19, "max": 0.41}, "pto_ms_max": 22.1, "secondi": 121}, "tratto_server_ms": {"mediana": 15.69, "max": 40.19, "ora": "17:26:38.937"}, "nascita_s": 1.72, "journal_err": 5}, "voci": {"ritardo_p95_ms": {"valore": 42.38, "classe": "GREEN", "significativo": false, "nota": "p95 dei p95 al secondo di «NOSTRO» (copia → byte fuori, 53 righe del figlio) 33.4 ms + 9 ms d'ingresso (tetto costruttivo: poll di 8 ms) · ⚠ strada wlroots: la «copia» e' contata due volte (~4 ms in piu', cattura.c:2309 / figlio.c:5191) — NON corretto, e' dal lato prudente"}, "saltati_pct": {"valore": 0.0, "classe": "GREEN", "significativo": false, "nota": "257 consegnati, 257 dipinti (salt 0)"}, "blocco_max_s": {"valore": 1.412, "classe": "DEGRADED", "significativo": false, "nota": "dall'attore (16 righe)"}, "buchi_al_min": {"valore": 0.0, "classe": "GREEN", "significativo": false, "nota": "0 buchi in 120 s"}, "caduta": {"valore": false, "classe": "GREEN", "significativo": false, "nota": "nessuna caduta, riavvio o errore che stacca"}, "nascita_s": {"valore": 1.72, "classe": "GREEN", "significativo": false, "nota": "accesso → primo fotogramma"}}, "classe": "DEGRADED", "ragione": "DEGRADED blocco piu' lungo dell'immagine: 1.412 — dall'attore (16 righe)", "non_misurate": [], "evidenze": ["/media/REMOTIX/misure/fase16/amd-b-3k-lxqt/livello-16-ripetizione/utente-03"]}
{"campagna": "amd-b-3k-lxqt", "livello": 16, "desktop": "lxqt", "scheda": "AMD Radeon RX 6800", "driver": "amdgpu intel-media-va-driver=25.2.3+dfsg1-1 libgl1-mesa-dri=25.0.7-2+deb13u1 libva2=2.22.0-3 mesa-va-drivers=25.0.7-2+deb13u1", "misura": "3k", "commit": "678a2da", "binario": "28a947f5", "pagina": "fb9a18f3", "nucleo": "7.0", "tetto_sessioni": 17, "inizio": "2026-09-28T16:53:53+00:00", "durata_s": 1976, "finestra": ["17:24:49", "17:26:49"], "fps_video": 30.0, "tipo": "sessione", "utente": 4, "profilo": "D", "browser": "chrome", "versione": "Chrome/154.0.8037.57 · finestra vera", "inquilino": "c16004u4", "misure": {"finestra_s": 116.7, "esperienza": {"giro_eco_p95_ms": null, "giro_eco_campioni": 0, "giro_tutti_p95_ms": null, "giro_tutti_campioni": 0}, "video_non_avanza": 0, "input_azioni": 0, "input_persi": 0, "input_latenza_p95_ms": null, "tratto": {"righe": 116, "mediana_p95_ms": 32.57, "max_campione_p95_ms": 65.27, "produttore_mediana_ms": 0.0}, "ritardo_p95_ms": 64.44, "nostro": {"righe": 116, "p95_dei_p95_ms": 55.44, "max_al_secondo_max_ms": 65.27, "max_al_secondo_p95_ms": 58.27, "mediana_ms": 29.72, "fotogrammi": 3289}, "consegnati": 3154, "dipinti": 3154, "salt": 0, "saltati_pct": 0.0, "lavoro_s": 116.7, "blocco_max_s": 3.95, "buchi": 0, "video_fps": 27.034, "audio_udibile_pct": 98.522, "rete": {"persi": 0, "byte_persi": 0, "spediti": 86859, "byte_spediti": 123742508, "ricevuti": 11891, "scartati": 0, "dgram_persi": 0, "dgram_ok": 5865, "dgram_falsi": 0, "connessioni": 1, "perdita_pct": 0.0, "mbit_s": 8.25, "srtt_ms": {"mediana": 0.51, "max": 1.51}, "pto_ms_max": 30.8, "secondi": 120}, "tratto_server_ms": {"mediana": 16.51, "max": 53.96, "ora": "17:26:50.178"}, "nascita_s": 1.45, "journal_err": 17}, "voci": {"ritardo_p95_ms": {"valore": 64.44, "classe": "DEGRADED", "significativo": false, "nota": "p95 dei p95 al secondo di «NOSTRO» (copia → byte fuori, 116 righe del figlio) 55.4 ms + 9 ms d'ingresso (tetto costruttivo: poll di 8 ms) · ⚠ strada wlroots: la «copia» e' contata due volte (~4 ms in piu', cattura.c:2309 / figlio.c:5191) — NON corretto, e' dal lato prudente"}, "saltati_pct": {"valore": 0.0, "classe": "GREEN", "significativo": false, "nota": "3154 consegnati, 3154 dipinti (salt 0)"}, "blocco_max_s": {"valore": 3.95, "classe": "FAIL", "significativo": true, "nota": "dall'attore (22 righe)"}, "buchi_al_min": {"valore": 0.0, "classe": "GREEN", "significativo": false, "nota": "0 buchi in 117 s"}, "video_frazione_f": {"valore": 0.901, "classe": "GREEN", "significativo": false, "nota": "27.0 dipinti/s in 117 s di video, f = 30.0"}, "audio_udibile_pct": {"valore": 98.522, "classe": "DEGRADED", "significativo": false, "nota": "5665 suonati su 5750 mandati (5665 ricevuti + 85 mancati)"}, "caduta": {"valore": false, "classe": "GREEN", "significativo": false, "nota": "nessuna caduta, riavvio o errore che stacca"}, "nascita_s": {"valore": 1.448, "classe": "GREEN", "significativo": false, "nota": "accesso → primo fotogramma"}}, "classe": "FAIL", "ragione": "FAIL blocco piu' lungo dell'immagine: 3.95 — dall'attore (22 righe) · DEGRADED ritardo input → fotogramma (p95): 64.44 — p95 dei p95 al secondo di «NOSTRO» (copia → byte fuori, 116 righe del figlio) 55.4 ms + 9 ms d'ingresso (tetto costruttivo: poll di 8 ms) · ⚠ strada wlroots: la «copia» e' contata due volte (~4 ms in piu', cattura.c:2309 / figlio.c:5191) — NON corretto, e' dal lato prudente · DEGRADED audio udibile: 98.522 — 5665 suonati su 5750 mandati (5665 ricevuti + 85 mancati)", "non_misurate": [], "evidenze": ["/media/REMOTIX/misure/fase16/amd-b-3k-lxqt/livello-16-ripetizione/utente-04"]}
{"campagna": "amd-b-3k-lxqt", "livello": 16, "desktop": "lxqt", "scheda": "AMD Radeon RX 6800", "driver": "amdgpu intel-media-va-driver=25.2.3+dfsg1-1 libgl1-mesa-dri=25.0.7-2+deb13u1 libva2=2.22.0-3 mesa-va-drivers=25.0.7-2+deb13u1", "misura": "3k", "commit": "678a2da", "binario": "28a947f5", "pagina": "fb9a18f3", "nucleo": "7.0", "tetto_sessioni": 17, "inizio": "2026-09-28T16:53:53+00:00", "durata_s": 1976, "finestra": ["17:24:49", "17:26:49"], "fps_video": 30.0, "tipo": "sessione", "utente": 5, "profilo": "A", "browser": "firefox", "versione": "Firefox 140.16.0 · finestra vera", "inquilino": "c16005u5", "misure": {"finestra_s": 122.6, "esperienza": {"giro_eco_p95_ms": 73.8, "giro_eco_campioni": 105, "giro_tutti_p95_ms": 83.7, "giro_tutti_campioni": 233}, "video_non_avanza": 0, "input_azioni": 17, "input_persi": 0, "input_latenza_p95_ms": 250, "tratto": {"righe": 47, "mediana_p95_ms": 38.83, "max_campione_p95_ms": 65.04, "produttore_mediana_ms": 0.0}, "ritardo_p95_ms": 70.61, "nostro": {"righe": 47, "p95_dei_p95_ms": 61.61, "max_al_secondo_max_ms": 64.65, "max_al_secondo_p95_ms": 61.61, "mediana_ms": 36.44, "fotogrammi": 586}, "consegnati": 612, "dipinti": 612, "salt": 0, "saltati_pct": 0.0, "lavoro_s": 77.4, "blocco_max_s": 0.129, "buchi": 0, "rete": {"persi": 0, "byte_persi": 0, "spediti": 5423, "byte_spediti": 6885924, "ricevuti": 1110, "scartati": 0, "dgram_persi": 0, "dgram_ok": 0, "dgram_falsi": 0, "connessioni": 1, "perdita_pct": 0.0, "mbit_s": 0.46, "srtt_ms": {"mediana": 0.21, "max": 0.56}, "pto_ms_max": 23.2, "secondi": 120}, "tratto_server_ms": {"mediana": 35.47, "max": 64.65, "ora": "17:26:38.311"}, "nascita_s": 1.66, "journal_err": 13}, "voci": {"ritardo_p95_ms": {"valore": 70.61, "classe": "DEGRADED", "significativo": false, "nota": "p95 dei p95 al secondo di «NOSTRO» (copia → byte fuori, 47 righe del figlio) 61.6 ms + 9 ms d'ingresso (tetto costruttivo: poll di 8 ms) · ⚠ strada wlroots: la «copia» e' contata due volte (~4 ms in piu', cattura.c:2309 / figlio.c:5191) — NON corretto, e' dal lato prudente"}, "saltati_pct": {"valore": 0.0, "classe": "GREEN", "significativo": false, "nota": "612 consegnati, 612 dipinti (salt 0)"}, "blocco_max_s": {"valore": 0.129, "classe": "GREEN", "significativo": false, "nota": "dall'attore (14 righe)"}, "buchi_al_min": {"valore": 0.0, "classe": "GREEN", "significativo": false, "nota": "0 buchi in 123 s"}, "caduta": {"valore": false, "classe": "GREEN", "significativo": false, "nota": "nessuna caduta, riavvio o errore che stacca"}, "nascita_s": {"valore": 1.659, "classe": "GREEN", "significativo": false, "nota": "accesso → primo fotogramma"}}, "classe": "DEGRADED", "ragione": "DEGRADED ritardo input → fotogramma (p95): 70.61 — p95 dei p95 al secondo di «NOSTRO» (copia → byte fuori, 47 righe del figlio) 61.6 ms + 9 ms d'ingresso (tetto costruttivo: poll di 8 ms) · ⚠ strada wlroots: la «copia» e' contata due volte (~4 ms in piu', cattura.c:2309 / figlio.c:5191) — NON corretto, e' dal lato prudente", "non_misurate": [], "evidenze": ["/media/REMOTIX/misure/fase16/amd-b-3k-lxqt/livello-16-ripetizione/utente-05"]}
{"campagna": "amd-b-3k-lxqt", "livello": 16, "desktop": "lxqt", "scheda": "AMD Radeon RX 6800", "driver": "amdgpu intel-media-va-driver=25.2.3+dfsg1-1 libgl1-mesa-dri=25.0.7-2+deb13u1 libva2=2.22.0-3 mesa-va-drivers=25.0.7-2+deb13u1", "misura": "3k", "commit": "678a2da", "binario": "28a947f5", "pagina": "fb9a18f3", "nucleo": "7.0", "tetto_sessioni": 17, "inizio": "2026-09-28T16:53:53+00:00", "durata_s": 1976, "finestra": ["17:24:49", "17:26:49"], "fps_video": 30.0, "tipo": "sessione", "utente": 6, "profilo": "B", "browser": "chrome", "versione": "Chrome/154.0.8037.57 · finestra vera", "inquilino": "c16006u6", "misure": {"finestra_s": 120.3, "esperienza": {"giro_eco_p95_ms": 27.4, "giro_eco_campioni": 203, "giro_tutti_p95_ms": 30.9, "giro_tutti_campioni": 276}, "video_non_avanza": 0, "input_azioni": 3, "input_persi": 0, "input_latenza_p95_ms": 2014, "tratto": {"righe": 72, "mediana_p95_ms": 12.84, "max_campione_p95_ms": 57.45, "produttore_mediana_ms": 0.0}, "ritardo_p95_ms": 40.77, "nostro": {"righe": 72, "p95_dei_p95_ms": 31.77, "max_al_secondo_max_ms": 35.22, "max_al_secondo_p95_ms": 31.77, "mediana_ms": 12.94, "fotogrammi": 522}, "consegnati": 524, "dipinti": 524, "salt": 0, "saltati_pct": 0.0, "lavoro_s": 99.8, "blocco_max_s": 0.044, "buchi": 0, "rete": {"persi": 0, "byte_persi": 0, "spediti": 1012, "byte_spediti": 1042536, "ricevuti": 880, "scartati": 0, "dgram_persi": 0, "dgram_ok": 0, "dgram_falsi": 0, "connessioni": 1, "perdita_pct": 0.0, "mbit_s": 0.07, "srtt_ms": {"mediana": 0.23, "max": 0.39}, "pto_ms_max": 26.7, "secondi": 118}, "tratto_server_ms": {"mediana": 12.55, "max": 35.22, "ora": "17:26:49.546"}, "nascita_s": 1.62, "journal_err": 5}, "voci": {"ritardo_p95_ms": {"valore": 40.77, "classe": "GREEN", "significativo": false, "nota": "p95 dei p95 al secondo di «NOSTRO» (copia → byte fuori, 72 righe del figlio) 31.8 ms + 9 ms d'ingresso (tetto costruttivo: poll di 8 ms) · ⚠ strada wlroots: la «copia» e' contata due volte (~4 ms in piu', cattura.c:2309 / figlio.c:5191) — NON corretto, e' dal lato prudente"}, "saltati_pct": {"valore": 0.0, "classe": "GREEN", "significativo": false, "nota": "524 consegnati, 524 dipinti (salt 0)"}, "blocco_max_s": {"valore": 0.044, "classe": "GREEN", "significativo": false, "nota": "dall'attore (17 righe)"}, "buchi_al_min": {"valore": 0.0, "classe": "GREEN", "significativo": false, "nota": "0 buchi in 120 s"}, "caduta": {"valore": false, "classe": "GREEN", "significativo": false, "nota": "nessuna caduta, riavvio o errore che stacca"}, "nascita_s": {"valore": 1.625, "classe": "GREEN", "significativo": false, "nota": "accesso → primo fotogramma"}}, "classe": "GREEN", "ragione": "tutte le voci GREEN", "non_misurate": [], "evidenze": ["/media/REMOTIX/misure/fase16/amd-b-3k-lxqt/livello-16-ripetizione/utente-06"]}
{"campagna": "amd-b-3k-lxqt", "livello": 16, "desktop": "lxqt", "scheda": "AMD Radeon RX 6800", "driver": "amdgpu intel-media-va-driver=25.2.3+dfsg1-1 libgl1-mesa-dri=25.0.7-2+deb13u1 libva2=2.22.0-3 mesa-va-drivers=25.0.7-2+deb13u1", "misura": "3k", "commit": "678a2da", "binario": "28a947f5", "pagina": "fb9a18f3", "nucleo": "7.0", "tetto_sessioni": 17, "inizio": "2026-09-28T16:53:53+00:00", "durata_s": 1976, "finestra": ["17:24:49", "17:26:49"], "fps_video": 30.0, "tipo": "sessione", "utente": 7, "profilo": "C", "browser": "firefox", "versione": "Firefox 140.16.0 · finestra vera", "inquilino": "c16007u7", "misure": {"finestra_s": 119.5, "esperienza": {"giro_eco_p95_ms": 63.5, "giro_eco_campioni": 144, "giro_tutti_p95_ms": 66.8, "giro_tutti_campioni": 147}, "video_non_avanza": 0, "input_azioni": 6, "input_persi": 0, "input_latenza_p95_ms": 40, "tratto": {"righe": 43, "mediana_p95_ms": 35.98, "max_campione_p95_ms": 76.38, "produttore_mediana_ms": 0.0}, "ritardo_p95_ms": 72.81, "nostro": {"righe": 43, "p95_dei_p95_ms": 63.81, "max_al_secondo_max_ms": 64.53, "max_al_secondo_p95_ms": 63.81, "mediana_ms": 34.85, "fotogrammi": 157}, "consegnati": 153, "dipinti": 153, "salt": 0, "saltati_pct": 0.0, "lavoro_s": 69.2, "blocco_max_s": 0.078, "buchi": 0, "rete": {"persi": 0, "byte_persi": 0, "spediti": 765, "byte_spediti": 861288, "ricevuti": 485, "scartati": 0, "dgram_persi": 0, "dgram_ok": 0, "dgram_falsi": 0, "connessioni": 1, "perdita_pct": 0.0, "mbit_s": 0.06, "srtt_ms": {"mediana": 0.2, "max": 0.52}, "pto_ms_max": 23.5, "secondi": 121}, "tratto_server_ms": {"mediana": 35.13, "max": 65.37, "ora": "17:26:50.442"}, "nascita_s": 1.69, "journal_err": 5}, "voci": {"ritardo_p95_ms": {"valore": 72.81, "classe": "DEGRADED", "significativo": false, "nota": "p95 dei p95 al secondo di «NOSTRO» (copia → byte fuori, 43 righe del figlio) 63.8 ms + 9 ms d'ingresso (tetto costruttivo: poll di 8 ms) · ⚠ strada wlroots: la «copia» e' contata due volte (~4 ms in piu', cattura.c:2309 / figlio.c:5191) — NON corretto, e' dal lato prudente"}, "saltati_pct": {"valore": 0.0, "classe": "GREEN", "significativo": false, "nota": "153 consegnati, 153 dipinti (salt 0)"}, "blocco_max_s": {"valore": 0.078, "classe": "GREEN", "significativo": false, "nota": "dall'attore (12 righe)"}, "buchi_al_min": {"valore": 0.0, "classe": "GREEN", "significativo": false, "nota": "0 buchi in 119 s"}, "caduta": {"valore": false, "classe": "GREEN", "significativo": false, "nota": "nessuna caduta, riavvio o errore che stacca"}, "nascita_s": {"valore": 1.692, "classe": "GREEN", "significativo": false, "nota": "accesso → primo fotogramma"}}, "classe": "DEGRADED", "ragione": "DEGRADED ritardo input → fotogramma (p95): 72.81 — p95 dei p95 al secondo di «NOSTRO» (copia → byte fuori, 43 righe del figlio) 63.8 ms + 9 ms d'ingresso (tetto costruttivo: poll di 8 ms) · ⚠ strada wlroots: la «copia» e' contata due volte (~4 ms in piu', cattura.c:2309 / figlio.c:5191) — NON corretto, e' dal lato prudente", "non_misurate": [], "evidenze": ["/media/REMOTIX/misure/fase16/amd-b-3k-lxqt/livello-16-ripetizione/utente-07"]}
{"campagna": "amd-b-3k-lxqt", "livello": 16, "desktop": "lxqt", "scheda": "AMD Radeon RX 6800", "driver": "amdgpu intel-media-va-driver=25.2.3+dfsg1-1 libgl1-mesa-dri=25.0.7-2+deb13u1 libva2=2.22.0-3 mesa-va-drivers=25.0.7-2+deb13u1", "misura": "3k", "commit": "678a2da", "binario": "28a947f5", "pagina": "fb9a18f3", "nucleo": "7.0", "tetto_sessioni": 17, "inizio": "2026-09-28T16:53:53+00:00", "durata_s": 1976, "finestra": ["17:24:49", "17:26:49"], "fps_video": 30.0, "tipo": "sessione", "utente": 8, "profilo": "D", "browser": "chrome", "versione": "Chrome/154.0.8037.57 · finestra vera", "inquilino": "c16008u8", "misure": {"finestra_s": 121.6, "esperienza": {"giro_eco_p95_ms": null, "giro_eco_campioni": 0, "giro_tutti_p95_ms": 56.9, "giro_tutti_campioni": 7}, "video_non_avanza": 0, "input_azioni": 0, "input_persi": 0, "input_latenza_p95_ms": null, "tratto": {"righe": 118, "mediana_p95_ms": 32.74, "max_campione_p95_ms": 67.37, "produttore_mediana_ms": 0.0}, "ritardo_p95_ms": 63.98, "nostro": {"righe": 118, "p95_dei_p95_ms": 54.98, "max_al_secondo_max_ms": 67.37, "max_al_secondo_p95_ms": 59.23, "mediana_ms": 28.88, "fotogrammi": 3377}, "consegnati": 3403, "dipinti": 3403, "salt": 0, "saltati_pct": 0.0, "lavoro_s": 121.6, "blocco_max_s": 0.09, "buchi": 0, "video_fps": 27.99, "audio_udibile_pct": 100.0, "rete": {"persi": 0, "byte_persi": 0, "spediti": 89248, "byte_spediti": 127612988, "ricevuti": 12312, "scartati": 0, "dgram_persi": 0, "dgram_ok": 6002, "dgram_falsi": 0, "connessioni": 1, "perdita_pct": 0.0, "mbit_s": 8.44, "srtt_ms": {"mediana": 0.5, "max": 1.25}, "pto_ms_max": 29.1, "secondi": 121}, "tratto_server_ms": {"mediana": 15.99, "max": 53.22, "ora": "17:26:49.976"}, "nascita_s": 1.74, "journal_err": 13}, "voci": {"ritardo_p95_ms": {"valore": 63.98, "classe": "DEGRADED", "significativo": false, "nota": "p95 dei p95 al secondo di «NOSTRO» (copia → byte fuori, 118 righe del figlio) 55.0 ms + 9 ms d'ingresso (tetto costruttivo: poll di 8 ms) · ⚠ strada wlroots: la «copia» e' contata due volte (~4 ms in piu', cattura.c:2309 / figlio.c:5191) — NON corretto, e' dal lato prudente"}, "saltati_pct": {"valore": 0.0, "classe": "GREEN", "significativo": false, "nota": "3403 consegnati, 3403 dipinti (salt 0)"}, "blocco_max_s": {"valore": 0.09, "classe": "GREEN", "significativo": false, "nota": "dall'attore (23 righe)"}, "buchi_al_min": {"valore": 0.0, "classe": "GREEN", "significativo": false, "nota": "0 buchi in 122 s"}, "video_frazione_f": {"valore": 0.933, "classe": "GREEN", "significativo": false, "nota": "28.0 dipinti/s in 122 s di video, f = 30.0"}, "audio_udibile_pct": {"valore": 100.0, "classe": "GREEN", "significativo": false, "nota": "6000 suonati su 6000 mandati (6000 ricevuti + 0 mancati)"}, "caduta": {"valore": false, "classe": "GREEN", "significativo": false, "nota": "nessuna caduta, riavvio o errore che stacca"}, "nascita_s": {"valore": 1.737, "classe": "GREEN", "significativo": false, "nota": "accesso → primo fotogramma"}}, "classe": "DEGRADED", "ragione": "DEGRADED ritardo input → fotogramma (p95): 63.98 — p95 dei p95 al secondo di «NOSTRO» (copia → byte fuori, 118 righe del figlio) 55.0 ms + 9 ms d'ingresso (tetto costruttivo: poll di 8 ms) · ⚠ strada wlroots: la «copia» e' contata due volte (~4 ms in piu', cattura.c:2309 / figlio.c:5191) — NON corretto, e' dal lato prudente", "non_misurate": [], "evidenze": ["/media/REMOTIX/misure/fase16/amd-b-3k-lxqt/livello-16-ripetizione/utente-08"]}
{"campagna": "amd-b-3k-lxqt", "livello": 16, "desktop": "lxqt", "scheda": "AMD Radeon RX 6800", "driver": "amdgpu intel-media-va-driver=25.2.3+dfsg1-1 libgl1-mesa-dri=25.0.7-2+deb13u1 libva2=2.22.0-3 mesa-va-drivers=25.0.7-2+deb13u1", "misura": "3k", "commit": "678a2da", "binario": "28a947f5", "pagina": "fb9a18f3", "nucleo": "7.0", "tetto_sessioni": 17, "inizio": "2026-09-28T16:53:53+00:00", "durata_s": 1976, "finestra": ["17:24:49", "17:26:49"], "fps_video": 30.0, "tipo": "sessione", "utente": 9, "profilo": "A", "browser": "firefox", "versione": "Firefox 140.16.0 · finestra vera", "inquilino": "c16009u9", "misure": {"finestra_s": 115.5, "esperienza": {"giro_eco_p95_ms": 45.6, "giro_eco_campioni": 63, "giro_tutti_p95_ms": 42.8, "giro_tutti_campioni": 219}, "video_non_avanza": 0, "input_azioni": 19, "input_persi": 0, "input_latenza_p95_ms": 224, "tratto": {"righe": 59, "mediana_p95_ms": 12.31, "max_campione_p95_ms": 59.39, "produttore_mediana_ms": 0.0}, "ritardo_p95_ms": 38.45, "nostro": {"righe": 59, "p95_dei_p95_ms": 29.45, "max_al_secondo_max_ms": 31.89, "max_al_secondo_p95_ms": 30.98, "mediana_ms": 11.9, "fotogrammi": 1388}, "consegnati": 1283, "dipinti": 1283, "salt": 0, "saltati_pct": 0.0, "lavoro_s": 85.5, "blocco_max_s": 0.055, "buchi": 0, "rete": {"persi": 0, "byte_persi": 0, "spediti": 10476, "byte_spediti": 12951168, "ricevuti": 1905, "scartati": 0, "dgram_persi": 0, "dgram_ok": 0, "dgram_falsi": 0, "connessioni": 1, "perdita_pct": 0.0, "mbit_s": 0.88, "srtt_ms": {"mediana": 0.19, "max": 0.75}, "pto_ms_max": 22.8, "secondi": 118}, "tratto_server_ms": {"mediana": 11.68, "max": 30.98, "ora": "17:26:49.762"}, "nascita_s": 1.68, "journal_err": 13}, "voci": {"ritardo_p95_ms": {"valore": 38.45, "classe": "GREEN", "significativo": false, "nota": "p95 dei p95 al secondo di «NOSTRO» (copia → byte fuori, 59 righe del figlio) 29.4 ms + 9 ms d'ingresso (tetto costruttivo: poll di 8 ms) · ⚠ strada wlroots: la «copia» e' contata due volte (~4 ms in piu', cattura.c:2309 / figlio.c:5191) — NON corretto, e' dal lato prudente"}, "saltati_pct": {"valore": 0.0, "classe": "GREEN", "significativo": false, "nota": "1283 consegnati, 1283 dipinti (salt 0)"}, "blocco_max_s": {"valore": 0.055, "classe": "GREEN", "significativo": false, "nota": "dall'attore (16 righe)"}, "buchi_al_min": {"valore": 0.0, "classe": "GREEN", "significativo": false, "nota": "0 buchi in 116 s"}, "caduta": {"valore": false, "classe": "GREEN", "significativo": false, "nota": "nessuna caduta, riavvio o errore che stacca"}, "nascita_s": {"valore": 1.676, "classe": "GREEN", "significativo": false, "nota": "accesso → primo fotogramma"}}, "classe": "GREEN", "ragione": "tutte le voci GREEN", "non_misurate": [], "evidenze": ["/media/REMOTIX/misure/fase16/amd-b-3k-lxqt/livello-16-ripetizione/utente-09"]}
{"campagna": "amd-b-3k-lxqt", "livello": 16, "desktop": "lxqt", "scheda": "AMD Radeon RX 6800", "driver": "amdgpu intel-media-va-driver=25.2.3+dfsg1-1 libgl1-mesa-dri=25.0.7-2+deb13u1 libva2=2.22.0-3 mesa-va-drivers=25.0.7-2+deb13u1", "misura": "3k", "commit": "678a2da", "binario": "28a947f5", "pagina": "fb9a18f3", "nucleo": "7.0", "tetto_sessioni": 17, "inizio": "2026-09-28T16:53:53+00:00", "durata_s": 1976, "finestra": ["17:24:49", "17:26:49"], "fps_video": 30.0, "tipo": "sessione", "utente": 10, "profilo": "B", "browser": "chrome", "versione": "Chrome/154.0.8037.57 · finestra vera", "inquilino": "c16010u10", "misure": {"finestra_s": 117.8, "esperienza": {"giro_eco_p95_ms": 48.4, "giro_eco_campioni": 253, "giro_tutti_p95_ms": 61.8, "giro_tutti_campioni": 356}, "video_non_avanza": 0, "input_azioni": 5, "input_persi": 0, "input_latenza_p95_ms": 1957, "tratto": {"righe": 88, "mediana_p95_ms": 34.13, "max_campione_p95_ms": 63.04, "produttore_mediana_ms": 0.0}, "ritardo_p95_ms": 67.67, "nostro": {"righe": 88, "p95_dei_p95_ms": 58.67, "max_al_secondo_max_ms": 63.04, "max_al_secondo_p95_ms": 58.67, "mediana_ms": 33.78, "fotogrammi": 674}, "consegnati": 644, "dipinti": 644, "salt": 0, "saltati_pct": 0.0, "lavoro_s": 112.3, "blocco_max_s": 0.064, "buchi": 0, "rete": {"persi": 0, "byte_persi": 0, "spediti": 1320, "byte_spediti": 1346928, "ricevuti": 1151, "scartati": 0, "dgram_persi": 0, "dgram_ok": 0, "dgram_falsi": 0, "connessioni": 1, "perdita_pct": 0.0, "mbit_s": 0.09, "srtt_ms": {"mediana": 0.24, "max": 0.48}, "pto_ms_max": 27.4, "secondi": 119}, "tratto_server_ms": {"mediana": 31.35, "max": 63.04, "ora": "17:26:50.205"}, "nascita_s": 1.62, "journal_err": 5}, "voci": {"ritardo_p95_ms": {"valore": 67.67, "classe": "DEGRADED", "significativo": false, "nota": "p95 dei p95 al secondo di «NOSTRO» (copia → byte fuori, 88 righe del figlio) 58.7 ms + 9 ms d'ingresso (tetto costruttivo: poll di 8 ms) · ⚠ strada wlroots: la «copia» e' contata due volte (~4 ms in piu', cattura.c:2309 / figlio.c:5191) — NON corretto, e' dal lato prudente"}, "saltati_pct": {"valore": 0.0, "classe": "GREEN", "significativo": false, "nota": "644 consegnati, 644 dipinti (salt 0)"}, "blocco_max_s": {"valore": 0.064, "classe": "GREEN", "significativo": false, "nota": "dall'attore (20 righe)"}, "buchi_al_min": {"valore": 0.0, "classe": "GREEN", "significativo": false, "nota": "0 buchi in 118 s"}, "caduta": {"valore": false, "classe": "GREEN", "significativo": false, "nota": "nessuna caduta, riavvio o errore che stacca"}, "nascita_s": {"valore": 1.623, "classe": "GREEN", "significativo": false, "nota": "accesso → primo fotogramma"}}, "classe": "DEGRADED", "ragione": "DEGRADED ritardo input → fotogramma (p95): 67.67 — p95 dei p95 al secondo di «NOSTRO» (copia → byte fuori, 88 righe del figlio) 58.7 ms + 9 ms d'ingresso (tetto costruttivo: poll di 8 ms) · ⚠ strada wlroots: la «copia» e' contata due volte (~4 ms in piu', cattura.c:2309 / figlio.c:5191) — NON corretto, e' dal lato prudente", "non_misurate": [], "evidenze": ["/media/REMOTIX/misure/fase16/amd-b-3k-lxqt/livello-16-ripetizione/utente-10"]}
{"campagna": "amd-b-3k-lxqt", "livello": 16, "desktop": "lxqt", "scheda": "AMD Radeon RX 6800", "driver": "amdgpu intel-media-va-driver=25.2.3+dfsg1-1 libgl1-mesa-dri=25.0.7-2+deb13u1 libva2=2.22.0-3 mesa-va-drivers=25.0.7-2+deb13u1", "misura": "3k", "commit": "678a2da", "binario": "28a947f5", "pagina": "fb9a18f3", "nucleo": "7.0", "tetto_sessioni": 17, "inizio": "2026-09-28T16:53:53+00:00", "durata_s": 1976, "finestra": ["17:24:49", "17:26:49"], "fps_video": 30.0, "tipo": "sessione", "utente": 11, "profilo": "C", "browser": "firefox", "versione": "Firefox 140.16.0 · finestra vera", "inquilino": "c16011u11", "misure": {"finestra_s": 123.8, "esperienza": {"giro_eco_p95_ms": 39.9, "giro_eco_campioni": 86, "giro_tutti_p95_ms": 38.4, "giro_tutti_campioni": 141}, "video_non_avanza": 0, "input_azioni": 4, "input_persi": 0, "input_latenza_p95_ms": 5, "tratto": {"righe": 38, "mediana_p95_ms": 17.06, "max_campione_p95_ms": 71.74, "produttore_mediana_ms": 0.0}, "ritardo_p95_ms": 40.97, "nostro": {"righe": 38, "p95_dei_p95_ms": 31.97, "max_al_secondo_max_ms": 33.22, "max_al_secondo_p95_ms": 31.97, "mediana_ms": 17.52, "fotogrammi": 157}, "consegnati": 145, "dipinti": 145, "salt": 0, "saltati_pct": 0.0, "lavoro_s": 67.5, "blocco_max_s": 0.199, "buchi": 0, "rete": {"persi": 0, "byte_persi": 0, "spediti": 574, "byte_spediti": 602772, "ricevuti": 470, "scartati": 0, "dgram_persi": 0, "dgram_ok": 0, "dgram_falsi": 0, "connessioni": 1, "perdita_pct": 0.0, "mbit_s": 0.04, "srtt_ms": {"mediana": 0.19, "max": 0.41}, "pto_ms_max": 22.3, "secondi": 121}, "tratto_server_ms": {"mediana": 16.94, "max": 71.74, "ora": "17:26:49.842"}, "nascita_s": 1.79, "journal_err": 5}, "voci": {"ritardo_p95_ms": {"valore": 40.97, "classe": "GREEN", "significativo": false, "nota": "p95 dei p95 al secondo di «NOSTRO» (copia → byte fuori, 38 righe del figlio) 32.0 ms + 9 ms d'ingresso (tetto costruttivo: poll di 8 ms) · ⚠ strada wlroots: la «copia» e' contata due volte (~4 ms in piu', cattura.c:2309 / figlio.c:5191) — NON corretto, e' dal lato prudente"}, "saltati_pct": {"valore": 0.0, "classe": "GREEN", "significativo": false, "nota": "145 consegnati, 145 dipinti (salt 0)"}, "blocco_max_s": {"valore": 0.199, "classe": "GREEN", "significativo": false, "nota": "dall'attore (12 righe)"}, "buchi_al_min": {"valore": 0.0, "classe": "GREEN", "significativo": false, "nota": "0 buchi in 124 s"}, "caduta": {"valore": false, "classe": "GREEN", "significativo": false, "nota": "nessuna caduta, riavvio o errore che stacca"}, "nascita_s": {"valore": 1.788, "classe": "GREEN", "significativo": false, "nota": "accesso → primo fotogramma"}}, "classe": "GREEN", "ragione": "tutte le voci GREEN", "non_misurate": [], "evidenze": ["/media/REMOTIX/misure/fase16/amd-b-3k-lxqt/livello-16-ripetizione/utente-11"]}
{"campagna": "amd-b-3k-lxqt", "livello": 16, "desktop": "lxqt", "scheda": "AMD Radeon RX 6800", "driver": "amdgpu intel-media-va-driver=25.2.3+dfsg1-1 libgl1-mesa-dri=25.0.7-2+deb13u1 libva2=2.22.0-3 mesa-va-drivers=25.0.7-2+deb13u1", "misura": "3k", "commit": "678a2da", "binario": "28a947f5", "pagina": "fb9a18f3", "nucleo": "7.0", "tetto_sessioni": 17, "inizio": "2026-09-28T16:53:53+00:00", "durata_s": 1976, "finestra": ["17:24:49", "17:26:49"], "fps_video": 30.0, "tipo": "sessione", "utente": 12, "profilo": "D", "browser": "chrome", "versione": "Chrome/154.0.8037.57 · finestra vera", "inquilino": "c16012u12", "misure": {"finestra_s": 117.3, "esperienza": {"giro_eco_p95_ms": null, "giro_eco_campioni": 0, "giro_tutti_p95_ms": 45.9, "giro_tutti_campioni": 12}, "video_non_avanza": 0, "input_azioni": 0, "input_persi": 0, "input_latenza_p95_ms": null, "tratto": {"righe": 118, "mediana_p95_ms": 32.66, "max_campione_p95_ms": 62.91, "produttore_mediana_ms": 0.0}, "ritardo_p95_ms": 62.9, "nostro": {"righe": 118, "p95_dei_p95_ms": 53.9, "max_al_secondo_max_ms": 62.91, "max_al_secondo_p95_ms": 61.76, "mediana_ms": 27.57, "fotogrammi": 3397}, "consegnati": 3297, "dipinti": 3297, "salt": 0, "saltati_pct": 0.0, "lavoro_s": 117.3, "blocco_max_s": 0.1, "buchi": 0, "video_fps": 28.118, "audio_udibile_pct": 100.0, "rete": {"persi": 0, "byte_persi": 0, "spediti": 78863, "byte_spediti": 112691140, "ricevuti": 11094, "scartati": 0, "dgram_persi": 0, "dgram_ok": 6001, "dgram_falsi": 0, "connessioni": 1, "perdita_pct": 0.0, "mbit_s": 7.45, "srtt_ms": {"mediana": 0.33, "max": 0.81}, "pto_ms_max": 28.2, "secondi": 121}, "tratto_server_ms": {"mediana": 20.5, "max": 58.6, "ora": "17:26:49.656"}, "nascita_s": 1.73, "journal_err": 8}, "voci": {"ritardo_p95_ms": {"valore": 62.9, "classe": "DEGRADED", "significativo": false, "nota": "p95 dei p95 al secondo di «NOSTRO» (copia → byte fuori, 118 righe del figlio) 53.9 ms + 9 ms d'ingresso (tetto costruttivo: poll di 8 ms) · ⚠ strada wlroots: la «copia» e' contata due volte (~4 ms in piu', cattura.c:2309 / figlio.c:5191) — NON corretto, e' dal lato prudente"}, "saltati_pct": {"valore": 0.0, "classe": "GREEN", "significativo": false, "nota": "3297 consegnati, 3297 dipinti (salt 0)"}, "blocco_max_s": {"valore": 0.1, "classe": "GREEN", "significativo": false, "nota": "dall'attore (22 righe)"}, "buchi_al_min": {"valore": 0.0, "classe": "GREEN", "significativo": false, "nota": "0 buchi in 117 s"}, "video_frazione_f": {"valore": 0.937, "classe": "GREEN", "significativo": false, "nota": "28.1 dipinti/s in 117 s di video, f = 30.0"}, "audio_udibile_pct": {"valore": 100.0, "classe": "GREEN", "significativo": false, "nota": "6000 suonati su 6000 mandati (6000 ricevuti + 0 mancati)"}, "caduta": {"valore": false, "classe": "GREEN", "significativo": false, "nota": "nessuna caduta, riavvio o errore che stacca"}, "nascita_s": {"valore": 1.73, "classe": "GREEN", "significativo": false, "nota": "accesso → primo fotogramma"}}, "classe": "DEGRADED", "ragione": "DEGRADED ritardo input → fotogramma (p95): 62.9 — p95 dei p95 al secondo di «NOSTRO» (copia → byte fuori, 118 righe del figlio) 53.9 ms + 9 ms d'ingresso (tetto costruttivo: poll di 8 ms) · ⚠ strada wlroots: la «copia» e' contata due volte (~4 ms in piu', cattura.c:2309 / figlio.c:5191) — NON corretto, e' dal lato prudente", "non_misurate": [], "evidenze": ["/media/REMOTIX/misure/fase16/amd-b-3k-lxqt/livello-16-ripetizione/utente-12"]}
{"campagna": "amd-b-3k-lxqt", "livello": 16, "desktop": "lxqt", "scheda": "AMD Radeon RX 6800", "driver": "amdgpu intel-media-va-driver=25.2.3+dfsg1-1 libgl1-mesa-dri=25.0.7-2+deb13u1 libva2=2.22.0-3 mesa-va-drivers=25.0.7-2+deb13u1", "misura": "3k", "commit": "678a2da", "binario": "28a947f5", "pagina": "fb9a18f3", "nucleo": "7.0", "tetto_sessioni": 17, "inizio": "2026-09-28T16:53:53+00:00", "durata_s": 1976, "finestra": ["17:24:49", "17:26:49"], "fps_video": 30.0, "tipo": "sessione", "utente": 13, "profilo": "A", "browser": "firefox", "versione": "Firefox 140.16.0 · finestra vera", "inquilino": "c16013u13", "misure": {"finestra_s": 116.9, "esperienza": {"giro_eco_p95_ms": null, "giro_eco_campioni": 0, "giro_tutti_p95_ms": 95.3, "giro_tutti_campioni": 79}, "video_non_avanza": 0, "input_azioni": 11, "input_persi": 0, "input_latenza_p95_ms": 230, "tratto": {"righe": 24, "mediana_p95_ms": 39.28, "max_campione_p95_ms": 68.67, "produttore_mediana_ms": 0.0}, "ritardo_p95_ms": 75.58, "nostro": {"righe": 24, "p95_dei_p95_ms": 66.58, "max_al_secondo_max_ms": 68.67, "max_al_secondo_p95_ms": 66.58, "mediana_ms": 39.49, "fotogrammi": 379}, "consegnati": 369, "dipinti": 369, "salt": 0, "saltati_pct": 0.0, "lavoro_s": 46.8, "blocco_max_s": 0.052, "buchi": 0, "rete": {"persi": 0, "byte_persi": 0, "spediti": 5202, "byte_spediti": 6954220, "ricevuti": 571, "scartati": 0, "dgram_persi": 0, "dgram_ok": 0, "dgram_falsi": 0, "connessioni": 1, "perdita_pct": 0.0, "mbit_s": 0.48, "srtt_ms": {"mediana": 0.2, "max": 0.38}, "pto_ms_max": 22.0, "secondi": 115}, "tratto_server_ms": {"mediana": 38.04, "max": 68.67, "ora": "17:26:35.096"}, "nascita_s": 1.68, "journal_err": 5}, "voci": {"ritardo_p95_ms": {"valore": 75.58, "classe": "DEGRADED", "significativo": false, "nota": "p95 dei p95 al secondo di «NOSTRO» (copia → byte fuori, 24 righe del figlio) 66.6 ms + 9 ms d'ingresso (tetto costruttivo: poll di 8 ms) · ⚠ strada wlroots: la «copia» e' contata due volte (~4 ms in piu', cattura.c:2309 / figlio.c:5191) — NON corretto, e' dal lato prudente"}, "saltati_pct": {"valore": 0.0, "classe": "GREEN", "significativo": false, "nota": "369 consegnati, 369 dipinti (salt 0)"}, "blocco_max_s": {"valore": 0.052, "classe": "GREEN", "significativo": false, "nota": "dall'attore (9 righe)"}, "buchi_al_min": {"valore": 0.0, "classe": "GREEN", "significativo": false, "nota": "0 buchi in 117 s"}, "caduta": {"valore": false, "classe": "GREEN", "significativo": false, "nota": "nessuna caduta, riavvio o errore che stacca"}, "nascita_s": {"valore": 1.679, "classe": "GREEN", "significativo": false, "nota": "accesso → primo fotogramma"}}, "classe": "DEGRADED", "ragione": "DEGRADED ritardo input → fotogramma (p95): 75.58 — p95 dei p95 al secondo di «NOSTRO» (copia → byte fuori, 24 righe del figlio) 66.6 ms + 9 ms d'ingresso (tetto costruttivo: poll di 8 ms) · ⚠ strada wlroots: la «copia» e' contata due volte (~4 ms in piu', cattura.c:2309 / figlio.c:5191) — NON corretto, e' dal lato prudente", "non_misurate": [], "evidenze": ["/media/REMOTIX/misure/fase16/amd-b-3k-lxqt/livello-16-ripetizione/utente-13"]}
{"campagna": "amd-b-3k-lxqt", "livello": 16, "desktop": "lxqt", "scheda": "AMD Radeon RX 6800", "driver": "amdgpu intel-media-va-driver=25.2.3+dfsg1-1 libgl1-mesa-dri=25.0.7-2+deb13u1 libva2=2.22.0-3 mesa-va-drivers=25.0.7-2+deb13u1", "misura": "3k", "commit": "678a2da", "binario": "28a947f5", "pagina": "fb9a18f3", "nucleo": "7.0", "tetto_sessioni": 17, "inizio": "2026-09-28T16:53:53+00:00", "durata_s": 1976, "finestra": ["17:24:49", "17:26:49"], "fps_video": 30.0, "tipo": "sessione", "utente": 14, "profilo": "B", "browser": "chrome", "versione": "Chrome/154.0.8037.57 · finestra vera", "inquilino": "c16014u14", "misure": {"finestra_s": 122.4, "esperienza": {"giro_eco_p95_ms": 27, "giro_eco_campioni": 272, "giro_tutti_p95_ms": 32.3, "giro_tutti_campioni": 356}, "video_non_avanza": 0, "input_azioni": 5, "input_persi": 0, "input_latenza_p95_ms": 1919, "tratto": {"righe": 71, "mediana_p95_ms": 14.79, "max_campione_p95_ms": 40.45, "produttore_mediana_ms": 0.0}, "ritardo_p95_ms": 39.89, "nostro": {"righe": 71, "p95_dei_p95_ms": 30.89, "max_al_secondo_max_ms": 38.81, "max_al_secondo_p95_ms": 30.89, "mediana_ms": 14.57, "fotogrammi": 643}, "consegnati": 637, "dipinti": 637, "salt": 0, "saltati_pct": 0.0, "lavoro_s": 112.1, "blocco_max_s": 0.053, "buchi": 0, "rete": {"persi": 0, "byte_persi": 0, "spediti": 1247, "byte_spediti": 1266868, "ricevuti": 1099, "scartati": 0, "dgram_persi": 0, "dgram_ok": 0, "dgram_falsi": 0, "connessioni": 1, "perdita_pct": 0.0, "mbit_s": 0.09, "srtt_ms": {"mediana": 0.78, "max": 1.25}, "pto_ms_max": 28.9, "secondi": 117}, "tratto_server_ms": {"mediana": 14.32, "max": 38.81, "ora": "17:26:49.903"}, "nascita_s": 1.73, "journal_err": 5}, "voci": {"ritardo_p95_ms": {"valore": 39.89, "classe": "GREEN", "significativo": false, "nota": "p95 dei p95 al secondo di «NOSTRO» (copia → byte fuori, 71 righe del figlio) 30.9 ms + 9 ms d'ingresso (tetto costruttivo: poll di 8 ms) · ⚠ strada wlroots: la «copia» e' contata due volte (~4 ms in piu', cattura.c:2309 / figlio.c:5191) — NON corretto, e' dal lato prudente"}, "saltati_pct": {"valore": 0.0, "classe": "GREEN", "significativo": false, "nota": "637 consegnati, 637 dipinti (salt 0)"}, "blocco_max_s": {"valore": 0.053, "classe": "GREEN", "significativo": false, "nota": "dall'attore (20 righe)"}, "buchi_al_min": {"valore": 0.0, "classe": "GREEN", "significativo": false, "nota": "0 buchi in 122 s"}, "caduta": {"valore": false, "classe": "GREEN", "significativo": false, "nota": "nessuna caduta, riavvio o errore che stacca"}, "nascita_s": {"valore": 1.728, "classe": "GREEN", "significativo": false, "nota": "accesso → primo fotogramma"}}, "classe": "GREEN", "ragione": "tutte le voci GREEN", "non_misurate": [], "evidenze": ["/media/REMOTIX/misure/fase16/amd-b-3k-lxqt/livello-16-ripetizione/utente-14"]}
{"campagna": "amd-b-3k-lxqt", "livello": 16, "desktop": "lxqt", "scheda": "AMD Radeon RX 6800", "driver": "amdgpu intel-media-va-driver=25.2.3+dfsg1-1 libgl1-mesa-dri=25.0.7-2+deb13u1 libva2=2.22.0-3 mesa-va-drivers=25.0.7-2+deb13u1", "misura": "3k", "commit": "678a2da", "binario": "28a947f5", "pagina": "fb9a18f3", "nucleo": "7.0", "tetto_sessioni": 17, "inizio": "2026-09-28T16:53:53+00:00", "durata_s": 1976, "finestra": ["17:24:49", "17:26:49"], "fps_video": 30.0, "tipo": "sessione", "utente": 15, "profilo": "C", "browser": "firefox", "versione": "Firefox 140.16.0 · finestra vera", "inquilino": "c16015u15", "misure": {"finestra_s": 120.7, "esperienza": {"giro_eco_p95_ms": 63.4, "giro_eco_campioni": 193, "giro_tutti_p95_ms": 65.3, "giro_tutti_campioni": 219}, "video_non_avanza": 0, "input_azioni": 6, "input_persi": 0, "input_latenza_p95_ms": 71, "tratto": {"righe": 57, "mediana_p95_ms": 35.47, "max_campione_p95_ms": 77.0, "produttore_mediana_ms": 0.0}, "ritardo_p95_ms": 67.27, "nostro": {"righe": 57, "p95_dei_p95_ms": 58.27, "max_al_secondo_max_ms": 61.56, "max_al_secondo_p95_ms": 58.27, "mediana_ms": 38.04, "fotogrammi": 223}, "consegnati": 223, "dipinti": 223, "salt": 0, "saltati_pct": 0.0, "lavoro_s": 83.8, "blocco_max_s": 0.079, "buchi": 0, "rete": {"persi": 0, "byte_persi": 0, "spediti": 807, "byte_spediti": 828028, "ricevuti": 684, "scartati": 0, "dgram_persi": 0, "dgram_ok": 0, "dgram_falsi": 0, "connessioni": 1, "perdita_pct": 0.0, "mbit_s": 0.06, "srtt_ms": {"mediana": 0.17, "max": 0.31}, "pto_ms_max": 21.5, "secondi": 120}, "tratto_server_ms": {"mediana": 35.34, "max": 77.0, "ora": "17:26:39.093"}, "nascita_s": 1.67, "journal_err": 5}, "voci": {"ritardo_p95_ms": {"valore": 67.27, "classe": "DEGRADED", "significativo": false, "nota": "p95 dei p95 al secondo di «NOSTRO» (copia → byte fuori, 57 righe del figlio) 58.3 ms + 9 ms d'ingresso (tetto costruttivo: poll di 8 ms) · ⚠ strada wlroots: la «copia» e' contata due volte (~4 ms in piu', cattura.c:2309 / figlio.c:5191) — NON corretto, e' dal lato prudente"}, "saltati_pct": {"valore": 0.0, "classe": "GREEN", "significativo": false, "nota": "223 consegnati, 223 dipinti (salt 0)"}, "blocco_max_s": {"valore": 0.079, "classe": "GREEN", "significativo": false, "nota": "dall'attore (15 righe)"}, "buchi_al_min": {"valore": 0.0, "classe": "GREEN", "significativo": false, "nota": "0 buchi in 121 s"}, "caduta": {"valore": false, "classe": "GREEN", "significativo": false, "nota": "nessuna caduta, riavvio o errore che stacca"}, "nascita_s": {"valore": 1.672, "classe": "GREEN", "significativo": false, "nota": "accesso → primo fotogramma"}}, "classe": "DEGRADED", "ragione": "DEGRADED ritardo input → fotogramma (p95): 67.27 — p95 dei p95 al secondo di «NOSTRO» (copia → byte fuori, 57 righe del figlio) 58.3 ms + 9 ms d'ingresso (tetto costruttivo: poll di 8 ms) · ⚠ strada wlroots: la «copia» e' contata due volte (~4 ms in piu', cattura.c:2309 / figlio.c:5191) — NON corretto, e' dal lato prudente", "non_misurate": [], "evidenze": ["/media/REMOTIX/misure/fase16/amd-b-3k-lxqt/livello-16-ripetizione/utente-15"]}
{"campagna": "amd-b-3k-lxqt", "livello": 16, "desktop": "lxqt", "scheda": "AMD Radeon RX 6800", "driver": "amdgpu intel-media-va-driver=25.2.3+dfsg1-1 libgl1-mesa-dri=25.0.7-2+deb13u1 libva2=2.22.0-3 mesa-va-drivers=25.0.7-2+deb13u1", "misura": "3k", "commit": "678a2da", "binario": "28a947f5", "pagina": "fb9a18f3", "nucleo": "7.0", "tetto_sessioni": 17, "inizio": "2026-09-28T16:53:53+00:00", "durata_s": 1976, "finestra": ["17:24:49", "17:26:49"], "fps_video": 30.0, "tipo": "sessione", "utente": 16, "profilo": "D", "browser": "chrome", "versione": "Chrome/154.0.8037.57 · finestra vera", "inquilino": "c16016u16", "misure": {"finestra_s": 117.0, "esperienza": {"giro_eco_p95_ms": null, "giro_eco_campioni": 0, "giro_tutti_p95_ms": 64.4, "giro_tutti_campioni": 3}, "video_non_avanza": 0, "input_azioni": 0, "input_persi": 0, "input_latenza_p95_ms": null, "tratto": {"righe": 118, "mediana_p95_ms": 34.01, "max_campione_p95_ms": 73.85, "produttore_mediana_ms": 0.0}, "ritardo_p95_ms": 63.35, "nostro": {"righe": 118, "p95_dei_p95_ms": 54.35, "max_al_secondo_max_ms": 68.11, "max_al_secondo_p95_ms": 59.02, "mediana_ms": 28.66, "fotogrammi": 3366}, "consegnati": 3269, "dipinti": 3269, "salt": 0, "saltati_pct": 0.0, "lavoro_s": 117.0, "blocco_max_s": 0.11, "buchi": 0, "video_fps": 27.929, "audio_udibile_pct": 100.0, "rete": {"persi": 0, "byte_persi": 0, "spediti": 75399, "byte_spediti": 107738904, "ricevuti": 10722, "scartati": 0, "dgram_persi": 0, "dgram_ok": 6000, "dgram_falsi": 0, "connessioni": 1, "perdita_pct": 0.0, "mbit_s": 7.12, "srtt_ms": {"mediana": 0.38, "max": 3.89}, "pto_ms_max": 38.2, "secondi": 121}, "tratto_server_ms": {"mediana": 19.89, "max": 57.12, "ora": "17:26:49.833"}, "nascita_s": 1.63, "journal_err": 5}, "voci": {"ritardo_p95_ms": {"valore": 63.35, "classe": "DEGRADED", "significativo": false, "nota": "p95 dei p95 al secondo di «NOSTRO» (copia → byte fuori, 118 righe del figlio) 54.4 ms + 9 ms d'ingresso (tetto costruttivo: poll di 8 ms) · ⚠ strada wlroots: la «copia» e' contata due volte (~4 ms in piu', cattura.c:2309 / figlio.c:5191) — NON corretto, e' dal lato prudente"}, "saltati_pct": {"valore": 0.0, "classe": "GREEN", "significativo": false, "nota": "3269 consegnati, 3269 dipinti (salt 0)"}, "blocco_max_s": {"valore": 0.11, "classe": "GREEN", "significativo": false, "nota": "dall'attore (22 righe)"}, "buchi_al_min": {"valore": 0.0, "classe": "GREEN", "significativo": false, "nota": "0 buchi in 117 s"}, "video_frazione_f": {"valore": 0.931, "classe": "GREEN", "significativo": false, "nota": "27.9 dipinti/s in 117 s di video, f = 30.0"}, "audio_udibile_pct": {"valore": 100.0, "classe": "GREEN", "significativo": false, "nota": "5749 suonati su 5749 mandati (5749 ricevuti + 0 mancati)"}, "caduta": {"valore": false, "classe": "GREEN", "significativo": false, "nota": "nessuna caduta, riavvio o errore che stacca"}, "nascita_s": {"valore": 1.627, "classe": "GREEN", "significativo": false, "nota": "accesso → primo fotogramma"}}, "classe": "DEGRADED", "ragione": "DEGRADED ritardo input → fotogramma (p95): 63.35 — p95 dei p95 al secondo di «NOSTRO» (copia → byte fuori, 118 righe del figlio) 54.4 ms + 9 ms d'ingresso (tetto costruttivo: poll di 8 ms) · ⚠ strada wlroots: la «copia» e' contata due volte (~4 ms in piu', cattura.c:2309 / figlio.c:5191) — NON corretto, e' dal lato prudente", "non_misurate": [], "evidenze": ["/media/REMOTIX/misure/fase16/amd-b-3k-lxqt/livello-16-ripetizione/utente-16"]}
{"campagna": "amd-b-3k-lxqt", "livello": 16, "desktop": "lxqt", "scheda": "AMD Radeon RX 6800", "driver": "amdgpu intel-media-va-driver=25.2.3+dfsg1-1 libgl1-mesa-dri=25.0.7-2+deb13u1 libva2=2.22.0-3 mesa-va-drivers=25.0.7-2+deb13u1", "misura": "3k", "commit": "678a2da", "binario": "28a947f5", "pagina": "fb9a18f3", "nucleo": "7.0", "tetto_sessioni": 17, "inizio": "2026-09-28T16:53:53+00:00", "durata_s": 1976, "finestra": ["17:24:49", "17:26:49"], "fps_video": 30.0, "tipo": "sessione", "utente": 99, "profilo": "controllo", "browser": "chrome", "versione": "Chrome/154.0.8037.57 · finestra vera", "inquilino": "c16016u99", "misure": {"nascita_s": null, "ammissione_s": 1.23, "primo_non_degenere_s": null, "sessioni_durante": 32}, "voci": {"nascita_s": {"valore": null, "classe": "FAIL", "significativo": true, "nota": "la sessione del controllo non e' nata: nessun fotogramma dipinto 90 s dopo l'accesso"}, "controllo_corto": {"valore": {"F-004": "BLOCKED", "F-007": "BLOCKED", "F-003": "BLOCKED", "F-014": "BLOCKED"}, "classe": "DEGRADED", "significativo": true, "non_misurato": true, "nota": "NON MISURATO: non guardate: F-004, F-007, F-003, F-014"}}, "classe": "FAIL", "ragione": "FAIL nascita (accesso → primo fotogramma): la sessione del controllo non e' nata: nessun fotogramma dipinto 90 s dopo l'accesso · DEGRADED controllo funzionale corto: NON MISURATO: non guardate: F-004, F-007, F-003, F-014", "non_misurate": ["controllo_corto"], "evidenze": ["/media/REMOTIX/misure/fase16/amd-b-3k-lxqt/livello-16-ripetizione/controllo-corto"]}
→ 18 righe in /media/REMOTIX/src/controllo/banchi/16-stress/registro.jsonl
