[07:30:38:173] [111418:0001b33c] [WARN][com.freerdp.client.x11] - [load_map_from_xkbfile]:     : keycode: 0x08 -> no RDP scancode found
[07:30:38:173] [111418:0001b33c] [WARN][com.freerdp.client.x11] - [load_map_from_xkbfile]:     : keycode: 0x5d -> no RDP scancode found
[07:30:38:205] [111418:0001b33c] [WARN][com.freerdp.core.connection] - [rdp_client_connect_auto_detect]: expected messageChannelId=1008, got 1003
[07:30:38:205] [111418:0001b33c] [WARN][com.freerdp.core.license] - [license_read_binary_blob_data]: license binary blob::type BB_ERROR_BLOB, length=0, skipping.
[07:30:38:205] [111418:0001b33c] [WARN][com.freerdp.core.connection] - [rdp_client_connect_auto_detect]: expected messageChannelId=1008, got 1003
On calling fusermount posix_spawn failed: No such file or directory
posix_spawn(p)() for fusermount3 failed: No such file or directory[07:30:39:766] [111418:0001b36c] [WARN][com.freerdp.channels.drdynvc.client] - [check_open_close_receive]: {Microsoft::Windows::RDS::DisplayControl:2} OnOpen=(nil), OnClose=0x7f1795d2f190
[07:30:44:162] [111418:0001b33c] [WARN][com.freerdp.client.x11] - [load_map_from_xkbfile]:     : keycode: 0x08 -> no RDP scancode found
[07:30:44:162] [111418:0001b33c] [WARN][com.freerdp.client.x11] - [load_map_from_xkbfile]:     : keycode: 0x5d -> no RDP scancode found
[07:30:55:023] [111418:0001b33a] [ERROR][com.freerdp.utils.signal] - [term_handler]: Caught signal 'Terminated' [15]
[07:30:55:023] [111418:0001b33a] [ERROR][com.freerdp.core] - [freerdp_abort_connect_context]: ERRCONNECT_CONNECT_CANCELLED [0x0002000B]
[07:30:55:029] [111418:0001b36c] [WARN][com.freerdp.channels.drdynvc.client] - [check_open_close_receive]: {Microsoft::Windows::RDS::DisplayControl:2} OnOpen=(nil), OnClose=0x7f1795d2f190
[07:30:38:213] [111418:0001b33c] [INFO][com.freerdp.gdi] - [gdi_init_ex]: Local framebuffer format  PIXEL_FORMAT_BGRX32
[07:30:38:213] [111418:0001b33c] [INFO][com.freerdp.gdi] - [gdi_init_ex]: Remote framebuffer format PIXEL_FORMAT_BGRA32
[07:30:38:216] [111418:0001b33c] [INFO][com.freerdp.channels.rdpsnd.client] - [rdpsnd_load_device_plugin]: [static] Loaded fake backend for rdpsnd
[07:30:38:216] [111418:0001b33c] [INFO][com.freerdp.channels.drdynvc.client] - [dvcman_load_addin]: Loading Dynamic Virtual Channel ainput
[07:30:38:216] [111418:0001b33c] [INFO][com.freerdp.channels.drdynvc.client] - [dvcman_load_addin]: Loading Dynamic Virtual Channel rdpgfx
[07:30:38:216] [111418:0001b33c] [INFO][com.freerdp.channels.drdynvc.client] - [dvcman_load_addin]: Loading Dynamic Virtual Channel disp
[07:30:38:216] [111418:0001b33c] [INFO][com.freerdp.channels.drdynvc.client] - [dvcman_load_addin]: Loading Dynamic Virtual Channel rdpsnd
[07:30:39:765] [111418:0001b36c] [INFO][com.freerdp.channels.rdpsnd.client] - [rdpsnd_load_device_plugin]: [dynamic] Loaded fake backend for rdpsnd
[07:30:55:023] [111418:0001b33a] [INFO][com.freerdp.core] - [sig_abort_connect]: Signal Terminated [15], terminating session 0x563b79f84230
[07:30:55:023] [111418:0001b33c] [INFO][com.freerdp.client.common] - [client_auto_reconnect_ex]: Network disconnect!
