[21:01:52:934] [157939:000268f5] [WARN][com.freerdp.client.x11] - [load_map_from_xkbfile]:     : keycode: 0x08 -> no RDP scancode found
[21:01:52:934] [157939:000268f5] [WARN][com.freerdp.client.x11] - [load_map_from_xkbfile]:     : keycode: 0x5d -> no RDP scancode found
[21:01:52:964] [157939:000268f5] [WARN][com.freerdp.core.connection] - [rdp_client_connect_auto_detect]: expected messageChannelId=1008, got 1003
[21:01:52:964] [157939:000268f5] [WARN][com.freerdp.core.license] - [license_read_binary_blob_data]: license binary blob::type BB_ERROR_BLOB, length=0, skipping.
[21:01:52:964] [157939:000268f5] [WARN][com.freerdp.core.connection] - [rdp_client_connect_auto_detect]: expected messageChannelId=1008, got 1003
On calling fusermount posix_spawn failed: No such file or directory
posix_spawn(p)() for fusermount3 failed: No such file or directory[21:01:53:956] [157939:0002692c] [WARN][com.freerdp.channels.drdynvc.client] - [check_open_close_receive]: {Microsoft::Windows::RDS::DisplayControl:2} OnOpen=(nil), OnClose=0x7f78cd315190
[21:02:04:189] [157939:000268f5] [WARN][com.freerdp.client.x11] - [load_map_from_xkbfile]:     : keycode: 0x08 -> no RDP scancode found
[21:02:04:189] [157939:000268f5] [WARN][com.freerdp.client.x11] - [load_map_from_xkbfile]:     : keycode: 0x5d -> no RDP scancode found
[21:02:14:387] [157939:000268f3] [ERROR][com.freerdp.utils.signal] - [term_handler]: Caught signal 'Terminated' [15]
[21:02:14:387] [157939:000268f3] [ERROR][com.freerdp.core] - [freerdp_abort_connect_context]: ERRCONNECT_CONNECT_CANCELLED [0x0002000B]
[21:02:14:389] [157939:0002692c] [WARN][com.freerdp.channels.drdynvc.client] - [check_open_close_receive]: {Microsoft::Windows::RDS::DisplayControl:2} OnOpen=(nil), OnClose=0x7f78cd315190
[21:01:52:969] [157939:000268f5] [INFO][com.freerdp.gdi] - [gdi_init_ex]: Local framebuffer format  PIXEL_FORMAT_BGRX32
[21:01:52:969] [157939:000268f5] [INFO][com.freerdp.gdi] - [gdi_init_ex]: Remote framebuffer format PIXEL_FORMAT_BGRA32
[21:01:52:972] [157939:000268f5] [INFO][com.freerdp.channels.rdpsnd.client] - [rdpsnd_load_device_plugin]: [static] Loaded fake backend for rdpsnd
[21:01:52:972] [157939:000268f5] [INFO][com.freerdp.channels.drdynvc.client] - [dvcman_load_addin]: Loading Dynamic Virtual Channel ainput
[21:01:52:972] [157939:000268f5] [INFO][com.freerdp.channels.drdynvc.client] - [dvcman_load_addin]: Loading Dynamic Virtual Channel rdpgfx
[21:01:52:972] [157939:000268f5] [INFO][com.freerdp.channels.drdynvc.client] - [dvcman_load_addin]: Loading Dynamic Virtual Channel disp
[21:01:52:972] [157939:000268f5] [INFO][com.freerdp.channels.drdynvc.client] - [dvcman_load_addin]: Loading Dynamic Virtual Channel rdpsnd
[21:01:53:955] [157939:0002692c] [INFO][com.freerdp.channels.rdpsnd.client] - [rdpsnd_load_device_plugin]: [dynamic] Loaded fake backend for rdpsnd
[21:02:14:387] [157939:000268f3] [INFO][com.freerdp.core] - [sig_abort_connect]: Signal Terminated [15], terminating session 0x557a17816230
[21:02:14:387] [157939:000268f5] [INFO][com.freerdp.client.common] - [client_auto_reconnect_ex]: Network disconnect!
