== controllo-desktop-fermo: 1920x1080, BGRx, tetto dichiarato 60 fps, memoria ==
  monitor virtuale 1920x1080 montato, nodo PipeWire 46
  formato negoziato: 1920x1080 BGRx, modificatore 0x0
  flusso attivo
  fotogrammi 0 in 0.00 s  →  0.00 al secondo
  buffer: MemFd, 4 distinti, stride 7680
  danno: pieno 3, parziale 3, assente 0
  salti di sequenza 0, disegno non finito 0
  intervalli ms: min 0.0  mediana 0.0  p95 0.0  max 0.0
== tetto-1920x1080-memoria-60: 1920x1080, BGRx, tetto dichiarato 60 fps, memoria ==
  monitor virtuale 1920x1080 montato, nodo PipeWire 46
  formato negoziato: 1920x1080 BGRx, modificatore 0x0
  flusso attivo
  fotogrammi 510 in 14.98 s  →  33.98 al secondo
  buffer: MemFd, 4 distinti, stride 7680
  danno: pieno 4, parziale 665, assente 0
  salti di sequenza 0, disegno non finito 0
  intervalli ms: min 16.0  mediana 33.3  p95 33.6  max 33.8
== tetto-1920x1080-dmabuf-60: 1920x1080, BGRx, tetto dichiarato 60 fps, DMA-BUF ==
  monitor virtuale 1920x1080 montato, nodo PipeWire 46
  formato negoziato: 1920x1080 BGRx, modificatore 0x0
  formato negoziato: 1920x1080 BGRx, modificatore 0x0
  flusso attivo
  fotogrammi 550 in 15.02 s  →  36.56 al secondo
  buffer: DMA-BUF, 4 distinti, stride 7680
  danno: pieno 5, parziale 721, assente 0
  salti di sequenza 0, disegno non finito 726
  intervalli ms: min 16.2  mediana 33.3  p95 33.5  max 48.6
== tetto-2560x1440-memoria-60: 2560x1440, BGRx, tetto dichiarato 60 fps, memoria ==
  monitor virtuale 2560x1440 montato, nodo PipeWire 46
  formato negoziato: 2560x1440 BGRx, modificatore 0x0
  flusso attivo
  fotogrammi 470 in 14.99 s  →  31.28 al secondo
  buffer: MemFd, 4 distinti, stride 10240
  danno: pieno 5, parziale 610, assente 0
  salti di sequenza 0, disegno non finito 0
  intervalli ms: min 10.1  mediana 33.3  p95 33.6  max 40.9
== tetto-2560x1440-dmabuf-60: 2560x1440, BGRx, tetto dichiarato 60 fps, DMA-BUF ==
  monitor virtuale 2560x1440 montato, nodo PipeWire 46
  formato negoziato: 2560x1440 BGRx, modificatore 0x0
  formato negoziato: 2560x1440 BGRx, modificatore 0x0
  flusso attivo
  fotogrammi 550 in 15.02 s  →  36.56 al secondo
  buffer: DMA-BUF, 4 distinti, stride 10240
  danno: pieno 5, parziale 721, assente 0
  salti di sequenza 0, disegno non finito 726
  intervalli ms: min 16.3  mediana 33.3  p95 33.5  max 47.8
== tetto-3840x2160-memoria-60: 3840x2160, BGRx, tetto dichiarato 60 fps, memoria ==
  monitor virtuale 3840x2160 montato, nodo PipeWire 46
  formato negoziato: 3840x2160 BGRx, modificatore 0x0
  flusso attivo
  fotogrammi 639 in 15.00 s  →  42.52 al secondo
  buffer: MemFd, 4 distinti, stride 15360
  danno: pieno 6, parziale 830, assente 0
  salti di sequenza 0, disegno non finito 0
  intervalli ms: min 13.9  mediana 17.6  p95 39.0  max 43.1
== tetto-3840x2160-dmabuf-60: 3840x2160, BGRx, tetto dichiarato 60 fps, DMA-BUF ==
  monitor virtuale 3840x2160 montato, nodo PipeWire 46
  formato negoziato: 3840x2160 BGRx, modificatore 0x0
  formato negoziato: 3840x2160 BGRx, modificatore 0x0
  flusso attivo
  fotogrammi 573 in 14.98 s  →  38.17 al secondo
  buffer: DMA-BUF, 4 distinti, stride 15360
  danno: pieno 7, parziale 748, assente 0
  salti di sequenza 0, disegno non finito 755
  intervalli ms: min 16.2  mediana 33.2  p95 33.6  max 54.7
== dichiarato-1920x1080-dmabuf-30: 1920x1080, BGRx, tetto dichiarato 30 fps, DMA-BUF ==
  monitor virtuale 1920x1080 montato, nodo PipeWire 46
  formato negoziato: 1920x1080 BGRx, modificatore 0x0
  formato negoziato: 1920x1080 BGRx, modificatore 0x0
  flusso attivo
  fotogrammi 276 in 14.97 s  →  18.37 al secondo
  buffer: DMA-BUF, 4 distinti, stride 7680
  danno: pieno 5, parziale 355, assente 0
  salti di sequenza 0, disegno non finito 360
  intervalli ms: min 33.1  mediana 66.6  p95 66.8  max 67.2
== dichiarato-1920x1080-dmabuf-60: 1920x1080, BGRx, tetto dichiarato 60 fps, DMA-BUF ==
  monitor virtuale 1920x1080 montato, nodo PipeWire 46
  formato negoziato: 1920x1080 BGRx, modificatore 0x0
  formato negoziato: 1920x1080 BGRx, modificatore 0x0
  flusso attivo
  fotogrammi 556 in 15.00 s  →  37.00 al secondo
  buffer: DMA-BUF, 4 distinti, stride 7680
  danno: pieno 5, parziale 718, assente 0
  salti di sequenza 0, disegno non finito 723
  intervalli ms: min 16.3  mediana 33.3  p95 33.5  max 33.7
== dichiarato-1920x1080-dmabuf-120: 1920x1080, BGRx, tetto dichiarato 120 fps, DMA-BUF ==
  monitor virtuale 1920x1080 montato, nodo PipeWire 46
  formato negoziato: 1920x1080 BGRx, modificatore 0x0
  formato negoziato: 1920x1080 BGRx, modificatore 0x0
  flusso attivo
  fotogrammi 553 in 15.02 s  →  36.76 al secondo
  buffer: DMA-BUF, 4 distinti, stride 7680
  danno: pieno 5, parziale 723, assente 0
  salti di sequenza 0, disegno non finito 728
  intervalli ms: min 16.4  mediana 33.3  p95 33.5  max 33.7
== dichiarato-3840x2160-dmabuf-30: 3840x2160, BGRx, tetto dichiarato 30 fps, DMA-BUF ==
  monitor virtuale 3840x2160 montato, nodo PipeWire 46
  formato negoziato: 3840x2160 BGRx, modificatore 0x0
  formato negoziato: 3840x2160 BGRx, modificatore 0x0
  flusso attivo
  fotogrammi 272 in 14.93 s  →  18.15 al secondo
  buffer: DMA-BUF, 4 distinti, stride 15360
  danno: pieno 5, parziale 351, assente 0
  salti di sequenza 0, disegno non finito 356
  intervalli ms: min 33.1  mediana 66.6  p95 66.8  max 67.0
== dichiarato-3840x2160-dmabuf-60: 3840x2160, BGRx, tetto dichiarato 60 fps, DMA-BUF ==
  monitor virtuale 3840x2160 montato, nodo PipeWire 46
  formato negoziato: 3840x2160 BGRx, modificatore 0x0
  formato negoziato: 3840x2160 BGRx, modificatore 0x0
  flusso attivo
  fotogrammi 549 in 15.01 s  →  36.51 al secondo
  buffer: DMA-BUF, 4 distinti, stride 15360
  danno: pieno 5, parziale 714, assente 0
  salti di sequenza 0, disegno non finito 719
  intervalli ms: min 16.2  mediana 33.3  p95 33.6  max 41.9
== dichiarato-3840x2160-dmabuf-120: 3840x2160, BGRx, tetto dichiarato 120 fps, DMA-BUF ==
  monitor virtuale 3840x2160 montato, nodo PipeWire 46
  formato negoziato: 3840x2160 BGRx, modificatore 0x0
  formato negoziato: 3840x2160 BGRx, modificatore 0x0
  flusso attivo
  fotogrammi 555 in 14.98 s  →  36.98 al secondo
  buffer: DMA-BUF, 4 distinti, stride 15360
  danno: pieno 5, parziale 721, assente 0
  salti di sequenza 0, disegno non finito 726
  intervalli ms: min 16.3  mediana 33.3  p95 33.6  max 47.3
== colore-1920x1080-memoria-bgra: 1920x1080, BGRA, tetto dichiarato 60 fps, memoria ==
  monitor virtuale 1920x1080 montato, nodo PipeWire 46
  formato negoziato: 1920x1080 BGRA, modificatore 0x0
  flusso attivo
  fotogrammi 499 in 14.98 s  →  33.24 al secondo
  buffer: MemFd, 4 distinti, stride 7680
  danno: pieno 5, parziale 654, assente 0
  salti di sequenza 0, disegno non finito 0
  intervalli ms: min 16.4  mediana 33.3  p95 33.6  max 33.9
== colore-1920x1080-dmabuf-bgra: 1920x1080, BGRA, tetto dichiarato 60 fps, DMA-BUF ==
  monitor virtuale 1920x1080 montato, nodo PipeWire 46
  formato negoziato: 1920x1080 BGRA, modificatore 0x0
  formato negoziato: 1920x1080 BGRA, modificatore 0x0
  flusso attivo
  fotogrammi 543 in 15.02 s  →  36.09 al secondo
  buffer: DMA-BUF, 4 distinti, stride 7680
  danno: pieno 5, parziale 710, assente 0
  salti di sequenza 0, disegno non finito 715
  intervalli ms: min 16.3  mediana 33.3  p95 33.5  max 35.2
== video-1920x1080-memoria-60: 1920x1080, BGRx, tetto dichiarato 60 fps, memoria ==
  monitor virtuale 1920x1080 montato, nodo PipeWire 46
  formato negoziato: 1920x1080 BGRx, modificatore 0x0
  flusso attivo
  fotogrammi 514 in 14.98 s  →  34.25 al secondo
  buffer: MemFd, 4 distinti, stride 7680
  danno: pieno 655, parziale 4, assente 0
  salti di sequenza 0, disegno non finito 0
  intervalli ms: min 12.1  mediana 33.1  p95 34.3  max 38.0
== video-1920x1080-dmabuf-60: 1920x1080, BGRx, tetto dichiarato 60 fps, DMA-BUF ==
  monitor virtuale 1920x1080 montato, nodo PipeWire 46
  formato negoziato: 1920x1080 BGRx, modificatore 0x0
  formato negoziato: 1920x1080 BGRx, modificatore 0x0
  flusso attivo
  fotogrammi 598 in 15.00 s  →  39.80 al secondo
  buffer: DMA-BUF, 4 distinti, stride 7680
  danno: pieno 758, parziale 3, assente 0
  salti di sequenza 0, disegno non finito 761
  intervalli ms: min 16.4  mediana 32.9  p95 33.4  max 36.3
== video-2560x1440-memoria-60: 2560x1440, BGRx, tetto dichiarato 60 fps, memoria ==
  monitor virtuale 2560x1440 montato, nodo PipeWire 46
  formato negoziato: 2560x1440 BGRx, modificatore 0x0
  flusso attivo
  fotogrammi 527 in 14.98 s  →  35.12 al secondo
  buffer: MemFd, 4 distinti, stride 10240
  danno: pieno 691, parziale 6, assente 0
  salti di sequenza 0, disegno non finito 0
  intervalli ms: min 14.0  mediana 33.2  p95 35.3  max 37.3
== video-2560x1440-dmabuf-60: 2560x1440, BGRx, tetto dichiarato 60 fps, DMA-BUF ==
  monitor virtuale 2560x1440 montato, nodo PipeWire 46
  formato negoziato: 2560x1440 BGRx, modificatore 0x0
  formato negoziato: 2560x1440 BGRx, modificatore 0x0
  flusso attivo
  fotogrammi 581 in 14.98 s  →  38.72 al secondo
  buffer: DMA-BUF, 4 distinti, stride 10240
  danno: pieno 756, parziale 3, assente 0
  salti di sequenza 0, disegno non finito 759
  intervalli ms: min 16.5  mediana 33.1  p95 33.4  max 33.8
== video-3840x2160-memoria-60: 3840x2160, BGRx, tetto dichiarato 60 fps, memoria ==
  monitor virtuale 3840x2160 montato, nodo PipeWire 46
  formato negoziato: 3840x2160 BGRx, modificatore 0x0
  flusso attivo
  fotogrammi 733 in 14.99 s  →  48.84 al secondo
  buffer: MemFd, 4 distinti, stride 15360
  danno: pieno 944, parziale 5, assente 0
  salti di sequenza 0, disegno non finito 0
  intervalli ms: min 9.9  mediana 21.0  p95 30.5  max 34.5
== video-3840x2160-dmabuf-60: 3840x2160, BGRx, tetto dichiarato 60 fps, DMA-BUF ==
  monitor virtuale 3840x2160 montato, nodo PipeWire 46
  formato negoziato: 3840x2160 BGRx, modificatore 0x0
  formato negoziato: 3840x2160 BGRx, modificatore 0x0
  flusso attivo
  fotogrammi 819 in 14.99 s  →  54.55 al secondo
  buffer: DMA-BUF, 4 distinti, stride 15360
  danno: pieno 1056, parziale 4, assente 0
  salti di sequenza 0, disegno non finito 1060
  intervalli ms: min 17.6  mediana 18.0  p95 21.6  max 28.3
== carico-1920x1080-dmabuf-60: 1920x1080, BGRx, tetto dichiarato 60 fps, DMA-BUF ==
  monitor virtuale 1920x1080 montato, nodo PipeWire 46
  formato negoziato: 1920x1080 BGRx, modificatore 0x0
  formato negoziato: 1920x1080 BGRx, modificatore 0x0
  flusso attivo
  fotogrammi 596 in 15.03 s  →  39.58 al secondo
  buffer: DMA-BUF, 4 distinti, stride 7680
  danno: pieno 780, parziale 4, assente 0
  salti di sequenza 0, disegno non finito 784
  intervalli ms: min 16.6  mediana 33.1  p95 33.4  max 33.8
== carico-3840x2160-dmabuf-60: 3840x2160, BGRx, tetto dichiarato 60 fps, DMA-BUF ==
  monitor virtuale 3840x2160 montato, nodo PipeWire 46
  formato negoziato: 3840x2160 BGRx, modificatore 0x0
  formato negoziato: 3840x2160 BGRx, modificatore 0x0
  flusso attivo
  fotogrammi 606 in 15.03 s  →  40.24 al secondo
  buffer: DMA-BUF, 4 distinti, stride 15360
  danno: pieno 789, parziale 3, assente 0
  salti di sequenza 0, disegno non finito 792
  intervalli ms: min 16.3  mediana 17.2  p95 33.4  max 34.2
