[23:40:17] ⭐ SALITA intel-c-3k-lxqt · lxqt · 3k (3200x1800) · gradini 1,4,8,12,16 · 10 min (ultimo 30) · tetto 17
[23:40:17]    scheda della scatola: intel · browser-cliente sulla Intel
[23:40:17]    commit del prodotto: 678a2da
[23:40:17]    kernel 7.0 · Intel UHD 770 (i5-13500T) [i915] + AMD Radeon RX 6800 [amdgpu] · binario 28a947f5 · pagina fb9a18f3 · banchi 678a2da+modifiche
[23:40:19]    scatola accendi: codice 0 in 2 s ·   OK  dentro ci sono solo i nodi della Intel: card0 renderD128
[23:40:20]    scatola prodotto: codice 0 in 1 s ·   OK  la catena PAM del prodotto e installata
[23:40:21]    scatola server: codice 0 in 1 s ·       righe rosse nel registro di avvio: 7
[23:40:21]    ⭐ scheda della scatola: Intel UHD 770 (i5-13500T) [i915] 0000:00:02.0 = renderD128 dentro
[23:40:21]    ⭐ tetto delle sessioni in vigore: 17
[23:40:22]    scatola: binario 28a947f5 · pagina fb9a18f3 · --tetto-sessioni 17 -- --journal ; · dri card0,renderD128 · VA Driver version: Intel iHD driver for Intel(R) Gen Graphics - 25.2.3 ()
[23:40:22] ══ livello-01: 1 utenti, 10 min (gradino) ══
[23:40:23]    + utente 01 (pid 2123781, wayland-1, seme 1601, porte 9910)
[23:40:33]      utente 01 nato in 10.0 s
[23:40:33]    tutti dentro (11 s dopo l'inizio del livello): lavoro fino alle 23:50:33
[23:48:03]    SIGUSR1 a 1 attori (foto piena), 30 s prima della finestra
[23:48:04]    foto scritte: 1/1 in 1 s
[23:48:33]    controllo corto: firefox su wayland-0
[23:49:39]    controllo corto: PASS (codice 0)
[23:50:34]    ▶ livello-01: GREEN — 2 GREEN · 0 DEGRADED · 0 FAIL
[23:50:34] ══ livello-04: 4 utenti, 10 min (gradino) ══
[23:50:36]    + utente 02 (pid 2134264, wayland-2, seme 1602, porte 9920)
[23:50:47]      utente 02 nato in 11.0 s
[23:50:47]    + utente 03 (pid 2135078, wayland-3, seme 1603, porte 9930)
[23:50:55]      utente 03 nato in 8.5 s
[23:50:55]    + utente 04 (pid 2136082, wayland-4, seme 1604, porte 9940)
[23:51:07]      utente 04 nato in 12.0 s
[23:51:07]    tutti dentro (33 s dopo l'inizio del livello): lavoro fino alle 00:01:07
[23:58:37]    SIGUSR1 a 4 attori (foto piena), 30 s prima della finestra
[23:58:38]    foto scritte: 4/4 in 1 s
[23:59:07]    controllo corto: chrome su wayland-0
[00:00:17]    controllo corto: PASS (codice 0)
[00:01:10]    ▶ livello-04: GREEN — 5 GREEN · 0 DEGRADED · 0 FAIL
[00:01:10] ══ livello-08: 8 utenti, 10 min (gradino) ══
[00:01:12]    + utente 05 (pid 2164385, wayland-5, seme 1605, porte 9950)
[00:01:22]      utente 05 nato in 10.5 s
[00:01:22]    + utente 06 (pid 2165767, wayland-6, seme 1606, porte 9960)
[00:01:33]      utente 06 nato in 11.0 s
[00:01:33]    + utente 07 (pid 2167559, wayland-7, seme 1607, porte 9970)
[00:01:42]      utente 07 nato in 9.0 s
[00:01:42]    + utente 08 (pid 2168815, wayland-8, seme 1608, porte 9980)
[00:01:55]      utente 08 nato in 12.5 s
[00:01:55]    tutti dentro (45 s dopo l'inizio del livello): lavoro fino alle 00:11:55
[00:09:25]    SIGUSR1 a 8 attori (foto piena), 30 s prima della finestra
[00:09:27]    foto scritte: 8/8 in 2 s
[00:09:55]    controllo corto: firefox su wayland-0
[00:11:04]    controllo corto: PASS (codice 0)
[00:12:01]    ▶ livello-08: DEGRADED — 8 GREEN · 1 DEGRADED · 0 FAIL · DEGRADED non significativo
[00:12:01] ══ livello-12: 12 utenti, 10 min (gradino) ══
[00:12:02]    + utente 09 (pid 2217333, wayland-9, seme 1609, porte 9990)
[00:12:13]      utente 09 nato in 10.5 s
[00:12:13]    + utente 10 (pid 2218806, wayland-10, seme 1610, porte 10000)
[00:12:24]      utente 10 nato in 11.0 s
[00:12:24]    + utente 11 (pid 2220979, wayland-11, seme 1611, porte 10010)
[00:12:32]      utente 11 nato in 8.5 s
[00:12:32]    + utente 12 (pid 2222477, wayland-12, seme 1612, porte 10020)
[00:12:46]      utente 12 nato in 14.0 s
[00:12:46]    tutti dentro (46 s dopo l'inizio del livello): lavoro fino alle 00:22:46
[00:20:16]    SIGUSR1 a 12 attori (foto piena), 30 s prima della finestra
[00:20:19]    foto scritte: 12/12 in 3 s
[00:20:46]    controllo corto: chrome su wayland-0
[00:22:00]    controllo corto: PASS (codice 0)
[00:22:54]    ▶ livello-12: DEGRADED — 10 GREEN · 3 DEGRADED · 0 FAIL · DEGRADED non significativo
[00:22:54] ══ livello-16: 16 utenti, 30 min (gradino) ══
[00:22:55]    + utente 13 (pid 2290359, wayland-13, seme 1613, porte 10030)
[00:23:06]      utente 13 nato in 11.0 s
[00:23:06]    + utente 14 (pid 2292122, wayland-14, seme 1614, porte 10040)
[00:23:17]      utente 14 nato in 11.0 s
[00:23:17]    + utente 15 (pid 2294779, wayland-15, seme 1615, porte 10050)
[00:23:26]      utente 15 nato in 9.0 s
[00:23:26]    + utente 16 (pid 2296485, wayland-16, seme 1616, porte 10060)
[00:23:40]      utente 16 nato in 14.0 s
[00:23:40]    tutti dentro (47 s dopo l'inizio del livello): lavoro fino alle 00:53:40
[00:51:10]    SIGUSR1 a 16 attori (foto piena), 30 s prima della finestra
[00:51:12]    foto scritte: 16/16 in 2 s
[00:51:40]    controllo corto: firefox su wayland-0
[00:53:20]    controllo corto: BLOCKED (codice 3)
[00:54:01]    ▶ livello-16: FAIL (significativo) — 12 GREEN · 4 DEGRADED · 1 FAIL · livello: DEGRADED memoria_sessioni: 6.534 — PSS 3768 → 4014 MB in 1619 s di lavoro (00:24:40–00:51:39); seconda meta' +21.2 %/ora, +184 MB su +246 e CONTINUA a salire 
[00:54:01] ⚠ 16 utenti: FAIL — si RIPETE nelle stesse condizioni (§14), da scatola pulita
[00:54:01]    fermo 16 attori (SIGTERM: sgomberano da se')
[00:54:09]    scatola accendi: codice 0 in 2 s ·   OK  dentro ci sono solo i nodi della Intel: card0 renderD128
[00:54:10]    scatola prodotto: codice 0 in 1 s ·   OK  la catena PAM del prodotto e installata
[00:54:11]    scatola server: codice 0 in 1 s ·       righe rosse nel registro di avvio: 7
[00:54:11]    ⭐ scheda della scatola: Intel UHD 770 (i5-13500T) [i915] 0000:00:02.0 = renderD128 dentro
[00:54:11]    ⭐ tetto delle sessioni in vigore: 17
[00:54:11]    scatola: binario 28a947f5 · pagina fb9a18f3 · --tetto-sessioni 17 -- --journal ; · dri card0,renderD128 · VA Driver version: Intel iHD driver for Intel(R) Gen Graphics - 25.2.3 ()
[00:54:11] ══ livello-16-ripetizione: 16 utenti, 30 min (ripetizione) ══
[00:54:12]    + utente 01 (pid 2542687, wayland-1, seme 1601, porte 9910)
[00:54:21]      utente 01 nato in 9.5 s
[00:54:21]    + utente 02 (pid 2543706, wayland-2, seme 1602, porte 9920)
[00:54:32]      utente 02 nato in 10.5 s
[00:54:32]    + utente 03 (pid 2545106, wayland-3, seme 1603, porte 9930)
[00:54:40]      utente 03 nato in 8.0 s
[00:54:40]    + utente 04 (pid 2546148, wayland-4, seme 1604, porte 9940)
[00:54:52]      utente 04 nato in 12.0 s
[00:54:52]    + utente 05 (pid 2547603, wayland-5, seme 1605, porte 9950)
[00:55:01]      utente 05 nato in 9.5 s
[00:55:01]    + utente 06 (pid 2549717, wayland-6, seme 1606, porte 9960)
[00:55:12]      utente 06 nato in 11.0 s
[00:55:12]    + utente 07 (pid 2551538, wayland-7, seme 1607, porte 9970)
[00:55:21]      utente 07 nato in 9.0 s
[00:55:21]    + utente 08 (pid 2552921, wayland-8, seme 1608, porte 9980)
[00:55:35]      utente 08 nato in 14.0 s
[00:55:35]    + utente 09 (pid 2554794, wayland-9, seme 1609, porte 9990)
[00:55:47]      utente 09 nato in 11.5 s
[00:55:47]    + utente 10 (pid 2557367, wayland-10, seme 1610, porte 10000)
[00:55:58]      utente 10 nato in 11.0 s
[00:55:58]    + utente 11 (pid 2559888, wayland-11, seme 1611, porte 10010)
[00:56:07]      utente 11 nato in 9.5 s
[00:56:07]    + utente 12 (pid 2561906, wayland-12, seme 1612, porte 10020)
[00:56:21]      utente 12 nato in 14.0 s
[00:56:21]    + utente 13 (pid 2564175, wayland-13, seme 1613, porte 10030)
[00:56:32]      utente 13 nato in 11.0 s
[00:56:32]    + utente 14 (pid 2567314, wayland-14, seme 1614, porte 10040)
[00:56:43]      utente 14 nato in 11.0 s
[00:56:43]    + utente 15 (pid 2569749, wayland-15, seme 1615, porte 10050)
[00:56:53]      utente 15 nato in 9.5 s
[00:56:53]    + utente 16 (pid 2572010, wayland-16, seme 1616, porte 10060)
[00:57:06]      utente 16 nato in 13.5 s
[00:57:06]    tutti dentro (175 s dopo l'inizio del livello): lavoro fino alle 01:27:06
[01:24:36]    SIGUSR1 a 16 attori (foto piena), 30 s prima della finestra
[01:24:38]    foto scritte: 16/16 in 2 s
[01:25:06]    controllo corto: chrome su wayland-0
[01:26:47]    controllo corto: BLOCKED (codice 3)
[01:27:26]    ▶ livello-16-ripetizione: FAIL (significativo) — 12 GREEN · 4 DEGRADED · 1 FAIL
[01:27:26] ⛔ confermato: 16 utenti FAIL due volte
[01:27:26] 🔎 ricerca a meta' fra 12 (buono) e 16 (rotto): 14 utenti
[01:27:26]    fermo 16 attori (SIGTERM: sgomberano da se')
[01:27:35]    scatola accendi: codice 0 in 3 s ·   OK  dentro ci sono solo i nodi della Intel: card0 renderD128
[01:27:36]    scatola prodotto: codice 0 in 1 s ·   OK  la catena PAM del prodotto e installata
[01:27:37]    scatola server: codice 0 in 1 s ·       righe rosse nel registro di avvio: 7
[01:27:37]    ⭐ scheda della scatola: Intel UHD 770 (i5-13500T) [i915] 0000:00:02.0 = renderD128 dentro
[01:27:37]    ⭐ tetto delle sessioni in vigore: 17
[01:27:37]    scatola: binario 28a947f5 · pagina fb9a18f3 · --tetto-sessioni 17 -- --journal ; · dri card0,renderD128 · VA Driver version: Intel iHD driver for Intel(R) Gen Graphics - 25.2.3 ()
[01:27:37] ══ livello-14: 14 utenti, 10 min (ricerca) ══
[01:27:38]    + utente 01 (pid 2821747, wayland-1, seme 1601, porte 9910)
[01:27:48]      utente 01 nato in 10.0 s
[01:27:48]    + utente 02 (pid 2822764, wayland-2, seme 1602, porte 9920)
[01:27:58]      utente 02 nato in 10.5 s
[01:27:58]    + utente 03 (pid 2824164, wayland-3, seme 1603, porte 9930)
[01:28:06]      utente 03 nato in 8.0 s
[01:28:06]    + utente 04 (pid 2825219, wayland-4, seme 1604, porte 9940)
[01:28:18]      utente 04 nato in 12.0 s
[01:28:18]    + utente 05 (pid 2826687, wayland-5, seme 1605, porte 9950)
[01:28:29]      utente 05 nato in 10.5 s
[01:28:29]    + utente 06 (pid 2828795, wayland-6, seme 1606, porte 9960)
[01:28:39]      utente 06 nato in 10.5 s
[01:28:39]    + utente 07 (pid 2830598, wayland-7, seme 1607, porte 9970)
[01:28:48]      utente 07 nato in 8.5 s
[01:28:48]    + utente 08 (pid 2831981, wayland-8, seme 1608, porte 9980)
[01:29:00]      utente 08 nato in 12.5 s
[01:29:00]    + utente 09 (pid 2833794, wayland-9, seme 1609, porte 9990)
[01:29:11]      utente 09 nato in 10.5 s
[01:29:11]    + utente 10 (pid 2836354, wayland-10, seme 1610, porte 10000)
[01:29:21]      utente 10 nato in 10.5 s
[01:29:21]    + utente 11 (pid 2838619, wayland-11, seme 1611, porte 10010)
[01:29:31]      utente 11 nato in 10.0 s
[01:29:31]    + utente 12 (pid 2840721, wayland-12, seme 1612, porte 10020)
[01:29:46]      utente 12 nato in 15.0 s
[01:29:46]    + utente 13 (pid 2843244, wayland-13, seme 1613, porte 10030)
[01:29:57]      utente 13 nato in 11.0 s
[01:29:57]    + utente 14 (pid 2846169, wayland-14, seme 1614, porte 10040)
[01:30:09]      utente 14 nato in 11.5 s
[01:30:09]    tutti dentro (151 s dopo l'inizio del livello): lavoro fino alle 01:40:09
[01:37:39]    SIGUSR1 a 14 attori (foto piena), 30 s prima della finestra
[01:37:42]    foto scritte: 14/14 in 3 s
[01:38:09]    controllo corto: firefox su wayland-0
[01:39:19]    controllo corto: PASS (codice 0)
[01:40:16]    ▶ livello-14: DEGRADED (significativo) — 11 GREEN · 4 DEGRADED · 0 FAIL · ⛔ DEGRADED SIGNIFICATIVO (piu' di un quarto degli attori DEGRADED (4 su 14); oltre meta' fascia o non misurato: utente-11/blocco_max_s): non si sale
[01:40:16] 🔎 ricerca a meta' fra 12 (buono) e 14 (rotto): 13 utenti
[01:40:16]    fermo 14 attori (SIGTERM: sgomberano da se')
[01:40:25]    scatola accendi: codice 0 in 3 s ·   OK  dentro ci sono solo i nodi della Intel: card0 renderD128
[01:40:26]    scatola prodotto: codice 0 in 1 s ·   OK  la catena PAM del prodotto e installata
[01:40:27]    scatola server: codice 0 in 1 s ·       righe rosse nel registro di avvio: 7
[01:40:27]    ⭐ scheda della scatola: Intel UHD 770 (i5-13500T) [i915] 0000:00:02.0 = renderD128 dentro
[01:40:27]    ⭐ tetto delle sessioni in vigore: 17
[01:40:27]    scatola: binario 28a947f5 · pagina fb9a18f3 · --tetto-sessioni 17 -- --journal ; · dri card0,renderD128 · VA Driver version: Intel iHD driver for Intel(R) Gen Graphics - 25.2.3 ()
[01:40:27] ══ livello-13: 13 utenti, 10 min (ricerca) ══
[01:40:28]    + utente 01 (pid 2928443, wayland-1, seme 1601, porte 9910)
[01:40:37]      utente 01 nato in 9.5 s
[01:40:37]    + utente 02 (pid 2929489, wayland-2, seme 1602, porte 9920)
[01:40:48]      utente 02 nato in 10.5 s
[01:40:48]    + utente 03 (pid 2930886, wayland-3, seme 1603, porte 9930)
[01:40:56]      utente 03 nato in 8.0 s
[01:40:56]    + utente 04 (pid 2931937, wayland-4, seme 1604, porte 9940)
[01:41:07]      utente 04 nato in 11.5 s
[01:41:07]    + utente 05 (pid 2933397, wayland-5, seme 1605, porte 9950)
[01:41:17]      utente 05 nato in 10.0 s
[01:41:17]    + utente 06 (pid 2935516, wayland-6, seme 1606, porte 9960)
[01:41:29]      utente 06 nato in 11.5 s
[01:41:29]    + utente 07 (pid 2937324, wayland-7, seme 1607, porte 9970)
[01:41:38]      utente 07 nato in 9.0 s
[01:41:38]    + utente 08 (pid 2938782, wayland-8, seme 1608, porte 9980)
[01:41:52]      utente 08 nato in 14.0 s
[01:41:52]    + utente 09 (pid 2940736, wayland-9, seme 1609, porte 9990)
[01:42:03]      utente 09 nato in 11.5 s
[01:42:03]    + utente 10 (pid 2943342, wayland-10, seme 1610, porte 10000)
[01:42:14]      utente 10 nato in 11.0 s
[01:42:14]    + utente 11 (pid 2945830, wayland-11, seme 1611, porte 10010)
[01:42:25]      utente 11 nato in 10.5 s
[01:42:25]    + utente 12 (pid 2947934, wayland-12, seme 1612, porte 10020)
[01:42:40]      utente 12 nato in 15.0 s
[01:42:40]    + utente 13 (pid 2950242, wayland-13, seme 1613, porte 10030)
[01:42:51]      utente 13 nato in 11.0 s
[01:42:51]    tutti dentro (143 s dopo l'inizio del livello): lavoro fino alle 01:52:51
[01:50:21]    SIGUSR1 a 13 attori (foto piena), 30 s prima della finestra
[01:50:23]    foto scritte: 13/13 in 2 s
[01:50:51]    controllo corto: chrome su wayland-0
[01:52:05]    controllo corto: PASS (codice 0)
[01:52:58]    ▶ livello-13: DEGRADED — 11 GREEN · 3 DEGRADED · 0 FAIL · DEGRADED non significativo
[01:52:58] ⏹ FINE: ultimo livello buono 13 · rottura 14
[01:52:58]    fermo 13 attori (SIGTERM: sgomberano da se')
[01:53:04]    compositori spenti (17)
[01:53:09]    server rimesso col tetto predefinito (codice 0, tetto 10)
[01:53:09] fine · [{"livello": 1, "nome": "livello-01", "tipo": "gradino", "classe": "GREEN", "significativo": false, "dir": "/media/REMOTIX/misure/fase16/intel-c-3k-lxqt/livello-01"}, {"livello": 4, "nome": "livello-04", "tipo": "gradino", "classe": "GREEN", "significativo": false, "dir": "/media/REMOTIX/misure/fase16/intel-c-3k-lxqt/livello-04"}, {"livello": 8, "nome": "livello-08", "tipo": "gradino", "classe": "DEGRADED", "significativo": false, "dir": "/media/REMOTIX/misure/fase16/intel-c-3k-lxqt/livello-08"}, {"livello": 12, "nome": "livello-12", "tipo": "gradino", "classe": "DEGRADED", "significativo": false, "dir": "/media/REMOTIX/misure/fase16/intel-c-3k-lxqt/livello-12"}, {"livello": 16, "nome": "livello-16", "tipo": "gradino", "classe": "FAIL", "significativo": true, "dir": "/media/REMOTIX/misure/fase16/intel-c-3k-lxqt/livello-16"}, {"livello": 16, "nome": "livello-16-ripetizione", "tipo": "ripetizione", "classe": "FAIL", "significativo": true, "dir": "/media/REMOTIX/misure/fase16/intel-c-3k-lxqt/livello-16-ripetizione"}, {"livello": 14, "nome": "livello-14", "tipo": "ricerca", "classe": "DEGRADED", "significativo": true, "dir": "/media/REMOTIX/misure/fase16/intel-c-3k-lxqt/livello-14"}, {"livello": 13, "nome": "livello-13", "tipo": "ricerca", "classe": "DEGRADED", "significativo": false, "dir": "/media/REMOTIX/misure/fase16/intel-c-3k-lxqt/livello-13"}]
