[13:55:31] ⭐ SALITA amd-b-4k-gnome · gnome · 4k (3840x2160) · gradini 1,4,8,12,16 · 10 min (ultimo 30) · tetto 17
[13:55:31]    scheda della scatola: amd · browser-cliente sulla Intel
[13:55:31]    commit del prodotto: 678a2da
[13:55:31]    kernel 7.0 · Intel UHD 770 (i5-13500T) [i915] + AMD Radeon RX 6800 [amdgpu] · binario 28a947f5 · pagina fb9a18f3 · banchi 678a2da+modifiche
[13:55:33]    scatola accendi: codice 0 in 2 s ·   OK  dentro ci sono solo i nodi della Radeon: card0 card1 renderD128 renderD129
[13:55:34]    scatola prodotto: codice 0 in 1 s ·   OK  la catena PAM del prodotto e installata
[13:55:35]    scatola server: codice 0 in 1 s ·       righe rosse nel registro di avvio: 7
[13:55:35]    ⭐ scheda della scatola: AMD Radeon RX 6800 [amdgpu] 0000:03:00.0 = renderD128 dentro
[13:55:35]    ⭐ tetto delle sessioni in vigore: 17
[13:55:36]    scatola: binario 28a947f5 · pagina fb9a18f3 · --tetto-sessioni 17 -- --journal ; · dri card0,card1,renderD128,renderD129 · VA Driver version: Mesa Gallium driver 25.0.7-2+deb13u1 for AMD Radeon RX 6800 (radeonsi, navi21, LLVM 19.1.7, DRM 3.64, 7.0)
[13:55:36] ══ livello-01: 1 utenti, 10 min (gradino) ══
[13:55:36]    + utente 01 (pid 3467145, wayland-5, seme 1601, porte 9910)
[13:55:47]      utente 01 nato in 11.0 s
[13:55:47]    tutti dentro (12 s dopo l'inizio del livello): lavoro fino alle 14:05:47
[14:03:17]    SIGUSR1 a 1 attori (foto piena), 30 s prima della finestra
[14:03:18]    foto scritte: 1/1 in 1 s
[14:03:47]    controllo corto: firefox su wayland-4
[14:04:56]    controllo corto: PASS (codice 0)
[14:05:49]    ▶ livello-01: DEGRADED (significativo) — 1 GREEN · 1 DEGRADED · 0 FAIL · ⛔ DEGRADED SIGNIFICATIVO (piu' di un quarto degli attori DEGRADED (1 su 1)): non si sale
[14:05:49] ⚠ 1 utenti: DEGRADED — si RIPETE nelle stesse condizioni (§14), da scatola pulita
[14:05:49]    fermo 1 attori (SIGTERM: sgomberano da se')
[14:05:54]    scatola accendi: codice 0 in 2 s ·   OK  dentro ci sono solo i nodi della Radeon: card0 card1 renderD128 renderD129
[14:05:55]    scatola prodotto: codice 0 in 1 s ·   OK  la catena PAM del prodotto e installata
[14:05:56]    scatola server: codice 0 in 1 s ·       righe rosse nel registro di avvio: 7
[14:05:56]    ⭐ scheda della scatola: AMD Radeon RX 6800 [amdgpu] 0000:03:00.0 = renderD128 dentro
[14:05:56]    ⭐ tetto delle sessioni in vigore: 17
[14:05:57]    scatola: binario 28a947f5 · pagina fb9a18f3 · --tetto-sessioni 17 -- --journal ; · dri card0,card1,renderD128,renderD129 · VA Driver version: Mesa Gallium driver 25.0.7-2+deb13u1 for AMD Radeon RX 6800 (radeonsi, navi21, LLVM 19.1.7, DRM 3.64, 7.0)
[14:05:57] ══ livello-01-ripetizione: 1 utenti, 10 min (ripetizione) ══
[14:05:57]    + utente 01 (pid 3478913, wayland-5, seme 1601, porte 9910)
[14:06:07]      utente 01 nato in 10.5 s
[14:06:07]    tutti dentro (11 s dopo l'inizio del livello): lavoro fino alle 14:16:07
[14:13:37]    SIGUSR1 a 1 attori (foto piena), 30 s prima della finestra
[14:13:38]    foto scritte: 1/1 in 1 s
[14:14:07]    controllo corto: chrome su wayland-4
[14:15:20]    controllo corto: PASS (codice 0)
[14:16:09]    ▶ livello-01-ripetizione: DEGRADED (significativo) — 1 GREEN · 1 DEGRADED · 0 FAIL · ⛔ DEGRADED SIGNIFICATIVO (piu' di un quarto degli attori DEGRADED (1 su 1)): non si sale
[14:16:09] ⛔ confermato: 1 utenti DEGRADED due volte
[14:16:09] ⏹ FINE: ultimo livello buono 0 · rottura 1
[14:16:09]    fermo 1 attori (SIGTERM: sgomberano da se')
[14:16:12]    compositori spenti (2)
[14:16:14]    server rimesso col tetto predefinito (codice 0, tetto 10)
[14:16:14] fine · [{"livello": 1, "nome": "livello-01", "tipo": "gradino", "classe": "DEGRADED", "significativo": true, "dir": "/media/REMOTIX/misure/fase16/amd-b-4k-gnome/livello-01"}, {"livello": 1, "nome": "livello-01-ripetizione", "tipo": "ripetizione", "classe": "DEGRADED", "significativo": true, "dir": "/media/REMOTIX/misure/fase16/amd-b-4k-gnome/livello-01-ripetizione"}]
