[17:10:19] ⚠ il server NON e' vuoto (--anche-se-non-vuoto, prova dell'impianto): in rete11-xfce ci sono inquilini della fase 16: c16004u4 · 5 processi di browser/attori dei banchi vivi (es. 124311 python3 16-attore.py --scatola xfce --utente 4 --wayland wayland-2 --dir /media/REMOTIX/misure/fase16/prove-attor)
[17:10:19] ⭐ SALITA prova-integrazione-2 · lxqt · 4k (3840x2160) · gradini 1 · 3 min (ultimo 3) · tetto 2 · PROVA (non conta)
[17:10:19]    kernel 7.0 · Intel UHD 770 (i5-13500T) [i915] + AMD Radeon RX 6800 [amdgpu] · binario b1443a0b · pagina c5279e66 · banchi e5a491a+modifiche
[17:10:22]    scatola accendi: codice 0 in 3 s ·   OK  dentro ci sono solo i nodi della Intel: card0 renderD128
[17:10:23]    scatola prodotto: codice 0 in 1 s ·   OK  la catena PAM del prodotto e installata
[17:10:24]    scatola server: codice 0 in 1 s ·       righe rosse nel registro di avvio: 7
[17:10:24]    ⭐ tetto delle sessioni in vigore: 2
[17:10:24]    scatola: binario b1443a0b · pagina c5279e66 · --tetto-sessioni 2 · dri card0,renderD128
[17:10:24] ══ livello-01: 1 utenti, 3 min (gradino) ══
[17:10:25]    + utente 01 (pid 129058, wayland-5, seme 1601, porte 9910)
[17:10:36]      utente 01 nato in 10.5 s
[17:10:36]    tutti dentro (11 s dopo l'inizio del livello): lavoro fino alle 17:13:36
[17:11:36]    SIGUSR1 agli attori (foto piena)
[17:11:36]    controllo corto: firefox su wayland-4
[17:12:44]    controllo corto: PASS (codice 0)
[17:13:38]    ▶ livello-01: DEGRADED (significativo) — 0 GREEN · 1 DEGRADED · 0 FAIL · ⛔ DEGRADED SIGNIFICATIVO (piu' di un quarto delle sessioni DEGRADED): non si sale
[17:13:38] ⚠ 1 utenti: DEGRADED — si RIPETE nelle stesse condizioni (§14), da scatola pulita
[17:13:38]    fermo 1 attori (SIGTERM: sgomberano da se')
[17:13:43]    scatola accendi: codice 0 in 2 s ·   OK  dentro ci sono solo i nodi della Intel: card0 renderD128
[17:13:44]    scatola prodotto: codice 0 in 1 s ·   OK  la catena PAM del prodotto e installata
[17:13:44]    scatola server: codice 0 in 1 s ·       righe rosse nel registro di avvio: 7
[17:13:45]    ⭐ tetto delle sessioni in vigore: 2
[17:13:45]    scatola: binario b1443a0b · pagina c5279e66 · --tetto-sessioni 2 · dri card0,renderD128
[17:13:45] ══ livello-01-ripetizione: 1 utenti, 3 min (ripetizione) ══
[17:13:45]    + utente 01 (pid 139750, wayland-5, seme 1601, porte 9910)
[17:13:55]      utente 01 nato in 9.5 s
[17:13:55]    tutti dentro (10 s dopo l'inizio del livello): lavoro fino alle 17:16:55
[17:14:55]    SIGUSR1 agli attori (foto piena)
[17:14:55]    controllo corto: chrome su wayland-4
[17:16:03]    controllo corto: PASS (codice 0)
[17:16:56]    ▶ livello-01-ripetizione: DEGRADED (significativo) — 0 GREEN · 1 DEGRADED · 0 FAIL · ⛔ DEGRADED SIGNIFICATIVO (piu' di un quarto delle sessioni DEGRADED; oltre meta' fascia o non misurato: utente-01/ritardo_p95_ms): non si sale
[17:16:56] ⛔ confermato: 1 utenti DEGRADED due volte
[17:16:56] ⏹ FINE: ultimo livello buono 0 · rottura 1
[17:16:56]    fermo 1 attori (SIGTERM: sgomberano da se')
[17:16:59]    compositori spenti (2)
[17:17:01]    server rimesso col tetto predefinito (codice 0, tetto 10)
[17:17:01] fine · [{"livello": 1, "nome": "livello-01", "tipo": "gradino", "classe": "DEGRADED", "significativo": true, "dir": "/media/REMOTIX/misure/fase16/prova-integrazione-2/livello-01"}, {"livello": 1, "nome": "livello-01-ripetizione", "tipo": "ripetizione", "classe": "DEGRADED", "significativo": true, "dir": "/media/REMOTIX/misure/fase16/prova-integrazione-2/livello-01-ripetizione"}]
