LIVELLO 16 · amd-b-3k-gnome · finestra 16:18:34–16:20:34 · FAIL
  utente 1   A  firefox  c16001u1       DEGRADED
      DEGRADED ritardo input → fotogramma (p95)         61.11 — p95 dei p95 al secondo di «NOSTRO» (copia → byte fuori, 31 righe del figlio) 52.1 ms + 9 ms d'ingresso (tetto costruttivo: poll di 8 ms)
      GREEN    fotogrammi saltati                       0.0 — 313 consegnati, 313 dipinti (salt 0)
      DEGRADED blocco piu' lungo dell'immagine          1.117 — dall'attore (10 righe)
      GREEN    buchi nella catena del video             0.0 — 0 buchi in 120 s
      GREEN    caduta, riavvio, errore che stacca       nessuna caduta, riavvio o errore che stacca
      GREEN    nascita (accesso → primo fotogramma)     2.762 — accesso → primo fotogramma
  utente 2   B  chrome   c16002u2       DEGRADED
      DEGRADED ritardo input → fotogramma (p95)         77.76 — p95 dei p95 al secondo di «NOSTRO» (copia → byte fuori, 77 righe del figlio) 68.8 ms + 9 ms d'ingresso (tetto costruttivo: poll di 8 ms)
      GREEN    fotogrammi saltati                       0.0 — 811 consegnati, 811 dipinti (salt 0)
      GREEN    blocco piu' lungo dell'immagine          0.068 — dall'attore (15 righe)
      GREEN    buchi nella catena del video             0.0 — 0 buchi in 119 s
      GREEN    caduta, riavvio, errore che stacca       nessuna caduta, riavvio o errore che stacca
      GREEN    nascita (accesso → primo fotogramma)     2.355 — accesso → primo fotogramma
  utente 3   C  firefox  c16003u3       GREEN
      GREEN    ritardo input → fotogramma (p95)         44.13 — p95 dei p95 al secondo di «NOSTRO» (copia → byte fuori, 84 righe del figlio) 35.1 ms + 9 ms d'ingresso (tetto costruttivo: poll di 8 ms)
      GREEN    fotogrammi saltati                       0.0 — 336 consegnati, 336 dipinti (salt 0)
      GREEN    blocco piu' lungo dell'immagine          0.286 — dall'attore (14 righe)
      GREEN    buchi nella catena del video             0.0 — 0 buchi in 125 s
      GREEN    caduta, riavvio, errore che stacca       nessuna caduta, riavvio o errore che stacca
      GREEN    nascita (accesso → primo fotogramma)     2.33 — accesso → primo fotogramma
  utente 4   D  chrome   c16004u4       DEGRADED
      DEGRADED ritardo input → fotogramma (p95)         66.39 — p95 dei p95 al secondo di «NOSTRO» (copia → byte fuori, 119 righe del figlio) 57.4 ms + 9 ms d'ingresso (tetto costruttivo: poll di 8 ms)
      GREEN    fotogrammi saltati                       0.0 — 3620 consegnati, 3620 dipinti (salt 0)
      GREEN    blocco piu' lungo dell'immagine          0.06 — dall'attore (23 righe)
      GREEN    buchi nella catena del video             0.0 — 0 buchi in 121 s
      GREEN    video: dipinti al secondo                0.996 — 29.9 dipinti/s in 121 s di video, f = 30.0
      GREEN    audio udibile                            100.0 — 6250 suonati su 6250 mandati (6250 ricevuti + 0 mancati)
      GREEN    caduta, riavvio, errore che stacca       nessuna caduta, riavvio o errore che stacca
      GREEN    nascita (accesso → primo fotogramma)     2.342 — accesso → primo fotogramma
  utente 5   A  firefox  c16005u5       DEGRADED
      DEGRADED ritardo input → fotogramma (p95)         75.97 — p95 dei p95 al secondo di «NOSTRO» (copia → byte fuori, 44 righe del figlio) 67.0 ms + 9 ms d'ingresso (tetto costruttivo: poll di 8 ms)
      GREEN    fotogrammi saltati                       0.129 — 776 consegnati, 775 dipinti (salt 0)
      GREEN    blocco piu' lungo dell'immagine          0.065 — dall'attore (13 righe)
      GREEN    buchi nella catena del video             0.0 — 0 buchi in 117 s
      GREEN    caduta, riavvio, errore che stacca       nessuna caduta, riavvio o errore che stacca
      GREEN    nascita (accesso → primo fotogramma)     2.293 — accesso → primo fotogramma
  utente 6   B  chrome   c16006u6       DEGRADED
      DEGRADED ritardo input → fotogramma (p95)         62.23 — p95 dei p95 al secondo di «NOSTRO» (copia → byte fuori, 77 righe del figlio) 53.2 ms + 9 ms d'ingresso (tetto costruttivo: poll di 8 ms)
      GREEN    fotogrammi saltati                       0.0 — 1049 consegnati, 1049 dipinti (salt 0)
      GREEN    blocco piu' lungo dell'immagine          0.07 — dall'attore (18 righe)
      GREEN    buchi nella catena del video             0.0 — 0 buchi in 123 s
      GREEN    caduta, riavvio, errore che stacca       nessuna caduta, riavvio o errore che stacca
      GREEN    nascita (accesso → primo fotogramma)     2.339 — accesso → primo fotogramma
  utente 7   C  firefox  c16007u7       DEGRADED
      DEGRADED ritardo input → fotogramma (p95)         57.24 — p95 dei p95 al secondo di «NOSTRO» (copia → byte fuori, 76 righe del figlio) 48.2 ms + 9 ms d'ingresso (tetto costruttivo: poll di 8 ms)
      GREEN    fotogrammi saltati                       0.0 — 264 consegnati, 264 dipinti (salt 0)
      GREEN    blocco piu' lungo dell'immagine          0.577 — dall'attore (13 righe)
      GREEN    buchi nella catena del video             0.0 — 0 buchi in 121 s
      GREEN    caduta, riavvio, errore che stacca       nessuna caduta, riavvio o errore che stacca
      GREEN    nascita (accesso → primo fotogramma)     2.418 — accesso → primo fotogramma
  utente 8   D  chrome   c16008u8       GREEN
      GREEN    ritardo input → fotogramma (p95)         44.83 — p95 dei p95 al secondo di «NOSTRO» (copia → byte fuori, 119 righe del figlio) 35.8 ms + 9 ms d'ingresso (tetto costruttivo: poll di 8 ms)
      GREEN    fotogrammi saltati                       0.0 — 3622 consegnati, 3622 dipinti (salt 0)
      GREEN    blocco piu' lungo dell'immagine          0.08 — dall'attore (23 righe)
      GREEN    buchi nella catena del video             0.0 — 0 buchi in 121 s
      GREEN    video: dipinti al secondo                0.999 — 30.0 dipinti/s in 121 s di video, f = 30.0
      GREEN    audio udibile                            100.0 — 6000 suonati su 6000 mandati (6000 ricevuti + 0 mancati)
      GREEN    caduta, riavvio, errore che stacca       nessuna caduta, riavvio o errore che stacca
      GREEN    nascita (accesso → primo fotogramma)     2.542 — accesso → primo fotogramma
  utente 9   A  firefox  c16009u9       DEGRADED
      DEGRADED ritardo input → fotogramma (p95)         77.69 — p95 dei p95 al secondo di «NOSTRO» (copia → byte fuori, 49 righe del figlio) 68.7 ms + 9 ms d'ingresso (tetto costruttivo: poll di 8 ms)
      GREEN    fotogrammi saltati                       0.0 — 674 consegnati, 674 dipinti (salt 0)
      GREEN    blocco piu' lungo dell'immagine          0.252 — dall'attore (14 righe)
      GREEN    buchi nella catena del video             0.0 — 0 buchi in 121 s
      GREEN    caduta, riavvio, errore che stacca       nessuna caduta, riavvio o errore che stacca
      GREEN    nascita (accesso → primo fotogramma)     2.393 — accesso → primo fotogramma
  utente 10  B  chrome   c16010u10      DEGRADED
      DEGRADED ritardo input → fotogramma (p95)         77.75 — p95 dei p95 al secondo di «NOSTRO» (copia → byte fuori, 79 righe del figlio) 68.8 ms + 9 ms d'ingresso (tetto costruttivo: poll di 8 ms)
      GREEN    fotogrammi saltati                       0.0 — 942 consegnati, 942 dipinti (salt 0)
      GREEN    blocco piu' lungo dell'immagine          0.072 — dall'attore (18 righe)
      GREEN    buchi nella catena del video             0.0 — 0 buchi in 121 s
      GREEN    caduta, riavvio, errore che stacca       nessuna caduta, riavvio o errore che stacca
      GREEN    nascita (accesso → primo fotogramma)     2.34 — accesso → primo fotogramma
  utente 11  C  firefox  c16011u11      GREEN
      GREEN    ritardo input → fotogramma (p95)         45.38 — p95 dei p95 al secondo di «NOSTRO» (copia → byte fuori, 82 righe del figlio) 36.4 ms + 9 ms d'ingresso (tetto costruttivo: poll di 8 ms)
      GREEN    fotogrammi saltati                       0.0 — 299 consegnati, 299 dipinti (salt 0)
      GREEN    blocco piu' lungo dell'immagine          0.121 — dall'attore (15 righe)
      GREEN    buchi nella catena del video             0.0 — 0 buchi in 122 s
      GREEN    caduta, riavvio, errore che stacca       nessuna caduta, riavvio o errore che stacca
      GREEN    nascita (accesso → primo fotogramma)     2.516 — accesso → primo fotogramma
  utente 12  D  chrome   c16012u12      FAIL
      GREEN    ritardo input → fotogramma (p95)         45.93 — p95 dei p95 al secondo di «NOSTRO» (copia → byte fuori, 115 righe del figlio) 36.9 ms + 9 ms d'ingresso (tetto costruttivo: poll di 8 ms)
      GREEN    fotogrammi saltati                       0.0 — 3487 consegnati, 3487 dipinti (salt 0)
      FAIL     blocco piu' lungo dell'immagine          4.6 — dall'attore (23 righe)
      GREEN    buchi nella catena del video             0.0 — 0 buchi in 121 s
      GREEN    video: dipinti al secondo                0.961 — 28.8 dipinti/s in 121 s di video, f = 30.0
      DEGRADED audio udibile                            98.05 — 5883 suonati su 6000 mandati (5883 ricevuti + 117 mancati)
      GREEN    caduta, riavvio, errore che stacca       nessuna caduta, riavvio o errore che stacca
      GREEN    nascita (accesso → primo fotogramma)     2.576 — accesso → primo fotogramma
  utente 13  A  firefox  c16013u13      DEGRADED
      DEGRADED ritardo input → fotogramma (p95)         64.69 — p95 dei p95 al secondo di «NOSTRO» (copia → byte fuori, 39 righe del figlio) 55.7 ms + 9 ms d'ingresso (tetto costruttivo: poll di 8 ms)
      GREEN    fotogrammi saltati                       0.0 — 602 consegnati, 602 dipinti (salt 0)
      GREEN    blocco piu' lungo dell'immagine          0.07 — dall'attore (13 righe)
      GREEN    buchi nella catena del video             0.0 — 0 buchi in 116 s
      GREEN    caduta, riavvio, errore che stacca       nessuna caduta, riavvio o errore che stacca
      GREEN    nascita (accesso → primo fotogramma)     2.619 — accesso → primo fotogramma
  utente 14  B  chrome   c16014u14      DEGRADED
      DEGRADED ritardo input → fotogramma (p95)         69.47 — p95 dei p95 al secondo di «NOSTRO» (copia → byte fuori, 85 righe del figlio) 60.5 ms + 9 ms d'ingresso (tetto costruttivo: poll di 8 ms)
      GREEN    fotogrammi saltati                       0.0 — 871 consegnati, 871 dipinti (salt 0)
      GREEN    blocco piu' lungo dell'immagine          0.839 — dall'attore (18 righe)
      GREEN    buchi nella catena del video             0.0 — 0 buchi in 118 s
      GREEN    caduta, riavvio, errore che stacca       nessuna caduta, riavvio o errore che stacca
      GREEN    nascita (accesso → primo fotogramma)     2.638 — accesso → primo fotogramma
  utente 15  C  firefox  c16015u15      GREEN
      GREEN    ritardo input → fotogramma (p95)         36.68 — p95 dei p95 al secondo di «NOSTRO» (copia → byte fuori, 90 righe del figlio) 27.7 ms + 9 ms d'ingresso (tetto costruttivo: poll di 8 ms)
      GREEN    fotogrammi saltati                       0.0 — 327 consegnati, 327 dipinti (salt 0)
      GREEN    blocco piu' lungo dell'immagine          0.258 — dall'attore (19 righe)
      GREEN    buchi nella catena del video             0.0 — 0 buchi in 119 s
      GREEN    caduta, riavvio, errore che stacca       nessuna caduta, riavvio o errore che stacca
      GREEN    nascita (accesso → primo fotogramma)     2.732 — accesso → primo fotogramma
  utente 16  D  chrome   c16016u16      FAIL
      DEGRADED ritardo input → fotogramma (p95)         70.97 — p95 dei p95 al secondo di «NOSTRO» (copia → byte fuori, 115 righe del figlio) 62.0 ms + 9 ms d'ingresso (tetto costruttivo: poll di 8 ms)
      GREEN    fotogrammi saltati                       0.0 — 3483 consegnati, 3483 dipinti (salt 0)
      FAIL     blocco piu' lungo dell'immagine          4.47 — dall'attore (23 righe)
      GREEN    buchi nella catena del video             0.0 — 0 buchi in 121 s
      GREEN    video: dipinti al secondo                0.959 — 28.8 dipinti/s in 121 s di video, f = 30.0
      DEGRADED audio udibile                            98.2 — 5891 suonati su 5999 mandati (5891 ricevuti + 108 mancati)
      GREEN    caduta, riavvio, errore che stacca       nessuna caduta, riavvio o errore che stacca
      GREEN    nascita (accesso → primo fotogramma)     2.754 — accesso → primo fotogramma
  utente 99  controllo firefox  c16016u99      FAIL
      GREEN    nascita (accesso → primo fotogramma)     3.09 — accesso → primo fotogramma dipinto, a carico pieno (non degenere a 4.39 s)
      FAIL     controllo funzionale corto               FAIL: F-003
  livello  GREEN    memoria_remotix                PSS 890 → 726 MB in 1619 s di lavoro (15:48:32–16:15:31); seconda meta' -7.0 %/ora, -12 MB su -164 · da: inizio del lavoro + 60 s
  livello  GREEN    memoria_sessioni               PSS 6048 → 5403 MB in 1619 s di lavoro (15:48:32–16:15:31); seconda meta' +6.8 %/ora, +82 MB su -645 · da: inizio del lavoro + 60 s
  livello  GREEN    riavvio_server                 il padre remotix e' lo stesso per tutto il livello
  livello  GREEN    entrati                        entrati 16 su 16
  risorse: cpu macchina 32.15 % (media) · mem usata 27829 MB · card0 disegno 77.91%, video 12.31%, video_enhance 0.0% · card1 disegno 10.51%, video 190.79%
{"campagna": "amd-b-3k-gnome", "livello": 16, "desktop": "gnome", "scheda": "AMD Radeon RX 6800", "driver": "amdgpu intel-media-va-driver=25.2.3+dfsg1-1 libgl1-mesa-dri=25.0.7-2+deb13u1 libva2=2.22.0-3 mesa-va-drivers=25.0.7-2+deb13u1", "misura": "3k", "commit": "678a2da", "binario": "28a947f5", "pagina": "fb9a18f3", "nucleo": "7.0", "tetto_sessioni": 17, "inizio": "2026-09-27T15:44:28+00:00", "durata_s": 2166, "finestra": ["16:18:34", "16:20:34"], "fps_video": 30.0, "tipo": "livello", "utenti": 17, "sessioni": {"GREEN": 4, "DEGRADED": 10, "FAIL": 3}, "journal_err": {"righe": 269, "per_inquilino": {"c16001u1": 11, "c16002u2": 8, "c16003u3": 8, "c16004u4": 18, "c16005u5": 15, "c16006u6": 12, "c16007u7": 8, "c16008u8": 15, "c16009u9": 10, "c16010u10": 10, "c16011u11": 8, "c16012u12": 12, "c16013u13": 11, "c16014u14": 8, "c16015u15": 8, "c16016u16": 8, "c16016u99": 11}, "esempi": ["figlio  [c16001u1] ⛔ «/usr/bin/loginctl» non e' andato (stato 1)", "figlio  [c16001u1] ⛔ SENZA PALCO alla nascita: la sessione grafica di «c16001u1» non c'e' (ancora).  ⚠ NON esco — §8.3 vieta di staccare — e NON resto fermo: riprovo, la prima volta fra 1000 ms", "figlio  ⛔ il palco di «c16001u1»: bus ⛔ NO, sessione 5, presa 0, monitor «» (0 prima, 0 dopo), 0x0 stride 0 a 0 bit, 0 flussi in consegna — aspetto la tela del cliente", "figlio  [c16001u1] ⛔⛔ FIFO **NON** OTTENUTO: 3 thread su 3 del percorso audio girano a politica NORMALE (nice peggiore 0), e RLIMIT_RTPRIO = 0 — ⚠ il rlimit dice «puoi CHIEDERLA», non «ce l'hai».  `[M", "figlio  [c16001u1] ⛔ nessun monitor virtuale da catturare: ScreenCast: Mutter non espone RemoteDesktop (la sessione grafica e' avviata?): GDBus.Error:org.freedesktop.DBus.Error.ServiceUnknown: The nam"], "fonte": "/media/REMOTIX/misure/fase16/amd-b-3k-gnome/livello-16-ripetizione/journal-err.jsonl"}, "voci": {"memoria_remotix": {"valore": -18.439, "classe": "GREEN", "significativo": false, "nota": "PSS 890 → 726 MB in 1619 s di lavoro (15:48:32–16:15:31); seconda meta' -7.0 %/ora, -12 MB su -164 · da: inizio del lavoro + 60 s", "continua": false, "pendenza_pct_ora": -7.045, "tratto_s": 1619}, "memoria_sessioni": {"valore": -10.67, "classe": "GREEN", "significativo": false, "nota": "PSS 6048 → 5403 MB in 1619 s di lavoro (15:48:32–16:15:31); seconda meta' +6.8 %/ora, +82 MB su -645 · da: inizio del lavoro + 60 s", "continua": false, "pendenza_pct_ora": 6.85, "tratto_s": 1619}, "riavvio_server": {"valore": 3961456, "classe": "GREEN", "significativo": false, "nota": "il padre remotix e' lo stesso per tutto il livello"}, "entrati": {"valore": 16, "classe": "GREEN", "significativo": false, "nota": "entrati 16 su 16"}}, "risorse": {"campioni": 120, "cpu_macchina_pct": {"media": 32.15, "p95": 39.2, "max": 48.4}, "carico_1m": {"media": 7.59, "p95": 8.76, "max": 8.78}, "mem_usata_mb": {"media": 27187.75, "p95": 27516, "max": 27829}, "mem_totale_mb": 31869, "thread": {"media": 11365.23, "p95": 11411, "max": 11535}, "misuratore_cpu_s": {"media": 0.18, "p95": 0.22, "max": 0.3}, "recinti": {"remotix": {"cpu_core": {"media": 0.46, "p95": 0.56, "max": 0.59}, "pss_mb": {"media": 741.52, "p95": 743.8, "max": 743.8}, "processi": {"media": 18.99, "p95": 19, "max": 19}, "gpu": {"calcolo": {"media": 0.0, "p95": 0.0, "max": 0.0}, "video": {"media": 127.34, "p95": 160.23, "max": 183.71}}}, "sessioni": {"cpu_core": {"media": 2.75, "p95": 3.66, "max": 7.13}, "pss_mb": {"media": 5622.77, "p95": 5718.8, "max": 5721.5}, "processi": {"media": 883.45, "p95": 885, "max": 889}, "gpu": {"calcolo": {"media": 0.06, "p95": 0.18, "max": 0.67}, "disegno": {"media": 10.51, "p95": 13.23, "max": 15.0}, "video": {"media": 63.45, "p95": 74.26, "max": 90.53}}}, "browser": {"cpu_core": {"media": 1.99, "p95": 2.4, "max": 2.76}, "pss_mb": {"media": 5351.41, "p95": 5411.2, "max": 5418.6}, "processi": {"media": 189.91, "p95": 190, "max": 190}, "gpu": {"copia": {"media": 0.0, "p95": 0.0, "max": 0.0}, "disegno": {"media": 61.91, "p95": 76.77, "max": 82.97}, "video": {"media": 12.31, "p95": 15.18, "max": 17.69}, "video_enhance": {"media": 0.0, "p95": 0.0, "max": 0.0}}}, "altro_scatola": {"cpu_core": {"media": 0.04, "p95": 0.07, "max": 0.15}, "pss_mb": {"media": 237.16, "p95": 242.9, "max": 243.9}, "processi": {"media": 31.58, "p95": 33, "max": 33}, "gpu": {}}, "labwc_cliente": {"cpu_core": {"media": 0.1, "p95": 0.14, "max": 0.15}, "pss_mb": {"media": 102.92, "p95": 103.1, "max": 103.3}, "processi": {"media": 21.0, "p95": 21, "max": 21}, "gpu": {"copia": {"media": 0.0, "p95": 0.0, "max": 0.0}, "disegno": {"media": 15.99, "p95": 19.5, "max": 20.51}, "video": {"media": 0.0, "p95": 0.0, "max": 0.0}, "video_enhance": {"media": 0.0, "p95": 0.0, "max": 0.0}}}}, "gpu": {"0000:00:02.0": {"scheda": "card0", "driver": "i915", "copia": {"media": 0.0, "p95": 0.0, "max": 0.0}, "disegno": {"media": 77.91, "p95": 95.96, "max": 102.51}, "video": {"media": 12.31, "p95": 15.18, "max": 17.69}, "video_enhance": {"media": 0.0, "p95": 0.0, "max": 0.0}, "freq_att_mhz": {"media": 1213.33, "p95": 1550.0, "max": 1550.0}, "freq_mhz": {"media": 1511.27, "p95": 1550.0, "max": 1550.0}, "temp_c": {"media": 55.41, "p95": 58.0, "max": 59.0}, "potenza_w": {"media": 5.06, "p95": 6.4, "max": 7.04}, "vram_usata_mb": null, "occupata_pct": null, "strozzatura_frazione": {"pl4": 0.26}}, "0000:03:00.0": {"scheda": "card1", "driver": "amdgpu", "calcolo": {"media": 0.06, "p95": 0.18, "max": 0.67}, "disegno": {"media": 10.51, "p95": 13.23, "max": 15.0}, "video": {"media": 190.79, "p95": 234.49, "max": 257.87}, "freq_att_mhz": {"media": 1389.17, "p95": 1600.0, "max": 1600.0}, "freq_mhz": {"media": 243.76, "p95": 794.0, "max": 895.0}, "temp_c": {"media": 58.83, "p95": 65.0, "max": 65.0}, "potenza_w": {"media": 55.61, "p95": 60.0, "max": 62.0}, "vram_usata_mb": {"media": 12220.6, "p95": 12253.2, "max": 12402.8}, "occupata_pct": {"media": 10.73, "p95": 18.0, "max": 26.0}, "strozzatura_frazione": {}}}, "avvisi": ["⚠ PSS illeggibile per 1 processi (non si e' root?)"]}, "classe": "FAIL", "significativo": true, "ragione": "4 GREEN · 10 DEGRADED · 3 FAIL", "evidenze": ["/media/REMOTIX/misure/fase16/amd-b-3k-gnome/livello-16-ripetizione"]}
{"campagna": "amd-b-3k-gnome", "livello": 16, "desktop": "gnome", "scheda": "AMD Radeon RX 6800", "driver": "amdgpu intel-media-va-driver=25.2.3+dfsg1-1 libgl1-mesa-dri=25.0.7-2+deb13u1 libva2=2.22.0-3 mesa-va-drivers=25.0.7-2+deb13u1", "misura": "3k", "commit": "678a2da", "binario": "28a947f5", "pagina": "fb9a18f3", "nucleo": "7.0", "tetto_sessioni": 17, "inizio": "2026-09-27T15:44:28+00:00", "durata_s": 2166, "finestra": ["16:18:34", "16:20:34"], "fps_video": 30.0, "tipo": "sessione", "utente": 1, "profilo": "A", "browser": "firefox", "versione": "Firefox 140.16.0 · finestra vera", "inquilino": "c16001u1", "misure": {"finestra_s": 119.7, "esperienza": {"giro_eco_p95_ms": 58.1, "giro_eco_campioni": 72, "giro_tutti_p95_ms": 61, "giro_tutti_campioni": 116}, "video_non_avanza": 0, "input_azioni": 6, "input_persi": 0, "input_latenza_p95_ms": 186, "tratto": {"righe": 31, "mediana_p95_ms": 15.14, "max_campione_p95_ms": 64.91, "produttore_mediana_ms": 0.36}, "ritardo_p95_ms": 61.11, "nostro": {"righe": 31, "p95_dei_p95_ms": 52.11, "max_al_secondo_max_ms": 64.06, "max_al_secondo_p95_ms": 52.11, "mediana_ms": 12.34, "fotogrammi": 331}, "consegnati": 313, "dipinti": 313, "salt": 0, "saltati_pct": 0.0, "lavoro_s": 54.5, "blocco_max_s": 1.117, "buchi": 0, "rete": {"persi": 0, "byte_persi": 0, "spediti": 1079, "byte_spediti": 1086292, "ricevuti": 590, "scartati": 0, "dgram_persi": 0, "dgram_ok": 0, "dgram_falsi": 0, "connessioni": 1, "perdita_pct": 0.0, "mbit_s": 0.07, "srtt_ms": {"mediana": 0.17, "max": 0.27}, "pto_ms_max": 21.3, "secondi": 117}, "tratto_server_ms": {"mediana": 14.72, "max": 64.91, "ora": "16:20:35.089"}, "nascita_s": 2.76, "journal_err": 11}, "voci": {"ritardo_p95_ms": {"valore": 61.11, "classe": "DEGRADED", "significativo": false, "nota": "p95 dei p95 al secondo di «NOSTRO» (copia → byte fuori, 31 righe del figlio) 52.1 ms + 9 ms d'ingresso (tetto costruttivo: poll di 8 ms)"}, "saltati_pct": {"valore": 0.0, "classe": "GREEN", "significativo": false, "nota": "313 consegnati, 313 dipinti (salt 0)"}, "blocco_max_s": {"valore": 1.117, "classe": "DEGRADED", "significativo": false, "nota": "dall'attore (10 righe)"}, "buchi_al_min": {"valore": 0.0, "classe": "GREEN", "significativo": false, "nota": "0 buchi in 120 s"}, "caduta": {"valore": false, "classe": "GREEN", "significativo": false, "nota": "nessuna caduta, riavvio o errore che stacca"}, "nascita_s": {"valore": 2.762, "classe": "GREEN", "significativo": false, "nota": "accesso → primo fotogramma"}}, "classe": "DEGRADED", "ragione": "DEGRADED ritardo input → fotogramma (p95): 61.11 — p95 dei p95 al secondo di «NOSTRO» (copia → byte fuori, 31 righe del figlio) 52.1 ms + 9 ms d'ingresso (tetto costruttivo: poll di 8 ms) · DEGRADED blocco piu' lungo dell'immagine: 1.117 — dall'attore (10 righe)", "non_misurate": [], "evidenze": ["/media/REMOTIX/misure/fase16/amd-b-3k-gnome/livello-16-ripetizione/utente-01"]}
{"campagna": "amd-b-3k-gnome", "livello": 16, "desktop": "gnome", "scheda": "AMD Radeon RX 6800", "driver": "amdgpu intel-media-va-driver=25.2.3+dfsg1-1 libgl1-mesa-dri=25.0.7-2+deb13u1 libva2=2.22.0-3 mesa-va-drivers=25.0.7-2+deb13u1", "misura": "3k", "commit": "678a2da", "binario": "28a947f5", "pagina": "fb9a18f3", "nucleo": "7.0", "tetto_sessioni": 17, "inizio": "2026-09-27T15:44:28+00:00", "durata_s": 2166, "finestra": ["16:18:34", "16:20:34"], "fps_video": 30.0, "tipo": "sessione", "utente": 2, "profilo": "B", "browser": "chrome", "versione": "Chrome/154.0.8037.57 · finestra vera", "inquilino": "c16002u2", "misure": {"finestra_s": 118.7, "esperienza": {"giro_eco_p95_ms": 54.3, "giro_eco_campioni": 157, "giro_tutti_p95_ms": 61.4, "giro_tutti_campioni": 229}, "video_non_avanza": 0, "input_azioni": 3, "input_persi": 0, "input_latenza_p95_ms": 435, "tratto": {"righe": 77, "mediana_p95_ms": 13.28, "max_campione_p95_ms": 75.71, "produttore_mediana_ms": 0.41}, "ritardo_p95_ms": 77.76, "nostro": {"righe": 77, "p95_dei_p95_ms": 68.76, "max_al_secondo_max_ms": 75.09, "max_al_secondo_p95_ms": 68.76, "mediana_ms": 12.0, "fotogrammi": 861}, "consegnati": 811, "dipinti": 811, "salt": 0, "saltati_pct": 0.0, "lavoro_s": 83.0, "blocco_max_s": 0.068, "buchi": 0, "rete": {"persi": 0, "byte_persi": 0, "spediti": 1420, "byte_spediti": 1632048, "ricevuti": 1258, "scartati": 0, "dgram_persi": 0, "dgram_ok": 0, "dgram_falsi": 0, "connessioni": 1, "perdita_pct": 0.0, "mbit_s": 0.11, "srtt_ms": {"mediana": 0.22, "max": 0.61}, "pto_ms_max": 27.6, "secondi": 120}, "tratto_server_ms": {"mediana": 13.28, "max": 75.71, "ora": "16:20:34.324"}, "nascita_s": 2.35, "journal_err": 8}, "voci": {"ritardo_p95_ms": {"valore": 77.76, "classe": "DEGRADED", "significativo": false, "nota": "p95 dei p95 al secondo di «NOSTRO» (copia → byte fuori, 77 righe del figlio) 68.8 ms + 9 ms d'ingresso (tetto costruttivo: poll di 8 ms)"}, "saltati_pct": {"valore": 0.0, "classe": "GREEN", "significativo": false, "nota": "811 consegnati, 811 dipinti (salt 0)"}, "blocco_max_s": {"valore": 0.068, "classe": "GREEN", "significativo": false, "nota": "dall'attore (15 righe)"}, "buchi_al_min": {"valore": 0.0, "classe": "GREEN", "significativo": false, "nota": "0 buchi in 119 s"}, "caduta": {"valore": false, "classe": "GREEN", "significativo": false, "nota": "nessuna caduta, riavvio o errore che stacca"}, "nascita_s": {"valore": 2.355, "classe": "GREEN", "significativo": false, "nota": "accesso → primo fotogramma"}}, "classe": "DEGRADED", "ragione": "DEGRADED ritardo input → fotogramma (p95): 77.76 — p95 dei p95 al secondo di «NOSTRO» (copia → byte fuori, 77 righe del figlio) 68.8 ms + 9 ms d'ingresso (tetto costruttivo: poll di 8 ms)", "non_misurate": [], "evidenze": ["/media/REMOTIX/misure/fase16/amd-b-3k-gnome/livello-16-ripetizione/utente-02"]}
{"campagna": "amd-b-3k-gnome", "livello": 16, "desktop": "gnome", "scheda": "AMD Radeon RX 6800", "driver": "amdgpu intel-media-va-driver=25.2.3+dfsg1-1 libgl1-mesa-dri=25.0.7-2+deb13u1 libva2=2.22.0-3 mesa-va-drivers=25.0.7-2+deb13u1", "misura": "3k", "commit": "678a2da", "binario": "28a947f5", "pagina": "fb9a18f3", "nucleo": "7.0", "tetto_sessioni": 17, "inizio": "2026-09-27T15:44:28+00:00", "durata_s": 2166, "finestra": ["16:18:34", "16:20:34"], "fps_video": 30.0, "tipo": "sessione", "utente": 3, "profilo": "C", "browser": "firefox", "versione": "Firefox 140.16.0 · finestra vera", "inquilino": "c16003u3", "misure": {"finestra_s": 124.9, "esperienza": {"giro_eco_p95_ms": 58.4, "giro_eco_campioni": 206, "giro_tutti_p95_ms": 67.3, "giro_tutti_campioni": 214}, "video_non_avanza": 0, "input_azioni": 8, "input_persi": 0, "input_latenza_p95_ms": 261, "tratto": {"righe": 84, "mediana_p95_ms": 12.79, "max_campione_p95_ms": 70.41, "produttore_mediana_ms": 0.29}, "ritardo_p95_ms": 44.13, "nostro": {"righe": 84, "p95_dei_p95_ms": 35.13, "max_al_secondo_max_ms": 44.75, "max_al_secondo_p95_ms": 35.13, "mediana_ms": 13.25, "fotogrammi": 307}, "consegnati": 336, "dipinti": 336, "salt": 0, "saltati_pct": 0.0, "lavoro_s": 79.8, "blocco_max_s": 0.286, "buchi": 0, "rete": {"persi": 0, "byte_persi": 0, "spediti": 1977, "byte_spediti": 2406192, "ricevuti": 672, "scartati": 0, "dgram_persi": 0, "dgram_ok": 0, "dgram_falsi": 0, "connessioni": 1, "perdita_pct": 0.0, "mbit_s": 0.16, "srtt_ms": {"mediana": 0.18, "max": 0.29}, "pto_ms_max": 21.3, "secondi": 121}, "tratto_server_ms": {"mediana": 12.12, "max": 45.08, "ora": "16:20:34.257"}, "nascita_s": 2.33, "journal_err": 8}, "voci": {"ritardo_p95_ms": {"valore": 44.13, "classe": "GREEN", "significativo": false, "nota": "p95 dei p95 al secondo di «NOSTRO» (copia → byte fuori, 84 righe del figlio) 35.1 ms + 9 ms d'ingresso (tetto costruttivo: poll di 8 ms)"}, "saltati_pct": {"valore": 0.0, "classe": "GREEN", "significativo": false, "nota": "336 consegnati, 336 dipinti (salt 0)"}, "blocco_max_s": {"valore": 0.286, "classe": "GREEN", "significativo": false, "nota": "dall'attore (14 righe)"}, "buchi_al_min": {"valore": 0.0, "classe": "GREEN", "significativo": false, "nota": "0 buchi in 125 s"}, "caduta": {"valore": false, "classe": "GREEN", "significativo": false, "nota": "nessuna caduta, riavvio o errore che stacca"}, "nascita_s": {"valore": 2.33, "classe": "GREEN", "significativo": false, "nota": "accesso → primo fotogramma"}}, "classe": "GREEN", "ragione": "tutte le voci GREEN", "non_misurate": [], "evidenze": ["/media/REMOTIX/misure/fase16/amd-b-3k-gnome/livello-16-ripetizione/utente-03"]}
{"campagna": "amd-b-3k-gnome", "livello": 16, "desktop": "gnome", "scheda": "AMD Radeon RX 6800", "driver": "amdgpu intel-media-va-driver=25.2.3+dfsg1-1 libgl1-mesa-dri=25.0.7-2+deb13u1 libva2=2.22.0-3 mesa-va-drivers=25.0.7-2+deb13u1", "misura": "3k", "commit": "678a2da", "binario": "28a947f5", "pagina": "fb9a18f3", "nucleo": "7.0", "tetto_sessioni": 17, "inizio": "2026-09-27T15:44:28+00:00", "durata_s": 2166, "finestra": ["16:18:34", "16:20:34"], "fps_video": 30.0, "tipo": "sessione", "utente": 4, "profilo": "D", "browser": "chrome", "versione": "Chrome/154.0.8037.57 · finestra vera", "inquilino": "c16004u4", "misure": {"finestra_s": 121.1, "esperienza": {"giro_eco_p95_ms": null, "giro_eco_campioni": 0, "giro_tutti_p95_ms": 68.2, "giro_tutti_campioni": 4}, "video_non_avanza": 0, "input_azioni": 0, "input_persi": 0, "input_latenza_p95_ms": null, "tratto": {"righe": 119, "mediana_p95_ms": 10.9, "max_campione_p95_ms": 80.27, "produttore_mediana_ms": 0.34}, "ritardo_p95_ms": 66.39, "nostro": {"righe": 119, "p95_dei_p95_ms": 57.39, "max_al_secondo_max_ms": 80.02, "max_al_secondo_p95_ms": 66.39, "mediana_ms": 8.18, "fotogrammi": 3626}, "consegnati": 3620, "dipinti": 3620, "salt": 0, "saltati_pct": 0.0, "lavoro_s": 121.1, "blocco_max_s": 0.06, "buchi": 0, "video_fps": 29.889, "audio_udibile_pct": 100.0, "rete": {"persi": 0, "byte_persi": 0, "spediti": 46825, "byte_spediti": 66299880, "ricevuti": 9503, "scartati": 0, "dgram_persi": 0, "dgram_ok": 6000, "dgram_falsi": 0, "connessioni": 1, "perdita_pct": 0.0, "mbit_s": 4.38, "srtt_ms": {"mediana": 0.29, "max": 0.78}, "pto_ms_max": 28.0, "secondi": 121}, "tratto_server_ms": {"mediana": 8.52, "max": 35.76, "ora": "16:20:34.225"}, "nascita_s": 2.34, "journal_err": 18}, "voci": {"ritardo_p95_ms": {"valore": 66.39, "classe": "DEGRADED", "significativo": false, "nota": "p95 dei p95 al secondo di «NOSTRO» (copia → byte fuori, 119 righe del figlio) 57.4 ms + 9 ms d'ingresso (tetto costruttivo: poll di 8 ms)"}, "saltati_pct": {"valore": 0.0, "classe": "GREEN", "significativo": false, "nota": "3620 consegnati, 3620 dipinti (salt 0)"}, "blocco_max_s": {"valore": 0.06, "classe": "GREEN", "significativo": false, "nota": "dall'attore (23 righe)"}, "buchi_al_min": {"valore": 0.0, "classe": "GREEN", "significativo": false, "nota": "0 buchi in 121 s"}, "video_frazione_f": {"valore": 0.996, "classe": "GREEN", "significativo": false, "nota": "29.9 dipinti/s in 121 s di video, f = 30.0"}, "audio_udibile_pct": {"valore": 100.0, "classe": "GREEN", "significativo": false, "nota": "6250 suonati su 6250 mandati (6250 ricevuti + 0 mancati)"}, "caduta": {"valore": false, "classe": "GREEN", "significativo": false, "nota": "nessuna caduta, riavvio o errore che stacca"}, "nascita_s": {"valore": 2.342, "classe": "GREEN", "significativo": false, "nota": "accesso → primo fotogramma"}}, "classe": "DEGRADED", "ragione": "DEGRADED ritardo input → fotogramma (p95): 66.39 — p95 dei p95 al secondo di «NOSTRO» (copia → byte fuori, 119 righe del figlio) 57.4 ms + 9 ms d'ingresso (tetto costruttivo: poll di 8 ms)", "non_misurate": [], "evidenze": ["/media/REMOTIX/misure/fase16/amd-b-3k-gnome/livello-16-ripetizione/utente-04"]}
{"campagna": "amd-b-3k-gnome", "livello": 16, "desktop": "gnome", "scheda": "AMD Radeon RX 6800", "driver": "amdgpu intel-media-va-driver=25.2.3+dfsg1-1 libgl1-mesa-dri=25.0.7-2+deb13u1 libva2=2.22.0-3 mesa-va-drivers=25.0.7-2+deb13u1", "misura": "3k", "commit": "678a2da", "binario": "28a947f5", "pagina": "fb9a18f3", "nucleo": "7.0", "tetto_sessioni": 17, "inizio": "2026-09-27T15:44:28+00:00", "durata_s": 2166, "finestra": ["16:18:34", "16:20:34"], "fps_video": 30.0, "tipo": "sessione", "utente": 5, "profilo": "A", "browser": "firefox", "versione": "Firefox 140.16.0 · finestra vera", "inquilino": "c16005u5", "misure": {"finestra_s": 116.6, "esperienza": {"giro_eco_p95_ms": 69.7, "giro_eco_campioni": 39, "giro_tutti_p95_ms": 63.4, "giro_tutti_campioni": 183}, "video_non_avanza": 0, "input_azioni": 14, "input_persi": 0, "input_latenza_p95_ms": 210, "tratto": {"righe": 44, "mediana_p95_ms": 16.12, "max_campione_p95_ms": 75.08, "produttore_mediana_ms": 0.35}, "ritardo_p95_ms": 75.97, "nostro": {"righe": 44, "p95_dei_p95_ms": 66.97, "max_al_secondo_max_ms": 74.6, "max_al_secondo_p95_ms": 70.34, "mediana_ms": 13.27, "fotogrammi": 855}, "consegnati": 776, "dipinti": 775, "salt": 0, "saltati_pct": 0.129, "lavoro_s": 70.8, "blocco_max_s": 0.065, "buchi": 0, "rete": {"persi": 0, "byte_persi": 0, "spediti": 10271, "byte_spediti": 13606996, "ricevuti": 1314, "scartati": 0, "dgram_persi": 0, "dgram_ok": 0, "dgram_falsi": 0, "connessioni": 1, "perdita_pct": 0.0, "mbit_s": 0.93, "srtt_ms": {"mediana": 0.23, "max": 0.58}, "pto_ms_max": 22.4, "secondi": 117}, "tratto_server_ms": {"mediana": 16.12, "max": 73.92, "ora": "16:20:35.177"}, "nascita_s": 2.29, "journal_err": 15}, "voci": {"ritardo_p95_ms": {"valore": 75.97, "classe": "DEGRADED", "significativo": false, "nota": "p95 dei p95 al secondo di «NOSTRO» (copia → byte fuori, 44 righe del figlio) 67.0 ms + 9 ms d'ingresso (tetto costruttivo: poll di 8 ms)"}, "saltati_pct": {"valore": 0.129, "classe": "GREEN", "significativo": false, "nota": "776 consegnati, 775 dipinti (salt 0)"}, "blocco_max_s": {"valore": 0.065, "classe": "GREEN", "significativo": false, "nota": "dall'attore (13 righe)"}, "buchi_al_min": {"valore": 0.0, "classe": "GREEN", "significativo": false, "nota": "0 buchi in 117 s"}, "caduta": {"valore": false, "classe": "GREEN", "significativo": false, "nota": "nessuna caduta, riavvio o errore che stacca"}, "nascita_s": {"valore": 2.293, "classe": "GREEN", "significativo": false, "nota": "accesso → primo fotogramma"}}, "classe": "DEGRADED", "ragione": "DEGRADED ritardo input → fotogramma (p95): 75.97 — p95 dei p95 al secondo di «NOSTRO» (copia → byte fuori, 44 righe del figlio) 67.0 ms + 9 ms d'ingresso (tetto costruttivo: poll di 8 ms)", "non_misurate": [], "evidenze": ["/media/REMOTIX/misure/fase16/amd-b-3k-gnome/livello-16-ripetizione/utente-05"]}
{"campagna": "amd-b-3k-gnome", "livello": 16, "desktop": "gnome", "scheda": "AMD Radeon RX 6800", "driver": "amdgpu intel-media-va-driver=25.2.3+dfsg1-1 libgl1-mesa-dri=25.0.7-2+deb13u1 libva2=2.22.0-3 mesa-va-drivers=25.0.7-2+deb13u1", "misura": "3k", "commit": "678a2da", "binario": "28a947f5", "pagina": "fb9a18f3", "nucleo": "7.0", "tetto_sessioni": 17, "inizio": "2026-09-27T15:44:28+00:00", "durata_s": 2166, "finestra": ["16:18:34", "16:20:34"], "fps_video": 30.0, "tipo": "sessione", "utente": 6, "profilo": "B", "browser": "chrome", "versione": "Chrome/154.0.8037.57 · finestra vera", "inquilino": "c16006u6", "misure": {"finestra_s": 122.7, "esperienza": {"giro_eco_p95_ms": 43.8, "giro_eco_campioni": 185, "giro_tutti_p95_ms": 64.4, "giro_tutti_campioni": 271}, "video_non_avanza": 0, "input_azioni": 4, "input_persi": 0, "input_latenza_p95_ms": 478, "tratto": {"righe": 77, "mediana_p95_ms": 16.11, "max_campione_p95_ms": 79.28, "produttore_mediana_ms": 1.52}, "ritardo_p95_ms": 62.23, "nostro": {"righe": 77, "p95_dei_p95_ms": 53.23, "max_al_secondo_max_ms": 77.57, "max_al_secondo_p95_ms": 55.47, "mediana_ms": 12.85, "fotogrammi": 1036}, "consegnati": 1049, "dipinti": 1049, "salt": 0, "saltati_pct": 0.0, "lavoro_s": 101.1, "blocco_max_s": 0.07, "buchi": 0, "rete": {"persi": 0, "byte_persi": 0, "spediti": 1562, "byte_spediti": 1798828, "ricevuti": 1442, "scartati": 0, "dgram_persi": 0, "dgram_ok": 0, "dgram_falsi": 0, "connessioni": 1, "perdita_pct": 0.0, "mbit_s": 0.12, "srtt_ms": {"mediana": 0.37, "max": 0.73}, "pto_ms_max": 28.5, "secondi": 121}, "tratto_server_ms": {"mediana": 14.95, "max": 66.5, "ora": "16:20:34.207"}, "nascita_s": 2.34, "journal_err": 12}, "voci": {"ritardo_p95_ms": {"valore": 62.23, "classe": "DEGRADED", "significativo": false, "nota": "p95 dei p95 al secondo di «NOSTRO» (copia → byte fuori, 77 righe del figlio) 53.2 ms + 9 ms d'ingresso (tetto costruttivo: poll di 8 ms)"}, "saltati_pct": {"valore": 0.0, "classe": "GREEN", "significativo": false, "nota": "1049 consegnati, 1049 dipinti (salt 0)"}, "blocco_max_s": {"valore": 0.07, "classe": "GREEN", "significativo": false, "nota": "dall'attore (18 righe)"}, "buchi_al_min": {"valore": 0.0, "classe": "GREEN", "significativo": false, "nota": "0 buchi in 123 s"}, "caduta": {"valore": false, "classe": "GREEN", "significativo": false, "nota": "nessuna caduta, riavvio o errore che stacca"}, "nascita_s": {"valore": 2.339, "classe": "GREEN", "significativo": false, "nota": "accesso → primo fotogramma"}}, "classe": "DEGRADED", "ragione": "DEGRADED ritardo input → fotogramma (p95): 62.23 — p95 dei p95 al secondo di «NOSTRO» (copia → byte fuori, 77 righe del figlio) 53.2 ms + 9 ms d'ingresso (tetto costruttivo: poll di 8 ms)", "non_misurate": [], "evidenze": ["/media/REMOTIX/misure/fase16/amd-b-3k-gnome/livello-16-ripetizione/utente-06"]}
{"campagna": "amd-b-3k-gnome", "livello": 16, "desktop": "gnome", "scheda": "AMD Radeon RX 6800", "driver": "amdgpu intel-media-va-driver=25.2.3+dfsg1-1 libgl1-mesa-dri=25.0.7-2+deb13u1 libva2=2.22.0-3 mesa-va-drivers=25.0.7-2+deb13u1", "misura": "3k", "commit": "678a2da", "binario": "28a947f5", "pagina": "fb9a18f3", "nucleo": "7.0", "tetto_sessioni": 17, "inizio": "2026-09-27T15:44:28+00:00", "durata_s": 2166, "finestra": ["16:18:34", "16:20:34"], "fps_video": 30.0, "tipo": "sessione", "utente": 7, "profilo": "C", "browser": "firefox", "versione": "Firefox 140.16.0 · finestra vera", "inquilino": "c16007u7", "misure": {"finestra_s": 121.3, "esperienza": {"giro_eco_p95_ms": 53.1, "giro_eco_campioni": 153, "giro_tutti_p95_ms": 66.6, "giro_tutti_campioni": 174}, "video_non_avanza": 0, "input_azioni": 6, "input_persi": 0, "input_latenza_p95_ms": 136, "tratto": {"righe": 76, "mediana_p95_ms": 12.2, "max_campione_p95_ms": 82.87, "produttore_mediana_ms": 0.3}, "ritardo_p95_ms": 57.24, "nostro": {"righe": 76, "p95_dei_p95_ms": 48.24, "max_al_secondo_max_ms": 63.58, "max_al_secondo_p95_ms": 48.24, "mediana_ms": 11.97, "fotogrammi": 257}, "consegnati": 264, "dipinti": 264, "salt": 0, "saltati_pct": 0.0, "lavoro_s": 71.0, "blocco_max_s": 0.577, "buchi": 0, "rete": {"persi": 0, "byte_persi": 0, "spediti": 3623, "byte_spediti": 4849524, "ricevuti": 636, "scartati": 0, "dgram_persi": 0, "dgram_ok": 0, "dgram_falsi": 0, "connessioni": 1, "perdita_pct": 0.0, "mbit_s": 0.32, "srtt_ms": {"mediana": 0.17, "max": 0.37}, "pto_ms_max": 22.0, "secondi": 121}, "tratto_server_ms": {"mediana": 10.97, "max": 63.86, "ora": "16:20:34.309"}, "nascita_s": 2.42, "journal_err": 8}, "voci": {"ritardo_p95_ms": {"valore": 57.24, "classe": "DEGRADED", "significativo": false, "nota": "p95 dei p95 al secondo di «NOSTRO» (copia → byte fuori, 76 righe del figlio) 48.2 ms + 9 ms d'ingresso (tetto costruttivo: poll di 8 ms)"}, "saltati_pct": {"valore": 0.0, "classe": "GREEN", "significativo": false, "nota": "264 consegnati, 264 dipinti (salt 0)"}, "blocco_max_s": {"valore": 0.577, "classe": "GREEN", "significativo": false, "nota": "dall'attore (13 righe)"}, "buchi_al_min": {"valore": 0.0, "classe": "GREEN", "significativo": false, "nota": "0 buchi in 121 s"}, "caduta": {"valore": false, "classe": "GREEN", "significativo": false, "nota": "nessuna caduta, riavvio o errore che stacca"}, "nascita_s": {"valore": 2.418, "classe": "GREEN", "significativo": false, "nota": "accesso → primo fotogramma"}}, "classe": "DEGRADED", "ragione": "DEGRADED ritardo input → fotogramma (p95): 57.24 — p95 dei p95 al secondo di «NOSTRO» (copia → byte fuori, 76 righe del figlio) 48.2 ms + 9 ms d'ingresso (tetto costruttivo: poll di 8 ms)", "non_misurate": [], "evidenze": ["/media/REMOTIX/misure/fase16/amd-b-3k-gnome/livello-16-ripetizione/utente-07"]}
{"campagna": "amd-b-3k-gnome", "livello": 16, "desktop": "gnome", "scheda": "AMD Radeon RX 6800", "driver": "amdgpu intel-media-va-driver=25.2.3+dfsg1-1 libgl1-mesa-dri=25.0.7-2+deb13u1 libva2=2.22.0-3 mesa-va-drivers=25.0.7-2+deb13u1", "misura": "3k", "commit": "678a2da", "binario": "28a947f5", "pagina": "fb9a18f3", "nucleo": "7.0", "tetto_sessioni": 17, "inizio": "2026-09-27T15:44:28+00:00", "durata_s": 2166, "finestra": ["16:18:34", "16:20:34"], "fps_video": 30.0, "tipo": "sessione", "utente": 8, "profilo": "D", "browser": "chrome", "versione": "Chrome/154.0.8037.57 · finestra vera", "inquilino": "c16008u8", "misure": {"finestra_s": 120.8, "esperienza": {"giro_eco_p95_ms": null, "giro_eco_campioni": 0, "giro_tutti_p95_ms": null, "giro_tutti_campioni": 0}, "video_non_avanza": 0, "input_azioni": 0, "input_persi": 0, "input_latenza_p95_ms": null, "tratto": {"righe": 119, "mediana_p95_ms": 12.05, "max_campione_p95_ms": 63.73, "produttore_mediana_ms": 0.53}, "ritardo_p95_ms": 44.83, "nostro": {"righe": 119, "p95_dei_p95_ms": 35.83, "max_al_secondo_max_ms": 62.5, "max_al_secondo_p95_ms": 43.7, "mediana_ms": 10.4, "fotogrammi": 3635}, "consegnati": 3622, "dipinti": 3622, "salt": 0, "saltati_pct": 0.0, "lavoro_s": 120.8, "blocco_max_s": 0.08, "buchi": 0, "video_fps": 29.977, "audio_udibile_pct": 100.0, "rete": {"persi": 0, "byte_persi": 0, "spediti": 48376, "byte_spediti": 68557496, "ricevuti": 9223, "scartati": 0, "dgram_persi": 0, "dgram_ok": 6050, "dgram_falsi": 0, "connessioni": 1, "perdita_pct": 0.0, "mbit_s": 4.5, "srtt_ms": {"mediana": 0.3, "max": 1.33}, "pto_ms_max": 32.8, "secondi": 122}, "tratto_server_ms": {"mediana": 11.05, "max": 27.97, "ora": "16:20:34.868"}, "nascita_s": 2.54, "journal_err": 15}, "voci": {"ritardo_p95_ms": {"valore": 44.83, "classe": "GREEN", "significativo": false, "nota": "p95 dei p95 al secondo di «NOSTRO» (copia → byte fuori, 119 righe del figlio) 35.8 ms + 9 ms d'ingresso (tetto costruttivo: poll di 8 ms)"}, "saltati_pct": {"valore": 0.0, "classe": "GREEN", "significativo": false, "nota": "3622 consegnati, 3622 dipinti (salt 0)"}, "blocco_max_s": {"valore": 0.08, "classe": "GREEN", "significativo": false, "nota": "dall'attore (23 righe)"}, "buchi_al_min": {"valore": 0.0, "classe": "GREEN", "significativo": false, "nota": "0 buchi in 121 s"}, "video_frazione_f": {"valore": 0.999, "classe": "GREEN", "significativo": false, "nota": "30.0 dipinti/s in 121 s di video, f = 30.0"}, "audio_udibile_pct": {"valore": 100.0, "classe": "GREEN", "significativo": false, "nota": "6000 suonati su 6000 mandati (6000 ricevuti + 0 mancati)"}, "caduta": {"valore": false, "classe": "GREEN", "significativo": false, "nota": "nessuna caduta, riavvio o errore che stacca"}, "nascita_s": {"valore": 2.542, "classe": "GREEN", "significativo": false, "nota": "accesso → primo fotogramma"}}, "classe": "GREEN", "ragione": "tutte le voci GREEN", "non_misurate": [], "evidenze": ["/media/REMOTIX/misure/fase16/amd-b-3k-gnome/livello-16-ripetizione/utente-08"]}
{"campagna": "amd-b-3k-gnome", "livello": 16, "desktop": "gnome", "scheda": "AMD Radeon RX 6800", "driver": "amdgpu intel-media-va-driver=25.2.3+dfsg1-1 libgl1-mesa-dri=25.0.7-2+deb13u1 libva2=2.22.0-3 mesa-va-drivers=25.0.7-2+deb13u1", "misura": "3k", "commit": "678a2da", "binario": "28a947f5", "pagina": "fb9a18f3", "nucleo": "7.0", "tetto_sessioni": 17, "inizio": "2026-09-27T15:44:28+00:00", "durata_s": 2166, "finestra": ["16:18:34", "16:20:34"], "fps_video": 30.0, "tipo": "sessione", "utente": 9, "profilo": "A", "browser": "firefox", "versione": "Firefox 140.16.0 · finestra vera", "inquilino": "c16009u9", "misure": {"finestra_s": 121.0, "esperienza": {"giro_eco_p95_ms": 58.5, "giro_eco_campioni": 107, "giro_tutti_p95_ms": 61.9, "giro_tutti_campioni": 219}, "video_non_avanza": 0, "input_azioni": 14, "input_persi": 0, "input_latenza_p95_ms": 206, "tratto": {"righe": 49, "mediana_p95_ms": 13.81, "max_campione_p95_ms": 102.16, "produttore_mediana_ms": 1.65}, "ritardo_p95_ms": 77.69, "nostro": {"righe": 49, "p95_dei_p95_ms": 68.69, "max_al_secondo_max_ms": 73.44, "max_al_secondo_p95_ms": 68.69, "mediana_ms": 10.12, "fotogrammi": 673}, "consegnati": 674, "dipinti": 674, "salt": 0, "saltati_pct": 0.0, "lavoro_s": 75.9, "blocco_max_s": 0.252, "buchi": 0, "rete": {"persi": 0, "byte_persi": 0, "spediti": 12135, "byte_spediti": 16501112, "ricevuti": 1255, "scartati": 0, "dgram_persi": 0, "dgram_ok": 0, "dgram_falsi": 0, "connessioni": 1, "perdita_pct": 0.0, "mbit_s": 1.09, "srtt_ms": {"mediana": 0.19, "max": 0.62}, "pto_ms_max": 23.2, "secondi": 121}, "tratto_server_ms": {"mediana": 13.16, "max": 80.26, "ora": "16:20:33.647"}, "nascita_s": 2.39, "journal_err": 10}, "voci": {"ritardo_p95_ms": {"valore": 77.69, "classe": "DEGRADED", "significativo": false, "nota": "p95 dei p95 al secondo di «NOSTRO» (copia → byte fuori, 49 righe del figlio) 68.7 ms + 9 ms d'ingresso (tetto costruttivo: poll di 8 ms)"}, "saltati_pct": {"valore": 0.0, "classe": "GREEN", "significativo": false, "nota": "674 consegnati, 674 dipinti (salt 0)"}, "blocco_max_s": {"valore": 0.252, "classe": "GREEN", "significativo": false, "nota": "dall'attore (14 righe)"}, "buchi_al_min": {"valore": 0.0, "classe": "GREEN", "significativo": false, "nota": "0 buchi in 121 s"}, "caduta": {"valore": false, "classe": "GREEN", "significativo": false, "nota": "nessuna caduta, riavvio o errore che stacca"}, "nascita_s": {"valore": 2.393, "classe": "GREEN", "significativo": false, "nota": "accesso → primo fotogramma"}}, "classe": "DEGRADED", "ragione": "DEGRADED ritardo input → fotogramma (p95): 77.69 — p95 dei p95 al secondo di «NOSTRO» (copia → byte fuori, 49 righe del figlio) 68.7 ms + 9 ms d'ingresso (tetto costruttivo: poll di 8 ms)", "non_misurate": [], "evidenze": ["/media/REMOTIX/misure/fase16/amd-b-3k-gnome/livello-16-ripetizione/utente-09"]}
{"campagna": "amd-b-3k-gnome", "livello": 16, "desktop": "gnome", "scheda": "AMD Radeon RX 6800", "driver": "amdgpu intel-media-va-driver=25.2.3+dfsg1-1 libgl1-mesa-dri=25.0.7-2+deb13u1 libva2=2.22.0-3 mesa-va-drivers=25.0.7-2+deb13u1", "misura": "3k", "commit": "678a2da", "binario": "28a947f5", "pagina": "fb9a18f3", "nucleo": "7.0", "tetto_sessioni": 17, "inizio": "2026-09-27T15:44:28+00:00", "durata_s": 2166, "finestra": ["16:18:34", "16:20:34"], "fps_video": 30.0, "tipo": "sessione", "utente": 10, "profilo": "B", "browser": "chrome", "versione": "Chrome/154.0.8037.57 · finestra vera", "inquilino": "c16010u10", "misure": {"finestra_s": 121.1, "esperienza": {"giro_eco_p95_ms": 55.8, "giro_eco_campioni": 255, "giro_tutti_p95_ms": 59.7, "giro_tutti_campioni": 332}, "video_non_avanza": 0, "input_azioni": 6, "input_persi": 0, "input_latenza_p95_ms": 424, "tratto": {"righe": 79, "mediana_p95_ms": 14.81, "max_campione_p95_ms": 90.78, "produttore_mediana_ms": 1.87}, "ritardo_p95_ms": 77.75, "nostro": {"righe": 79, "p95_dei_p95_ms": 68.75, "max_al_secondo_max_ms": 85.25, "max_al_secondo_p95_ms": 75.92, "mediana_ms": 10.96, "fotogrammi": 904}, "consegnati": 942, "dipinti": 942, "salt": 0, "saltati_pct": 0.0, "lavoro_s": 100.6, "blocco_max_s": 0.072, "buchi": 0, "rete": {"persi": 0, "byte_persi": 0, "spediti": 1555, "byte_spediti": 1699828, "ricevuti": 1387, "scartati": 0, "dgram_persi": 0, "dgram_ok": 0, "dgram_falsi": 0, "connessioni": 1, "perdita_pct": 0.0, "mbit_s": 0.11, "srtt_ms": {"mediana": 0.45, "max": 0.83}, "pto_ms_max": 28.6, "secondi": 122}, "tratto_server_ms": {"mediana": 14.91, "max": 90.78, "ora": "16:20:34.983"}, "nascita_s": 2.34, "journal_err": 10}, "voci": {"ritardo_p95_ms": {"valore": 77.75, "classe": "DEGRADED", "significativo": false, "nota": "p95 dei p95 al secondo di «NOSTRO» (copia → byte fuori, 79 righe del figlio) 68.8 ms + 9 ms d'ingresso (tetto costruttivo: poll di 8 ms)"}, "saltati_pct": {"valore": 0.0, "classe": "GREEN", "significativo": false, "nota": "942 consegnati, 942 dipinti (salt 0)"}, "blocco_max_s": {"valore": 0.072, "classe": "GREEN", "significativo": false, "nota": "dall'attore (18 righe)"}, "buchi_al_min": {"valore": 0.0, "classe": "GREEN", "significativo": false, "nota": "0 buchi in 121 s"}, "caduta": {"valore": false, "classe": "GREEN", "significativo": false, "nota": "nessuna caduta, riavvio o errore che stacca"}, "nascita_s": {"valore": 2.34, "classe": "GREEN", "significativo": false, "nota": "accesso → primo fotogramma"}}, "classe": "DEGRADED", "ragione": "DEGRADED ritardo input → fotogramma (p95): 77.75 — p95 dei p95 al secondo di «NOSTRO» (copia → byte fuori, 79 righe del figlio) 68.8 ms + 9 ms d'ingresso (tetto costruttivo: poll di 8 ms)", "non_misurate": [], "evidenze": ["/media/REMOTIX/misure/fase16/amd-b-3k-gnome/livello-16-ripetizione/utente-10"]}
{"campagna": "amd-b-3k-gnome", "livello": 16, "desktop": "gnome", "scheda": "AMD Radeon RX 6800", "driver": "amdgpu intel-media-va-driver=25.2.3+dfsg1-1 libgl1-mesa-dri=25.0.7-2+deb13u1 libva2=2.22.0-3 mesa-va-drivers=25.0.7-2+deb13u1", "misura": "3k", "commit": "678a2da", "binario": "28a947f5", "pagina": "fb9a18f3", "nucleo": "7.0", "tetto_sessioni": 17, "inizio": "2026-09-27T15:44:28+00:00", "durata_s": 2166, "finestra": ["16:18:34", "16:20:34"], "fps_video": 30.0, "tipo": "sessione", "utente": 11, "profilo": "C", "browser": "firefox", "versione": "Firefox 140.16.0 · finestra vera", "inquilino": "c16011u11", "misure": {"finestra_s": 121.6, "esperienza": {"giro_eco_p95_ms": 59.5, "giro_eco_campioni": 163, "giro_tutti_p95_ms": 64.8, "giro_tutti_campioni": 198}, "video_non_avanza": 0, "input_azioni": 6, "input_persi": 0, "input_latenza_p95_ms": 69, "tratto": {"righe": 82, "mediana_p95_ms": 15.47, "max_campione_p95_ms": 57.61, "produttore_mediana_ms": 1.67}, "ritardo_p95_ms": 45.38, "nostro": {"righe": 82, "p95_dei_p95_ms": 36.38, "max_al_secondo_max_ms": 54.72, "max_al_secondo_p95_ms": 36.38, "mediana_ms": 13.71, "fotogrammi": 307}, "consegnati": 299, "dipinti": 299, "salt": 0, "saltati_pct": 0.0, "lavoro_s": 86.2, "blocco_max_s": 0.121, "buchi": 0, "rete": {"persi": 0, "byte_persi": 0, "spediti": 3196, "byte_spediti": 4174008, "ricevuti": 748, "scartati": 0, "dgram_persi": 0, "dgram_ok": 0, "dgram_falsi": 0, "connessioni": 1, "perdita_pct": 0.0, "mbit_s": 0.28, "srtt_ms": {"mediana": 0.17, "max": 0.34}, "pto_ms_max": 21.4, "secondi": 121}, "tratto_server_ms": {"mediana": 15.56, "max": 57.61, "ora": "16:20:35.205"}, "nascita_s": 2.52, "journal_err": 8}, "voci": {"ritardo_p95_ms": {"valore": 45.38, "classe": "GREEN", "significativo": false, "nota": "p95 dei p95 al secondo di «NOSTRO» (copia → byte fuori, 82 righe del figlio) 36.4 ms + 9 ms d'ingresso (tetto costruttivo: poll di 8 ms)"}, "saltati_pct": {"valore": 0.0, "classe": "GREEN", "significativo": false, "nota": "299 consegnati, 299 dipinti (salt 0)"}, "blocco_max_s": {"valore": 0.121, "classe": "GREEN", "significativo": false, "nota": "dall'attore (15 righe)"}, "buchi_al_min": {"valore": 0.0, "classe": "GREEN", "significativo": false, "nota": "0 buchi in 122 s"}, "caduta": {"valore": false, "classe": "GREEN", "significativo": false, "nota": "nessuna caduta, riavvio o errore che stacca"}, "nascita_s": {"valore": 2.516, "classe": "GREEN", "significativo": false, "nota": "accesso → primo fotogramma"}}, "classe": "GREEN", "ragione": "tutte le voci GREEN", "non_misurate": [], "evidenze": ["/media/REMOTIX/misure/fase16/amd-b-3k-gnome/livello-16-ripetizione/utente-11"]}
{"campagna": "amd-b-3k-gnome", "livello": 16, "desktop": "gnome", "scheda": "AMD Radeon RX 6800", "driver": "amdgpu intel-media-va-driver=25.2.3+dfsg1-1 libgl1-mesa-dri=25.0.7-2+deb13u1 libva2=2.22.0-3 mesa-va-drivers=25.0.7-2+deb13u1", "misura": "3k", "commit": "678a2da", "binario": "28a947f5", "pagina": "fb9a18f3", "nucleo": "7.0", "tetto_sessioni": 17, "inizio": "2026-09-27T15:44:28+00:00", "durata_s": 2166, "finestra": ["16:18:34", "16:20:34"], "fps_video": 30.0, "tipo": "sessione", "utente": 12, "profilo": "D", "browser": "chrome", "versione": "Chrome/154.0.8037.57 · finestra vera", "inquilino": "c16012u12", "misure": {"finestra_s": 121.0, "esperienza": {"giro_eco_p95_ms": null, "giro_eco_campioni": 0, "giro_tutti_p95_ms": 44.9, "giro_tutti_campioni": 4}, "video_non_avanza": 0, "input_azioni": 0, "input_persi": 0, "input_latenza_p95_ms": null, "tratto": {"righe": 115, "mediana_p95_ms": 17.58, "max_campione_p95_ms": 67.64, "produttore_mediana_ms": 1.58}, "ritardo_p95_ms": 45.93, "nostro": {"righe": 115, "p95_dei_p95_ms": 36.93, "max_al_secondo_max_ms": 66.19, "max_al_secondo_p95_ms": 40.09, "mediana_ms": 7.1, "fotogrammi": 3502}, "consegnati": 3487, "dipinti": 3487, "salt": 0, "saltati_pct": 0.0, "lavoro_s": 121.0, "blocco_max_s": 4.6, "buchi": 0, "video_fps": 28.827, "audio_udibile_pct": 98.05, "rete": {"persi": 0, "byte_persi": 0, "spediti": 63616, "byte_spediti": 90493328, "ricevuti": 11221, "scartati": 0, "dgram_persi": 0, "dgram_ok": 5884, "dgram_falsi": 0, "connessioni": 1, "perdita_pct": 0.0, "mbit_s": 5.98, "srtt_ms": {"mediana": 0.3, "max": 0.79}, "pto_ms_max": 27.8, "secondi": 121}, "tratto_server_ms": {"mediana": 8.45, "max": 19.3, "ora": "16:20:34.792"}, "nascita_s": 2.58, "journal_err": 12}, "voci": {"ritardo_p95_ms": {"valore": 45.93, "classe": "GREEN", "significativo": false, "nota": "p95 dei p95 al secondo di «NOSTRO» (copia → byte fuori, 115 righe del figlio) 36.9 ms + 9 ms d'ingresso (tetto costruttivo: poll di 8 ms)"}, "saltati_pct": {"valore": 0.0, "classe": "GREEN", "significativo": false, "nota": "3487 consegnati, 3487 dipinti (salt 0)"}, "blocco_max_s": {"valore": 4.6, "classe": "FAIL", "significativo": true, "nota": "dall'attore (23 righe)"}, "buchi_al_min": {"valore": 0.0, "classe": "GREEN", "significativo": false, "nota": "0 buchi in 121 s"}, "video_frazione_f": {"valore": 0.961, "classe": "GREEN", "significativo": false, "nota": "28.8 dipinti/s in 121 s di video, f = 30.0"}, "audio_udibile_pct": {"valore": 98.05, "classe": "DEGRADED", "significativo": false, "nota": "5883 suonati su 6000 mandati (5883 ricevuti + 117 mancati)"}, "caduta": {"valore": false, "classe": "GREEN", "significativo": false, "nota": "nessuna caduta, riavvio o errore che stacca"}, "nascita_s": {"valore": 2.576, "classe": "GREEN", "significativo": false, "nota": "accesso → primo fotogramma"}}, "classe": "FAIL", "ragione": "FAIL blocco piu' lungo dell'immagine: 4.6 — dall'attore (23 righe) · DEGRADED audio udibile: 98.05 — 5883 suonati su 6000 mandati (5883 ricevuti + 117 mancati)", "non_misurate": [], "evidenze": ["/media/REMOTIX/misure/fase16/amd-b-3k-gnome/livello-16-ripetizione/utente-12"]}
{"campagna": "amd-b-3k-gnome", "livello": 16, "desktop": "gnome", "scheda": "AMD Radeon RX 6800", "driver": "amdgpu intel-media-va-driver=25.2.3+dfsg1-1 libgl1-mesa-dri=25.0.7-2+deb13u1 libva2=2.22.0-3 mesa-va-drivers=25.0.7-2+deb13u1", "misura": "3k", "commit": "678a2da", "binario": "28a947f5", "pagina": "fb9a18f3", "nucleo": "7.0", "tetto_sessioni": 17, "inizio": "2026-09-27T15:44:28+00:00", "durata_s": 2166, "finestra": ["16:18:34", "16:20:34"], "fps_video": 30.0, "tipo": "sessione", "utente": 13, "profilo": "A", "browser": "firefox", "versione": "Firefox 140.16.0 · finestra vera", "inquilino": "c16013u13", "misure": {"finestra_s": 115.9, "esperienza": {"giro_eco_p95_ms": 59.1, "giro_eco_campioni": 65, "giro_tutti_p95_ms": 58.4, "giro_tutti_campioni": 158}, "video_non_avanza": 0, "input_azioni": 11, "input_persi": 0, "input_latenza_p95_ms": 205, "tratto": {"righe": 39, "mediana_p95_ms": 16.3, "max_campione_p95_ms": 71.97, "produttore_mediana_ms": 1.79}, "ritardo_p95_ms": 64.69, "nostro": {"righe": 39, "p95_dei_p95_ms": 55.69, "max_al_secondo_max_ms": 56.94, "max_al_secondo_p95_ms": 55.69, "mediana_ms": 12.62, "fotogrammi": 602}, "consegnati": 602, "dipinti": 602, "salt": 0, "saltati_pct": 0.0, "lavoro_s": 70.8, "blocco_max_s": 0.07, "buchi": 0, "rete": {"persi": 0, "byte_persi": 0, "spediti": 3535, "byte_spediti": 4204176, "ricevuti": 982, "scartati": 0, "dgram_persi": 0, "dgram_ok": 0, "dgram_falsi": 0, "connessioni": 1, "perdita_pct": 0.0, "mbit_s": 0.29, "srtt_ms": {"mediana": 0.17, "max": 0.58}, "pto_ms_max": 22.2, "secondi": 117}, "tratto_server_ms": {"mediana": 16.36, "max": 61.46, "ora": "16:20:15.444"}, "nascita_s": 2.62, "journal_err": 11}, "voci": {"ritardo_p95_ms": {"valore": 64.69, "classe": "DEGRADED", "significativo": false, "nota": "p95 dei p95 al secondo di «NOSTRO» (copia → byte fuori, 39 righe del figlio) 55.7 ms + 9 ms d'ingresso (tetto costruttivo: poll di 8 ms)"}, "saltati_pct": {"valore": 0.0, "classe": "GREEN", "significativo": false, "nota": "602 consegnati, 602 dipinti (salt 0)"}, "blocco_max_s": {"valore": 0.07, "classe": "GREEN", "significativo": false, "nota": "dall'attore (13 righe)"}, "buchi_al_min": {"valore": 0.0, "classe": "GREEN", "significativo": false, "nota": "0 buchi in 116 s"}, "caduta": {"valore": false, "classe": "GREEN", "significativo": false, "nota": "nessuna caduta, riavvio o errore che stacca"}, "nascita_s": {"valore": 2.619, "classe": "GREEN", "significativo": false, "nota": "accesso → primo fotogramma"}}, "classe": "DEGRADED", "ragione": "DEGRADED ritardo input → fotogramma (p95): 64.69 — p95 dei p95 al secondo di «NOSTRO» (copia → byte fuori, 39 righe del figlio) 55.7 ms + 9 ms d'ingresso (tetto costruttivo: poll di 8 ms)", "non_misurate": [], "evidenze": ["/media/REMOTIX/misure/fase16/amd-b-3k-gnome/livello-16-ripetizione/utente-13"]}
{"campagna": "amd-b-3k-gnome", "livello": 16, "desktop": "gnome", "scheda": "AMD Radeon RX 6800", "driver": "amdgpu intel-media-va-driver=25.2.3+dfsg1-1 libgl1-mesa-dri=25.0.7-2+deb13u1 libva2=2.22.0-3 mesa-va-drivers=25.0.7-2+deb13u1", "misura": "3k", "commit": "678a2da", "binario": "28a947f5", "pagina": "fb9a18f3", "nucleo": "7.0", "tetto_sessioni": 17, "inizio": "2026-09-27T15:44:28+00:00", "durata_s": 2166, "finestra": ["16:18:34", "16:20:34"], "fps_video": 30.0, "tipo": "sessione", "utente": 14, "profilo": "B", "browser": "chrome", "versione": "Chrome/154.0.8037.57 · finestra vera", "inquilino": "c16014u14", "misure": {"finestra_s": 117.6, "esperienza": {"giro_eco_p95_ms": 59.1, "giro_eco_campioni": 215, "giro_tutti_p95_ms": 65.4, "giro_tutti_campioni": 307}, "video_non_avanza": 0, "input_azioni": 5, "input_persi": 0, "input_latenza_p95_ms": 384, "tratto": {"righe": 85, "mediana_p95_ms": 14.43, "max_campione_p95_ms": 105.15, "produttore_mediana_ms": 1.87}, "ritardo_p95_ms": 69.47, "nostro": {"righe": 85, "p95_dei_p95_ms": 60.47, "max_al_secondo_max_ms": 80.33, "max_al_secondo_p95_ms": 63.24, "mediana_ms": 10.73, "fotogrammi": 892}, "consegnati": 871, "dipinti": 871, "salt": 0, "saltati_pct": 0.0, "lavoro_s": 102.3, "blocco_max_s": 0.839, "buchi": 0, "rete": {"persi": 0, "byte_persi": 0, "spediti": 1540, "byte_spediti": 1725300, "ricevuti": 1373, "scartati": 0, "dgram_persi": 0, "dgram_ok": 0, "dgram_falsi": 0, "connessioni": 1, "perdita_pct": 0.0, "mbit_s": 0.12, "srtt_ms": {"mediana": 0.32, "max": 1.03}, "pto_ms_max": 32.0, "secondi": 116}, "tratto_server_ms": {"mediana": 14.57, "max": 83.42, "ora": "16:20:34.762"}, "nascita_s": 2.64, "journal_err": 8}, "voci": {"ritardo_p95_ms": {"valore": 69.47, "classe": "DEGRADED", "significativo": false, "nota": "p95 dei p95 al secondo di «NOSTRO» (copia → byte fuori, 85 righe del figlio) 60.5 ms + 9 ms d'ingresso (tetto costruttivo: poll di 8 ms)"}, "saltati_pct": {"valore": 0.0, "classe": "GREEN", "significativo": false, "nota": "871 consegnati, 871 dipinti (salt 0)"}, "blocco_max_s": {"valore": 0.839, "classe": "GREEN", "significativo": false, "nota": "dall'attore (18 righe)"}, "buchi_al_min": {"valore": 0.0, "classe": "GREEN", "significativo": false, "nota": "0 buchi in 118 s"}, "caduta": {"valore": false, "classe": "GREEN", "significativo": false, "nota": "nessuna caduta, riavvio o errore che stacca"}, "nascita_s": {"valore": 2.638, "classe": "GREEN", "significativo": false, "nota": "accesso → primo fotogramma"}}, "classe": "DEGRADED", "ragione": "DEGRADED ritardo input → fotogramma (p95): 69.47 — p95 dei p95 al secondo di «NOSTRO» (copia → byte fuori, 85 righe del figlio) 60.5 ms + 9 ms d'ingresso (tetto costruttivo: poll di 8 ms)", "non_misurate": [], "evidenze": ["/media/REMOTIX/misure/fase16/amd-b-3k-gnome/livello-16-ripetizione/utente-14"]}
{"campagna": "amd-b-3k-gnome", "livello": 16, "desktop": "gnome", "scheda": "AMD Radeon RX 6800", "driver": "amdgpu intel-media-va-driver=25.2.3+dfsg1-1 libgl1-mesa-dri=25.0.7-2+deb13u1 libva2=2.22.0-3 mesa-va-drivers=25.0.7-2+deb13u1", "misura": "3k", "commit": "678a2da", "binario": "28a947f5", "pagina": "fb9a18f3", "nucleo": "7.0", "tetto_sessioni": 17, "inizio": "2026-09-27T15:44:28+00:00", "durata_s": 2166, "finestra": ["16:18:34", "16:20:34"], "fps_video": 30.0, "tipo": "sessione", "utente": 15, "profilo": "C", "browser": "firefox", "versione": "Firefox 140.16.0 · finestra vera", "inquilino": "c16015u15", "misure": {"finestra_s": 118.9, "esperienza": {"giro_eco_p95_ms": 56.4, "giro_eco_campioni": 190, "giro_tutti_p95_ms": 65, "giro_tutti_campioni": 221}, "video_non_avanza": 0, "input_azioni": 9, "input_persi": 0, "input_latenza_p95_ms": 387, "tratto": {"righe": 90, "mediana_p95_ms": 14.74, "max_campione_p95_ms": 67.42, "produttore_mediana_ms": 1.61}, "ritardo_p95_ms": 36.68, "nostro": {"righe": 90, "p95_dei_p95_ms": 27.68, "max_al_secondo_max_ms": 66.45, "max_al_secondo_p95_ms": 27.68, "mediana_ms": 13.57, "fotogrammi": 324}, "consegnati": 327, "dipinti": 327, "salt": 0, "saltati_pct": 0.0, "lavoro_s": 108.1, "blocco_max_s": 0.258, "buchi": 0, "rete": {"persi": 0, "byte_persi": 0, "spediti": 3416, "byte_spediti": 4446280, "ricevuti": 811, "scartati": 0, "dgram_persi": 0, "dgram_ok": 0, "dgram_falsi": 0, "connessioni": 1, "perdita_pct": 0.0, "mbit_s": 0.31, "srtt_ms": {"mediana": 0.18, "max": 0.36}, "pto_ms_max": 22.1, "secondi": 115}, "tratto_server_ms": {"mediana": 14.8, "max": 67.42, "ora": "16:20:30.528"}, "nascita_s": 2.73, "journal_err": 8}, "voci": {"ritardo_p95_ms": {"valore": 36.68, "classe": "GREEN", "significativo": false, "nota": "p95 dei p95 al secondo di «NOSTRO» (copia → byte fuori, 90 righe del figlio) 27.7 ms + 9 ms d'ingresso (tetto costruttivo: poll di 8 ms)"}, "saltati_pct": {"valore": 0.0, "classe": "GREEN", "significativo": false, "nota": "327 consegnati, 327 dipinti (salt 0)"}, "blocco_max_s": {"valore": 0.258, "classe": "GREEN", "significativo": false, "nota": "dall'attore (19 righe)"}, "buchi_al_min": {"valore": 0.0, "classe": "GREEN", "significativo": false, "nota": "0 buchi in 119 s"}, "caduta": {"valore": false, "classe": "GREEN", "significativo": false, "nota": "nessuna caduta, riavvio o errore che stacca"}, "nascita_s": {"valore": 2.732, "classe": "GREEN", "significativo": false, "nota": "accesso → primo fotogramma"}}, "classe": "GREEN", "ragione": "tutte le voci GREEN", "non_misurate": [], "evidenze": ["/media/REMOTIX/misure/fase16/amd-b-3k-gnome/livello-16-ripetizione/utente-15"]}
{"campagna": "amd-b-3k-gnome", "livello": 16, "desktop": "gnome", "scheda": "AMD Radeon RX 6800", "driver": "amdgpu intel-media-va-driver=25.2.3+dfsg1-1 libgl1-mesa-dri=25.0.7-2+deb13u1 libva2=2.22.0-3 mesa-va-drivers=25.0.7-2+deb13u1", "misura": "3k", "commit": "678a2da", "binario": "28a947f5", "pagina": "fb9a18f3", "nucleo": "7.0", "tetto_sessioni": 17, "inizio": "2026-09-27T15:44:28+00:00", "durata_s": 2166, "finestra": ["16:18:34", "16:20:34"], "fps_video": 30.0, "tipo": "sessione", "utente": 16, "profilo": "D", "browser": "chrome", "versione": "Chrome/154.0.8037.57 · finestra vera", "inquilino": "c16016u16", "misure": {"finestra_s": 121.1, "esperienza": {"giro_eco_p95_ms": null, "giro_eco_campioni": 0, "giro_tutti_p95_ms": null, "giro_tutti_campioni": 0}, "video_non_avanza": 0, "input_azioni": 0, "input_persi": 0, "input_latenza_p95_ms": null, "tratto": {"righe": 115, "mediana_p95_ms": 10.54, "max_campione_p95_ms": 90.48, "produttore_mediana_ms": 1.57}, "ritardo_p95_ms": 70.97, "nostro": {"righe": 115, "p95_dei_p95_ms": 61.97, "max_al_secondo_max_ms": 84.72, "max_al_secondo_p95_ms": 71.19, "mediana_ms": 7.25, "fotogrammi": 3470}, "consegnati": 3483, "dipinti": 3483, "salt": 0, "saltati_pct": 0.0, "lavoro_s": 121.1, "blocco_max_s": 4.47, "buchi": 0, "video_fps": 28.77, "audio_udibile_pct": 98.2, "rete": {"persi": 0, "byte_persi": 0, "spediti": 81651, "byte_spediti": 115385232, "ricevuti": 13042, "scartati": 0, "dgram_persi": 0, "dgram_ok": 5942, "dgram_falsi": 0, "connessioni": 1, "perdita_pct": 0.0, "mbit_s": 7.57, "srtt_ms": {"mediana": 0.37, "max": 1.61}, "pto_ms_max": 32.0, "secondi": 122}, "tratto_server_ms": {"mediana": 8.92, "max": 38.72, "ora": "16:20:34.401"}, "nascita_s": 2.75, "journal_err": 8}, "voci": {"ritardo_p95_ms": {"valore": 70.97, "classe": "DEGRADED", "significativo": false, "nota": "p95 dei p95 al secondo di «NOSTRO» (copia → byte fuori, 115 righe del figlio) 62.0 ms + 9 ms d'ingresso (tetto costruttivo: poll di 8 ms)"}, "saltati_pct": {"valore": 0.0, "classe": "GREEN", "significativo": false, "nota": "3483 consegnati, 3483 dipinti (salt 0)"}, "blocco_max_s": {"valore": 4.47, "classe": "FAIL", "significativo": true, "nota": "dall'attore (23 righe)"}, "buchi_al_min": {"valore": 0.0, "classe": "GREEN", "significativo": false, "nota": "0 buchi in 121 s"}, "video_frazione_f": {"valore": 0.959, "classe": "GREEN", "significativo": false, "nota": "28.8 dipinti/s in 121 s di video, f = 30.0"}, "audio_udibile_pct": {"valore": 98.2, "classe": "DEGRADED", "significativo": false, "nota": "5891 suonati su 5999 mandati (5891 ricevuti + 108 mancati)"}, "caduta": {"valore": false, "classe": "GREEN", "significativo": false, "nota": "nessuna caduta, riavvio o errore che stacca"}, "nascita_s": {"valore": 2.754, "classe": "GREEN", "significativo": false, "nota": "accesso → primo fotogramma"}}, "classe": "FAIL", "ragione": "FAIL blocco piu' lungo dell'immagine: 4.47 — dall'attore (23 righe) · DEGRADED ritardo input → fotogramma (p95): 70.97 — p95 dei p95 al secondo di «NOSTRO» (copia → byte fuori, 115 righe del figlio) 62.0 ms + 9 ms d'ingresso (tetto costruttivo: poll di 8 ms) · DEGRADED audio udibile: 98.2 — 5891 suonati su 5999 mandati (5891 ricevuti + 108 mancati)", "non_misurate": [], "evidenze": ["/media/REMOTIX/misure/fase16/amd-b-3k-gnome/livello-16-ripetizione/utente-16"]}
{"campagna": "amd-b-3k-gnome", "livello": 16, "desktop": "gnome", "scheda": "AMD Radeon RX 6800", "driver": "amdgpu intel-media-va-driver=25.2.3+dfsg1-1 libgl1-mesa-dri=25.0.7-2+deb13u1 libva2=2.22.0-3 mesa-va-drivers=25.0.7-2+deb13u1", "misura": "3k", "commit": "678a2da", "binario": "28a947f5", "pagina": "fb9a18f3", "nucleo": "7.0", "tetto_sessioni": 17, "inizio": "2026-09-27T15:44:28+00:00", "durata_s": 2166, "finestra": ["16:18:34", "16:20:34"], "fps_video": 30.0, "tipo": "sessione", "utente": 99, "profilo": "controllo", "browser": "firefox", "versione": "Firefox 140.16.0 · finestra vera", "inquilino": "c16016u99", "misure": {"nascita_s": 3.09, "ammissione_s": 1.23, "primo_non_degenere_s": 4.39, "sessioni_durante": 32}, "voci": {"nascita_s": {"valore": 3.09, "classe": "GREEN", "significativo": false, "nota": "accesso → primo fotogramma dipinto, a carico pieno (non degenere a 4.39 s)"}, "controllo_corto": {"valore": {"F-004": "BLOCKED", "F-007": "BLOCKED", "F-003": "FAIL", "F-014": "BLOCKED"}, "classe": "FAIL", "significativo": true, "nota": "FAIL: F-003"}}, "classe": "FAIL", "ragione": "FAIL controllo funzionale corto: FAIL: F-003", "non_misurate": [], "evidenze": ["/media/REMOTIX/misure/fase16/amd-b-3k-gnome/livello-16-ripetizione/controllo-corto"]}
→ 18 righe in /media/REMOTIX/src/controllo/banchi/16-stress/registro.jsonl
