[07:31:39:216] [111671:0001b439] [WARN][com.freerdp.client.x11] - [load_map_from_xkbfile]:     : keycode: 0x08 -> no RDP scancode found
[07:31:39:216] [111671:0001b439] [WARN][com.freerdp.client.x11] - [load_map_from_xkbfile]:     : keycode: 0x5d -> no RDP scancode found
[07:31:39:250] [111671:0001b439] [WARN][com.freerdp.core.connection] - [rdp_client_connect_auto_detect]: expected messageChannelId=1008, got 1003
[07:31:39:250] [111671:0001b439] [WARN][com.freerdp.core.license] - [license_read_binary_blob_data]: license binary blob::type BB_ERROR_BLOB, length=0, skipping.
[07:31:39:250] [111671:0001b439] [WARN][com.freerdp.core.connection] - [rdp_client_connect_auto_detect]: expected messageChannelId=1008, got 1003
On calling fusermount posix_spawn failed: No such file or directory
posix_spawn(p)() for fusermount3 failed: No such file or directory[07:31:40:851] [111671:0001b469] [WARN][com.freerdp.channels.drdynvc.client] - [check_open_close_receive]: {Microsoft::Windows::RDS::DisplayControl:2} OnOpen=(nil), OnClose=0x7f6be9bc7190
[07:31:47:637] [111671:0001b439] [WARN][com.freerdp.client.x11] - [load_map_from_xkbfile]:     : keycode: 0x08 -> no RDP scancode found
[07:31:47:637] [111671:0001b439] [WARN][com.freerdp.client.x11] - [load_map_from_xkbfile]:     : keycode: 0x5d -> no RDP scancode found
[07:31:58:088] [111671:0001b437] [ERROR][com.freerdp.utils.signal] - [term_handler]: Caught signal 'Terminated' [15]
[07:31:58:088] [111671:0001b437] [ERROR][com.freerdp.core] - [freerdp_abort_connect_context]: ERRCONNECT_CONNECT_CANCELLED [0x0002000B]
[07:31:58:092] [111671:0001b469] [WARN][com.freerdp.channels.drdynvc.client] - [check_open_close_receive]: {Microsoft::Windows::RDS::DisplayControl:2} OnOpen=(nil), OnClose=0x7f6be9bc7190
[07:31:39:256] [111671:0001b439] [INFO][com.freerdp.gdi] - [gdi_init_ex]: Local framebuffer format  PIXEL_FORMAT_BGRX32
[07:31:39:256] [111671:0001b439] [INFO][com.freerdp.gdi] - [gdi_init_ex]: Remote framebuffer format PIXEL_FORMAT_BGRA32
[07:31:39:260] [111671:0001b439] [INFO][com.freerdp.channels.rdpsnd.client] - [rdpsnd_load_device_plugin]: [static] Loaded fake backend for rdpsnd
[07:31:39:260] [111671:0001b439] [INFO][com.freerdp.channels.drdynvc.client] - [dvcman_load_addin]: Loading Dynamic Virtual Channel ainput
[07:31:39:260] [111671:0001b439] [INFO][com.freerdp.channels.drdynvc.client] - [dvcman_load_addin]: Loading Dynamic Virtual Channel rdpgfx
[07:31:39:260] [111671:0001b439] [INFO][com.freerdp.channels.drdynvc.client] - [dvcman_load_addin]: Loading Dynamic Virtual Channel disp
[07:31:39:260] [111671:0001b439] [INFO][com.freerdp.channels.drdynvc.client] - [dvcman_load_addin]: Loading Dynamic Virtual Channel rdpsnd
[07:31:40:851] [111671:0001b469] [INFO][com.freerdp.channels.rdpsnd.client] - [rdpsnd_load_device_plugin]: [dynamic] Loaded fake backend for rdpsnd
[07:31:58:088] [111671:0001b437] [INFO][com.freerdp.core] - [sig_abort_connect]: Signal Terminated [15], terminating session 0x558b57690230
[07:31:58:088] [111671:0001b439] [INFO][com.freerdp.client.common] - [client_auto_reconnect_ex]: Network disconnect!
