LIVELLO 16 · amd-b-3k-xfce-0708 · finestra 09:19:00–09:21:00 · FAIL
  utente 1   A  firefox  c16001u1       DEGRADED
      DEGRADED ritardo input → fotogramma (p95)         58.49 — p95 dei p95 al secondo di «NOSTRO» (copia → byte fuori, 29 righe del figlio) 49.5 ms + 9 ms d'ingresso (tetto costruttivo: poll di 8 ms) · ⚠ strada wlroots: la «copia» e' contata due volte (~4 ms in piu', cattura.c:2309 / figlio.c:5191) — NON corretto, e' dal lato prudente
      GREEN    fotogrammi saltati                       0.0 — 334 consegnati, 334 dipinti (salt 0)
      GREEN    blocco piu' lungo dell'immagine          0.064 — dall'attore (10 righe)
      GREEN    buchi nella catena del video             0.0 — 0 buchi in 120 s
      GREEN    caduta, riavvio, errore che stacca       nessuna caduta, riavvio o errore che stacca
      GREEN    nascita (accesso → primo fotogramma)     1.944 — accesso → primo fotogramma
  utente 2   B  chrome   c16002u2       GREEN
      GREEN    ritardo input → fotogramma (p95)         45.19 — p95 dei p95 al secondo di «NOSTRO» (copia → byte fuori, 59 righe del figlio) 36.2 ms + 9 ms d'ingresso (tetto costruttivo: poll di 8 ms) · ⚠ strada wlroots: la «copia» e' contata due volte (~4 ms in piu', cattura.c:2309 / figlio.c:5191) — NON corretto, e' dal lato prudente
      GREEN    fotogrammi saltati                       0.0 — 536 consegnati, 536 dipinti (salt 0)
      GREEN    blocco piu' lungo dell'immagine          0.042 — dall'attore (13 righe)
      GREEN    buchi nella catena del video             0.0 — 0 buchi in 123 s
      GREEN    caduta, riavvio, errore che stacca       nessuna caduta, riavvio o errore che stacca
      GREEN    nascita (accesso → primo fotogramma)     1.731 — accesso → primo fotogramma
  utente 3   C  firefox  c16003u3       DEGRADED
      DEGRADED ritardo input → fotogramma (p95)         63.55 — p95 dei p95 al secondo di «NOSTRO» (copia → byte fuori, 25 righe del figlio) 54.5 ms + 9 ms d'ingresso (tetto costruttivo: poll di 8 ms) · ⚠ strada wlroots: la «copia» e' contata due volte (~4 ms in piu', cattura.c:2309 / figlio.c:5191) — NON corretto, e' dal lato prudente
      GREEN    fotogrammi saltati                       0.0 — 128 consegnati, 128 dipinti (salt 0)
      GREEN    blocco piu' lungo dell'immagine          0.141 — dall'attore (10 righe)
      GREEN    buchi nella catena del video             0.0 — 0 buchi in 123 s
      GREEN    caduta, riavvio, errore che stacca       nessuna caduta, riavvio o errore che stacca
      GREEN    nascita (accesso → primo fotogramma)     1.699 — accesso → primo fotogramma
  utente 4   D  chrome   c16004u4       GREEN
      GREEN    ritardo input → fotogramma (p95)         41.65 — p95 dei p95 al secondo di «NOSTRO» (copia → byte fuori, 119 righe del figlio) 32.6 ms + 9 ms d'ingresso (tetto costruttivo: poll di 8 ms) · ⚠ strada wlroots: la «copia» e' contata due volte (~4 ms in piu', cattura.c:2309 / figlio.c:5191) — NON corretto, e' dal lato prudente
      GREEN    fotogrammi saltati                       0.0 — 3535 consegnati, 3535 dipinti (salt 0)
      GREEN    blocco piu' lungo dell'immagine          0.11 — dall'attore (22 righe)
      GREEN    buchi nella catena del video             0.0 — 0 buchi in 118 s
      GREEN    video: dipinti al secondo                0.999 — 30.0 dipinti/s in 118 s di video, f = 30.0
      GREEN    audio udibile                            100.0 — 6000 suonati su 6000 mandati (6000 ricevuti + 0 mancati)
      GREEN    caduta, riavvio, errore che stacca       nessuna caduta, riavvio o errore che stacca
      GREEN    nascita (accesso → primo fotogramma)     1.741 — accesso → primo fotogramma
  utente 5   A  firefox  c16005u5       GREEN
      GREEN    ritardo input → fotogramma (p95)         49.07 — p95 dei p95 al secondo di «NOSTRO» (copia → byte fuori, 35 righe del figlio) 40.1 ms + 9 ms d'ingresso (tetto costruttivo: poll di 8 ms) · ⚠ strada wlroots: la «copia» e' contata due volte (~4 ms in piu', cattura.c:2309 / figlio.c:5191) — NON corretto, e' dal lato prudente
      GREEN    fotogrammi saltati                       0.0 — 968 consegnati, 968 dipinti (salt 0)
      GREEN    blocco piu' lungo dell'immagine          0.161 — dall'attore (12 righe)
      GREEN    buchi nella catena del video             0.0 — 0 buchi in 121 s
      GREEN    caduta, riavvio, errore che stacca       nessuna caduta, riavvio o errore che stacca
      GREEN    nascita (accesso → primo fotogramma)     1.664 — accesso → primo fotogramma
  utente 6   B  chrome   c16006u6       DEGRADED
      DEGRADED ritardo input → fotogramma (p95)         59.31 — p95 dei p95 al secondo di «NOSTRO» (copia → byte fuori, 75 righe del figlio) 50.3 ms + 9 ms d'ingresso (tetto costruttivo: poll di 8 ms) · ⚠ strada wlroots: la «copia» e' contata due volte (~4 ms in piu', cattura.c:2309 / figlio.c:5191) — NON corretto, e' dal lato prudente
      GREEN    fotogrammi saltati                       0.0 — 580 consegnati, 580 dipinti (salt 0)
      GREEN    blocco piu' lungo dell'immagine          0.063 — dall'attore (18 righe)
      GREEN    buchi nella catena del video             0.0 — 0 buchi in 123 s
      GREEN    caduta, riavvio, errore che stacca       nessuna caduta, riavvio o errore che stacca
      GREEN    nascita (accesso → primo fotogramma)     1.732 — accesso → primo fotogramma
  utente 7   C  firefox  c16007u7       GREEN
      GREEN    ritardo input → fotogramma (p95)         45.04 — p95 dei p95 al secondo di «NOSTRO» (copia → byte fuori, 58 righe del figlio) 36.0 ms + 9 ms d'ingresso (tetto costruttivo: poll di 8 ms) · ⚠ strada wlroots: la «copia» e' contata due volte (~4 ms in piu', cattura.c:2309 / figlio.c:5191) — NON corretto, e' dal lato prudente
      GREEN    fotogrammi saltati                       0.0 — 206 consegnati, 206 dipinti (salt 0)
      GREEN    blocco piu' lungo dell'immagine          0.067 — dall'attore (18 righe)
      GREEN    buchi nella catena del video             0.0 — 0 buchi in 122 s
      GREEN    caduta, riavvio, errore che stacca       nessuna caduta, riavvio o errore che stacca
      GREEN    nascita (accesso → primo fotogramma)     1.696 — accesso → primo fotogramma
  utente 8   D  chrome   c16008u8       DEGRADED
      DEGRADED ritardo input → fotogramma (p95)         51.63 — p95 dei p95 al secondo di «NOSTRO» (copia → byte fuori, 118 righe del figlio) 42.6 ms + 9 ms d'ingresso (tetto costruttivo: poll di 8 ms) · ⚠ strada wlroots: la «copia» e' contata due volte (~4 ms in piu', cattura.c:2309 / figlio.c:5191) — NON corretto, e' dal lato prudente
      GREEN    fotogrammi saltati                       0.0 — 3574 consegnati, 3574 dipinti (salt 0)
      DEGRADED blocco piu' lungo dell'immagine          1.49 — dall'attore (23 righe)
      GREEN    buchi nella catena del video             0.0 — 0 buchi in 122 s
      GREEN    video: dipinti al secondo                0.979 — 29.4 dipinti/s in 122 s di video, f = 30.0
      GREEN    audio udibile                            99.667 — 5980 suonati su 6000 mandati (5980 ricevuti + 20 mancati)
      GREEN    caduta, riavvio, errore che stacca       nessuna caduta, riavvio o errore che stacca
      GREEN    nascita (accesso → primo fotogramma)     1.734 — accesso → primo fotogramma
  utente 9   A  firefox  c16009u9       GREEN
      GREEN    ritardo input → fotogramma (p95)         45.82 — p95 dei p95 al secondo di «NOSTRO» (copia → byte fuori, 68 righe del figlio) 36.8 ms + 9 ms d'ingresso (tetto costruttivo: poll di 8 ms) · ⚠ strada wlroots: la «copia» e' contata due volte (~4 ms in piu', cattura.c:2309 / figlio.c:5191) — NON corretto, e' dal lato prudente
      GREEN    fotogrammi saltati                       0.0 — 1290 consegnati, 1290 dipinti (salt 0)
      GREEN    blocco piu' lungo dell'immagine          0.139 — dall'attore (19 righe)
      GREEN    buchi nella catena del video             0.0 — 0 buchi in 123 s
      GREEN    caduta, riavvio, errore che stacca       nessuna caduta, riavvio o errore che stacca
      GREEN    nascita (accesso → primo fotogramma)     1.772 — accesso → primo fotogramma
  utente 10  B  chrome   c16010u10      DEGRADED
      DEGRADED ritardo input → fotogramma (p95)         57.78 — p95 dei p95 al secondo di «NOSTRO» (copia → byte fuori, 80 righe del figlio) 48.8 ms + 9 ms d'ingresso (tetto costruttivo: poll di 8 ms) · ⚠ strada wlroots: la «copia» e' contata due volte (~4 ms in piu', cattura.c:2309 / figlio.c:5191) — NON corretto, e' dal lato prudente
      GREEN    fotogrammi saltati                       0.0 — 691 consegnati, 691 dipinti (salt 0)
      GREEN    blocco piu' lungo dell'immagine          0.089 — dall'attore (18 righe)
      GREEN    buchi nella catena del video             0.0 — 0 buchi in 123 s
      GREEN    caduta, riavvio, errore che stacca       nessuna caduta, riavvio o errore che stacca
      GREEN    nascita (accesso → primo fotogramma)     1.725 — accesso → primo fotogramma
  utente 11  C  firefox  c16011u11      DEGRADED
      DEGRADED ritardo input → fotogramma (p95)         59.45 — p95 dei p95 al secondo di «NOSTRO» (copia → byte fuori, 35 righe del figlio) 50.5 ms + 9 ms d'ingresso (tetto costruttivo: poll di 8 ms) · ⚠ strada wlroots: la «copia» e' contata due volte (~4 ms in piu', cattura.c:2309 / figlio.c:5191) — NON corretto, e' dal lato prudente
      GREEN    fotogrammi saltati                       0.0 — 136 consegnati, 136 dipinti (salt 0)
      GREEN    blocco piu' lungo dell'immagine          0.91 — dall'attore (12 righe)
      GREEN    buchi nella catena del video             0.0 — 0 buchi in 118 s
      GREEN    caduta, riavvio, errore che stacca       nessuna caduta, riavvio o errore che stacca
      GREEN    nascita (accesso → primo fotogramma)     1.681 — accesso → primo fotogramma
  utente 12  D  chrome   c16012u12      DEGRADED
      DEGRADED ritardo input → fotogramma (p95)         52.55 — p95 dei p95 al secondo di «NOSTRO» (copia → byte fuori, 118 righe del figlio) 43.5 ms + 9 ms d'ingresso (tetto costruttivo: poll di 8 ms) · ⚠ strada wlroots: la «copia» e' contata due volte (~4 ms in piu', cattura.c:2309 / figlio.c:5191) — NON corretto, e' dal lato prudente
      GREEN    fotogrammi saltati                       0.0 — 3651 consegnati, 3651 dipinti (salt 0)
      GREEN    blocco piu' lungo dell'immagine          0.12 — dall'attore (23 righe)
      GREEN    buchi nella catena del video             0.0 — 0 buchi in 122 s
      GREEN    video: dipinti al secondo                0.994 — 29.8 dipinti/s in 122 s di video, f = 30.0
      GREEN    audio udibile                            100.0 — 6250 suonati su 6250 mandati (6250 ricevuti + 0 mancati)
      GREEN    caduta, riavvio, errore che stacca       nessuna caduta, riavvio o errore che stacca
      GREEN    nascita (accesso → primo fotogramma)     1.743 — accesso → primo fotogramma
  utente 13  A  firefox  c16013u13      GREEN
      GREEN    ritardo input → fotogramma (p95)         49.33 — p95 dei p95 al secondo di «NOSTRO» (copia → byte fuori, 38 righe del figlio) 40.3 ms + 9 ms d'ingresso (tetto costruttivo: poll di 8 ms) · ⚠ strada wlroots: la «copia» e' contata due volte (~4 ms in piu', cattura.c:2309 / figlio.c:5191) — NON corretto, e' dal lato prudente
      GREEN    fotogrammi saltati                       0.0 — 881 consegnati, 881 dipinti (salt 0)
      GREEN    blocco piu' lungo dell'immagine          0.191 — dall'attore (12 righe)
      GREEN    buchi nella catena del video             0.0 — 0 buchi in 118 s
      GREEN    caduta, riavvio, errore che stacca       nessuna caduta, riavvio o errore che stacca
      GREEN    nascita (accesso → primo fotogramma)     1.772 — accesso → primo fotogramma
  utente 14  B  chrome   c16014u14      DEGRADED
      DEGRADED ritardo input → fotogramma (p95)         57.84 — p95 dei p95 al secondo di «NOSTRO» (copia → byte fuori, 65 righe del figlio) 48.8 ms + 9 ms d'ingresso (tetto costruttivo: poll di 8 ms) · ⚠ strada wlroots: la «copia» e' contata due volte (~4 ms in piu', cattura.c:2309 / figlio.c:5191) — NON corretto, e' dal lato prudente
      GREEN    fotogrammi saltati                       0.0 — 694 consegnati, 694 dipinti (salt 0)
      GREEN    blocco piu' lungo dell'immagine          0.058 — dall'attore (15 righe)
      GREEN    buchi nella catena del video             0.0 — 0 buchi in 121 s
      GREEN    caduta, riavvio, errore che stacca       nessuna caduta, riavvio o errore che stacca
      GREEN    nascita (accesso → primo fotogramma)     1.641 — accesso → primo fotogramma
  utente 15  C  firefox  c16015u15      GREEN
      GREEN    ritardo input → fotogramma (p95)         43.09 — p95 dei p95 al secondo di «NOSTRO» (copia → byte fuori, 62 righe del figlio) 34.1 ms + 9 ms d'ingresso (tetto costruttivo: poll di 8 ms) · ⚠ strada wlroots: la «copia» e' contata due volte (~4 ms in piu', cattura.c:2309 / figlio.c:5191) — NON corretto, e' dal lato prudente
      GREEN    fotogrammi saltati                       0.0 — 241 consegnati, 241 dipinti (salt 0)
      GREEN    blocco piu' lungo dell'immagine          0.334 — dall'attore (16 righe)
      GREEN    buchi nella catena del video             0.0 — 0 buchi in 119 s
      GREEN    caduta, riavvio, errore che stacca       nessuna caduta, riavvio o errore che stacca
      GREEN    nascita (accesso → primo fotogramma)     1.803 — accesso → primo fotogramma
  utente 16  D  chrome   c16016u16      DEGRADED
      DEGRADED ritardo input → fotogramma (p95)         52.99 — p95 dei p95 al secondo di «NOSTRO» (copia → byte fuori, 119 righe del figlio) 44.0 ms + 9 ms d'ingresso (tetto costruttivo: poll di 8 ms) · ⚠ strada wlroots: la «copia» e' contata due volte (~4 ms in piu', cattura.c:2309 / figlio.c:5191) — NON corretto, e' dal lato prudente
      GREEN    fotogrammi saltati                       0.0 — 3544 consegnati, 3544 dipinti (salt 0)
      GREEN    blocco piu' lungo dell'immagine          0.1 — dall'attore (22 righe)
      GREEN    buchi nella catena del video             0.0 — 0 buchi in 119 s
      GREEN    video: dipinti al secondo                0.994 — 29.8 dipinti/s in 119 s di video, f = 30.0
      GREEN    audio udibile                            100.0 — 6001 suonati su 6001 mandati (6001 ricevuti + 0 mancati)
      GREEN    caduta, riavvio, errore che stacca       nessuna caduta, riavvio o errore che stacca
      GREEN    nascita (accesso → primo fotogramma)     1.842 — accesso → primo fotogramma
  utente 99  controllo firefox  c16016u99      FAIL
      FAIL     nascita (accesso → primo fotogramma)     la sessione del controllo non e' nata: nessun fotogramma dipinto 90 s dopo l'accesso
      DEGRADED controllo funzionale corto               NON MISURATO: non guardate: F-004, F-007, F-003, F-014
  livello  GREEN    memoria_remotix                PSS 1352 → 1355 MB in 1619 s di lavoro (08:52:01–09:19:00); seconda meta' +0.1 %/ora, +0 MB su +3 · da: inizio del lavoro + 60 s
  livello  GREEN    memoria_sessioni               PSS 6213 → 5196 MB in 1619 s di lavoro (08:52:01–09:19:00); seconda meta' -56.9 %/ora, -758 MB su -1017 · da: inizio del lavoro + 60 s
  livello  GREEN    riavvio_server                 il padre remotix e' lo stesso per tutto il livello
  livello  GREEN    entrati                        entrati 16 su 16
  risorse: cpu macchina 34.78 % (media) · mem usata 29827 MB · card0 disegno 78.12%, video 12.26%, video_enhance 0.0% · card1 disegno 10.7%, video 188.26%
{"campagna": "amd-b-3k-xfce-0708", "livello": 16, "desktop": "xfce", "scheda": "AMD Radeon RX 6800", "driver": "amdgpu intel-media-va-driver=25.2.3+dfsg1-1 libgl1-mesa-dri=25.0.7-2+deb13u1 libva2=2.22.0-3 mesa-va-drivers=25.0.7-2+deb13u1", "misura": "3k", "commit": "678a2da", "binario": "28a947f5", "pagina": "fb9a18f3", "nucleo": "7.0", "tetto_sessioni": 17, "inizio": "2026-09-28T08:44:37+00:00", "durata_s": 2183, "finestra": ["09:19:00", "09:21:00"], "fps_video": 30.0, "tipo": "livello", "utenti": 17, "sessioni": {"GREEN": 7, "DEGRADED": 9, "FAIL": 1}, "journal_err": {"righe": 645, "per_inquilino": {"c16001u1": 11, "c16002u2": 7, "c16003u3": 5, "c16004u4": 16, "c16005u5": 10, "c16006u6": 7, "c16007u7": 5, "c16008u8": 14, "c16009u9": 5, "c16010u10": 5, "c16011u11": 5, "c16012u12": 13, "c16013u13": 7, "c16014u14": 5, "c16015u15": 5, "c16016u16": 7, "c16016u99": 5}, "esempi": ["figlio  [c16001u1] ⛔ «/usr/bin/loginctl» non e' andato (stato 1)", "figlio  [c16001u1] ⛔ SENZA PALCO alla nascita: la sessione grafica di «c16001u1» non c'e' (ancora).  ⚠ NON esco — §8.3 vieta di staccare — e NON resto fermo: riprovo, la prima volta fra 1000 ms", "figlio  ⛔ il palco di «c16001u1»: bus ⛔ NO, sessione 5, presa 0, monitor «» (0 prima, 0 dopo), 0x0 stride 0 a 0 bit, 0 flussi in consegna — aspetto la tela del cliente", "figlio  [c16001u1] ⛔⛔ FIFO **NON** OTTENUTO: 3 thread su 3 del percorso audio girano a politica NORMALE (nice peggiore 0), e RLIMIT_RTPRIO = 0 — ⚠ il rlimit dice «puoi CHIEDERLA», non «ce l'hai».  `[M", "figlio  ⛔ il palco di «c16001u1»: bus APERTO, sessione 4, presa 0, monitor «» (0 prima, 0 dopo), 0x0 stride 0 a 0 bit, 0 flussi in consegna — il gestore di sessione non è ancora sul bus"], "fonte": "/media/REMOTIX/misure/fase16/amd-b-3k-xfce-0708/livello-16-ripetizione/journal-err.jsonl"}, "voci": {"memoria_remotix": {"valore": 0.223, "classe": "GREEN", "significativo": false, "nota": "PSS 1352 → 1355 MB in 1619 s di lavoro (08:52:01–09:19:00); seconda meta' +0.1 %/ora, +0 MB su +3 · da: inizio del lavoro + 60 s", "continua": false, "pendenza_pct_ora": 0.122, "tratto_s": 1619}, "memoria_sessioni": {"valore": -16.369, "classe": "GREEN", "significativo": false, "nota": "PSS 6213 → 5196 MB in 1619 s di lavoro (08:52:01–09:19:00); seconda meta' -56.9 %/ora, -758 MB su -1017 · da: inizio del lavoro + 60 s", "continua": false, "pendenza_pct_ora": -56.911, "tratto_s": 1619}, "riavvio_server": {"valore": 485661, "classe": "GREEN", "significativo": false, "nota": "il padre remotix e' lo stesso per tutto il livello"}, "entrati": {"valore": 16, "classe": "GREEN", "significativo": false, "nota": "entrati 16 su 16"}}, "risorse": {"campioni": 120, "cpu_macchina_pct": {"media": 34.78, "p95": 40.1, "max": 44.2}, "carico_1m": {"media": 6.01, "p95": 7.51, "max": 7.55}, "mem_usata_mb": {"media": 29515.93, "p95": 29805, "max": 29827}, "mem_totale_mb": 31869, "thread": {"media": 8087.37, "p95": 8189, "max": 8209}, "misuratore_cpu_s": {"media": 0.15, "p95": 0.19, "max": 0.2}, "recinti": {"remotix": {"cpu_core": {"media": 1.23, "p95": 1.4, "max": 1.51}, "pss_mb": {"media": 1357.07, "p95": 1358.3, "max": 1368.8}, "processi": {"media": 18.77, "p95": 19, "max": 19}, "gpu": {"calcolo": {"media": 0.0, "p95": 0.0, "max": 0.0}, "video": {"media": 124.66, "p95": 151.86, "max": 170.55}}}, "sessioni": {"cpu_core": {"media": 2.01, "p95": 2.62, "max": 3.21}, "pss_mb": {"media": 4819.34, "p95": 4980.5, "max": 5198.6}, "processi": {"media": 365.88, "p95": 368, "max": 369}, "gpu": {"calcolo": {"media": 0.01, "p95": 0.03, "max": 0.06}, "disegno": {"media": 10.7, "p95": 12.93, "max": 14.57}, "video": {"media": 63.6, "p95": 69.52, "max": 78.9}}}, "browser": {"cpu_core": {"media": 2.43, "p95": 2.97, "max": 3.48}, "pss_mb": {"media": 7598.04, "p95": 7724.1, "max": 7746.7}, "processi": {"media": 187.93, "p95": 190, "max": 190}, "gpu": {"copia": {"media": 0.0, "p95": 0.0, "max": 0.0}, "disegno": {"media": 62.91, "p95": 77.25, "max": 80.08}, "video": {"media": 12.26, "p95": 15.13, "max": 16.86}, "video_enhance": {"media": 0.0, "p95": 0.0, "max": 0.0}}}, "altro_scatola": {"cpu_core": {"media": 0.04, "p95": 0.06, "max": 0.15}, "pss_mb": {"media": 196.26, "p95": 232.9, "max": 233.0}, "processi": {"media": 24.01, "p95": 24, "max": 25}, "gpu": {}}, "labwc_cliente": {"cpu_core": {"media": 0.1, "p95": 0.15, "max": 0.19}, "pss_mb": {"media": 170.6, "p95": 172.6, "max": 173.3}, "processi": {"media": 17.0, "p95": 17, "max": 17}, "gpu": {"copia": {"media": 0.0, "p95": 0.0, "max": 0.0}, "disegno": {"media": 15.21, "p95": 17.66, "max": 18.95}, "video": {"media": 0.0, "p95": 0.0, "max": 0.0}, "video_enhance": {"media": 0.0, "p95": 0.0, "max": 0.0}}}}, "gpu": {"0000:00:02.0": {"scheda": "card0", "driver": "i915", "copia": {"media": 0.0, "p95": 0.0, "max": 0.0}, "disegno": {"media": 78.12, "p95": 94.61, "max": 98.96}, "video": {"media": 12.26, "p95": 15.13, "max": 16.86}, "video_enhance": {"media": 0.0, "p95": 0.0, "max": 0.0}, "freq_att_mhz": {"media": 1170.0, "p95": 1550.0, "max": 1550.0}, "freq_mhz": {"media": 1519.18, "p95": 1550.0, "max": 1550.0}, "temp_c": {"media": 55.84, "p95": 59.0, "max": 61.0}, "potenza_w": {"media": 4.99, "p95": 6.41, "max": 6.7}, "vram_usata_mb": null, "occupata_pct": null, "strozzatura_frazione": {"pl4": 0.31}}, "0000:03:00.0": {"scheda": "card1", "driver": "amdgpu", "calcolo": {"media": 0.01, "p95": 0.03, "max": 0.06}, "disegno": {"media": 10.7, "p95": 12.93, "max": 14.57}, "video": {"media": 188.26, "p95": 215.88, "max": 243.89}, "freq_att_mhz": {"media": 1160.0, "p95": 1600.0, "max": 1600.0}, "freq_mhz": {"media": 206.06, "p95": 792.0, "max": 975.0}, "temp_c": {"media": 56.08, "p95": 65.0, "max": 65.0}, "potenza_w": {"media": 54.18, "p95": 59.0, "max": 62.0}, "vram_usata_mb": {"media": 6019.45, "p95": 6040.3, "max": 6079.7}, "occupata_pct": {"media": 10.32, "p95": 20.0, "max": 35.0}, "strozzatura_frazione": {}}}, "avvisi": ["⚠ PSS illeggibile per 1 processi (non si e' root?)"]}, "classe": "FAIL", "significativo": true, "ragione": "7 GREEN · 9 DEGRADED · 1 FAIL", "evidenze": ["/media/REMOTIX/misure/fase16/amd-b-3k-xfce-0708/livello-16-ripetizione"]}
{"campagna": "amd-b-3k-xfce-0708", "livello": 16, "desktop": "xfce", "scheda": "AMD Radeon RX 6800", "driver": "amdgpu intel-media-va-driver=25.2.3+dfsg1-1 libgl1-mesa-dri=25.0.7-2+deb13u1 libva2=2.22.0-3 mesa-va-drivers=25.0.7-2+deb13u1", "misura": "3k", "commit": "678a2da", "binario": "28a947f5", "pagina": "fb9a18f3", "nucleo": "7.0", "tetto_sessioni": 17, "inizio": "2026-09-28T08:44:37+00:00", "durata_s": 2183, "finestra": ["09:19:00", "09:21:00"], "fps_video": 30.0, "tipo": "sessione", "utente": 1, "profilo": "A", "browser": "firefox", "versione": "Firefox 140.16.0 · finestra vera", "inquilino": "c16001u1", "misure": {"finestra_s": 119.7, "esperienza": {"giro_eco_p95_ms": 66.5, "giro_eco_campioni": 54, "giro_tutti_p95_ms": 66.5, "giro_tutti_campioni": 113}, "video_non_avanza": 0, "input_azioni": 6, "input_persi": 0, "input_latenza_p95_ms": 208, "tratto": {"righe": 29, "mediana_p95_ms": 28.76, "max_campione_p95_ms": 68.28, "produttore_mediana_ms": 0.0}, "ritardo_p95_ms": 58.49, "nostro": {"righe": 29, "p95_dei_p95_ms": 49.49, "max_al_secondo_max_ms": 50.67, "max_al_secondo_p95_ms": 49.49, "mediana_ms": 20.67, "fotogrammi": 324}, "consegnati": 334, "dipinti": 334, "salt": 0, "saltati_pct": 0.0, "lavoro_s": 54.6, "blocco_max_s": 0.064, "buchi": 0, "rete": {"persi": 0, "byte_persi": 0, "spediti": 1076, "byte_spediti": 1084768, "ricevuti": 588, "scartati": 0, "dgram_persi": 0, "dgram_ok": 0, "dgram_falsi": 0, "connessioni": 1, "perdita_pct": 0.0, "mbit_s": 0.07, "srtt_ms": {"mediana": 0.19, "max": 0.28}, "pto_ms_max": 21.3, "secondi": 117}, "tratto_server_ms": {"mediana": 27.08, "max": 68.28, "ora": "09:20:59.993"}, "nascita_s": 1.94, "journal_err": 11}, "voci": {"ritardo_p95_ms": {"valore": 58.49, "classe": "DEGRADED", "significativo": false, "nota": "p95 dei p95 al secondo di «NOSTRO» (copia → byte fuori, 29 righe del figlio) 49.5 ms + 9 ms d'ingresso (tetto costruttivo: poll di 8 ms) · ⚠ strada wlroots: la «copia» e' contata due volte (~4 ms in piu', cattura.c:2309 / figlio.c:5191) — NON corretto, e' dal lato prudente"}, "saltati_pct": {"valore": 0.0, "classe": "GREEN", "significativo": false, "nota": "334 consegnati, 334 dipinti (salt 0)"}, "blocco_max_s": {"valore": 0.064, "classe": "GREEN", "significativo": false, "nota": "dall'attore (10 righe)"}, "buchi_al_min": {"valore": 0.0, "classe": "GREEN", "significativo": false, "nota": "0 buchi in 120 s"}, "caduta": {"valore": false, "classe": "GREEN", "significativo": false, "nota": "nessuna caduta, riavvio o errore che stacca"}, "nascita_s": {"valore": 1.944, "classe": "GREEN", "significativo": false, "nota": "accesso → primo fotogramma"}}, "classe": "DEGRADED", "ragione": "DEGRADED ritardo input → fotogramma (p95): 58.49 — p95 dei p95 al secondo di «NOSTRO» (copia → byte fuori, 29 righe del figlio) 49.5 ms + 9 ms d'ingresso (tetto costruttivo: poll di 8 ms) · ⚠ strada wlroots: la «copia» e' contata due volte (~4 ms in piu', cattura.c:2309 / figlio.c:5191) — NON corretto, e' dal lato prudente", "non_misurate": [], "evidenze": ["/media/REMOTIX/misure/fase16/amd-b-3k-xfce-0708/livello-16-ripetizione/utente-01"]}
{"campagna": "amd-b-3k-xfce-0708", "livello": 16, "desktop": "xfce", "scheda": "AMD Radeon RX 6800", "driver": "amdgpu intel-media-va-driver=25.2.3+dfsg1-1 libgl1-mesa-dri=25.0.7-2+deb13u1 libva2=2.22.0-3 mesa-va-drivers=25.0.7-2+deb13u1", "misura": "3k", "commit": "678a2da", "binario": "28a947f5", "pagina": "fb9a18f3", "nucleo": "7.0", "tetto_sessioni": 17, "inizio": "2026-09-28T08:44:37+00:00", "durata_s": 2183, "finestra": ["09:19:00", "09:21:00"], "fps_video": 30.0, "tipo": "sessione", "utente": 2, "profilo": "B", "browser": "chrome", "versione": "Chrome/154.0.8037.57 · finestra vera", "inquilino": "c16002u2", "misure": {"finestra_s": 123.0, "esperienza": {"giro_eco_p95_ms": 30.8, "giro_eco_campioni": 135, "giro_tutti_p95_ms": 36.3, "giro_tutti_campioni": 218}, "video_non_avanza": 0, "input_azioni": 3, "input_persi": 0, "input_latenza_p95_ms": 3951, "tratto": {"righe": 59, "mediana_p95_ms": 14.8, "max_campione_p95_ms": 42.31, "produttore_mediana_ms": 0.0}, "ritardo_p95_ms": 45.19, "nostro": {"righe": 59, "p95_dei_p95_ms": 36.19, "max_al_secondo_max_ms": 42.31, "max_al_secondo_p95_ms": 36.19, "mediana_ms": 15.61, "fotogrammi": 531}, "consegnati": 536, "dipinti": 536, "salt": 0, "saltati_pct": 0.0, "lavoro_s": 77.1, "blocco_max_s": 0.042, "buchi": 0, "rete": {"persi": 0, "byte_persi": 0, "spediti": 1008, "byte_spediti": 1124168, "ricevuti": 823, "scartati": 0, "dgram_persi": 0, "dgram_ok": 0, "dgram_falsi": 0, "connessioni": 1, "perdita_pct": 0.0, "mbit_s": 0.07, "srtt_ms": {"mediana": 0.78, "max": 1.32}, "pto_ms_max": 28.8, "secondi": 120}, "tratto_server_ms": {"mediana": 14.26, "max": 42.31, "ora": "09:21:00.957"}, "nascita_s": 1.73, "journal_err": 7}, "voci": {"ritardo_p95_ms": {"valore": 45.19, "classe": "GREEN", "significativo": false, "nota": "p95 dei p95 al secondo di «NOSTRO» (copia → byte fuori, 59 righe del figlio) 36.2 ms + 9 ms d'ingresso (tetto costruttivo: poll di 8 ms) · ⚠ strada wlroots: la «copia» e' contata due volte (~4 ms in piu', cattura.c:2309 / figlio.c:5191) — NON corretto, e' dal lato prudente"}, "saltati_pct": {"valore": 0.0, "classe": "GREEN", "significativo": false, "nota": "536 consegnati, 536 dipinti (salt 0)"}, "blocco_max_s": {"valore": 0.042, "classe": "GREEN", "significativo": false, "nota": "dall'attore (13 righe)"}, "buchi_al_min": {"valore": 0.0, "classe": "GREEN", "significativo": false, "nota": "0 buchi in 123 s"}, "caduta": {"valore": false, "classe": "GREEN", "significativo": false, "nota": "nessuna caduta, riavvio o errore che stacca"}, "nascita_s": {"valore": 1.731, "classe": "GREEN", "significativo": false, "nota": "accesso → primo fotogramma"}}, "classe": "GREEN", "ragione": "tutte le voci GREEN", "non_misurate": [], "evidenze": ["/media/REMOTIX/misure/fase16/amd-b-3k-xfce-0708/livello-16-ripetizione/utente-02"]}
{"campagna": "amd-b-3k-xfce-0708", "livello": 16, "desktop": "xfce", "scheda": "AMD Radeon RX 6800", "driver": "amdgpu intel-media-va-driver=25.2.3+dfsg1-1 libgl1-mesa-dri=25.0.7-2+deb13u1 libva2=2.22.0-3 mesa-va-drivers=25.0.7-2+deb13u1", "misura": "3k", "commit": "678a2da", "binario": "28a947f5", "pagina": "fb9a18f3", "nucleo": "7.0", "tetto_sessioni": 17, "inizio": "2026-09-28T08:44:37+00:00", "durata_s": 2183, "finestra": ["09:19:00", "09:21:00"], "fps_video": 30.0, "tipo": "sessione", "utente": 3, "profilo": "C", "browser": "firefox", "versione": "Firefox 140.16.0 · finestra vera", "inquilino": "c16003u3", "misure": {"finestra_s": 123.2, "esperienza": {"giro_eco_p95_ms": 65.4, "giro_eco_campioni": 83, "giro_tutti_p95_ms": 68.9, "giro_tutti_campioni": 112}, "video_non_avanza": 0, "input_azioni": 4, "input_persi": 0, "input_latenza_p95_ms": 31, "tratto": {"righe": 25, "mediana_p95_ms": 22.86, "max_campione_p95_ms": 67.5, "produttore_mediana_ms": 0.0}, "ritardo_p95_ms": 63.55, "nostro": {"righe": 25, "p95_dei_p95_ms": 54.55, "max_al_secondo_max_ms": 56.01, "max_al_secondo_p95_ms": 54.55, "mediana_ms": 26.72, "fotogrammi": 126}, "consegnati": 128, "dipinti": 128, "salt": 0, "saltati_pct": 0.0, "lavoro_s": 52.8, "blocco_max_s": 0.141, "buchi": 0, "rete": {"persi": 0, "byte_persi": 0, "spediti": 4103, "byte_spediti": 5222292, "ricevuti": 378, "scartati": 0, "dgram_persi": 0, "dgram_ok": 0, "dgram_falsi": 0, "connessioni": 1, "perdita_pct": 0.0, "mbit_s": 0.36, "srtt_ms": {"mediana": 0.18, "max": 0.43}, "pto_ms_max": 22.0, "secondi": 117}, "tratto_server_ms": {"mediana": 22.83, "max": 67.5, "ora": "09:21:01.522"}, "nascita_s": 1.7, "journal_err": 5}, "voci": {"ritardo_p95_ms": {"valore": 63.55, "classe": "DEGRADED", "significativo": false, "nota": "p95 dei p95 al secondo di «NOSTRO» (copia → byte fuori, 25 righe del figlio) 54.5 ms + 9 ms d'ingresso (tetto costruttivo: poll di 8 ms) · ⚠ strada wlroots: la «copia» e' contata due volte (~4 ms in piu', cattura.c:2309 / figlio.c:5191) — NON corretto, e' dal lato prudente"}, "saltati_pct": {"valore": 0.0, "classe": "GREEN", "significativo": false, "nota": "128 consegnati, 128 dipinti (salt 0)"}, "blocco_max_s": {"valore": 0.141, "classe": "GREEN", "significativo": false, "nota": "dall'attore (10 righe)"}, "buchi_al_min": {"valore": 0.0, "classe": "GREEN", "significativo": false, "nota": "0 buchi in 123 s"}, "caduta": {"valore": false, "classe": "GREEN", "significativo": false, "nota": "nessuna caduta, riavvio o errore che stacca"}, "nascita_s": {"valore": 1.699, "classe": "GREEN", "significativo": false, "nota": "accesso → primo fotogramma"}}, "classe": "DEGRADED", "ragione": "DEGRADED ritardo input → fotogramma (p95): 63.55 — p95 dei p95 al secondo di «NOSTRO» (copia → byte fuori, 25 righe del figlio) 54.5 ms + 9 ms d'ingresso (tetto costruttivo: poll di 8 ms) · ⚠ strada wlroots: la «copia» e' contata due volte (~4 ms in piu', cattura.c:2309 / figlio.c:5191) — NON corretto, e' dal lato prudente", "non_misurate": [], "evidenze": ["/media/REMOTIX/misure/fase16/amd-b-3k-xfce-0708/livello-16-ripetizione/utente-03"]}
{"campagna": "amd-b-3k-xfce-0708", "livello": 16, "desktop": "xfce", "scheda": "AMD Radeon RX 6800", "driver": "amdgpu intel-media-va-driver=25.2.3+dfsg1-1 libgl1-mesa-dri=25.0.7-2+deb13u1 libva2=2.22.0-3 mesa-va-drivers=25.0.7-2+deb13u1", "misura": "3k", "commit": "678a2da", "binario": "28a947f5", "pagina": "fb9a18f3", "nucleo": "7.0", "tetto_sessioni": 17, "inizio": "2026-09-28T08:44:37+00:00", "durata_s": 2183, "finestra": ["09:19:00", "09:21:00"], "fps_video": 30.0, "tipo": "sessione", "utente": 4, "profilo": "D", "browser": "chrome", "versione": "Chrome/154.0.8037.57 · finestra vera", "inquilino": "c16004u4", "misure": {"finestra_s": 117.9, "esperienza": {"giro_eco_p95_ms": null, "giro_eco_campioni": 0, "giro_tutti_p95_ms": null, "giro_tutti_campioni": 0}, "video_non_avanza": 0, "input_azioni": 0, "input_persi": 0, "input_latenza_p95_ms": null, "tratto": {"righe": 119, "mediana_p95_ms": 10.84, "max_campione_p95_ms": 51.33, "produttore_mediana_ms": 0.0}, "ritardo_p95_ms": 41.65, "nostro": {"righe": 119, "p95_dei_p95_ms": 32.65, "max_al_secondo_max_ms": 51.33, "max_al_secondo_p95_ms": 38.97, "mediana_ms": 9.65, "fotogrammi": 3634}, "consegnati": 3535, "dipinti": 3535, "salt": 0, "saltati_pct": 0.0, "lavoro_s": 117.9, "blocco_max_s": 0.11, "buchi": 0, "video_fps": 29.978, "audio_udibile_pct": 100.0, "rete": {"persi": 0, "byte_persi": 0, "spediti": 47775, "byte_spediti": 67279068, "ricevuti": 10211, "scartati": 0, "dgram_persi": 0, "dgram_ok": 6005, "dgram_falsi": 0, "connessioni": 1, "perdita_pct": 0.0, "mbit_s": 4.44, "srtt_ms": {"mediana": 0.32, "max": 1.84}, "pto_ms_max": 29.5, "secondi": 121}, "tratto_server_ms": {"mediana": 10.32, "max": 35.47, "ora": "09:21:00.984"}, "nascita_s": 1.74, "journal_err": 16}, "voci": {"ritardo_p95_ms": {"valore": 41.65, "classe": "GREEN", "significativo": false, "nota": "p95 dei p95 al secondo di «NOSTRO» (copia → byte fuori, 119 righe del figlio) 32.6 ms + 9 ms d'ingresso (tetto costruttivo: poll di 8 ms) · ⚠ strada wlroots: la «copia» e' contata due volte (~4 ms in piu', cattura.c:2309 / figlio.c:5191) — NON corretto, e' dal lato prudente"}, "saltati_pct": {"valore": 0.0, "classe": "GREEN", "significativo": false, "nota": "3535 consegnati, 3535 dipinti (salt 0)"}, "blocco_max_s": {"valore": 0.11, "classe": "GREEN", "significativo": false, "nota": "dall'attore (22 righe)"}, "buchi_al_min": {"valore": 0.0, "classe": "GREEN", "significativo": false, "nota": "0 buchi in 118 s"}, "video_frazione_f": {"valore": 0.999, "classe": "GREEN", "significativo": false, "nota": "30.0 dipinti/s in 118 s di video, f = 30.0"}, "audio_udibile_pct": {"valore": 100.0, "classe": "GREEN", "significativo": false, "nota": "6000 suonati su 6000 mandati (6000 ricevuti + 0 mancati)"}, "caduta": {"valore": false, "classe": "GREEN", "significativo": false, "nota": "nessuna caduta, riavvio o errore che stacca"}, "nascita_s": {"valore": 1.741, "classe": "GREEN", "significativo": false, "nota": "accesso → primo fotogramma"}}, "classe": "GREEN", "ragione": "tutte le voci GREEN", "non_misurate": [], "evidenze": ["/media/REMOTIX/misure/fase16/amd-b-3k-xfce-0708/livello-16-ripetizione/utente-04"]}
{"campagna": "amd-b-3k-xfce-0708", "livello": 16, "desktop": "xfce", "scheda": "AMD Radeon RX 6800", "driver": "amdgpu intel-media-va-driver=25.2.3+dfsg1-1 libgl1-mesa-dri=25.0.7-2+deb13u1 libva2=2.22.0-3 mesa-va-drivers=25.0.7-2+deb13u1", "misura": "3k", "commit": "678a2da", "binario": "28a947f5", "pagina": "fb9a18f3", "nucleo": "7.0", "tetto_sessioni": 17, "inizio": "2026-09-28T08:44:37+00:00", "durata_s": 2183, "finestra": ["09:19:00", "09:21:00"], "fps_video": 30.0, "tipo": "sessione", "utente": 5, "profilo": "A", "browser": "firefox", "versione": "Firefox 140.16.0 · finestra vera", "inquilino": "c16005u5", "misure": {"finestra_s": 120.6, "esperienza": {"giro_eco_p95_ms": 63.4, "giro_eco_campioni": 39, "giro_tutti_p95_ms": 56, "giro_tutti_campioni": 169}, "video_non_avanza": 0, "input_azioni": 12, "input_persi": 0, "input_latenza_p95_ms": 192, "tratto": {"righe": 35, "mediana_p95_ms": 15.34, "max_campione_p95_ms": 44.02, "produttore_mediana_ms": 0.0}, "ritardo_p95_ms": 49.07, "nostro": {"righe": 35, "p95_dei_p95_ms": 40.07, "max_al_secondo_max_ms": 44.02, "max_al_secondo_p95_ms": 42.67, "mediana_ms": 15.3, "fotogrammi": 971}, "consegnati": 968, "dipinti": 968, "salt": 0, "saltati_pct": 0.0, "lavoro_s": 65.3, "blocco_max_s": 0.161, "buchi": 0, "rete": {"persi": 0, "byte_persi": 0, "spediti": 7116, "byte_spediti": 8892524, "ricevuti": 1356, "scartati": 0, "dgram_persi": 0, "dgram_ok": 0, "dgram_falsi": 0, "connessioni": 1, "perdita_pct": 0.0, "mbit_s": 0.61, "srtt_ms": {"mediana": 0.19, "max": 0.48}, "pto_ms_max": 22.0, "secondi": 117}, "tratto_server_ms": {"mediana": 15.01, "max": 44.02, "ora": "09:20:57.442"}, "nascita_s": 1.66, "journal_err": 10}, "voci": {"ritardo_p95_ms": {"valore": 49.07, "classe": "GREEN", "significativo": false, "nota": "p95 dei p95 al secondo di «NOSTRO» (copia → byte fuori, 35 righe del figlio) 40.1 ms + 9 ms d'ingresso (tetto costruttivo: poll di 8 ms) · ⚠ strada wlroots: la «copia» e' contata due volte (~4 ms in piu', cattura.c:2309 / figlio.c:5191) — NON corretto, e' dal lato prudente"}, "saltati_pct": {"valore": 0.0, "classe": "GREEN", "significativo": false, "nota": "968 consegnati, 968 dipinti (salt 0)"}, "blocco_max_s": {"valore": 0.161, "classe": "GREEN", "significativo": false, "nota": "dall'attore (12 righe)"}, "buchi_al_min": {"valore": 0.0, "classe": "GREEN", "significativo": false, "nota": "0 buchi in 121 s"}, "caduta": {"valore": false, "classe": "GREEN", "significativo": false, "nota": "nessuna caduta, riavvio o errore che stacca"}, "nascita_s": {"valore": 1.664, "classe": "GREEN", "significativo": false, "nota": "accesso → primo fotogramma"}}, "classe": "GREEN", "ragione": "tutte le voci GREEN", "non_misurate": [], "evidenze": ["/media/REMOTIX/misure/fase16/amd-b-3k-xfce-0708/livello-16-ripetizione/utente-05"]}
{"campagna": "amd-b-3k-xfce-0708", "livello": 16, "desktop": "xfce", "scheda": "AMD Radeon RX 6800", "driver": "amdgpu intel-media-va-driver=25.2.3+dfsg1-1 libgl1-mesa-dri=25.0.7-2+deb13u1 libva2=2.22.0-3 mesa-va-drivers=25.0.7-2+deb13u1", "misura": "3k", "commit": "678a2da", "binario": "28a947f5", "pagina": "fb9a18f3", "nucleo": "7.0", "tetto_sessioni": 17, "inizio": "2026-09-28T08:44:37+00:00", "durata_s": 2183, "finestra": ["09:19:00", "09:21:00"], "fps_video": 30.0, "tipo": "sessione", "utente": 6, "profilo": "B", "browser": "chrome", "versione": "Chrome/154.0.8037.57 · finestra vera", "inquilino": "c16006u6", "misure": {"finestra_s": 122.8, "esperienza": {"giro_eco_p95_ms": 39.2, "giro_eco_campioni": 210, "giro_tutti_p95_ms": 56.2, "giro_tutti_campioni": 283}, "video_non_avanza": 0, "input_azioni": 5, "input_persi": 0, "input_latenza_p95_ms": 3826, "tratto": {"righe": 75, "mediana_p95_ms": 24.62, "max_campione_p95_ms": 54.59, "produttore_mediana_ms": 0.0}, "ritardo_p95_ms": 59.31, "nostro": {"righe": 75, "p95_dei_p95_ms": 50.31, "max_al_secondo_max_ms": 53.83, "max_al_secondo_p95_ms": 50.31, "mediana_ms": 23.73, "fotogrammi": 575}, "consegnati": 580, "dipinti": 580, "salt": 0, "saltati_pct": 0.0, "lavoro_s": 102.1, "blocco_max_s": 0.063, "buchi": 0, "rete": {"persi": 0, "byte_persi": 0, "spediti": 1170, "byte_spediti": 1242328, "ricevuti": 964, "scartati": 0, "dgram_persi": 0, "dgram_ok": 0, "dgram_falsi": 0, "connessioni": 1, "perdita_pct": 0.0, "mbit_s": 0.08, "srtt_ms": {"mediana": 0.38, "max": 0.62}, "pto_ms_max": 28.1, "secondi": 117}, "tratto_server_ms": {"mediana": 22.25, "max": 53.74, "ora": "09:21:00.694"}, "nascita_s": 1.73, "journal_err": 7}, "voci": {"ritardo_p95_ms": {"valore": 59.31, "classe": "DEGRADED", "significativo": false, "nota": "p95 dei p95 al secondo di «NOSTRO» (copia → byte fuori, 75 righe del figlio) 50.3 ms + 9 ms d'ingresso (tetto costruttivo: poll di 8 ms) · ⚠ strada wlroots: la «copia» e' contata due volte (~4 ms in piu', cattura.c:2309 / figlio.c:5191) — NON corretto, e' dal lato prudente"}, "saltati_pct": {"valore": 0.0, "classe": "GREEN", "significativo": false, "nota": "580 consegnati, 580 dipinti (salt 0)"}, "blocco_max_s": {"valore": 0.063, "classe": "GREEN", "significativo": false, "nota": "dall'attore (18 righe)"}, "buchi_al_min": {"valore": 0.0, "classe": "GREEN", "significativo": false, "nota": "0 buchi in 123 s"}, "caduta": {"valore": false, "classe": "GREEN", "significativo": false, "nota": "nessuna caduta, riavvio o errore che stacca"}, "nascita_s": {"valore": 1.732, "classe": "GREEN", "significativo": false, "nota": "accesso → primo fotogramma"}}, "classe": "DEGRADED", "ragione": "DEGRADED ritardo input → fotogramma (p95): 59.31 — p95 dei p95 al secondo di «NOSTRO» (copia → byte fuori, 75 righe del figlio) 50.3 ms + 9 ms d'ingresso (tetto costruttivo: poll di 8 ms) · ⚠ strada wlroots: la «copia» e' contata due volte (~4 ms in piu', cattura.c:2309 / figlio.c:5191) — NON corretto, e' dal lato prudente", "non_misurate": [], "evidenze": ["/media/REMOTIX/misure/fase16/amd-b-3k-xfce-0708/livello-16-ripetizione/utente-06"]}
{"campagna": "amd-b-3k-xfce-0708", "livello": 16, "desktop": "xfce", "scheda": "AMD Radeon RX 6800", "driver": "amdgpu intel-media-va-driver=25.2.3+dfsg1-1 libgl1-mesa-dri=25.0.7-2+deb13u1 libva2=2.22.0-3 mesa-va-drivers=25.0.7-2+deb13u1", "misura": "3k", "commit": "678a2da", "binario": "28a947f5", "pagina": "fb9a18f3", "nucleo": "7.0", "tetto_sessioni": 17, "inizio": "2026-09-28T08:44:37+00:00", "durata_s": 2183, "finestra": ["09:19:00", "09:21:00"], "fps_video": 30.0, "tipo": "sessione", "utente": 7, "profilo": "C", "browser": "firefox", "versione": "Firefox 140.16.0 · finestra vera", "inquilino": "c16007u7", "misure": {"finestra_s": 122.3, "esperienza": {"giro_eco_p95_ms": 49.6, "giro_eco_campioni": 200, "giro_tutti_p95_ms": 50.8, "giro_tutti_campioni": 193}, "video_non_avanza": 0, "input_azioni": 9, "input_persi": 0, "input_latenza_p95_ms": 26, "tratto": {"righe": 58, "mediana_p95_ms": 16.19, "max_campione_p95_ms": 54.05, "produttore_mediana_ms": 0.0}, "ritardo_p95_ms": 45.04, "nostro": {"righe": 58, "p95_dei_p95_ms": 36.04, "max_al_secondo_max_ms": 54.05, "max_al_secondo_p95_ms": 36.04, "mediana_ms": 17.95, "fotogrammi": 202}, "consegnati": 206, "dipinti": 206, "salt": 0, "saltati_pct": 0.0, "lavoro_s": 102.2, "blocco_max_s": 0.067, "buchi": 0, "rete": {"persi": 0, "byte_persi": 0, "spediti": 2097, "byte_spediti": 2708840, "ricevuti": 619, "scartati": 0, "dgram_persi": 0, "dgram_ok": 0, "dgram_falsi": 0, "connessioni": 1, "perdita_pct": 0.0, "mbit_s": 0.18, "srtt_ms": {"mediana": 0.17, "max": 0.42}, "pto_ms_max": 22.9, "secondi": 120}, "tratto_server_ms": {"mediana": 16.08, "max": 54.05, "ora": "09:21:00.225"}, "nascita_s": 1.7, "journal_err": 5}, "voci": {"ritardo_p95_ms": {"valore": 45.04, "classe": "GREEN", "significativo": false, "nota": "p95 dei p95 al secondo di «NOSTRO» (copia → byte fuori, 58 righe del figlio) 36.0 ms + 9 ms d'ingresso (tetto costruttivo: poll di 8 ms) · ⚠ strada wlroots: la «copia» e' contata due volte (~4 ms in piu', cattura.c:2309 / figlio.c:5191) — NON corretto, e' dal lato prudente"}, "saltati_pct": {"valore": 0.0, "classe": "GREEN", "significativo": false, "nota": "206 consegnati, 206 dipinti (salt 0)"}, "blocco_max_s": {"valore": 0.067, "classe": "GREEN", "significativo": false, "nota": "dall'attore (18 righe)"}, "buchi_al_min": {"valore": 0.0, "classe": "GREEN", "significativo": false, "nota": "0 buchi in 122 s"}, "caduta": {"valore": false, "classe": "GREEN", "significativo": false, "nota": "nessuna caduta, riavvio o errore che stacca"}, "nascita_s": {"valore": 1.696, "classe": "GREEN", "significativo": false, "nota": "accesso → primo fotogramma"}}, "classe": "GREEN", "ragione": "tutte le voci GREEN", "non_misurate": [], "evidenze": ["/media/REMOTIX/misure/fase16/amd-b-3k-xfce-0708/livello-16-ripetizione/utente-07"]}
{"campagna": "amd-b-3k-xfce-0708", "livello": 16, "desktop": "xfce", "scheda": "AMD Radeon RX 6800", "driver": "amdgpu intel-media-va-driver=25.2.3+dfsg1-1 libgl1-mesa-dri=25.0.7-2+deb13u1 libva2=2.22.0-3 mesa-va-drivers=25.0.7-2+deb13u1", "misura": "3k", "commit": "678a2da", "binario": "28a947f5", "pagina": "fb9a18f3", "nucleo": "7.0", "tetto_sessioni": 17, "inizio": "2026-09-28T08:44:37+00:00", "durata_s": 2183, "finestra": ["09:19:00", "09:21:00"], "fps_video": 30.0, "tipo": "sessione", "utente": 8, "profilo": "D", "browser": "chrome", "versione": "Chrome/154.0.8037.57 · finestra vera", "inquilino": "c16008u8", "misure": {"finestra_s": 121.7, "esperienza": {"giro_eco_p95_ms": null, "giro_eco_campioni": 0, "giro_tutti_p95_ms": null, "giro_tutti_campioni": 0}, "video_non_avanza": 0, "input_azioni": 0, "input_persi": 0, "input_latenza_p95_ms": null, "tratto": {"righe": 118, "mediana_p95_ms": 20.57, "max_campione_p95_ms": 74.71, "produttore_mediana_ms": 0.0}, "ritardo_p95_ms": 51.63, "nostro": {"righe": 118, "p95_dei_p95_ms": 42.63, "max_al_secondo_max_ms": 60.01, "max_al_secondo_p95_ms": 49.54, "mediana_ms": 16.84, "fotogrammi": 3548}, "consegnati": 3574, "dipinti": 3574, "salt": 0, "saltati_pct": 0.0, "lavoro_s": 121.7, "blocco_max_s": 1.49, "buchi": 0, "video_fps": 29.359, "audio_udibile_pct": 99.667, "rete": {"persi": 0, "byte_persi": 0, "spediti": 70894, "byte_spediti": 99341196, "ricevuti": 11865, "scartati": 0, "dgram_persi": 0, "dgram_ok": 5930, "dgram_falsi": 0, "connessioni": 1, "perdita_pct": 0.0, "mbit_s": 6.62, "srtt_ms": {"mediana": 0.32, "max": 1.2}, "pto_ms_max": 30.1, "secondi": 120}, "tratto_server_ms": {"mediana": 13.65, "max": 48.16, "ora": "09:21:01.183"}, "nascita_s": 1.73, "journal_err": 14}, "voci": {"ritardo_p95_ms": {"valore": 51.63, "classe": "DEGRADED", "significativo": false, "nota": "p95 dei p95 al secondo di «NOSTRO» (copia → byte fuori, 118 righe del figlio) 42.6 ms + 9 ms d'ingresso (tetto costruttivo: poll di 8 ms) · ⚠ strada wlroots: la «copia» e' contata due volte (~4 ms in piu', cattura.c:2309 / figlio.c:5191) — NON corretto, e' dal lato prudente"}, "saltati_pct": {"valore": 0.0, "classe": "GREEN", "significativo": false, "nota": "3574 consegnati, 3574 dipinti (salt 0)"}, "blocco_max_s": {"valore": 1.49, "classe": "DEGRADED", "significativo": false, "nota": "dall'attore (23 righe)"}, "buchi_al_min": {"valore": 0.0, "classe": "GREEN", "significativo": false, "nota": "0 buchi in 122 s"}, "video_frazione_f": {"valore": 0.979, "classe": "GREEN", "significativo": false, "nota": "29.4 dipinti/s in 122 s di video, f = 30.0"}, "audio_udibile_pct": {"valore": 99.667, "classe": "GREEN", "significativo": false, "nota": "5980 suonati su 6000 mandati (5980 ricevuti + 20 mancati)"}, "caduta": {"valore": false, "classe": "GREEN", "significativo": false, "nota": "nessuna caduta, riavvio o errore che stacca"}, "nascita_s": {"valore": 1.734, "classe": "GREEN", "significativo": false, "nota": "accesso → primo fotogramma"}}, "classe": "DEGRADED", "ragione": "DEGRADED ritardo input → fotogramma (p95): 51.63 — p95 dei p95 al secondo di «NOSTRO» (copia → byte fuori, 118 righe del figlio) 42.6 ms + 9 ms d'ingresso (tetto costruttivo: poll di 8 ms) · ⚠ strada wlroots: la «copia» e' contata due volte (~4 ms in piu', cattura.c:2309 / figlio.c:5191) — NON corretto, e' dal lato prudente · DEGRADED blocco piu' lungo dell'immagine: 1.49 — dall'attore (23 righe)", "non_misurate": [], "evidenze": ["/media/REMOTIX/misure/fase16/amd-b-3k-xfce-0708/livello-16-ripetizione/utente-08"]}
{"campagna": "amd-b-3k-xfce-0708", "livello": 16, "desktop": "xfce", "scheda": "AMD Radeon RX 6800", "driver": "amdgpu intel-media-va-driver=25.2.3+dfsg1-1 libgl1-mesa-dri=25.0.7-2+deb13u1 libva2=2.22.0-3 mesa-va-drivers=25.0.7-2+deb13u1", "misura": "3k", "commit": "678a2da", "binario": "28a947f5", "pagina": "fb9a18f3", "nucleo": "7.0", "tetto_sessioni": 17, "inizio": "2026-09-28T08:44:37+00:00", "durata_s": 2183, "finestra": ["09:19:00", "09:21:00"], "fps_video": 30.0, "tipo": "sessione", "utente": 9, "profilo": "A", "browser": "firefox", "versione": "Firefox 140.16.0 · finestra vera", "inquilino": "c16009u9", "misure": {"finestra_s": 122.6, "esperienza": {"giro_eco_p95_ms": 49.6, "giro_eco_campioni": 109, "giro_tutti_p95_ms": 48.7, "giro_tutti_campioni": 291}, "video_non_avanza": 0, "input_azioni": 19, "input_persi": 0, "input_latenza_p95_ms": 208, "tratto": {"righe": 68, "mediana_p95_ms": 17.71, "max_campione_p95_ms": 49.18, "produttore_mediana_ms": 0.0}, "ritardo_p95_ms": 45.82, "nostro": {"righe": 68, "p95_dei_p95_ms": 36.82, "max_al_secondo_max_ms": 47.08, "max_al_secondo_p95_ms": 39.94, "mediana_ms": 17.15, "fotogrammi": 1341}, "consegnati": 1290, "dipinti": 1290, "salt": 0, "saltati_pct": 0.0, "lavoro_s": 102.5, "blocco_max_s": 0.139, "buchi": 0, "rete": {"persi": 0, "byte_persi": 0, "spediti": 17181, "byte_spediti": 22898480, "ricevuti": 2029, "scartati": 0, "dgram_persi": 0, "dgram_ok": 0, "dgram_falsi": 0, "connessioni": 1, "perdita_pct": 0.0, "mbit_s": 1.57, "srtt_ms": {"mediana": 0.19, "max": 0.72}, "pto_ms_max": 24.6, "secondi": 117}, "tratto_server_ms": {"mediana": 17.9, "max": 47.08, "ora": "09:21:01.503"}, "nascita_s": 1.77, "journal_err": 5}, "voci": {"ritardo_p95_ms": {"valore": 45.82, "classe": "GREEN", "significativo": false, "nota": "p95 dei p95 al secondo di «NOSTRO» (copia → byte fuori, 68 righe del figlio) 36.8 ms + 9 ms d'ingresso (tetto costruttivo: poll di 8 ms) · ⚠ strada wlroots: la «copia» e' contata due volte (~4 ms in piu', cattura.c:2309 / figlio.c:5191) — NON corretto, e' dal lato prudente"}, "saltati_pct": {"valore": 0.0, "classe": "GREEN", "significativo": false, "nota": "1290 consegnati, 1290 dipinti (salt 0)"}, "blocco_max_s": {"valore": 0.139, "classe": "GREEN", "significativo": false, "nota": "dall'attore (19 righe)"}, "buchi_al_min": {"valore": 0.0, "classe": "GREEN", "significativo": false, "nota": "0 buchi in 123 s"}, "caduta": {"valore": false, "classe": "GREEN", "significativo": false, "nota": "nessuna caduta, riavvio o errore che stacca"}, "nascita_s": {"valore": 1.772, "classe": "GREEN", "significativo": false, "nota": "accesso → primo fotogramma"}}, "classe": "GREEN", "ragione": "tutte le voci GREEN", "non_misurate": [], "evidenze": ["/media/REMOTIX/misure/fase16/amd-b-3k-xfce-0708/livello-16-ripetizione/utente-09"]}
{"campagna": "amd-b-3k-xfce-0708", "livello": 16, "desktop": "xfce", "scheda": "AMD Radeon RX 6800", "driver": "amdgpu intel-media-va-driver=25.2.3+dfsg1-1 libgl1-mesa-dri=25.0.7-2+deb13u1 libva2=2.22.0-3 mesa-va-drivers=25.0.7-2+deb13u1", "misura": "3k", "commit": "678a2da", "binario": "28a947f5", "pagina": "fb9a18f3", "nucleo": "7.0", "tetto_sessioni": 17, "inizio": "2026-09-28T08:44:37+00:00", "durata_s": 2183, "finestra": ["09:19:00", "09:21:00"], "fps_video": 30.0, "tipo": "sessione", "utente": 10, "profilo": "B", "browser": "chrome", "versione": "Chrome/154.0.8037.57 · finestra vera", "inquilino": "c16010u10", "misure": {"finestra_s": 123.4, "esperienza": {"giro_eco_p95_ms": 43.8, "giro_eco_campioni": 242, "giro_tutti_p95_ms": 60.4, "giro_tutti_campioni": 332}, "video_non_avanza": 0, "input_azioni": 6, "input_persi": 0, "input_latenza_p95_ms": 3893, "tratto": {"righe": 80, "mediana_p95_ms": 26.09, "max_campione_p95_ms": 67.01, "produttore_mediana_ms": 0.0}, "ritardo_p95_ms": 57.78, "nostro": {"righe": 80, "p95_dei_p95_ms": 48.78, "max_al_secondo_max_ms": 58.97, "max_al_secondo_p95_ms": 48.78, "mediana_ms": 23.34, "fotogrammi": 686}, "consegnati": 691, "dipinti": 691, "salt": 0, "saltati_pct": 0.0, "lavoro_s": 102.9, "blocco_max_s": 0.089, "buchi": 0, "rete": {"persi": 0, "byte_persi": 0, "spediti": 1352, "byte_spediti": 1429280, "ricevuti": 1119, "scartati": 0, "dgram_persi": 0, "dgram_ok": 0, "dgram_falsi": 0, "connessioni": 1, "perdita_pct": 0.0, "mbit_s": 0.09, "srtt_ms": {"mediana": 0.22, "max": 0.43}, "pto_ms_max": 27.5, "secondi": 121}, "tratto_server_ms": {"mediana": 22.1, "max": 52.84, "ora": "09:21:00.951"}, "nascita_s": 1.73, "journal_err": 5}, "voci": {"ritardo_p95_ms": {"valore": 57.78, "classe": "DEGRADED", "significativo": false, "nota": "p95 dei p95 al secondo di «NOSTRO» (copia → byte fuori, 80 righe del figlio) 48.8 ms + 9 ms d'ingresso (tetto costruttivo: poll di 8 ms) · ⚠ strada wlroots: la «copia» e' contata due volte (~4 ms in piu', cattura.c:2309 / figlio.c:5191) — NON corretto, e' dal lato prudente"}, "saltati_pct": {"valore": 0.0, "classe": "GREEN", "significativo": false, "nota": "691 consegnati, 691 dipinti (salt 0)"}, "blocco_max_s": {"valore": 0.089, "classe": "GREEN", "significativo": false, "nota": "dall'attore (18 righe)"}, "buchi_al_min": {"valore": 0.0, "classe": "GREEN", "significativo": false, "nota": "0 buchi in 123 s"}, "caduta": {"valore": false, "classe": "GREEN", "significativo": false, "nota": "nessuna caduta, riavvio o errore che stacca"}, "nascita_s": {"valore": 1.725, "classe": "GREEN", "significativo": false, "nota": "accesso → primo fotogramma"}}, "classe": "DEGRADED", "ragione": "DEGRADED ritardo input → fotogramma (p95): 57.78 — p95 dei p95 al secondo di «NOSTRO» (copia → byte fuori, 80 righe del figlio) 48.8 ms + 9 ms d'ingresso (tetto costruttivo: poll di 8 ms) · ⚠ strada wlroots: la «copia» e' contata due volte (~4 ms in piu', cattura.c:2309 / figlio.c:5191) — NON corretto, e' dal lato prudente", "non_misurate": [], "evidenze": ["/media/REMOTIX/misure/fase16/amd-b-3k-xfce-0708/livello-16-ripetizione/utente-10"]}
{"campagna": "amd-b-3k-xfce-0708", "livello": 16, "desktop": "xfce", "scheda": "AMD Radeon RX 6800", "driver": "amdgpu intel-media-va-driver=25.2.3+dfsg1-1 libgl1-mesa-dri=25.0.7-2+deb13u1 libva2=2.22.0-3 mesa-va-drivers=25.0.7-2+deb13u1", "misura": "3k", "commit": "678a2da", "binario": "28a947f5", "pagina": "fb9a18f3", "nucleo": "7.0", "tetto_sessioni": 17, "inizio": "2026-09-28T08:44:37+00:00", "durata_s": 2183, "finestra": ["09:19:00", "09:21:00"], "fps_video": 30.0, "tipo": "sessione", "utente": 11, "profilo": "C", "browser": "firefox", "versione": "Firefox 140.16.0 · finestra vera", "inquilino": "c16011u11", "misure": {"finestra_s": 117.6, "esperienza": {"giro_eco_p95_ms": 61.3, "giro_eco_campioni": 128, "giro_tutti_p95_ms": 62.2, "giro_tutti_campioni": 129}, "video_non_avanza": 0, "input_azioni": 5, "input_persi": 0, "input_latenza_p95_ms": 9, "tratto": {"righe": 35, "mediana_p95_ms": 21.95, "max_campione_p95_ms": 70.47, "produttore_mediana_ms": 0.0}, "ritardo_p95_ms": 59.45, "nostro": {"righe": 35, "p95_dei_p95_ms": 50.45, "max_al_secondo_max_ms": 68.21, "max_al_secondo_p95_ms": 50.45, "mediana_ms": 23.0, "fotogrammi": 148}, "consegnati": 136, "dipinti": 136, "salt": 0, "saltati_pct": 0.0, "lavoro_s": 67.3, "blocco_max_s": 0.91, "buchi": 0, "rete": {"persi": 0, "byte_persi": 0, "spediti": 801, "byte_spediti": 933248, "ricevuti": 457, "scartati": 0, "dgram_persi": 0, "dgram_ok": 0, "dgram_falsi": 0, "connessioni": 1, "perdita_pct": 0.0, "mbit_s": 0.06, "srtt_ms": {"mediana": 0.19, "max": 0.26}, "pto_ms_max": 21.3, "secondi": 117}, "tratto_server_ms": {"mediana": 21.78, "max": 70.47, "ora": "09:21:00.411"}, "nascita_s": 1.68, "journal_err": 5}, "voci": {"ritardo_p95_ms": {"valore": 59.45, "classe": "DEGRADED", "significativo": false, "nota": "p95 dei p95 al secondo di «NOSTRO» (copia → byte fuori, 35 righe del figlio) 50.5 ms + 9 ms d'ingresso (tetto costruttivo: poll di 8 ms) · ⚠ strada wlroots: la «copia» e' contata due volte (~4 ms in piu', cattura.c:2309 / figlio.c:5191) — NON corretto, e' dal lato prudente"}, "saltati_pct": {"valore": 0.0, "classe": "GREEN", "significativo": false, "nota": "136 consegnati, 136 dipinti (salt 0)"}, "blocco_max_s": {"valore": 0.91, "classe": "GREEN", "significativo": false, "nota": "dall'attore (12 righe)"}, "buchi_al_min": {"valore": 0.0, "classe": "GREEN", "significativo": false, "nota": "0 buchi in 118 s"}, "caduta": {"valore": false, "classe": "GREEN", "significativo": false, "nota": "nessuna caduta, riavvio o errore che stacca"}, "nascita_s": {"valore": 1.681, "classe": "GREEN", "significativo": false, "nota": "accesso → primo fotogramma"}}, "classe": "DEGRADED", "ragione": "DEGRADED ritardo input → fotogramma (p95): 59.45 — p95 dei p95 al secondo di «NOSTRO» (copia → byte fuori, 35 righe del figlio) 50.5 ms + 9 ms d'ingresso (tetto costruttivo: poll di 8 ms) · ⚠ strada wlroots: la «copia» e' contata due volte (~4 ms in piu', cattura.c:2309 / figlio.c:5191) — NON corretto, e' dal lato prudente", "non_misurate": [], "evidenze": ["/media/REMOTIX/misure/fase16/amd-b-3k-xfce-0708/livello-16-ripetizione/utente-11"]}
{"campagna": "amd-b-3k-xfce-0708", "livello": 16, "desktop": "xfce", "scheda": "AMD Radeon RX 6800", "driver": "amdgpu intel-media-va-driver=25.2.3+dfsg1-1 libgl1-mesa-dri=25.0.7-2+deb13u1 libva2=2.22.0-3 mesa-va-drivers=25.0.7-2+deb13u1", "misura": "3k", "commit": "678a2da", "binario": "28a947f5", "pagina": "fb9a18f3", "nucleo": "7.0", "tetto_sessioni": 17, "inizio": "2026-09-28T08:44:37+00:00", "durata_s": 2183, "finestra": ["09:19:00", "09:21:00"], "fps_video": 30.0, "tipo": "sessione", "utente": 12, "profilo": "D", "browser": "chrome", "versione": "Chrome/154.0.8037.57 · finestra vera", "inquilino": "c16012u12", "misure": {"finestra_s": 122.4, "esperienza": {"giro_eco_p95_ms": null, "giro_eco_campioni": 0, "giro_tutti_p95_ms": 45.2, "giro_tutti_campioni": 12}, "video_non_avanza": 0, "input_azioni": 0, "input_persi": 0, "input_latenza_p95_ms": null, "tratto": {"righe": 118, "mediana_p95_ms": 20.77, "max_campione_p95_ms": 76.38, "produttore_mediana_ms": 0.0}, "ritardo_p95_ms": 52.55, "nostro": {"righe": 118, "p95_dei_p95_ms": 43.55, "max_al_secondo_max_ms": 62.98, "max_al_secondo_p95_ms": 51.52, "mediana_ms": 18.09, "fotogrammi": 3585}, "consegnati": 3651, "dipinti": 3651, "salt": 0, "saltati_pct": 0.0, "lavoro_s": 122.4, "blocco_max_s": 0.12, "buchi": 0, "video_fps": 29.829, "audio_udibile_pct": 100.0, "rete": {"persi": 0, "byte_persi": 0, "spediti": 91661, "byte_spediti": 130803056, "ricevuti": 13600, "scartati": 0, "dgram_persi": 0, "dgram_ok": 5949, "dgram_falsi": 0, "connessioni": 1, "perdita_pct": 0.0, "mbit_s": 8.72, "srtt_ms": {"mediana": 0.47, "max": 1.81}, "pto_ms_max": 31.7, "secondi": 120}, "tratto_server_ms": {"mediana": 19.38, "max": 46.57, "ora": "09:21:00.997"}, "nascita_s": 1.74, "journal_err": 13}, "voci": {"ritardo_p95_ms": {"valore": 52.55, "classe": "DEGRADED", "significativo": false, "nota": "p95 dei p95 al secondo di «NOSTRO» (copia → byte fuori, 118 righe del figlio) 43.5 ms + 9 ms d'ingresso (tetto costruttivo: poll di 8 ms) · ⚠ strada wlroots: la «copia» e' contata due volte (~4 ms in piu', cattura.c:2309 / figlio.c:5191) — NON corretto, e' dal lato prudente"}, "saltati_pct": {"valore": 0.0, "classe": "GREEN", "significativo": false, "nota": "3651 consegnati, 3651 dipinti (salt 0)"}, "blocco_max_s": {"valore": 0.12, "classe": "GREEN", "significativo": false, "nota": "dall'attore (23 righe)"}, "buchi_al_min": {"valore": 0.0, "classe": "GREEN", "significativo": false, "nota": "0 buchi in 122 s"}, "video_frazione_f": {"valore": 0.994, "classe": "GREEN", "significativo": false, "nota": "29.8 dipinti/s in 122 s di video, f = 30.0"}, "audio_udibile_pct": {"valore": 100.0, "classe": "GREEN", "significativo": false, "nota": "6250 suonati su 6250 mandati (6250 ricevuti + 0 mancati)"}, "caduta": {"valore": false, "classe": "GREEN", "significativo": false, "nota": "nessuna caduta, riavvio o errore che stacca"}, "nascita_s": {"valore": 1.743, "classe": "GREEN", "significativo": false, "nota": "accesso → primo fotogramma"}}, "classe": "DEGRADED", "ragione": "DEGRADED ritardo input → fotogramma (p95): 52.55 — p95 dei p95 al secondo di «NOSTRO» (copia → byte fuori, 118 righe del figlio) 43.5 ms + 9 ms d'ingresso (tetto costruttivo: poll di 8 ms) · ⚠ strada wlroots: la «copia» e' contata due volte (~4 ms in piu', cattura.c:2309 / figlio.c:5191) — NON corretto, e' dal lato prudente", "non_misurate": [], "evidenze": ["/media/REMOTIX/misure/fase16/amd-b-3k-xfce-0708/livello-16-ripetizione/utente-12"]}
{"campagna": "amd-b-3k-xfce-0708", "livello": 16, "desktop": "xfce", "scheda": "AMD Radeon RX 6800", "driver": "amdgpu intel-media-va-driver=25.2.3+dfsg1-1 libgl1-mesa-dri=25.0.7-2+deb13u1 libva2=2.22.0-3 mesa-va-drivers=25.0.7-2+deb13u1", "misura": "3k", "commit": "678a2da", "binario": "28a947f5", "pagina": "fb9a18f3", "nucleo": "7.0", "tetto_sessioni": 17, "inizio": "2026-09-28T08:44:37+00:00", "durata_s": 2183, "finestra": ["09:19:00", "09:21:00"], "fps_video": 30.0, "tipo": "sessione", "utente": 13, "profilo": "A", "browser": "firefox", "versione": "Firefox 140.16.0 · finestra vera", "inquilino": "c16013u13", "misure": {"finestra_s": 118.3, "esperienza": {"giro_eco_p95_ms": 63.2, "giro_eco_campioni": 29, "giro_tutti_p95_ms": 57.3, "giro_tutti_campioni": 149}, "video_non_avanza": 0, "input_azioni": 14, "input_persi": 0, "input_latenza_p95_ms": 188, "tratto": {"righe": 38, "mediana_p95_ms": 17.84, "max_campione_p95_ms": 50.09, "produttore_mediana_ms": 0.0}, "ritardo_p95_ms": 49.33, "nostro": {"righe": 38, "p95_dei_p95_ms": 40.33, "max_al_secondo_max_ms": 50.09, "max_al_secondo_p95_ms": 43.95, "mediana_ms": 17.57, "fotogrammi": 929}, "consegnati": 881, "dipinti": 881, "salt": 0, "saltati_pct": 0.0, "lavoro_s": 62.9, "blocco_max_s": 0.191, "buchi": 0, "rete": {"persi": 0, "byte_persi": 0, "spediti": 6134, "byte_spediti": 7551736, "ricevuti": 1257, "scartati": 0, "dgram_persi": 0, "dgram_ok": 0, "dgram_falsi": 0, "connessioni": 1, "perdita_pct": 0.0, "mbit_s": 0.5, "srtt_ms": {"mediana": 0.2, "max": 0.42}, "pto_ms_max": 21.5, "secondi": 120}, "tratto_server_ms": {"mediana": 17.69, "max": 50.09, "ora": "09:21:01.369"}, "nascita_s": 1.77, "journal_err": 7}, "voci": {"ritardo_p95_ms": {"valore": 49.33, "classe": "GREEN", "significativo": false, "nota": "p95 dei p95 al secondo di «NOSTRO» (copia → byte fuori, 38 righe del figlio) 40.3 ms + 9 ms d'ingresso (tetto costruttivo: poll di 8 ms) · ⚠ strada wlroots: la «copia» e' contata due volte (~4 ms in piu', cattura.c:2309 / figlio.c:5191) — NON corretto, e' dal lato prudente"}, "saltati_pct": {"valore": 0.0, "classe": "GREEN", "significativo": false, "nota": "881 consegnati, 881 dipinti (salt 0)"}, "blocco_max_s": {"valore": 0.191, "classe": "GREEN", "significativo": false, "nota": "dall'attore (12 righe)"}, "buchi_al_min": {"valore": 0.0, "classe": "GREEN", "significativo": false, "nota": "0 buchi in 118 s"}, "caduta": {"valore": false, "classe": "GREEN", "significativo": false, "nota": "nessuna caduta, riavvio o errore che stacca"}, "nascita_s": {"valore": 1.772, "classe": "GREEN", "significativo": false, "nota": "accesso → primo fotogramma"}}, "classe": "GREEN", "ragione": "tutte le voci GREEN", "non_misurate": [], "evidenze": ["/media/REMOTIX/misure/fase16/amd-b-3k-xfce-0708/livello-16-ripetizione/utente-13"]}
{"campagna": "amd-b-3k-xfce-0708", "livello": 16, "desktop": "xfce", "scheda": "AMD Radeon RX 6800", "driver": "amdgpu intel-media-va-driver=25.2.3+dfsg1-1 libgl1-mesa-dri=25.0.7-2+deb13u1 libva2=2.22.0-3 mesa-va-drivers=25.0.7-2+deb13u1", "misura": "3k", "commit": "678a2da", "binario": "28a947f5", "pagina": "fb9a18f3", "nucleo": "7.0", "tetto_sessioni": 17, "inizio": "2026-09-28T08:44:37+00:00", "durata_s": 2183, "finestra": ["09:19:00", "09:21:00"], "fps_video": 30.0, "tipo": "sessione", "utente": 14, "profilo": "B", "browser": "chrome", "versione": "Chrome/154.0.8037.57 · finestra vera", "inquilino": "c16014u14", "misure": {"finestra_s": 121.4, "esperienza": {"giro_eco_p95_ms": 34.6, "giro_eco_campioni": 216, "giro_tutti_p95_ms": 42.4, "giro_tutti_campioni": 305}, "video_non_avanza": 0, "input_azioni": 4, "input_persi": 0, "input_latenza_p95_ms": 3921, "tratto": {"righe": 65, "mediana_p95_ms": 16.31, "max_campione_p95_ms": 57.69, "produttore_mediana_ms": 0.0}, "ritardo_p95_ms": 57.84, "nostro": {"righe": 65, "p95_dei_p95_ms": 48.84, "max_al_secondo_max_ms": 57.69, "max_al_secondo_p95_ms": 48.84, "mediana_ms": 17.06, "fotogrammi": 668}, "consegnati": 694, "dipinti": 694, "salt": 0, "saltati_pct": 0.0, "lavoro_s": 85.3, "blocco_max_s": 0.058, "buchi": 0, "rete": {"persi": 0, "byte_persi": 0, "spediti": 1272, "byte_spediti": 1350184, "ricevuti": 1085, "scartati": 0, "dgram_persi": 0, "dgram_ok": 0, "dgram_falsi": 0, "connessioni": 1, "perdita_pct": 0.0, "mbit_s": 0.09, "srtt_ms": {"mediana": 0.47, "max": 2.08}, "pto_ms_max": 39.7, "secondi": 121}, "tratto_server_ms": {"mediana": 16.54, "max": 57.69, "ora": "09:21:01.281"}, "nascita_s": 1.64, "journal_err": 5}, "voci": {"ritardo_p95_ms": {"valore": 57.84, "classe": "DEGRADED", "significativo": false, "nota": "p95 dei p95 al secondo di «NOSTRO» (copia → byte fuori, 65 righe del figlio) 48.8 ms + 9 ms d'ingresso (tetto costruttivo: poll di 8 ms) · ⚠ strada wlroots: la «copia» e' contata due volte (~4 ms in piu', cattura.c:2309 / figlio.c:5191) — NON corretto, e' dal lato prudente"}, "saltati_pct": {"valore": 0.0, "classe": "GREEN", "significativo": false, "nota": "694 consegnati, 694 dipinti (salt 0)"}, "blocco_max_s": {"valore": 0.058, "classe": "GREEN", "significativo": false, "nota": "dall'attore (15 righe)"}, "buchi_al_min": {"valore": 0.0, "classe": "GREEN", "significativo": false, "nota": "0 buchi in 121 s"}, "caduta": {"valore": false, "classe": "GREEN", "significativo": false, "nota": "nessuna caduta, riavvio o errore che stacca"}, "nascita_s": {"valore": 1.641, "classe": "GREEN", "significativo": false, "nota": "accesso → primo fotogramma"}}, "classe": "DEGRADED", "ragione": "DEGRADED ritardo input → fotogramma (p95): 57.84 — p95 dei p95 al secondo di «NOSTRO» (copia → byte fuori, 65 righe del figlio) 48.8 ms + 9 ms d'ingresso (tetto costruttivo: poll di 8 ms) · ⚠ strada wlroots: la «copia» e' contata due volte (~4 ms in piu', cattura.c:2309 / figlio.c:5191) — NON corretto, e' dal lato prudente", "non_misurate": [], "evidenze": ["/media/REMOTIX/misure/fase16/amd-b-3k-xfce-0708/livello-16-ripetizione/utente-14"]}
{"campagna": "amd-b-3k-xfce-0708", "livello": 16, "desktop": "xfce", "scheda": "AMD Radeon RX 6800", "driver": "amdgpu intel-media-va-driver=25.2.3+dfsg1-1 libgl1-mesa-dri=25.0.7-2+deb13u1 libva2=2.22.0-3 mesa-va-drivers=25.0.7-2+deb13u1", "misura": "3k", "commit": "678a2da", "binario": "28a947f5", "pagina": "fb9a18f3", "nucleo": "7.0", "tetto_sessioni": 17, "inizio": "2026-09-28T08:44:37+00:00", "durata_s": 2183, "finestra": ["09:19:00", "09:21:00"], "fps_video": 30.0, "tipo": "sessione", "utente": 15, "profilo": "C", "browser": "firefox", "versione": "Firefox 140.16.0 · finestra vera", "inquilino": "c16015u15", "misure": {"finestra_s": 118.7, "esperienza": {"giro_eco_p95_ms": 46, "giro_eco_campioni": 233, "giro_tutti_p95_ms": 46.2, "giro_tutti_campioni": 229}, "video_non_avanza": 0, "input_azioni": 8, "input_persi": 0, "input_latenza_p95_ms": 44, "tratto": {"righe": 62, "mediana_p95_ms": 17.59, "max_campione_p95_ms": 51.2, "produttore_mediana_ms": 0.0}, "ritardo_p95_ms": 43.09, "nostro": {"righe": 62, "p95_dei_p95_ms": 34.09, "max_al_secondo_max_ms": 46.42, "max_al_secondo_p95_ms": 34.09, "mediana_ms": 17.55, "fotogrammi": 245}, "consegnati": 241, "dipinti": 241, "salt": 0, "saltati_pct": 0.0, "lavoro_s": 88.6, "blocco_max_s": 0.334, "buchi": 0, "rete": {"persi": 0, "byte_persi": 0, "spediti": 1345, "byte_spediti": 1538312, "ricevuti": 748, "scartati": 0, "dgram_persi": 0, "dgram_ok": 0, "dgram_falsi": 0, "connessioni": 1, "perdita_pct": 0.0, "mbit_s": 0.1, "srtt_ms": {"mediana": 0.17, "max": 0.33}, "pto_ms_max": 21.5, "secondi": 121}, "tratto_server_ms": {"mediana": 16.95, "max": 46.42, "ora": "09:21:01.509"}, "nascita_s": 1.8, "journal_err": 5}, "voci": {"ritardo_p95_ms": {"valore": 43.09, "classe": "GREEN", "significativo": false, "nota": "p95 dei p95 al secondo di «NOSTRO» (copia → byte fuori, 62 righe del figlio) 34.1 ms + 9 ms d'ingresso (tetto costruttivo: poll di 8 ms) · ⚠ strada wlroots: la «copia» e' contata due volte (~4 ms in piu', cattura.c:2309 / figlio.c:5191) — NON corretto, e' dal lato prudente"}, "saltati_pct": {"valore": 0.0, "classe": "GREEN", "significativo": false, "nota": "241 consegnati, 241 dipinti (salt 0)"}, "blocco_max_s": {"valore": 0.334, "classe": "GREEN", "significativo": false, "nota": "dall'attore (16 righe)"}, "buchi_al_min": {"valore": 0.0, "classe": "GREEN", "significativo": false, "nota": "0 buchi in 119 s"}, "caduta": {"valore": false, "classe": "GREEN", "significativo": false, "nota": "nessuna caduta, riavvio o errore che stacca"}, "nascita_s": {"valore": 1.803, "classe": "GREEN", "significativo": false, "nota": "accesso → primo fotogramma"}}, "classe": "GREEN", "ragione": "tutte le voci GREEN", "non_misurate": [], "evidenze": ["/media/REMOTIX/misure/fase16/amd-b-3k-xfce-0708/livello-16-ripetizione/utente-15"]}
{"campagna": "amd-b-3k-xfce-0708", "livello": 16, "desktop": "xfce", "scheda": "AMD Radeon RX 6800", "driver": "amdgpu intel-media-va-driver=25.2.3+dfsg1-1 libgl1-mesa-dri=25.0.7-2+deb13u1 libva2=2.22.0-3 mesa-va-drivers=25.0.7-2+deb13u1", "misura": "3k", "commit": "678a2da", "binario": "28a947f5", "pagina": "fb9a18f3", "nucleo": "7.0", "tetto_sessioni": 17, "inizio": "2026-09-28T08:44:37+00:00", "durata_s": 2183, "finestra": ["09:19:00", "09:21:00"], "fps_video": 30.0, "tipo": "sessione", "utente": 16, "profilo": "D", "browser": "chrome", "versione": "Chrome/154.0.8037.57 · finestra vera", "inquilino": "c16016u16", "misure": {"finestra_s": 118.9, "esperienza": {"giro_eco_p95_ms": null, "giro_eco_campioni": 0, "giro_tutti_p95_ms": 56.3, "giro_tutti_campioni": 4}, "video_non_avanza": 0, "input_azioni": 0, "input_persi": 0, "input_latenza_p95_ms": null, "tratto": {"righe": 119, "mediana_p95_ms": 22.84, "max_campione_p95_ms": 59.7, "produttore_mediana_ms": 0.0}, "ritardo_p95_ms": 52.99, "nostro": {"righe": 119, "p95_dei_p95_ms": 43.99, "max_al_secondo_max_ms": 59.7, "max_al_secondo_p95_ms": 50.78, "mediana_ms": 18.62, "fotogrammi": 3615}, "consegnati": 3544, "dipinti": 3544, "salt": 0, "saltati_pct": 0.0, "lavoro_s": 118.9, "blocco_max_s": 0.1, "buchi": 0, "video_fps": 29.819, "audio_udibile_pct": 100.0, "rete": {"persi": 0, "byte_persi": 0, "spediti": 78071, "byte_spediti": 111379620, "ricevuti": 12209, "scartati": 0, "dgram_persi": 0, "dgram_ok": 5950, "dgram_falsi": 0, "connessioni": 1, "perdita_pct": 0.0, "mbit_s": 7.43, "srtt_ms": {"mediana": 0.3, "max": 1.52}, "pto_ms_max": 35.0, "secondi": 120}, "tratto_server_ms": {"mediana": 15.99, "max": 46.48, "ora": "09:21:01.126"}, "nascita_s": 1.84, "journal_err": 7}, "voci": {"ritardo_p95_ms": {"valore": 52.99, "classe": "DEGRADED", "significativo": false, "nota": "p95 dei p95 al secondo di «NOSTRO» (copia → byte fuori, 119 righe del figlio) 44.0 ms + 9 ms d'ingresso (tetto costruttivo: poll di 8 ms) · ⚠ strada wlroots: la «copia» e' contata due volte (~4 ms in piu', cattura.c:2309 / figlio.c:5191) — NON corretto, e' dal lato prudente"}, "saltati_pct": {"valore": 0.0, "classe": "GREEN", "significativo": false, "nota": "3544 consegnati, 3544 dipinti (salt 0)"}, "blocco_max_s": {"valore": 0.1, "classe": "GREEN", "significativo": false, "nota": "dall'attore (22 righe)"}, "buchi_al_min": {"valore": 0.0, "classe": "GREEN", "significativo": false, "nota": "0 buchi in 119 s"}, "video_frazione_f": {"valore": 0.994, "classe": "GREEN", "significativo": false, "nota": "29.8 dipinti/s in 119 s di video, f = 30.0"}, "audio_udibile_pct": {"valore": 100.0, "classe": "GREEN", "significativo": false, "nota": "6001 suonati su 6001 mandati (6001 ricevuti + 0 mancati)"}, "caduta": {"valore": false, "classe": "GREEN", "significativo": false, "nota": "nessuna caduta, riavvio o errore che stacca"}, "nascita_s": {"valore": 1.842, "classe": "GREEN", "significativo": false, "nota": "accesso → primo fotogramma"}}, "classe": "DEGRADED", "ragione": "DEGRADED ritardo input → fotogramma (p95): 52.99 — p95 dei p95 al secondo di «NOSTRO» (copia → byte fuori, 119 righe del figlio) 44.0 ms + 9 ms d'ingresso (tetto costruttivo: poll di 8 ms) · ⚠ strada wlroots: la «copia» e' contata due volte (~4 ms in piu', cattura.c:2309 / figlio.c:5191) — NON corretto, e' dal lato prudente", "non_misurate": [], "evidenze": ["/media/REMOTIX/misure/fase16/amd-b-3k-xfce-0708/livello-16-ripetizione/utente-16"]}
{"campagna": "amd-b-3k-xfce-0708", "livello": 16, "desktop": "xfce", "scheda": "AMD Radeon RX 6800", "driver": "amdgpu intel-media-va-driver=25.2.3+dfsg1-1 libgl1-mesa-dri=25.0.7-2+deb13u1 libva2=2.22.0-3 mesa-va-drivers=25.0.7-2+deb13u1", "misura": "3k", "commit": "678a2da", "binario": "28a947f5", "pagina": "fb9a18f3", "nucleo": "7.0", "tetto_sessioni": 17, "inizio": "2026-09-28T08:44:37+00:00", "durata_s": 2183, "finestra": ["09:19:00", "09:21:00"], "fps_video": 30.0, "tipo": "sessione", "utente": 99, "profilo": "controllo", "browser": "firefox", "versione": "Firefox 140.16.0 · finestra vera", "inquilino": "c16016u99", "misure": {"nascita_s": null, "ammissione_s": 1.24, "primo_non_degenere_s": null, "sessioni_durante": 32}, "voci": {"nascita_s": {"valore": null, "classe": "FAIL", "significativo": true, "nota": "la sessione del controllo non e' nata: nessun fotogramma dipinto 90 s dopo l'accesso"}, "controllo_corto": {"valore": {"F-004": "BLOCKED", "F-007": "BLOCKED", "F-003": "BLOCKED", "F-014": "BLOCKED"}, "classe": "DEGRADED", "significativo": true, "non_misurato": true, "nota": "NON MISURATO: non guardate: F-004, F-007, F-003, F-014"}}, "classe": "FAIL", "ragione": "FAIL nascita (accesso → primo fotogramma): la sessione del controllo non e' nata: nessun fotogramma dipinto 90 s dopo l'accesso · DEGRADED controllo funzionale corto: NON MISURATO: non guardate: F-004, F-007, F-003, F-014", "non_misurate": ["controllo_corto"], "evidenze": ["/media/REMOTIX/misure/fase16/amd-b-3k-xfce-0708/livello-16-ripetizione/controllo-corto"]}
→ 18 righe in /media/REMOTIX/src/controllo/banchi/16-stress/registro.jsonl
