[20:52:54] ⭐ SALITA amd-b-3k-kde · kde · 3k (3200x1800) · gradini 1,4,8,12,16 · 10 min (ultimo 30) · tetto 17
[20:52:54]    scheda della scatola: amd · browser-cliente sulla Intel
[20:52:54]    commit del prodotto: 678a2da
[20:52:54]    kernel 7.0 · Intel UHD 770 (i5-13500T) [i915] + AMD Radeon RX 6800 [amdgpu] · binario 28a947f5 · pagina fb9a18f3 · banchi 678a2da+modifiche
[20:52:56]    scatola accendi: codice 0 in 2 s ·   OK  dentro ci sono solo i nodi della Radeon: card0 card1 renderD128 renderD129
[20:52:57]    scatola prodotto: codice 0 in 1 s ·   OK  la catena PAM del prodotto e installata
[20:52:58]    scatola server: codice 0 in 1 s ·       righe rosse nel registro di avvio: 7
[20:52:58]    ⭐ scheda della scatola: AMD Radeon RX 6800 [amdgpu] 0000:03:00.0 = renderD128 dentro
[20:52:58]    ⭐ tetto delle sessioni in vigore: 17
[20:52:59]    scatola: binario 28a947f5 · pagina fb9a18f3 · --tetto-sessioni 17 -- --journal ; · dri card0,card1,renderD128,renderD129 · VA Driver version: Mesa Gallium driver 25.0.7-2+deb13u1 for AMD Radeon RX 6800 (radeonsi, navi21, LLVM 19.1.7, DRM 3.64, 7.0)
[20:52:59] ══ livello-01: 1 utenti, 10 min (gradino) ══
[20:53:00]    + utente 01 (pid 1696425, wayland-5, seme 1601, porte 9910)
[20:53:12]      utente 01 nato in 12.5 s
[20:53:12]    tutti dentro (13 s dopo l'inizio del livello): lavoro fino alle 21:03:12
[21:00:42]    SIGUSR1 a 1 attori (foto piena), 30 s prima della finestra
[21:00:43]    foto scritte: 1/1 in 1 s
[21:01:12]    controllo corto: firefox su wayland-4
[21:02:21]    controllo corto: PASS (codice 0)
[21:03:14]    ▶ livello-01: GREEN — 2 GREEN · 0 DEGRADED · 0 FAIL
[21:03:14] ══ livello-04: 4 utenti, 10 min (gradino) ══
[21:03:16]    + utente 02 (pid 1707899, wayland-6, seme 1602, porte 9920)
[21:03:36]      utente 02 nato in 20.0 s
[21:03:36]    + utente 03 (pid 1709248, wayland-7, seme 1603, porte 9930)
[21:03:47]      utente 03 nato in 11.0 s
[21:03:47]    + utente 04 (pid 1710816, wayland-8, seme 1604, porte 9940)
[21:04:08]      utente 04 nato in 21.5 s
[21:04:08]    tutti dentro (54 s dopo l'inizio del livello): lavoro fino alle 21:14:08
[21:11:38]    SIGUSR1 a 4 attori (foto piena), 30 s prima della finestra
[21:11:39]    foto scritte: 4/4 in 1 s
[21:12:08]    controllo corto: chrome su wayland-4
[21:13:21]    controllo corto: PASS (codice 0)
[21:14:12]    ▶ livello-04: GREEN — 5 GREEN · 0 DEGRADED · 0 FAIL
[21:14:12] ══ livello-08: 8 utenti, 10 min (gradino) ══
[21:14:14]    + utente 05 (pid 1738667, wayland-9, seme 1605, porte 9950)
[21:14:27]      utente 05 nato in 13.0 s
[21:14:27]    + utente 06 (pid 1740538, wayland-10, seme 1606, porte 9960)
[21:14:47]      utente 06 nato in 20.0 s
[21:14:47]    + utente 07 (pid 1743451, wayland-11, seme 1607, porte 9970)
[21:14:58]      utente 07 nato in 11.5 s
[21:14:58]    + utente 08 (pid 1745190, wayland-12, seme 1608, porte 9980)
[21:15:19]      utente 08 nato in 21.0 s
[21:15:19]    tutti dentro (67 s dopo l'inizio del livello): lavoro fino alle 21:25:19
[21:22:49]    SIGUSR1 a 8 attori (foto piena), 30 s prima della finestra
[21:22:51]    foto scritte: 8/8 in 2 s
[21:23:19]    controllo corto: firefox su wayland-4
[21:24:30]    controllo corto: PASS (codice 0)
[21:25:27]    ▶ livello-08: DEGRADED (significativo) — 6 GREEN · 3 DEGRADED · 0 FAIL · ⛔ DEGRADED SIGNIFICATIVO (piu' di un quarto degli attori DEGRADED (3 su 8)): non si sale
[21:25:27] ⚠ 8 utenti: DEGRADED — si RIPETE nelle stesse condizioni (§14), da scatola pulita
[21:25:27]    fermo 8 attori (SIGTERM: sgomberano da se')
[21:25:33]    scatola accendi: codice 0 in 2 s ·   OK  dentro ci sono solo i nodi della Radeon: card0 card1 renderD128 renderD129
[21:25:34]    scatola prodotto: codice 0 in 1 s ·   OK  la catena PAM del prodotto e installata
[21:25:35]    scatola server: codice 0 in 1 s ·       righe rosse nel registro di avvio: 7
[21:25:35]    ⭐ scheda della scatola: AMD Radeon RX 6800 [amdgpu] 0000:03:00.0 = renderD128 dentro
[21:25:35]    ⭐ tetto delle sessioni in vigore: 17
[21:25:35]    scatola: binario 28a947f5 · pagina fb9a18f3 · --tetto-sessioni 17 -- --journal ; · dri card0,card1,renderD128,renderD129 · VA Driver version: Mesa Gallium driver 25.0.7-2+deb13u1 for AMD Radeon RX 6800 (radeonsi, navi21, LLVM 19.1.7, DRM 3.64, 7.0)
[21:25:35] ══ livello-08-ripetizione: 8 utenti, 10 min (ripetizione) ══
[21:25:36]    + utente 01 (pid 1796827, wayland-5, seme 1601, porte 9910)
[21:25:48]      utente 01 nato in 12.5 s
[21:25:48]    + utente 02 (pid 1798296, wayland-6, seme 1602, porte 9920)
[21:26:08]      utente 02 nato in 20.0 s
[21:26:08]    + utente 03 (pid 1800320, wayland-7, seme 1603, porte 9930)
[21:26:19]      utente 03 nato in 11.0 s
[21:26:19]    + utente 04 (pid 1801812, wayland-8, seme 1604, porte 9940)
[21:26:40]      utente 04 nato in 21.0 s
[21:26:40]    + utente 05 (pid 1803911, wayland-9, seme 1605, porte 9950)
[21:26:53]      utente 05 nato in 13.0 s
[21:26:53]    + utente 06 (pid 1806662, wayland-10, seme 1606, porte 9960)
[21:27:13]      utente 06 nato in 20.0 s
[21:27:13]    + utente 07 (pid 1809364, wayland-11, seme 1607, porte 9970)
[21:27:25]      utente 07 nato in 12.0 s
[21:27:25]    + utente 08 (pid 1811316, wayland-12, seme 1608, porte 9980)
[21:27:47]      utente 08 nato in 21.5 s
[21:27:47]    tutti dentro (131 s dopo l'inizio del livello): lavoro fino alle 21:37:47
[21:35:17]    SIGUSR1 a 8 attori (foto piena), 30 s prima della finestra
[21:35:19]    foto scritte: 8/8 in 2 s
[21:35:47]    controllo corto: chrome su wayland-4
[21:37:01]    controllo corto: PASS (codice 0)
[21:37:54]    ▶ livello-08-ripetizione: DEGRADED — 8 GREEN · 1 DEGRADED · 0 FAIL · DEGRADED non significativo
[21:37:54]    la ripetizione dice DEGRADED: non confermato, si sale
[21:37:54] ══ livello-12: 12 utenti, 10 min (gradino) ══
[21:37:56]    + utente 09 (pid 1860567, wayland-13, seme 1609, porte 9990)
[21:38:09]      utente 09 nato in 13.5 s
[21:38:09]    + utente 10 (pid 1862859, wayland-14, seme 1610, porte 10000)
[21:38:30]      utente 10 nato in 20.5 s
[21:38:30]    + utente 11 (pid 1866258, wayland-15, seme 1611, porte 10010)
[21:38:42]      utente 11 nato in 12.0 s
[21:38:42]    + utente 12 (pid 1868337, wayland-16, seme 1612, porte 10020)
[21:39:04]      utente 12 nato in 22.5 s
[21:39:04]    tutti dentro (70 s dopo l'inizio del livello): lavoro fino alle 21:49:04
[21:46:34]    SIGUSR1 a 12 attori (foto piena), 30 s prima della finestra
[21:46:37]    foto scritte: 12/12 in 3 s
[21:47:04]    controllo corto: firefox su wayland-4
[21:48:18]    controllo corto: PASS (codice 0)
[21:49:16]    ▶ livello-12: DEGRADED (significativo) — 5 GREEN · 8 DEGRADED · 0 FAIL · ⛔ DEGRADED SIGNIFICATIVO (piu' di un quarto degli attori DEGRADED (8 su 12)): non si sale
[21:49:16] ⚠ 12 utenti: DEGRADED — si RIPETE nelle stesse condizioni (§14), da scatola pulita
[21:49:16]    fermo 12 attori (SIGTERM: sgomberano da se')
[21:49:23]    scatola accendi: codice 0 in 2 s ·   OK  dentro ci sono solo i nodi della Radeon: card0 card1 renderD128 renderD129
[21:49:24]    scatola prodotto: codice 0 in 1 s ·   OK  la catena PAM del prodotto e installata
[21:49:25]    scatola server: codice 0 in 1 s ·       righe rosse nel registro di avvio: 7
[21:49:25]    ⭐ scheda della scatola: AMD Radeon RX 6800 [amdgpu] 0000:03:00.0 = renderD128 dentro
[21:49:25]    ⭐ tetto delle sessioni in vigore: 17
[21:49:26]    scatola: binario 28a947f5 · pagina fb9a18f3 · --tetto-sessioni 17 -- --journal ; · dri card0,card1,renderD128,renderD129 · VA Driver version: Mesa Gallium driver 25.0.7-2+deb13u1 for AMD Radeon RX 6800 (radeonsi, navi21, LLVM 19.1.7, DRM 3.64, 7.0)
[21:49:26] ══ livello-12-ripetizione: 12 utenti, 10 min (ripetizione) ══
[21:49:26]    + utente 01 (pid 1940129, wayland-5, seme 1601, porte 9910)
[21:49:38]      utente 01 nato in 12.5 s
[21:49:38]    + utente 02 (pid 1941600, wayland-6, seme 1602, porte 9920)
[21:49:56]      utente 02 nato in 17.5 s
[21:49:56]    + utente 03 (pid 1943626, wayland-7, seme 1603, porte 9930)
[21:50:07]      utente 03 nato in 11.5 s
[21:50:07]    + utente 04 (pid 1945137, wayland-8, seme 1604, porte 9940)
[21:50:26]      utente 04 nato in 19.0 s
[21:50:26]    + utente 05 (pid 1947206, wayland-9, seme 1605, porte 9950)
[21:50:39]      utente 05 nato in 13.0 s
[21:50:39]    + utente 06 (pid 1949782, wayland-10, seme 1606, porte 9960)
[21:50:59]      utente 06 nato in 20.0 s
[21:50:59]    + utente 07 (pid 1952596, wayland-11, seme 1607, porte 9970)
[21:51:11]      utente 07 nato in 12.0 s
[21:51:11]    + utente 08 (pid 1954403, wayland-12, seme 1608, porte 9980)
[21:51:33]      utente 08 nato in 21.5 s
[21:51:33]    + utente 09 (pid 1957401, wayland-13, seme 1609, porte 9990)
[21:51:46]      utente 09 nato in 13.5 s
[21:51:46]    + utente 10 (pid 1960610, wayland-14, seme 1610, porte 10000)
[21:52:06]      utente 10 nato in 19.5 s
[21:52:06]    + utente 11 (pid 1964164, wayland-15, seme 1611, porte 10010)
[21:52:19]      utente 11 nato in 13.5 s
[21:52:19]    + utente 12 (pid 1966834, wayland-16, seme 1612, porte 10020)
[21:52:39]      utente 12 nato in 19.5 s
[21:52:39]    tutti dentro (193 s dopo l'inizio del livello): lavoro fino alle 22:02:39
[22:00:09]    SIGUSR1 a 12 attori (foto piena), 30 s prima della finestra
[22:00:11]    foto scritte: 12/12 in 2 s
[22:00:39]    controllo corto: chrome su wayland-4
[22:01:56]    controllo corto: PASS (codice 0)
[22:02:51]    ▶ livello-12-ripetizione: DEGRADED (significativo) — 4 GREEN · 9 DEGRADED · 0 FAIL · ⛔ DEGRADED SIGNIFICATIVO (piu' di un quarto degli attori DEGRADED (9 su 12)): non si sale
[22:02:51] ⛔ confermato: 12 utenti DEGRADED due volte
[22:02:51] 🔎 ricerca a meta' fra 8 (buono) e 12 (rotto): 10 utenti
[22:02:51]    fermo 12 attori (SIGTERM: sgomberano da se')
[22:02:59]    scatola accendi: codice 0 in 2 s ·   OK  dentro ci sono solo i nodi della Radeon: card0 card1 renderD128 renderD129
[22:02:59]    scatola prodotto: codice 0 in 1 s ·   OK  la catena PAM del prodotto e installata
[22:03:00]    scatola server: codice 0 in 1 s ·       righe rosse nel registro di avvio: 7
[22:03:00]    ⭐ scheda della scatola: AMD Radeon RX 6800 [amdgpu] 0000:03:00.0 = renderD128 dentro
[22:03:00]    ⭐ tetto delle sessioni in vigore: 17
[22:03:01]    scatola: binario 28a947f5 · pagina fb9a18f3 · --tetto-sessioni 17 -- --journal ; · dri card0,card1,renderD128,renderD129 · VA Driver version: Mesa Gallium driver 25.0.7-2+deb13u1 for AMD Radeon RX 6800 (radeonsi, navi21, LLVM 19.1.7, DRM 3.64, 7.0)
[22:03:01] ══ livello-10: 10 utenti, 10 min (ricerca) ══
[22:03:01]    + utente 01 (pid 2039726, wayland-5, seme 1601, porte 9910)
[22:03:14]      utente 01 nato in 12.5 s
[22:03:14]    + utente 02 (pid 2041195, wayland-6, seme 1602, porte 9920)
[22:03:34]      utente 02 nato in 20.0 s
[22:03:34]    + utente 03 (pid 2043265, wayland-7, seme 1603, porte 9930)
[22:03:45]      utente 03 nato in 11.0 s
[22:03:45]    + utente 04 (pid 2044764, wayland-8, seme 1604, porte 9940)
[22:04:04]      utente 04 nato in 19.0 s
[22:04:04]    + utente 05 (pid 2046829, wayland-9, seme 1605, porte 9950)
[22:04:16]      utente 05 nato in 12.5 s
[22:04:16]    + utente 06 (pid 2049406, wayland-10, seme 1606, porte 9960)
[22:04:36]      utente 06 nato in 20.0 s
[22:04:36]    + utente 07 (pid 2052235, wayland-11, seme 1607, porte 9970)
[22:04:48]      utente 07 nato in 11.5 s
[22:04:48]    + utente 08 (pid 2054043, wayland-12, seme 1608, porte 9980)
[22:05:09]      utente 08 nato in 21.0 s
[22:05:09]    + utente 09 (pid 2057125, wayland-13, seme 1609, porte 9990)
[22:05:22]      utente 09 nato in 13.0 s
[22:05:22]    + utente 10 (pid 2060369, wayland-14, seme 1610, porte 10000)
[22:05:40]      utente 10 nato in 18.0 s
[22:05:40]    tutti dentro (159 s dopo l'inizio del livello): lavoro fino alle 22:15:40
[22:13:10]    SIGUSR1 a 10 attori (foto piena), 30 s prima della finestra
[22:13:14]    foto scritte: 10/10 in 4 s
[22:13:40]    controllo corto: firefox su wayland-4
[22:14:53]    controllo corto: PASS (codice 0)
[22:15:49]    ▶ livello-10: DEGRADED (significativo) — 5 GREEN · 6 DEGRADED · 0 FAIL · ⛔ DEGRADED SIGNIFICATIVO (piu' di un quarto degli attori DEGRADED (6 su 10)): non si sale
[22:15:49] 🔎 ricerca a meta' fra 8 (buono) e 10 (rotto): 9 utenti
[22:15:49]    fermo 10 attori (SIGTERM: sgomberano da se')
[22:15:55]    scatola accendi: codice 0 in 2 s ·   OK  dentro ci sono solo i nodi della Radeon: card0 card1 renderD128 renderD129
[22:15:56]    scatola prodotto: codice 0 in 1 s ·   OK  la catena PAM del prodotto e installata
[22:15:57]    scatola server: codice 0 in 1 s ·       righe rosse nel registro di avvio: 7
[22:15:57]    ⭐ scheda della scatola: AMD Radeon RX 6800 [amdgpu] 0000:03:00.0 = renderD128 dentro
[22:15:57]    ⭐ tetto delle sessioni in vigore: 17
[22:15:58]    scatola: binario 28a947f5 · pagina fb9a18f3 · --tetto-sessioni 17 -- --journal ; · dri card0,card1,renderD128,renderD129 · VA Driver version: Mesa Gallium driver 25.0.7-2+deb13u1 for AMD Radeon RX 6800 (radeonsi, navi21, LLVM 19.1.7, DRM 3.64, 7.0)
[22:15:58] ══ livello-09: 9 utenti, 10 min (ricerca) ══
[22:15:58]    + utente 01 (pid 2122635, wayland-5, seme 1601, porte 9910)
[22:16:10]      utente 01 nato in 12.5 s
[22:16:10]    + utente 02 (pid 2124110, wayland-6, seme 1602, porte 9920)
[22:16:28]      utente 02 nato in 17.5 s
[22:16:28]    + utente 03 (pid 2126133, wayland-7, seme 1603, porte 9930)
[22:16:39]      utente 03 nato in 11.5 s
[22:16:39]    + utente 04 (pid 2127651, wayland-8, seme 1604, porte 9940)
[22:16:59]      utente 04 nato in 19.5 s
[22:16:59]    + utente 05 (pid 2129730, wayland-9, seme 1605, porte 9950)
[22:17:11]      utente 05 nato in 12.5 s
[22:17:11]    + utente 06 (pid 2132307, wayland-10, seme 1606, porte 9960)
[22:17:31]      utente 06 nato in 20.0 s
[22:17:31]    + utente 07 (pid 2135094, wayland-11, seme 1607, porte 9970)
[22:17:43]      utente 07 nato in 12.0 s
[22:17:43]    + utente 08 (pid 2136960, wayland-12, seme 1608, porte 9980)
[22:18:05]      utente 08 nato in 21.5 s
[22:18:05]    + utente 09 (pid 2139982, wayland-13, seme 1609, porte 9990)
[22:18:18]      utente 09 nato in 13.5 s
[22:18:18]    tutti dentro (141 s dopo l'inizio del livello): lavoro fino alle 22:28:18
[22:25:48]    SIGUSR1 a 9 attori (foto piena), 30 s prima della finestra
[22:25:50]    foto scritte: 9/9 in 2 s
[22:26:18]    controllo corto: chrome su wayland-4
[22:27:34]    controllo corto: PASS (codice 0)
[22:28:27]    ▶ livello-09: DEGRADED — 9 GREEN · 1 DEGRADED · 0 FAIL · DEGRADED non significativo
[22:28:27] ⏹ FINE: ultimo livello buono 9 · rottura 10
[22:28:27]    fermo 9 attori (SIGTERM: sgomberano da se')
[22:28:33]    compositori spenti (13)
[22:28:38]    server rimesso col tetto predefinito (codice 0, tetto 10)
[22:28:38] fine · [{"livello": 1, "nome": "livello-01", "tipo": "gradino", "classe": "GREEN", "significativo": false, "dir": "/media/REMOTIX/misure/fase16/amd-b-3k-kde/livello-01"}, {"livello": 4, "nome": "livello-04", "tipo": "gradino", "classe": "GREEN", "significativo": false, "dir": "/media/REMOTIX/misure/fase16/amd-b-3k-kde/livello-04"}, {"livello": 8, "nome": "livello-08", "tipo": "gradino", "classe": "DEGRADED", "significativo": true, "dir": "/media/REMOTIX/misure/fase16/amd-b-3k-kde/livello-08"}, {"livello": 8, "nome": "livello-08-ripetizione", "tipo": "ripetizione", "classe": "DEGRADED", "significativo": false, "dir": "/media/REMOTIX/misure/fase16/amd-b-3k-kde/livello-08-ripetizione"}, {"livello": 12, "nome": "livello-12", "tipo": "gradino", "classe": "DEGRADED", "significativo": true, "dir": "/media/REMOTIX/misure/fase16/amd-b-3k-kde/livello-12"}, {"livello": 12, "nome": "livello-12-ripetizione", "tipo": "ripetizione", "classe": "DEGRADED", "significativo": true, "dir": "/media/REMOTIX/misure/fase16/amd-b-3k-kde/livello-12-ripetizione"}, {"livello": 10, "nome": "livello-10", "tipo": "ricerca", "classe": "DEGRADED", "significativo": true, "dir": "/media/REMOTIX/misure/fase16/amd-b-3k-kde/livello-10"}, {"livello": 9, "nome": "livello-09", "tipo": "ricerca", "classe": "DEGRADED", "significativo": false, "dir": "/media/REMOTIX/misure/fase16/amd-b-3k-kde/livello-09"}]
