LIVELLO 16 · intel-c-3k-lxqt · finestra 01:25:06–01:27:06 · FAIL
  utente 1   A  firefox  c16001u1       GREEN
      GREEN    ritardo input → fotogramma (p95)         37.79 — p95 dei p95 al secondo di «NOSTRO» (copia → byte fuori, 38 righe del figlio) 28.8 ms + 9 ms d'ingresso (tetto costruttivo: poll di 8 ms) · ⚠ strada wlroots: la «copia» e' contata due volte (~4 ms in piu', cattura.c:2309 / figlio.c:5191) — NON corretto, e' dal lato prudente
      GREEN    fotogrammi saltati                       0.0 — 272 consegnati, 272 dipinti (salt 0)
      GREEN    blocco piu' lungo dell'immagine          0.162 — dall'attore (13 righe)
      GREEN    buchi nella catena del video             0.0 — 0 buchi in 120 s
      GREEN    caduta, riavvio, errore che stacca       nessuna caduta, riavvio o errore che stacca
      GREEN    nascita (accesso → primo fotogramma)     1.712 — accesso → primo fotogramma
  utente 2   B  chrome   c16002u2       GREEN
      GREEN    ritardo input → fotogramma (p95)         38.07 — p95 dei p95 al secondo di «NOSTRO» (copia → byte fuori, 67 righe del figlio) 29.1 ms + 9 ms d'ingresso (tetto costruttivo: poll di 8 ms) · ⚠ strada wlroots: la «copia» e' contata due volte (~4 ms in piu', cattura.c:2309 / figlio.c:5191) — NON corretto, e' dal lato prudente
      GREEN    fotogrammi saltati                       0.0 — 437 consegnati, 437 dipinti (salt 0)
      GREEN    blocco piu' lungo dell'immagine          0.108 — dall'attore (15 righe)
      GREEN    buchi nella catena del video             0.0 — 0 buchi in 125 s
      GREEN    caduta, riavvio, errore che stacca       nessuna caduta, riavvio o errore che stacca
      GREEN    nascita (accesso → primo fotogramma)     1.425 — accesso → primo fotogramma
  utente 3   C  firefox  c16003u3       GREEN
      GREEN    ritardo input → fotogramma (p95)         35.25 — p95 dei p95 al secondo di «NOSTRO» (copia → byte fuori, 53 righe del figlio) 26.2 ms + 9 ms d'ingresso (tetto costruttivo: poll di 8 ms) · ⚠ strada wlroots: la «copia» e' contata due volte (~4 ms in piu', cattura.c:2309 / figlio.c:5191) — NON corretto, e' dal lato prudente
      GREEN    fotogrammi saltati                       0.0 — 246 consegnati, 246 dipinti (salt 0)
      GREEN    blocco piu' lungo dell'immagine          0.986 — dall'attore (16 righe)
      GREEN    buchi nella catena del video             0.0 — 0 buchi in 125 s
      GREEN    caduta, riavvio, errore che stacca       nessuna caduta, riavvio o errore che stacca
      GREEN    nascita (accesso → primo fotogramma)     1.513 — accesso → primo fotogramma
  utente 4   D  chrome   c16004u4       DEGRADED
      GREEN    ritardo input → fotogramma (p95)         41.41 — p95 dei p95 al secondo di «NOSTRO» (copia → byte fuori, 115 righe del figlio) 32.4 ms + 9 ms d'ingresso (tetto costruttivo: poll di 8 ms) · ⚠ strada wlroots: la «copia» e' contata due volte (~4 ms in piu', cattura.c:2309 / figlio.c:5191) — NON corretto, e' dal lato prudente
      GREEN    fotogrammi saltati                       0.0 — 1488 consegnati, 1488 dipinti (salt 0)
      DEGRADED blocco piu' lungo dell'immagine          1.63 — dall'attore (23 righe)
      GREEN    buchi nella catena del video             0.0 — 0 buchi in 122 s
      DEGRADED video: dipinti al secondo                0.408 — 12.2 dipinti/s in 122 s di video, f = 30.0
      GREEN    audio udibile                            99.65 — 5979 suonati su 6000 mandati (5979 ricevuti + 21 mancati)
      GREEN    caduta, riavvio, errore che stacca       nessuna caduta, riavvio o errore che stacca
      GREEN    nascita (accesso → primo fotogramma)     1.543 — accesso → primo fotogramma
  utente 5   A  firefox  c16005u5       GREEN
      GREEN    ritardo input → fotogramma (p95)         36.73 — p95 dei p95 al secondo di «NOSTRO» (copia → byte fuori, 54 righe del figlio) 27.7 ms + 9 ms d'ingresso (tetto costruttivo: poll di 8 ms) · ⚠ strada wlroots: la «copia» e' contata due volte (~4 ms in piu', cattura.c:2309 / figlio.c:5191) — NON corretto, e' dal lato prudente
      GREEN    fotogrammi saltati                       0.27 — 371 consegnati, 370 dipinti (salt 0)
      GREEN    blocco piu' lungo dell'immagine          0.145 — dall'attore (15 righe)
      GREEN    buchi nella catena del video             0.0 — 0 buchi in 119 s
      GREEN    caduta, riavvio, errore che stacca       nessuna caduta, riavvio o errore che stacca
      GREEN    nascita (accesso → primo fotogramma)     1.468 — accesso → primo fotogramma
  utente 6   B  chrome   c16006u6       GREEN
      GREEN    ritardo input → fotogramma (p95)         38.45 — p95 dei p95 al secondo di «NOSTRO» (copia → byte fuori, 71 righe del figlio) 29.4 ms + 9 ms d'ingresso (tetto costruttivo: poll di 8 ms) · ⚠ strada wlroots: la «copia» e' contata due volte (~4 ms in piu', cattura.c:2309 / figlio.c:5191) — NON corretto, e' dal lato prudente
      GREEN    fotogrammi saltati                       0.0 — 489 consegnati, 489 dipinti (salt 0)
      GREEN    blocco piu' lungo dell'immagine          0.112 — dall'attore (18 righe)
      GREEN    buchi nella catena del video             0.0 — 0 buchi in 121 s
      GREEN    caduta, riavvio, errore che stacca       nessuna caduta, riavvio o errore che stacca
      GREEN    nascita (accesso → primo fotogramma)     1.727 — accesso → primo fotogramma
  utente 7   C  firefox  c16007u7       GREEN
      GREEN    ritardo input → fotogramma (p95)         33.57 — p95 dei p95 al secondo di «NOSTRO» (copia → byte fuori, 44 righe del figlio) 24.6 ms + 9 ms d'ingresso (tetto costruttivo: poll di 8 ms) · ⚠ strada wlroots: la «copia» e' contata due volte (~4 ms in piu', cattura.c:2309 / figlio.c:5191) — NON corretto, e' dal lato prudente
      GREEN    fotogrammi saltati                       0.0 — 146 consegnati, 146 dipinti (salt 0)
      GREEN    blocco piu' lungo dell'immagine          0.134 — dall'attore (12 righe)
      GREEN    buchi nella catena del video             0.0 — 0 buchi in 118 s
      GREEN    caduta, riavvio, errore che stacca       nessuna caduta, riavvio o errore che stacca
      GREEN    nascita (accesso → primo fotogramma)     1.681 — accesso → primo fotogramma
  utente 8   D  chrome   c16008u8       DEGRADED
      GREEN    ritardo input → fotogramma (p95)         41.16 — p95 dei p95 al secondo di «NOSTRO» (copia → byte fuori, 115 righe del figlio) 32.2 ms + 9 ms d'ingresso (tetto costruttivo: poll di 8 ms) · ⚠ strada wlroots: la «copia» e' contata due volte (~4 ms in piu', cattura.c:2309 / figlio.c:5191) — NON corretto, e' dal lato prudente
      GREEN    fotogrammi saltati                       0.0 — 1551 consegnati, 1551 dipinti (salt 0)
      GREEN    blocco piu' lungo dell'immagine          0.24 — dall'attore (23 righe)
      GREEN    buchi nella catena del video             0.0 — 0 buchi in 122 s
      DEGRADED video: dipinti al secondo                0.422 — 12.7 dipinti/s in 122 s di video, f = 30.0
      GREEN    audio udibile                            100.0 — 6250 suonati su 6250 mandati (6250 ricevuti + 0 mancati)
      GREEN    caduta, riavvio, errore che stacca       nessuna caduta, riavvio o errore che stacca
      GREEN    nascita (accesso → primo fotogramma)     1.745 — accesso → primo fotogramma
  utente 9   A  firefox  c16009u9       GREEN
      GREEN    ritardo input → fotogramma (p95)         38.59 — p95 dei p95 al secondo di «NOSTRO» (copia → byte fuori, 55 righe del figlio) 29.6 ms + 9 ms d'ingresso (tetto costruttivo: poll di 8 ms) · ⚠ strada wlroots: la «copia» e' contata due volte (~4 ms in piu', cattura.c:2309 / figlio.c:5191) — NON corretto, e' dal lato prudente
      GREEN    fotogrammi saltati                       0.0 — 359 consegnati, 359 dipinti (salt 0)
      GREEN    blocco piu' lungo dell'immagine          0.165 — dall'attore (15 righe)
      GREEN    buchi nella catena del video             0.0 — 0 buchi in 121 s
      GREEN    caduta, riavvio, errore che stacca       nessuna caduta, riavvio o errore che stacca
      GREEN    nascita (accesso → primo fotogramma)     1.776 — accesso → primo fotogramma
  utente 10  B  chrome   c16010u10      GREEN
      GREEN    ritardo input → fotogramma (p95)         38.85 — p95 dei p95 al secondo di «NOSTRO» (copia → byte fuori, 87 righe del figlio) 29.9 ms + 9 ms d'ingresso (tetto costruttivo: poll di 8 ms) · ⚠ strada wlroots: la «copia» e' contata due volte (~4 ms in piu', cattura.c:2309 / figlio.c:5191) — NON corretto, e' dal lato prudente
      GREEN    fotogrammi saltati                       0.0 — 593 consegnati, 593 dipinti (salt 0)
      GREEN    blocco piu' lungo dell'immagine          0.169 — dall'attore (21 righe)
      GREEN    buchi nella catena del video             0.0 — 0 buchi in 120 s
      GREEN    caduta, riavvio, errore che stacca       nessuna caduta, riavvio o errore che stacca
      GREEN    nascita (accesso → primo fotogramma)     1.727 — accesso → primo fotogramma
  utente 11  C  firefox  c16011u11      GREEN
      GREEN    ritardo input → fotogramma (p95)         35.36 — p95 dei p95 al secondo di «NOSTRO» (copia → byte fuori, 38 righe del figlio) 26.4 ms + 9 ms d'ingresso (tetto costruttivo: poll di 8 ms) · ⚠ strada wlroots: la «copia» e' contata due volte (~4 ms in piu', cattura.c:2309 / figlio.c:5191) — NON corretto, e' dal lato prudente
      GREEN    fotogrammi saltati                       0.0 — 140 consegnati, 140 dipinti (salt 0)
      GREEN    blocco piu' lungo dell'immagine          0.127 — dall'attore (12 righe)
      GREEN    buchi nella catena del video             0.0 — 0 buchi in 124 s
      GREEN    caduta, riavvio, errore che stacca       nessuna caduta, riavvio o errore che stacca
      GREEN    nascita (accesso → primo fotogramma)     1.674 — accesso → primo fotogramma
  utente 12  D  chrome   c16012u12      DEGRADED
      GREEN    ritardo input → fotogramma (p95)         41.56 — p95 dei p95 al secondo di «NOSTRO» (copia → byte fuori, 116 righe del figlio) 32.6 ms + 9 ms d'ingresso (tetto costruttivo: poll di 8 ms) · ⚠ strada wlroots: la «copia» e' contata due volte (~4 ms in piu', cattura.c:2309 / figlio.c:5191) — NON corretto, e' dal lato prudente
      GREEN    fotogrammi saltati                       0.0 — 1522 consegnati, 1522 dipinti (salt 0)
      GREEN    blocco piu' lungo dell'immagine          0.22 — dall'attore (23 righe)
      GREEN    buchi nella catena del video             0.0 — 0 buchi in 122 s
      DEGRADED video: dipinti al secondo                0.416 — 12.5 dipinti/s in 122 s di video, f = 30.0
      GREEN    audio udibile                            100.0 — 6250 suonati su 6250 mandati (6250 ricevuti + 0 mancati)
      GREEN    caduta, riavvio, errore che stacca       nessuna caduta, riavvio o errore che stacca
      GREEN    nascita (accesso → primo fotogramma)     1.758 — accesso → primo fotogramma
  utente 13  A  firefox  c16013u13      GREEN
      GREEN    ritardo input → fotogramma (p95)         37.63 — p95 dei p95 al secondo di «NOSTRO» (copia → byte fuori, 33 righe del figlio) 28.6 ms + 9 ms d'ingresso (tetto costruttivo: poll di 8 ms) · ⚠ strada wlroots: la «copia» e' contata due volte (~4 ms in piu', cattura.c:2309 / figlio.c:5191) — NON corretto, e' dal lato prudente
      GREEN    fotogrammi saltati                       0.0 — 226 consegnati, 226 dipinti (salt 0)
      GREEN    blocco piu' lungo dell'immagine          0.188 — dall'attore (10 righe)
      GREEN    buchi nella catena del video             0.0 — 0 buchi in 123 s
      GREEN    caduta, riavvio, errore che stacca       nessuna caduta, riavvio o errore che stacca
      GREEN    nascita (accesso → primo fotogramma)     1.826 — accesso → primo fotogramma
  utente 14  B  chrome   c16014u14      GREEN
      GREEN    ritardo input → fotogramma (p95)         39.37 — p95 dei p95 al secondo di «NOSTRO» (copia → byte fuori, 73 righe del figlio) 30.4 ms + 9 ms d'ingresso (tetto costruttivo: poll di 8 ms) · ⚠ strada wlroots: la «copia» e' contata due volte (~4 ms in piu', cattura.c:2309 / figlio.c:5191) — NON corretto, e' dal lato prudente
      GREEN    fotogrammi saltati                       0.0 — 550 consegnati, 550 dipinti (salt 0)
      GREEN    blocco piu' lungo dell'immagine          0.169 — dall'attore (19 righe)
      GREEN    buchi nella catena del video             0.0 — 0 buchi in 122 s
      GREEN    caduta, riavvio, errore che stacca       nessuna caduta, riavvio o errore che stacca
      GREEN    nascita (accesso → primo fotogramma)     1.644 — accesso → primo fotogramma
  utente 15  C  firefox  c16015u15      GREEN
      GREEN    ritardo input → fotogramma (p95)         34.6 — p95 dei p95 al secondo di «NOSTRO» (copia → byte fuori, 58 righe del figlio) 25.6 ms + 9 ms d'ingresso (tetto costruttivo: poll di 8 ms) · ⚠ strada wlroots: la «copia» e' contata due volte (~4 ms in piu', cattura.c:2309 / figlio.c:5191) — NON corretto, e' dal lato prudente
      GREEN    fotogrammi saltati                       0.0 — 220 consegnati, 220 dipinti (salt 0)
      GREEN    blocco piu' lungo dell'immagine          0.113 — dall'attore (15 righe)
      GREEN    buchi nella catena del video             0.0 — 0 buchi in 121 s
      GREEN    caduta, riavvio, errore che stacca       nessuna caduta, riavvio o errore che stacca
      GREEN    nascita (accesso → primo fotogramma)     1.875 — accesso → primo fotogramma
  utente 16  D  chrome   c16016u16      DEGRADED
      GREEN    ritardo input → fotogramma (p95)         41.78 — p95 dei p95 al secondo di «NOSTRO» (copia → byte fuori, 115 righe del figlio) 32.8 ms + 9 ms d'ingresso (tetto costruttivo: poll di 8 ms) · ⚠ strada wlroots: la «copia» e' contata due volte (~4 ms in piu', cattura.c:2309 / figlio.c:5191) — NON corretto, e' dal lato prudente
      GREEN    fotogrammi saltati                       0.0 — 1462 consegnati, 1462 dipinti (salt 0)
      GREEN    blocco piu' lungo dell'immagine          0.23 — dall'attore (22 righe)
      GREEN    buchi nella catena del video             0.0 — 0 buchi in 116 s
      DEGRADED video: dipinti al secondo                0.419 — 12.6 dipinti/s in 116 s di video, f = 30.0
      GREEN    audio udibile                            100.0 — 5750 suonati su 5750 mandati (5750 ricevuti + 0 mancati)
      GREEN    caduta, riavvio, errore che stacca       nessuna caduta, riavvio o errore che stacca
      GREEN    nascita (accesso → primo fotogramma)     1.842 — accesso → primo fotogramma
  utente 99  controllo chrome   c16016u99      FAIL
      FAIL     nascita (accesso → primo fotogramma)     la sessione del controllo non e' nata: nessun fotogramma dipinto 90 s dopo l'accesso
      DEGRADED controllo funzionale corto               NON MISURATO: non guardate: F-004, F-007, F-003, F-014
  livello  GREEN    memoria_remotix                PSS 279 → 265 MB in 1619 s di lavoro (00:58:07–01:25:06); seconda meta' -37.5 %/ora, -23 MB su -14 · da: inizio del lavoro + 60 s
  livello  GREEN    memoria_sessioni               PSS 4221 → 3444 MB in 1619 s di lavoro (00:58:07–01:25:06); seconda meta' -160.7 %/ora, -1551 MB su -777 · da: inizio del lavoro + 60 s
  livello  GREEN    riavvio_server                 il padre remotix e' lo stesso per tutto il livello
  livello  GREEN    entrati                        entrati 16 su 16
  risorse: cpu macchina 28.43 % (media) · mem usata 28168 MB · card0 disegno 99.11%, video 48.05%, video_enhance 16.95% · card1 
{"campagna": "intel-c-3k-lxqt", "livello": 16, "desktop": "lxqt", "scheda": "Intel UHD 770 (i5-13500T)", "driver": "i915 intel-media-va-driver=25.2.3+dfsg1-1 libgl1-mesa-dri=25.0.7-2+deb13u1 libva2=2.22.0-3 mesa-va-drivers=25.0.7-2+deb13u1", "misura": "3k", "commit": "678a2da", "binario": "28a947f5", "pagina": "fb9a18f3", "nucleo": "7.0", "tetto_sessioni": 17, "inizio": "2026-09-29T00:54:11+00:00", "durata_s": 1975, "finestra": ["01:25:06", "01:27:06"], "fps_video": 30.0, "tipo": "livello", "utenti": 17, "sessioni": {"GREEN": 12, "DEGRADED": 4, "FAIL": 1}, "journal_err": {"righe": 619, "per_inquilino": {"c16001u1": 5, "c16002u2": 5, "c16003u3": 5, "c16004u4": 14, "c16005u5": 13, "c16006u6": 5, "c16007u7": 5, "c16008u8": 9, "c16009u9": 5, "c16010u10": 5, "c16011u11": 5, "c16012u12": 5, "c16013u13": 5, "c16014u14": 5, "c16015u15": 5, "c16016u16": 5, "c16016u99": 5}, "esempi": ["figlio  [c16001u1] ⛔ «/usr/bin/loginctl» non e' andato (stato 1)", "figlio  [c16001u1] ⛔ SENZA PALCO alla nascita: la sessione grafica di «c16001u1» non c'e' (ancora).  ⚠ NON esco — §8.3 vieta di staccare — e NON resto fermo: riprovo, la prima volta fra 1000 ms", "figlio  ⛔ il palco di «c16001u1»: bus ⛔ NO, sessione 5, presa 0, monitor «» (0 prima, 0 dopo), 0x0 stride 0 a 0 bit, 0 flussi in consegna — aspetto la tela del cliente", "figlio  [c16001u1] ⛔⛔ FIFO **NON** OTTENUTO: 3 thread su 3 del percorso audio girano a politica NORMALE (nice peggiore 0), e RLIMIT_RTPRIO = 0 — ⚠ il rlimit dice «puoi CHIEDERLA», non «ce l'hai».  `[M", "figlio  ⛔ il palco di «c16001u1»: bus APERTO, sessione 4, presa 0, monitor «» (0 prima, 0 dopo), 0x0 stride 0 a 0 bit, 0 flussi in consegna — il gestore di sessione non è ancora sul bus"], "fonte": "/media/REMOTIX/misure/fase16/intel-c-3k-lxqt/livello-16-ripetizione/journal-err.jsonl"}, "voci": {"memoria_remotix": {"valore": -5.174, "classe": "GREEN", "significativo": false, "nota": "PSS 279 → 265 MB in 1619 s di lavoro (00:58:07–01:25:06); seconda meta' -37.5 %/ora, -23 MB su -14 · da: inizio del lavoro + 60 s", "continua": false, "pendenza_pct_ora": -37.527, "tratto_s": 1619}, "memoria_sessioni": {"valore": -18.41, "classe": "GREEN", "significativo": false, "nota": "PSS 4221 → 3444 MB in 1619 s di lavoro (00:58:07–01:25:06); seconda meta' -160.7 %/ora, -1551 MB su -777 · da: inizio del lavoro + 60 s", "continua": false, "pendenza_pct_ora": -160.683, "tratto_s": 1619}, "riavvio_server": {"valore": 2542219, "classe": "GREEN", "significativo": false, "nota": "il padre remotix e' lo stesso per tutto il livello"}, "entrati": {"valore": 16, "classe": "GREEN", "significativo": false, "nota": "entrati 16 su 16"}}, "risorse": {"campioni": 120, "cpu_macchina_pct": {"media": 28.43, "p95": 32.6, "max": 36.3}, "carico_1m": {"media": 6.11, "p95": 6.69, "max": 6.79}, "mem_usata_mb": {"media": 27869.69, "p95": 28055, "max": 28168}, "mem_totale_mb": 31869, "thread": {"media": 7304.38, "p95": 7375, "max": 7448}, "misuratore_cpu_s": {"media": 0.17, "p95": 0.19, "max": 0.22}, "recinti": {"remotix": {"cpu_core": {"media": 1.02, "p95": 1.16, "max": 1.19}, "pss_mb": {"media": 269.42, "p95": 271.0, "max": 271.1}, "processi": {"media": 18.76, "p95": 19, "max": 19}, "gpu": {"copia": {"media": 0.0, "p95": 0.0, "max": 0.0}, "disegno": {"media": 0.0, "p95": 0.0, "max": 0.0}, "video": {"media": 19.45, "p95": 20.85, "max": 21.31}, "video_enhance": {"media": 16.95, "p95": 18.06, "max": 18.92}}}, "sessioni": {"cpu_core": {"media": 1.62, "p95": 2.14, "max": 3.01}, "pss_mb": {"media": 3471.77, "p95": 3510.9, "max": 3525.5}, "processi": {"media": 361.36, "p95": 363, "max": 364}, "gpu": {"copia": {"media": 0.0, "p95": 0.0, "max": 0.0}, "disegno": {"media": 60.43, "p95": 63.27, "max": 65.28}, "video": {"media": 22.28, "p95": 23.92, "max": 32.75}, "video_enhance": {"media": 0.0, "p95": 0.0, "max": 0.0}}}, "browser": {"cpu_core": {"media": 1.8, "p95": 2.18, "max": 2.39}, "pss_mb": {"media": 4019.27, "p95": 4141.0, "max": 4154.9}, "processi": {"media": 190.56, "p95": 196, "max": 197}, "gpu": {"copia": {"media": 0.0, "p95": 0.0, "max": 0.0}, "disegno": {"media": 30.85, "p95": 33.41, "max": 34.4}, "video": {"media": 6.32, "p95": 6.78, "max": 7.02}, "video_enhance": {"media": 0.0, "p95": 0.0, "max": 0.0}}}, "altro_scatola": {"cpu_core": {"media": 0.04, "p95": 0.04, "max": 0.13}, "pss_mb": {"media": 176.77, "p95": 218.9, "max": 219.7}, "processi": {"media": 25.06, "p95": 25, "max": 27}, "gpu": {}}, "labwc_cliente": {"cpu_core": {"media": 0.08, "p95": 0.11, "max": 0.12}, "pss_mb": {"media": 134.3, "p95": 134.9, "max": 134.9}, "processi": {"media": 17.0, "p95": 17, "max": 17}, "gpu": {"copia": {"media": 0.0, "p95": 0.0, "max": 0.0}, "disegno": {"media": 7.83, "p95": 8.53, "max": 9.01}, "video": {"media": 0.0, "p95": 0.0, "max": 0.0}, "video_enhance": {"media": 0.0, "p95": 0.0, "max": 0.0}}}}, "gpu": {"0000:00:02.0": {"scheda": "card0", "driver": "i915", "copia": {"media": 0.0, "p95": 0.0, "max": 0.0}, "disegno": {"media": 99.11, "p95": 102.7, "max": 107.01}, "video": {"media": 48.05, "p95": 50.86, "max": 59.08}, "video_enhance": {"media": 16.95, "p95": 18.06, "max": 18.92}, "freq_att_mhz": {"media": 1390.0, "p95": 1550.0, "max": 1550.0}, "freq_mhz": {"media": 1550.0, "p95": 1550.0, "max": 1550.0}, "temp_c": {"media": 47.81, "p95": 50.0, "max": 51.0}, "potenza_w": {"media": 6.95, "p95": 7.25, "max": 7.39}, "vram_usata_mb": null, "occupata_pct": null, "strozzatura_frazione": {"pl4": 0.79}}, "0000:03:00.0": {"scheda": "card1", "driver": "amdgpu", "freq_att_mhz": {"media": 0.0, "p95": 0.0, "max": 0.0}, "freq_mhz": {"media": 0.0, "p95": 0.0, "max": 0.0}, "temp_c": {"media": 41.01, "p95": 41.0, "max": 42.0}, "potenza_w": {"media": 6.0, "p95": 6.0, "max": 6.0}, "vram_usata_mb": {"media": 48.1, "p95": 48.1, "max": 48.1}, "occupata_pct": {"media": 0.0, "p95": 0.0, "max": 0.0}, "strozzatura_frazione": {}}}, "avvisi": ["⚠ PSS illeggibile per 1 processi (non si e' root?)"]}, "classe": "FAIL", "significativo": true, "ragione": "12 GREEN · 4 DEGRADED · 1 FAIL", "evidenze": ["/media/REMOTIX/misure/fase16/intel-c-3k-lxqt/livello-16-ripetizione"]}
{"campagna": "intel-c-3k-lxqt", "livello": 16, "desktop": "lxqt", "scheda": "Intel UHD 770 (i5-13500T)", "driver": "i915 intel-media-va-driver=25.2.3+dfsg1-1 libgl1-mesa-dri=25.0.7-2+deb13u1 libva2=2.22.0-3 mesa-va-drivers=25.0.7-2+deb13u1", "misura": "3k", "commit": "678a2da", "binario": "28a947f5", "pagina": "fb9a18f3", "nucleo": "7.0", "tetto_sessioni": 17, "inizio": "2026-09-29T00:54:11+00:00", "durata_s": 1975, "finestra": ["01:25:06", "01:27:06"], "fps_video": 30.0, "tipo": "sessione", "utente": 1, "profilo": "A", "browser": "firefox", "versione": "Firefox 140.16.0 · finestra vera", "inquilino": "c16001u1", "misure": {"finestra_s": 120.3, "esperienza": {"giro_eco_p95_ms": 129.3, "giro_eco_campioni": 45, "giro_tutti_p95_ms": 132.9, "giro_tutti_campioni": 108}, "video_non_avanza": 0, "input_azioni": 13, "input_persi": 0, "input_latenza_p95_ms": 293, "tratto": {"righe": 38, "mediana_p95_ms": 21.5, "max_campione_p95_ms": 29.6, "produttore_mediana_ms": 0.0}, "ritardo_p95_ms": 37.79, "nostro": {"righe": 38, "p95_dei_p95_ms": 28.79, "max_al_secondo_max_ms": 29.6, "max_al_secondo_p95_ms": 28.79, "mediana_ms": 22.43, "fotogrammi": 259}, "consegnati": 272, "dipinti": 272, "salt": 0, "saltati_pct": 0.0, "lavoro_s": 70.2, "blocco_max_s": 0.162, "buchi": 0, "rete": {"persi": 0, "byte_persi": 0, "spediti": 2685, "byte_spediti": 3446876, "ricevuti": 558, "scartati": 0, "dgram_persi": 0, "dgram_ok": 0, "dgram_falsi": 0, "connessioni": 1, "perdita_pct": 0.0, "mbit_s": 0.23, "srtt_ms": {"mediana": 0.21, "max": 0.41}, "pto_ms_max": 22.0, "secondi": 118}, "tratto_server_ms": {"mediana": 21.29, "max": 29.6, "ora": "01:27:02.529"}, "nascita_s": 1.71, "journal_err": 5}, "voci": {"ritardo_p95_ms": {"valore": 37.79, "classe": "GREEN", "significativo": false, "nota": "p95 dei p95 al secondo di «NOSTRO» (copia → byte fuori, 38 righe del figlio) 28.8 ms + 9 ms d'ingresso (tetto costruttivo: poll di 8 ms) · ⚠ strada wlroots: la «copia» e' contata due volte (~4 ms in piu', cattura.c:2309 / figlio.c:5191) — NON corretto, e' dal lato prudente"}, "saltati_pct": {"valore": 0.0, "classe": "GREEN", "significativo": false, "nota": "272 consegnati, 272 dipinti (salt 0)"}, "blocco_max_s": {"valore": 0.162, "classe": "GREEN", "significativo": false, "nota": "dall'attore (13 righe)"}, "buchi_al_min": {"valore": 0.0, "classe": "GREEN", "significativo": false, "nota": "0 buchi in 120 s"}, "caduta": {"valore": false, "classe": "GREEN", "significativo": false, "nota": "nessuna caduta, riavvio o errore che stacca"}, "nascita_s": {"valore": 1.712, "classe": "GREEN", "significativo": false, "nota": "accesso → primo fotogramma"}}, "classe": "GREEN", "ragione": "tutte le voci GREEN", "non_misurate": [], "evidenze": ["/media/REMOTIX/misure/fase16/intel-c-3k-lxqt/livello-16-ripetizione/utente-01"]}
{"campagna": "intel-c-3k-lxqt", "livello": 16, "desktop": "lxqt", "scheda": "Intel UHD 770 (i5-13500T)", "driver": "i915 intel-media-va-driver=25.2.3+dfsg1-1 libgl1-mesa-dri=25.0.7-2+deb13u1 libva2=2.22.0-3 mesa-va-drivers=25.0.7-2+deb13u1", "misura": "3k", "commit": "678a2da", "binario": "28a947f5", "pagina": "fb9a18f3", "nucleo": "7.0", "tetto_sessioni": 17, "inizio": "2026-09-29T00:54:11+00:00", "durata_s": 1975, "finestra": ["01:25:06", "01:27:06"], "fps_video": 30.0, "tipo": "sessione", "utente": 2, "profilo": "B", "browser": "chrome", "versione": "Chrome/154.0.8037.57 · finestra vera", "inquilino": "c16002u2", "misure": {"finestra_s": 124.9, "esperienza": {"giro_eco_p95_ms": 80.5, "giro_eco_campioni": 176, "giro_tutti_p95_ms": 84, "giro_tutti_campioni": 265}, "video_non_avanza": 0, "input_azioni": 4, "input_persi": 0, "input_latenza_p95_ms": 4, "tratto": {"righe": 67, "mediana_p95_ms": 20.69, "max_campione_p95_ms": 33.95, "produttore_mediana_ms": 0.0}, "ritardo_p95_ms": 38.07, "nostro": {"righe": 67, "p95_dei_p95_ms": 29.07, "max_al_secondo_max_ms": 33.95, "max_al_secondo_p95_ms": 29.07, "mediana_ms": 21.66, "fotogrammi": 402}, "consegnati": 437, "dipinti": 437, "salt": 0, "saltati_pct": 0.0, "lavoro_s": 83.8, "blocco_max_s": 0.108, "buchi": 0, "rete": {"persi": 0, "byte_persi": 0, "spediti": 800, "byte_spediti": 760276, "ricevuti": 769, "scartati": 0, "dgram_persi": 0, "dgram_ok": 0, "dgram_falsi": 0, "connessioni": 1, "perdita_pct": 0.0, "mbit_s": 0.05, "srtt_ms": {"mediana": 0.21, "max": 0.31}, "pto_ms_max": 26.3, "secondi": 117}, "tratto_server_ms": {"mediana": 20.69, "max": 33.95, "ora": "01:27:00.391"}, "nascita_s": 1.43, "journal_err": 5}, "voci": {"ritardo_p95_ms": {"valore": 38.07, "classe": "GREEN", "significativo": false, "nota": "p95 dei p95 al secondo di «NOSTRO» (copia → byte fuori, 67 righe del figlio) 29.1 ms + 9 ms d'ingresso (tetto costruttivo: poll di 8 ms) · ⚠ strada wlroots: la «copia» e' contata due volte (~4 ms in piu', cattura.c:2309 / figlio.c:5191) — NON corretto, e' dal lato prudente"}, "saltati_pct": {"valore": 0.0, "classe": "GREEN", "significativo": false, "nota": "437 consegnati, 437 dipinti (salt 0)"}, "blocco_max_s": {"valore": 0.108, "classe": "GREEN", "significativo": false, "nota": "dall'attore (15 righe)"}, "buchi_al_min": {"valore": 0.0, "classe": "GREEN", "significativo": false, "nota": "0 buchi in 125 s"}, "caduta": {"valore": false, "classe": "GREEN", "significativo": false, "nota": "nessuna caduta, riavvio o errore che stacca"}, "nascita_s": {"valore": 1.425, "classe": "GREEN", "significativo": false, "nota": "accesso → primo fotogramma"}}, "classe": "GREEN", "ragione": "tutte le voci GREEN", "non_misurate": [], "evidenze": ["/media/REMOTIX/misure/fase16/intel-c-3k-lxqt/livello-16-ripetizione/utente-02"]}
{"campagna": "intel-c-3k-lxqt", "livello": 16, "desktop": "lxqt", "scheda": "Intel UHD 770 (i5-13500T)", "driver": "i915 intel-media-va-driver=25.2.3+dfsg1-1 libgl1-mesa-dri=25.0.7-2+deb13u1 libva2=2.22.0-3 mesa-va-drivers=25.0.7-2+deb13u1", "misura": "3k", "commit": "678a2da", "binario": "28a947f5", "pagina": "fb9a18f3", "nucleo": "7.0", "tetto_sessioni": 17, "inizio": "2026-09-29T00:54:11+00:00", "durata_s": 1975, "finestra": ["01:25:06", "01:27:06"], "fps_video": 30.0, "tipo": "sessione", "utente": 3, "profilo": "C", "browser": "firefox", "versione": "Firefox 140.16.0 · finestra vera", "inquilino": "c16003u3", "misure": {"finestra_s": 124.6, "esperienza": {"giro_eco_p95_ms": 95.6, "giro_eco_campioni": 218, "giro_tutti_p95_ms": 96.9, "giro_tutti_campioni": 243}, "video_non_avanza": 0, "input_azioni": 9, "input_persi": 0, "input_latenza_p95_ms": 46, "tratto": {"righe": 53, "mediana_p95_ms": 16.48, "max_campione_p95_ms": 28.05, "produttore_mediana_ms": 0.0}, "ritardo_p95_ms": 35.25, "nostro": {"righe": 53, "p95_dei_p95_ms": 26.25, "max_al_secondo_max_ms": 27.76, "max_al_secondo_p95_ms": 26.25, "mediana_ms": 17.76, "fotogrammi": 241}, "consegnati": 246, "dipinti": 246, "salt": 0, "saltati_pct": 0.0, "lavoro_s": 89.2, "blocco_max_s": 0.986, "buchi": 0, "rete": {"persi": 0, "byte_persi": 0, "spediti": 959, "byte_spediti": 1010732, "ricevuti": 749, "scartati": 0, "dgram_persi": 0, "dgram_ok": 0, "dgram_falsi": 0, "connessioni": 1, "perdita_pct": 0.0, "mbit_s": 0.07, "srtt_ms": {"mediana": 0.17, "max": 0.46}, "pto_ms_max": 23.0, "secondi": 119}, "tratto_server_ms": {"mediana": 16.39, "max": 27.76, "ora": "01:27:00.061"}, "nascita_s": 1.51, "journal_err": 5}, "voci": {"ritardo_p95_ms": {"valore": 35.25, "classe": "GREEN", "significativo": false, "nota": "p95 dei p95 al secondo di «NOSTRO» (copia → byte fuori, 53 righe del figlio) 26.2 ms + 9 ms d'ingresso (tetto costruttivo: poll di 8 ms) · ⚠ strada wlroots: la «copia» e' contata due volte (~4 ms in piu', cattura.c:2309 / figlio.c:5191) — NON corretto, e' dal lato prudente"}, "saltati_pct": {"valore": 0.0, "classe": "GREEN", "significativo": false, "nota": "246 consegnati, 246 dipinti (salt 0)"}, "blocco_max_s": {"valore": 0.986, "classe": "GREEN", "significativo": false, "nota": "dall'attore (16 righe)"}, "buchi_al_min": {"valore": 0.0, "classe": "GREEN", "significativo": false, "nota": "0 buchi in 125 s"}, "caduta": {"valore": false, "classe": "GREEN", "significativo": false, "nota": "nessuna caduta, riavvio o errore che stacca"}, "nascita_s": {"valore": 1.513, "classe": "GREEN", "significativo": false, "nota": "accesso → primo fotogramma"}}, "classe": "GREEN", "ragione": "tutte le voci GREEN", "non_misurate": [], "evidenze": ["/media/REMOTIX/misure/fase16/intel-c-3k-lxqt/livello-16-ripetizione/utente-03"]}
{"campagna": "intel-c-3k-lxqt", "livello": 16, "desktop": "lxqt", "scheda": "Intel UHD 770 (i5-13500T)", "driver": "i915 intel-media-va-driver=25.2.3+dfsg1-1 libgl1-mesa-dri=25.0.7-2+deb13u1 libva2=2.22.0-3 mesa-va-drivers=25.0.7-2+deb13u1", "misura": "3k", "commit": "678a2da", "binario": "28a947f5", "pagina": "fb9a18f3", "nucleo": "7.0", "tetto_sessioni": 17, "inizio": "2026-09-29T00:54:11+00:00", "durata_s": 1975, "finestra": ["01:25:06", "01:27:06"], "fps_video": 30.0, "tipo": "sessione", "utente": 4, "profilo": "D", "browser": "chrome", "versione": "Chrome/154.0.8037.57 · finestra vera", "inquilino": "c16004u4", "misure": {"finestra_s": 121.6, "esperienza": {"giro_eco_p95_ms": null, "giro_eco_campioni": 0, "giro_tutti_p95_ms": null, "giro_tutti_campioni": 0}, "video_non_avanza": 0, "input_azioni": 0, "input_persi": 0, "input_latenza_p95_ms": null, "tratto": {"righe": 115, "mediana_p95_ms": 23.54, "max_campione_p95_ms": 39.32, "produttore_mediana_ms": 0.0}, "ritardo_p95_ms": 41.41, "nostro": {"righe": 115, "p95_dei_p95_ms": 32.41, "max_al_secondo_max_ms": 37.71, "max_al_secondo_p95_ms": 32.41, "mediana_ms": 23.54, "fotogrammi": 1483}, "consegnati": 1488, "dipinti": 1488, "salt": 0, "saltati_pct": 0.0, "lavoro_s": 121.6, "blocco_max_s": 1.63, "buchi": 0, "video_fps": 12.24, "audio_udibile_pct": 99.65, "rete": {"persi": 0, "byte_persi": 0, "spediti": 40841, "byte_spediti": 57831988, "ricevuti": 9161, "scartati": 0, "dgram_persi": 0, "dgram_ok": 5979, "dgram_falsi": 0, "connessioni": 1, "perdita_pct": 0.0, "mbit_s": 3.82, "srtt_ms": {"mediana": 0.28, "max": 1.24}, "pto_ms_max": 33.2, "secondi": 121}, "tratto_server_ms": {"mediana": 23.44, "max": 33.06, "ora": "01:27:07.471"}, "nascita_s": 1.54, "journal_err": 14}, "voci": {"ritardo_p95_ms": {"valore": 41.41, "classe": "GREEN", "significativo": false, "nota": "p95 dei p95 al secondo di «NOSTRO» (copia → byte fuori, 115 righe del figlio) 32.4 ms + 9 ms d'ingresso (tetto costruttivo: poll di 8 ms) · ⚠ strada wlroots: la «copia» e' contata due volte (~4 ms in piu', cattura.c:2309 / figlio.c:5191) — NON corretto, e' dal lato prudente"}, "saltati_pct": {"valore": 0.0, "classe": "GREEN", "significativo": false, "nota": "1488 consegnati, 1488 dipinti (salt 0)"}, "blocco_max_s": {"valore": 1.63, "classe": "DEGRADED", "significativo": false, "nota": "dall'attore (23 righe)"}, "buchi_al_min": {"valore": 0.0, "classe": "GREEN", "significativo": false, "nota": "0 buchi in 122 s"}, "video_frazione_f": {"valore": 0.408, "classe": "DEGRADED", "significativo": true, "nota": "12.2 dipinti/s in 122 s di video, f = 30.0"}, "audio_udibile_pct": {"valore": 99.65, "classe": "GREEN", "significativo": false, "nota": "5979 suonati su 6000 mandati (5979 ricevuti + 21 mancati)"}, "caduta": {"valore": false, "classe": "GREEN", "significativo": false, "nota": "nessuna caduta, riavvio o errore che stacca"}, "nascita_s": {"valore": 1.543, "classe": "GREEN", "significativo": false, "nota": "accesso → primo fotogramma"}}, "classe": "DEGRADED", "ragione": "DEGRADED blocco piu' lungo dell'immagine: 1.63 — dall'attore (23 righe) · DEGRADED video: dipinti al secondo: 0.408 — 12.2 dipinti/s in 122 s di video, f = 30.0", "non_misurate": [], "evidenze": ["/media/REMOTIX/misure/fase16/intel-c-3k-lxqt/livello-16-ripetizione/utente-04"]}
{"campagna": "intel-c-3k-lxqt", "livello": 16, "desktop": "lxqt", "scheda": "Intel UHD 770 (i5-13500T)", "driver": "i915 intel-media-va-driver=25.2.3+dfsg1-1 libgl1-mesa-dri=25.0.7-2+deb13u1 libva2=2.22.0-3 mesa-va-drivers=25.0.7-2+deb13u1", "misura": "3k", "commit": "678a2da", "binario": "28a947f5", "pagina": "fb9a18f3", "nucleo": "7.0", "tetto_sessioni": 17, "inizio": "2026-09-29T00:54:11+00:00", "durata_s": 1975, "finestra": ["01:25:06", "01:27:06"], "fps_video": 30.0, "tipo": "sessione", "utente": 5, "profilo": "A", "browser": "firefox", "versione": "Firefox 140.16.0 · finestra vera", "inquilino": "c16005u5", "misure": {"finestra_s": 119.3, "esperienza": {"giro_eco_p95_ms": 108.1, "giro_eco_campioni": 100, "giro_tutti_p95_ms": 115.5, "giro_tutti_campioni": 189}, "video_non_avanza": 0, "input_azioni": 18, "input_persi": 0, "input_latenza_p95_ms": 310, "tratto": {"righe": 54, "mediana_p95_ms": 22.59, "max_campione_p95_ms": 30.54, "produttore_mediana_ms": 0.0}, "ritardo_p95_ms": 36.73, "nostro": {"righe": 54, "p95_dei_p95_ms": 27.73, "max_al_secondo_max_ms": 29.18, "max_al_secondo_p95_ms": 27.73, "mediana_ms": 22.69, "fotogrammi": 384}, "consegnati": 371, "dipinti": 370, "salt": 0, "saltati_pct": 0.27, "lavoro_s": 84.1, "blocco_max_s": 0.145, "buchi": 0, "rete": {"persi": 0, "byte_persi": 0, "spediti": 2721, "byte_spediti": 3258776, "ricevuti": 987, "scartati": 0, "dgram_persi": 0, "dgram_ok": 0, "dgram_falsi": 0, "connessioni": 1, "perdita_pct": 0.0, "mbit_s": 0.22, "srtt_ms": {"mediana": 0.21, "max": 0.43}, "pto_ms_max": 22.0, "secondi": 119}, "tratto_server_ms": {"mediana": 21.96, "max": 29.18, "ora": "01:27:05.358"}, "nascita_s": 1.47, "journal_err": 13}, "voci": {"ritardo_p95_ms": {"valore": 36.73, "classe": "GREEN", "significativo": false, "nota": "p95 dei p95 al secondo di «NOSTRO» (copia → byte fuori, 54 righe del figlio) 27.7 ms + 9 ms d'ingresso (tetto costruttivo: poll di 8 ms) · ⚠ strada wlroots: la «copia» e' contata due volte (~4 ms in piu', cattura.c:2309 / figlio.c:5191) — NON corretto, e' dal lato prudente"}, "saltati_pct": {"valore": 0.27, "classe": "GREEN", "significativo": false, "nota": "371 consegnati, 370 dipinti (salt 0)"}, "blocco_max_s": {"valore": 0.145, "classe": "GREEN", "significativo": false, "nota": "dall'attore (15 righe)"}, "buchi_al_min": {"valore": 0.0, "classe": "GREEN", "significativo": false, "nota": "0 buchi in 119 s"}, "caduta": {"valore": false, "classe": "GREEN", "significativo": false, "nota": "nessuna caduta, riavvio o errore che stacca"}, "nascita_s": {"valore": 1.468, "classe": "GREEN", "significativo": false, "nota": "accesso → primo fotogramma"}}, "classe": "GREEN", "ragione": "tutte le voci GREEN", "non_misurate": [], "evidenze": ["/media/REMOTIX/misure/fase16/intel-c-3k-lxqt/livello-16-ripetizione/utente-05"]}
{"campagna": "intel-c-3k-lxqt", "livello": 16, "desktop": "lxqt", "scheda": "Intel UHD 770 (i5-13500T)", "driver": "i915 intel-media-va-driver=25.2.3+dfsg1-1 libgl1-mesa-dri=25.0.7-2+deb13u1 libva2=2.22.0-3 mesa-va-drivers=25.0.7-2+deb13u1", "misura": "3k", "commit": "678a2da", "binario": "28a947f5", "pagina": "fb9a18f3", "nucleo": "7.0", "tetto_sessioni": 17, "inizio": "2026-09-29T00:54:11+00:00", "durata_s": 1975, "finestra": ["01:25:06", "01:27:06"], "fps_video": 30.0, "tipo": "sessione", "utente": 6, "profilo": "B", "browser": "chrome", "versione": "Chrome/154.0.8037.57 · finestra vera", "inquilino": "c16006u6", "misure": {"finestra_s": 121.3, "esperienza": {"giro_eco_p95_ms": 85, "giro_eco_campioni": 203, "giro_tutti_p95_ms": 92.3, "giro_tutti_campioni": 276}, "video_non_avanza": 0, "input_azioni": 3, "input_persi": 0, "input_latenza_p95_ms": 2329, "tratto": {"righe": 71, "mediana_p95_ms": 19.86, "max_campione_p95_ms": 36.23, "produttore_mediana_ms": 0.0}, "ritardo_p95_ms": 38.45, "nostro": {"righe": 71, "p95_dei_p95_ms": 29.45, "max_al_secondo_max_ms": 32.19, "max_al_secondo_p95_ms": 29.45, "mediana_ms": 20.35, "fotogrammi": 485}, "consegnati": 489, "dipinti": 489, "salt": 0, "saltati_pct": 0.0, "lavoro_s": 100.9, "blocco_max_s": 0.112, "buchi": 0, "rete": {"persi": 0, "byte_persi": 0, "spediti": 913, "byte_spediti": 907844, "ricevuti": 831, "scartati": 0, "dgram_persi": 0, "dgram_ok": 0, "dgram_falsi": 0, "connessioni": 1, "perdita_pct": 0.0, "mbit_s": 0.06, "srtt_ms": {"mediana": 0.24, "max": 0.63}, "pto_ms_max": 29.0, "secondi": 116}, "tratto_server_ms": {"mediana": 19.46, "max": 32.19, "ora": "01:27:05.652"}, "nascita_s": 1.73, "journal_err": 5}, "voci": {"ritardo_p95_ms": {"valore": 38.45, "classe": "GREEN", "significativo": false, "nota": "p95 dei p95 al secondo di «NOSTRO» (copia → byte fuori, 71 righe del figlio) 29.4 ms + 9 ms d'ingresso (tetto costruttivo: poll di 8 ms) · ⚠ strada wlroots: la «copia» e' contata due volte (~4 ms in piu', cattura.c:2309 / figlio.c:5191) — NON corretto, e' dal lato prudente"}, "saltati_pct": {"valore": 0.0, "classe": "GREEN", "significativo": false, "nota": "489 consegnati, 489 dipinti (salt 0)"}, "blocco_max_s": {"valore": 0.112, "classe": "GREEN", "significativo": false, "nota": "dall'attore (18 righe)"}, "buchi_al_min": {"valore": 0.0, "classe": "GREEN", "significativo": false, "nota": "0 buchi in 121 s"}, "caduta": {"valore": false, "classe": "GREEN", "significativo": false, "nota": "nessuna caduta, riavvio o errore che stacca"}, "nascita_s": {"valore": 1.727, "classe": "GREEN", "significativo": false, "nota": "accesso → primo fotogramma"}}, "classe": "GREEN", "ragione": "tutte le voci GREEN", "non_misurate": [], "evidenze": ["/media/REMOTIX/misure/fase16/intel-c-3k-lxqt/livello-16-ripetizione/utente-06"]}
{"campagna": "intel-c-3k-lxqt", "livello": 16, "desktop": "lxqt", "scheda": "Intel UHD 770 (i5-13500T)", "driver": "i915 intel-media-va-driver=25.2.3+dfsg1-1 libgl1-mesa-dri=25.0.7-2+deb13u1 libva2=2.22.0-3 mesa-va-drivers=25.0.7-2+deb13u1", "misura": "3k", "commit": "678a2da", "binario": "28a947f5", "pagina": "fb9a18f3", "nucleo": "7.0", "tetto_sessioni": 17, "inizio": "2026-09-29T00:54:11+00:00", "durata_s": 1975, "finestra": ["01:25:06", "01:27:06"], "fps_video": 30.0, "tipo": "sessione", "utente": 7, "profilo": "C", "browser": "firefox", "versione": "Firefox 140.16.0 · finestra vera", "inquilino": "c16007u7", "misure": {"finestra_s": 118.0, "esperienza": {"giro_eco_p95_ms": 83.5, "giro_eco_campioni": 144, "giro_tutti_p95_ms": 85.1, "giro_tutti_campioni": 143}, "video_non_avanza": 0, "input_azioni": 6, "input_persi": 0, "input_latenza_p95_ms": 34, "tratto": {"righe": 44, "mediana_p95_ms": 16.34, "max_campione_p95_ms": 30.86, "produttore_mediana_ms": 0.0}, "ritardo_p95_ms": 33.57, "nostro": {"righe": 44, "p95_dei_p95_ms": 24.57, "max_al_secondo_max_ms": 27.29, "max_al_secondo_p95_ms": 24.57, "mediana_ms": 17.58, "fotogrammi": 149}, "consegnati": 146, "dipinti": 146, "salt": 0, "saltati_pct": 0.0, "lavoro_s": 67.9, "blocco_max_s": 0.134, "buchi": 0, "rete": {"persi": 0, "byte_persi": 0, "spediti": 642, "byte_spediti": 693504, "ricevuti": 466, "scartati": 0, "dgram_persi": 0, "dgram_ok": 0, "dgram_falsi": 0, "connessioni": 1, "perdita_pct": 0.0, "mbit_s": 0.05, "srtt_ms": {"mediana": 0.17, "max": 0.48}, "pto_ms_max": 22.7, "secondi": 121}, "tratto_server_ms": {"mediana": 15.92, "max": 30.86, "ora": "01:27:06.814"}, "nascita_s": 1.68, "journal_err": 5}, "voci": {"ritardo_p95_ms": {"valore": 33.57, "classe": "GREEN", "significativo": false, "nota": "p95 dei p95 al secondo di «NOSTRO» (copia → byte fuori, 44 righe del figlio) 24.6 ms + 9 ms d'ingresso (tetto costruttivo: poll di 8 ms) · ⚠ strada wlroots: la «copia» e' contata due volte (~4 ms in piu', cattura.c:2309 / figlio.c:5191) — NON corretto, e' dal lato prudente"}, "saltati_pct": {"valore": 0.0, "classe": "GREEN", "significativo": false, "nota": "146 consegnati, 146 dipinti (salt 0)"}, "blocco_max_s": {"valore": 0.134, "classe": "GREEN", "significativo": false, "nota": "dall'attore (12 righe)"}, "buchi_al_min": {"valore": 0.0, "classe": "GREEN", "significativo": false, "nota": "0 buchi in 118 s"}, "caduta": {"valore": false, "classe": "GREEN", "significativo": false, "nota": "nessuna caduta, riavvio o errore che stacca"}, "nascita_s": {"valore": 1.681, "classe": "GREEN", "significativo": false, "nota": "accesso → primo fotogramma"}}, "classe": "GREEN", "ragione": "tutte le voci GREEN", "non_misurate": [], "evidenze": ["/media/REMOTIX/misure/fase16/intel-c-3k-lxqt/livello-16-ripetizione/utente-07"]}
{"campagna": "intel-c-3k-lxqt", "livello": 16, "desktop": "lxqt", "scheda": "Intel UHD 770 (i5-13500T)", "driver": "i915 intel-media-va-driver=25.2.3+dfsg1-1 libgl1-mesa-dri=25.0.7-2+deb13u1 libva2=2.22.0-3 mesa-va-drivers=25.0.7-2+deb13u1", "misura": "3k", "commit": "678a2da", "binario": "28a947f5", "pagina": "fb9a18f3", "nucleo": "7.0", "tetto_sessioni": 17, "inizio": "2026-09-29T00:54:11+00:00", "durata_s": 1975, "finestra": ["01:25:06", "01:27:06"], "fps_video": 30.0, "tipo": "sessione", "utente": 8, "profilo": "D", "browser": "chrome", "versione": "Chrome/154.0.8037.57 · finestra vera", "inquilino": "c16008u8", "misure": {"finestra_s": 122.5, "esperienza": {"giro_eco_p95_ms": null, "giro_eco_campioni": 0, "giro_tutti_p95_ms": 23.6, "giro_tutti_campioni": 2}, "video_non_avanza": 0, "input_azioni": 0, "input_persi": 0, "input_latenza_p95_ms": null, "tratto": {"righe": 115, "mediana_p95_ms": 23.47, "max_campione_p95_ms": 33.98, "produttore_mediana_ms": 0.0}, "ritardo_p95_ms": 41.16, "nostro": {"righe": 115, "p95_dei_p95_ms": 32.16, "max_al_secondo_max_ms": 33.98, "max_al_secondo_p95_ms": 32.16, "mediana_ms": 23.48, "fotogrammi": 1525}, "consegnati": 1551, "dipinti": 1551, "salt": 0, "saltati_pct": 0.0, "lavoro_s": 122.5, "blocco_max_s": 0.24, "buchi": 0, "video_fps": 12.664, "audio_udibile_pct": 100.0, "rete": {"persi": 0, "byte_persi": 0, "spediti": 40723, "byte_spediti": 57929136, "ricevuti": 9175, "scartati": 0, "dgram_persi": 0, "dgram_ok": 6001, "dgram_falsi": 0, "connessioni": 1, "perdita_pct": 0.0, "mbit_s": 3.83, "srtt_ms": {"mediana": 0.36, "max": 1.24}, "pto_ms_max": 29.9, "secondi": 121}, "tratto_server_ms": {"mediana": 23.43, "max": 32.69, "ora": "01:27:06.900"}, "nascita_s": 1.75, "journal_err": 9}, "voci": {"ritardo_p95_ms": {"valore": 41.16, "classe": "GREEN", "significativo": false, "nota": "p95 dei p95 al secondo di «NOSTRO» (copia → byte fuori, 115 righe del figlio) 32.2 ms + 9 ms d'ingresso (tetto costruttivo: poll di 8 ms) · ⚠ strada wlroots: la «copia» e' contata due volte (~4 ms in piu', cattura.c:2309 / figlio.c:5191) — NON corretto, e' dal lato prudente"}, "saltati_pct": {"valore": 0.0, "classe": "GREEN", "significativo": false, "nota": "1551 consegnati, 1551 dipinti (salt 0)"}, "blocco_max_s": {"valore": 0.24, "classe": "GREEN", "significativo": false, "nota": "dall'attore (23 righe)"}, "buchi_al_min": {"valore": 0.0, "classe": "GREEN", "significativo": false, "nota": "0 buchi in 122 s"}, "video_frazione_f": {"valore": 0.422, "classe": "DEGRADED", "significativo": true, "nota": "12.7 dipinti/s in 122 s di video, f = 30.0"}, "audio_udibile_pct": {"valore": 100.0, "classe": "GREEN", "significativo": false, "nota": "6250 suonati su 6250 mandati (6250 ricevuti + 0 mancati)"}, "caduta": {"valore": false, "classe": "GREEN", "significativo": false, "nota": "nessuna caduta, riavvio o errore che stacca"}, "nascita_s": {"valore": 1.745, "classe": "GREEN", "significativo": false, "nota": "accesso → primo fotogramma"}}, "classe": "DEGRADED", "ragione": "DEGRADED video: dipinti al secondo: 0.422 — 12.7 dipinti/s in 122 s di video, f = 30.0", "non_misurate": [], "evidenze": ["/media/REMOTIX/misure/fase16/intel-c-3k-lxqt/livello-16-ripetizione/utente-08"]}
{"campagna": "intel-c-3k-lxqt", "livello": 16, "desktop": "lxqt", "scheda": "Intel UHD 770 (i5-13500T)", "driver": "i915 intel-media-va-driver=25.2.3+dfsg1-1 libgl1-mesa-dri=25.0.7-2+deb13u1 libva2=2.22.0-3 mesa-va-drivers=25.0.7-2+deb13u1", "misura": "3k", "commit": "678a2da", "binario": "28a947f5", "pagina": "fb9a18f3", "nucleo": "7.0", "tetto_sessioni": 17, "inizio": "2026-09-29T00:54:11+00:00", "durata_s": 1975, "finestra": ["01:25:06", "01:27:06"], "fps_video": 30.0, "tipo": "sessione", "utente": 9, "profilo": "A", "browser": "firefox", "versione": "Firefox 140.16.0 · finestra vera", "inquilino": "c16009u9", "misure": {"finestra_s": 120.9, "esperienza": {"giro_eco_p95_ms": 118.3, "giro_eco_campioni": 34, "giro_tutti_p95_ms": 163.8, "giro_tutti_campioni": 113}, "video_non_avanza": 0, "input_azioni": 20, "input_persi": 0, "input_latenza_p95_ms": 293, "tratto": {"righe": 55, "mediana_p95_ms": 22.23, "max_campione_p95_ms": 31.43, "produttore_mediana_ms": 0.0}, "ritardo_p95_ms": 38.59, "nostro": {"righe": 55, "p95_dei_p95_ms": 29.59, "max_al_secondo_max_ms": 31.43, "max_al_secondo_p95_ms": 29.59, "mediana_ms": 22.58, "fotogrammi": 372}, "consegnati": 359, "dipinti": 359, "salt": 0, "saltati_pct": 0.0, "lavoro_s": 80.6, "blocco_max_s": 0.165, "buchi": 0, "rete": {"persi": 0, "byte_persi": 0, "spediti": 3700, "byte_spediti": 4684768, "ricevuti": 799, "scartati": 0, "dgram_persi": 0, "dgram_ok": 0, "dgram_falsi": 0, "connessioni": 1, "perdita_pct": 0.0, "mbit_s": 0.31, "srtt_ms": {"mediana": 0.22, "max": 0.41}, "pto_ms_max": 21.7, "secondi": 121}, "tratto_server_ms": {"mediana": 22.14, "max": 31.43, "ora": "01:27:07.100"}, "nascita_s": 1.78, "journal_err": 5}, "voci": {"ritardo_p95_ms": {"valore": 38.59, "classe": "GREEN", "significativo": false, "nota": "p95 dei p95 al secondo di «NOSTRO» (copia → byte fuori, 55 righe del figlio) 29.6 ms + 9 ms d'ingresso (tetto costruttivo: poll di 8 ms) · ⚠ strada wlroots: la «copia» e' contata due volte (~4 ms in piu', cattura.c:2309 / figlio.c:5191) — NON corretto, e' dal lato prudente"}, "saltati_pct": {"valore": 0.0, "classe": "GREEN", "significativo": false, "nota": "359 consegnati, 359 dipinti (salt 0)"}, "blocco_max_s": {"valore": 0.165, "classe": "GREEN", "significativo": false, "nota": "dall'attore (15 righe)"}, "buchi_al_min": {"valore": 0.0, "classe": "GREEN", "significativo": false, "nota": "0 buchi in 121 s"}, "caduta": {"valore": false, "classe": "GREEN", "significativo": false, "nota": "nessuna caduta, riavvio o errore che stacca"}, "nascita_s": {"valore": 1.776, "classe": "GREEN", "significativo": false, "nota": "accesso → primo fotogramma"}}, "classe": "GREEN", "ragione": "tutte le voci GREEN", "non_misurate": [], "evidenze": ["/media/REMOTIX/misure/fase16/intel-c-3k-lxqt/livello-16-ripetizione/utente-09"]}
{"campagna": "intel-c-3k-lxqt", "livello": 16, "desktop": "lxqt", "scheda": "Intel UHD 770 (i5-13500T)", "driver": "i915 intel-media-va-driver=25.2.3+dfsg1-1 libgl1-mesa-dri=25.0.7-2+deb13u1 libva2=2.22.0-3 mesa-va-drivers=25.0.7-2+deb13u1", "misura": "3k", "commit": "678a2da", "binario": "28a947f5", "pagina": "fb9a18f3", "nucleo": "7.0", "tetto_sessioni": 17, "inizio": "2026-09-29T00:54:11+00:00", "durata_s": 1975, "finestra": ["01:25:06", "01:27:06"], "fps_video": 30.0, "tipo": "sessione", "utente": 10, "profilo": "B", "browser": "chrome", "versione": "Chrome/154.0.8037.57 · finestra vera", "inquilino": "c16010u10", "misure": {"finestra_s": 120.3, "esperienza": {"giro_eco_p95_ms": 81.9, "giro_eco_campioni": 252, "giro_tutti_p95_ms": 88.1, "giro_tutti_campioni": 356}, "video_non_avanza": 0, "input_azioni": 5, "input_persi": 0, "input_latenza_p95_ms": 1904, "tratto": {"righe": 87, "mediana_p95_ms": 20.55, "max_campione_p95_ms": 33.28, "produttore_mediana_ms": 0.0}, "ritardo_p95_ms": 38.85, "nostro": {"righe": 87, "p95_dei_p95_ms": 29.85, "max_al_secondo_max_ms": 33.28, "max_al_secondo_p95_ms": 29.85, "mediana_ms": 20.26, "fotogrammi": 605}, "consegnati": 593, "dipinti": 593, "salt": 0, "saltati_pct": 0.0, "lavoro_s": 114.7, "blocco_max_s": 0.169, "buchi": 0, "rete": {"persi": 0, "byte_persi": 0, "spediti": 1184, "byte_spediti": 1150424, "ricevuti": 1071, "scartati": 0, "dgram_persi": 0, "dgram_ok": 0, "dgram_falsi": 0, "connessioni": 1, "perdita_pct": 0.0, "mbit_s": 0.08, "srtt_ms": {"mediana": 0.23, "max": 0.4}, "pto_ms_max": 27.1, "secondi": 119}, "tratto_server_ms": {"mediana": 19.78, "max": 33.21, "ora": "01:27:06.935"}, "nascita_s": 1.73, "journal_err": 5}, "voci": {"ritardo_p95_ms": {"valore": 38.85, "classe": "GREEN", "significativo": false, "nota": "p95 dei p95 al secondo di «NOSTRO» (copia → byte fuori, 87 righe del figlio) 29.9 ms + 9 ms d'ingresso (tetto costruttivo: poll di 8 ms) · ⚠ strada wlroots: la «copia» e' contata due volte (~4 ms in piu', cattura.c:2309 / figlio.c:5191) — NON corretto, e' dal lato prudente"}, "saltati_pct": {"valore": 0.0, "classe": "GREEN", "significativo": false, "nota": "593 consegnati, 593 dipinti (salt 0)"}, "blocco_max_s": {"valore": 0.169, "classe": "GREEN", "significativo": false, "nota": "dall'attore (21 righe)"}, "buchi_al_min": {"valore": 0.0, "classe": "GREEN", "significativo": false, "nota": "0 buchi in 120 s"}, "caduta": {"valore": false, "classe": "GREEN", "significativo": false, "nota": "nessuna caduta, riavvio o errore che stacca"}, "nascita_s": {"valore": 1.727, "classe": "GREEN", "significativo": false, "nota": "accesso → primo fotogramma"}}, "classe": "GREEN", "ragione": "tutte le voci GREEN", "non_misurate": [], "evidenze": ["/media/REMOTIX/misure/fase16/intel-c-3k-lxqt/livello-16-ripetizione/utente-10"]}
{"campagna": "intel-c-3k-lxqt", "livello": 16, "desktop": "lxqt", "scheda": "Intel UHD 770 (i5-13500T)", "driver": "i915 intel-media-va-driver=25.2.3+dfsg1-1 libgl1-mesa-dri=25.0.7-2+deb13u1 libva2=2.22.0-3 mesa-va-drivers=25.0.7-2+deb13u1", "misura": "3k", "commit": "678a2da", "binario": "28a947f5", "pagina": "fb9a18f3", "nucleo": "7.0", "tetto_sessioni": 17, "inizio": "2026-09-29T00:54:11+00:00", "durata_s": 1975, "finestra": ["01:25:06", "01:27:06"], "fps_video": 30.0, "tipo": "sessione", "utente": 11, "profilo": "C", "browser": "firefox", "versione": "Firefox 140.16.0 · finestra vera", "inquilino": "c16011u11", "misure": {"finestra_s": 123.5, "esperienza": {"giro_eco_p95_ms": 90.3, "giro_eco_campioni": 86, "giro_tutti_p95_ms": 91.7, "giro_tutti_campioni": 136}, "video_non_avanza": 0, "input_azioni": 4, "input_persi": 0, "input_latenza_p95_ms": 6, "tratto": {"righe": 38, "mediana_p95_ms": 16.55, "max_campione_p95_ms": 28.71, "produttore_mediana_ms": 0.0}, "ritardo_p95_ms": 35.36, "nostro": {"righe": 38, "p95_dei_p95_ms": 26.36, "max_al_secondo_max_ms": 26.91, "max_al_secondo_p95_ms": 26.36, "mediana_ms": 14.7, "fotogrammi": 141}, "consegnati": 140, "dipinti": 140, "salt": 0, "saltati_pct": 0.0, "lavoro_s": 67.5, "blocco_max_s": 0.127, "buchi": 0, "rete": {"persi": 0, "byte_persi": 0, "spediti": 550, "byte_spediti": 569520, "ricevuti": 462, "scartati": 0, "dgram_persi": 0, "dgram_ok": 0, "dgram_falsi": 0, "connessioni": 1, "perdita_pct": 0.0, "mbit_s": 0.04, "srtt_ms": {"mediana": 0.17, "max": 0.27}, "pto_ms_max": 21.3, "secondi": 118}, "tratto_server_ms": {"mediana": 16.38, "max": 28.71, "ora": "01:27:06.500"}, "nascita_s": 1.67, "journal_err": 5}, "voci": {"ritardo_p95_ms": {"valore": 35.36, "classe": "GREEN", "significativo": false, "nota": "p95 dei p95 al secondo di «NOSTRO» (copia → byte fuori, 38 righe del figlio) 26.4 ms + 9 ms d'ingresso (tetto costruttivo: poll di 8 ms) · ⚠ strada wlroots: la «copia» e' contata due volte (~4 ms in piu', cattura.c:2309 / figlio.c:5191) — NON corretto, e' dal lato prudente"}, "saltati_pct": {"valore": 0.0, "classe": "GREEN", "significativo": false, "nota": "140 consegnati, 140 dipinti (salt 0)"}, "blocco_max_s": {"valore": 0.127, "classe": "GREEN", "significativo": false, "nota": "dall'attore (12 righe)"}, "buchi_al_min": {"valore": 0.0, "classe": "GREEN", "significativo": false, "nota": "0 buchi in 124 s"}, "caduta": {"valore": false, "classe": "GREEN", "significativo": false, "nota": "nessuna caduta, riavvio o errore che stacca"}, "nascita_s": {"valore": 1.674, "classe": "GREEN", "significativo": false, "nota": "accesso → primo fotogramma"}}, "classe": "GREEN", "ragione": "tutte le voci GREEN", "non_misurate": [], "evidenze": ["/media/REMOTIX/misure/fase16/intel-c-3k-lxqt/livello-16-ripetizione/utente-11"]}
{"campagna": "intel-c-3k-lxqt", "livello": 16, "desktop": "lxqt", "scheda": "Intel UHD 770 (i5-13500T)", "driver": "i915 intel-media-va-driver=25.2.3+dfsg1-1 libgl1-mesa-dri=25.0.7-2+deb13u1 libva2=2.22.0-3 mesa-va-drivers=25.0.7-2+deb13u1", "misura": "3k", "commit": "678a2da", "binario": "28a947f5", "pagina": "fb9a18f3", "nucleo": "7.0", "tetto_sessioni": 17, "inizio": "2026-09-29T00:54:11+00:00", "durata_s": 1975, "finestra": ["01:25:06", "01:27:06"], "fps_video": 30.0, "tipo": "sessione", "utente": 12, "profilo": "D", "browser": "chrome", "versione": "Chrome/154.0.8037.57 · finestra vera", "inquilino": "c16012u12", "misure": {"finestra_s": 122.1, "esperienza": {"giro_eco_p95_ms": null, "giro_eco_campioni": 0, "giro_tutti_p95_ms": 66.2, "giro_tutti_campioni": 4}, "video_non_avanza": 0, "input_azioni": 0, "input_persi": 0, "input_latenza_p95_ms": null, "tratto": {"righe": 116, "mediana_p95_ms": 23.47, "max_campione_p95_ms": 38.16, "produttore_mediana_ms": 0.0}, "ritardo_p95_ms": 41.56, "nostro": {"righe": 116, "p95_dei_p95_ms": 32.56, "max_al_secondo_max_ms": 37.37, "max_al_secondo_p95_ms": 32.56, "mediana_ms": 23.47, "fotogrammi": 1503}, "consegnati": 1522, "dipinti": 1522, "salt": 0, "saltati_pct": 0.0, "lavoro_s": 122.1, "blocco_max_s": 0.22, "buchi": 0, "video_fps": 12.469, "audio_udibile_pct": 100.0, "rete": {"persi": 0, "byte_persi": 0, "spediti": 40540, "byte_spediti": 55061072, "ricevuti": 9130, "scartati": 0, "dgram_persi": 0, "dgram_ok": 6001, "dgram_falsi": 0, "connessioni": 1, "perdita_pct": 0.0, "mbit_s": 3.64, "srtt_ms": {"mediana": 0.31, "max": 1.77}, "pto_ms_max": 31.5, "secondi": 121}, "tratto_server_ms": {"mediana": 23.47, "max": 32.12, "ora": "01:27:07.460"}, "nascita_s": 1.76, "journal_err": 5}, "voci": {"ritardo_p95_ms": {"valore": 41.56, "classe": "GREEN", "significativo": false, "nota": "p95 dei p95 al secondo di «NOSTRO» (copia → byte fuori, 116 righe del figlio) 32.6 ms + 9 ms d'ingresso (tetto costruttivo: poll di 8 ms) · ⚠ strada wlroots: la «copia» e' contata due volte (~4 ms in piu', cattura.c:2309 / figlio.c:5191) — NON corretto, e' dal lato prudente"}, "saltati_pct": {"valore": 0.0, "classe": "GREEN", "significativo": false, "nota": "1522 consegnati, 1522 dipinti (salt 0)"}, "blocco_max_s": {"valore": 0.22, "classe": "GREEN", "significativo": false, "nota": "dall'attore (23 righe)"}, "buchi_al_min": {"valore": 0.0, "classe": "GREEN", "significativo": false, "nota": "0 buchi in 122 s"}, "video_frazione_f": {"valore": 0.416, "classe": "DEGRADED", "significativo": true, "nota": "12.5 dipinti/s in 122 s di video, f = 30.0"}, "audio_udibile_pct": {"valore": 100.0, "classe": "GREEN", "significativo": false, "nota": "6250 suonati su 6250 mandati (6250 ricevuti + 0 mancati)"}, "caduta": {"valore": false, "classe": "GREEN", "significativo": false, "nota": "nessuna caduta, riavvio o errore che stacca"}, "nascita_s": {"valore": 1.758, "classe": "GREEN", "significativo": false, "nota": "accesso → primo fotogramma"}}, "classe": "DEGRADED", "ragione": "DEGRADED video: dipinti al secondo: 0.416 — 12.5 dipinti/s in 122 s di video, f = 30.0", "non_misurate": [], "evidenze": ["/media/REMOTIX/misure/fase16/intel-c-3k-lxqt/livello-16-ripetizione/utente-12"]}
{"campagna": "intel-c-3k-lxqt", "livello": 16, "desktop": "lxqt", "scheda": "Intel UHD 770 (i5-13500T)", "driver": "i915 intel-media-va-driver=25.2.3+dfsg1-1 libgl1-mesa-dri=25.0.7-2+deb13u1 libva2=2.22.0-3 mesa-va-drivers=25.0.7-2+deb13u1", "misura": "3k", "commit": "678a2da", "binario": "28a947f5", "pagina": "fb9a18f3", "nucleo": "7.0", "tetto_sessioni": 17, "inizio": "2026-09-29T00:54:11+00:00", "durata_s": 1975, "finestra": ["01:25:06", "01:27:06"], "fps_video": 30.0, "tipo": "sessione", "utente": 13, "profilo": "A", "browser": "firefox", "versione": "Firefox 140.16.0 · finestra vera", "inquilino": "c16013u13", "misure": {"finestra_s": 122.8, "esperienza": {"giro_eco_p95_ms": null, "giro_eco_campioni": 0, "giro_tutti_p95_ms": 130.8, "giro_tutti_campioni": 60}, "video_non_avanza": 0, "input_azioni": 14, "input_persi": 0, "input_latenza_p95_ms": 349, "tratto": {"righe": 33, "mediana_p95_ms": 22.66, "max_campione_p95_ms": 29.48, "produttore_mediana_ms": 0.0}, "ritardo_p95_ms": 37.63, "nostro": {"righe": 33, "p95_dei_p95_ms": 28.63, "max_al_secondo_max_ms": 29.29, "max_al_secondo_p95_ms": 28.63, "mediana_ms": 24.0, "fotogrammi": 229}, "consegnati": 226, "dipinti": 226, "salt": 0, "saltati_pct": 0.0, "lavoro_s": 52.6, "blocco_max_s": 0.188, "buchi": 0, "rete": {"persi": 0, "byte_persi": 0, "spediti": 2700, "byte_spediti": 3470864, "ricevuti": 532, "scartati": 0, "dgram_persi": 0, "dgram_ok": 0, "dgram_falsi": 0, "connessioni": 1, "perdita_pct": 0.0, "mbit_s": 0.23, "srtt_ms": {"mediana": 0.21, "max": 0.44}, "pto_ms_max": 22.1, "secondi": 120}, "tratto_server_ms": {"mediana": 22.86, "max": 29.29, "ora": "01:27:05.353"}, "nascita_s": 1.83, "journal_err": 5}, "voci": {"ritardo_p95_ms": {"valore": 37.63, "classe": "GREEN", "significativo": false, "nota": "p95 dei p95 al secondo di «NOSTRO» (copia → byte fuori, 33 righe del figlio) 28.6 ms + 9 ms d'ingresso (tetto costruttivo: poll di 8 ms) · ⚠ strada wlroots: la «copia» e' contata due volte (~4 ms in piu', cattura.c:2309 / figlio.c:5191) — NON corretto, e' dal lato prudente"}, "saltati_pct": {"valore": 0.0, "classe": "GREEN", "significativo": false, "nota": "226 consegnati, 226 dipinti (salt 0)"}, "blocco_max_s": {"valore": 0.188, "classe": "GREEN", "significativo": false, "nota": "dall'attore (10 righe)"}, "buchi_al_min": {"valore": 0.0, "classe": "GREEN", "significativo": false, "nota": "0 buchi in 123 s"}, "caduta": {"valore": false, "classe": "GREEN", "significativo": false, "nota": "nessuna caduta, riavvio o errore che stacca"}, "nascita_s": {"valore": 1.826, "classe": "GREEN", "significativo": false, "nota": "accesso → primo fotogramma"}}, "classe": "GREEN", "ragione": "tutte le voci GREEN", "non_misurate": [], "evidenze": ["/media/REMOTIX/misure/fase16/intel-c-3k-lxqt/livello-16-ripetizione/utente-13"]}
{"campagna": "intel-c-3k-lxqt", "livello": 16, "desktop": "lxqt", "scheda": "Intel UHD 770 (i5-13500T)", "driver": "i915 intel-media-va-driver=25.2.3+dfsg1-1 libgl1-mesa-dri=25.0.7-2+deb13u1 libva2=2.22.0-3 mesa-va-drivers=25.0.7-2+deb13u1", "misura": "3k", "commit": "678a2da", "binario": "28a947f5", "pagina": "fb9a18f3", "nucleo": "7.0", "tetto_sessioni": 17, "inizio": "2026-09-29T00:54:11+00:00", "durata_s": 1975, "finestra": ["01:25:06", "01:27:06"], "fps_video": 30.0, "tipo": "sessione", "utente": 14, "profilo": "B", "browser": "chrome", "versione": "Chrome/154.0.8037.57 · finestra vera", "inquilino": "c16014u14", "misure": {"finestra_s": 122.3, "esperienza": {"giro_eco_p95_ms": 90.4, "giro_eco_campioni": 271, "giro_tutti_p95_ms": 90.5, "giro_tutti_campioni": 358}, "video_non_avanza": 0, "input_azioni": 5, "input_persi": 0, "input_latenza_p95_ms": 1991, "tratto": {"righe": 73, "mediana_p95_ms": 21.36, "max_campione_p95_ms": 33.94, "produttore_mediana_ms": 0.0}, "ritardo_p95_ms": 39.37, "nostro": {"righe": 73, "p95_dei_p95_ms": 30.37, "max_al_secondo_max_ms": 32.95, "max_al_secondo_p95_ms": 30.37, "mediana_ms": 20.86, "fotogrammi": 556}, "consegnati": 550, "dipinti": 550, "salt": 0, "saltati_pct": 0.0, "lavoro_s": 106.9, "blocco_max_s": 0.169, "buchi": 0, "rete": {"persi": 0, "byte_persi": 0, "spediti": 1114, "byte_spediti": 1069040, "ricevuti": 1015, "scartati": 0, "dgram_persi": 0, "dgram_ok": 0, "dgram_falsi": 0, "connessioni": 1, "perdita_pct": 0.0, "mbit_s": 0.07, "srtt_ms": {"mediana": 0.26, "max": 0.46}, "pto_ms_max": 27.1, "secondi": 118}, "tratto_server_ms": {"mediana": 20.5, "max": 32.95, "ora": "01:27:06.922"}, "nascita_s": 1.64, "journal_err": 5}, "voci": {"ritardo_p95_ms": {"valore": 39.37, "classe": "GREEN", "significativo": false, "nota": "p95 dei p95 al secondo di «NOSTRO» (copia → byte fuori, 73 righe del figlio) 30.4 ms + 9 ms d'ingresso (tetto costruttivo: poll di 8 ms) · ⚠ strada wlroots: la «copia» e' contata due volte (~4 ms in piu', cattura.c:2309 / figlio.c:5191) — NON corretto, e' dal lato prudente"}, "saltati_pct": {"valore": 0.0, "classe": "GREEN", "significativo": false, "nota": "550 consegnati, 550 dipinti (salt 0)"}, "blocco_max_s": {"valore": 0.169, "classe": "GREEN", "significativo": false, "nota": "dall'attore (19 righe)"}, "buchi_al_min": {"valore": 0.0, "classe": "GREEN", "significativo": false, "nota": "0 buchi in 122 s"}, "caduta": {"valore": false, "classe": "GREEN", "significativo": false, "nota": "nessuna caduta, riavvio o errore che stacca"}, "nascita_s": {"valore": 1.644, "classe": "GREEN", "significativo": false, "nota": "accesso → primo fotogramma"}}, "classe": "GREEN", "ragione": "tutte le voci GREEN", "non_misurate": [], "evidenze": ["/media/REMOTIX/misure/fase16/intel-c-3k-lxqt/livello-16-ripetizione/utente-14"]}
{"campagna": "intel-c-3k-lxqt", "livello": 16, "desktop": "lxqt", "scheda": "Intel UHD 770 (i5-13500T)", "driver": "i915 intel-media-va-driver=25.2.3+dfsg1-1 libgl1-mesa-dri=25.0.7-2+deb13u1 libva2=2.22.0-3 mesa-va-drivers=25.0.7-2+deb13u1", "misura": "3k", "commit": "678a2da", "binario": "28a947f5", "pagina": "fb9a18f3", "nucleo": "7.0", "tetto_sessioni": 17, "inizio": "2026-09-29T00:54:11+00:00", "durata_s": 1975, "finestra": ["01:25:06", "01:27:06"], "fps_video": 30.0, "tipo": "sessione", "utente": 15, "profilo": "C", "browser": "firefox", "versione": "Firefox 140.16.0 · finestra vera", "inquilino": "c16015u15", "misure": {"finestra_s": 120.6, "esperienza": {"giro_eco_p95_ms": 88.5, "giro_eco_campioni": 193, "giro_tutti_p95_ms": 89, "giro_tutti_campioni": 216}, "video_non_avanza": 0, "input_azioni": 6, "input_persi": 0, "input_latenza_p95_ms": 52, "tratto": {"righe": 58, "mediana_p95_ms": 16.7, "max_campione_p95_ms": 28.05, "produttore_mediana_ms": 0.0}, "ritardo_p95_ms": 34.6, "nostro": {"righe": 58, "p95_dei_p95_ms": 25.6, "max_al_secondo_max_ms": 26.11, "max_al_secondo_p95_ms": 25.6, "mediana_ms": 16.5, "fotogrammi": 220}, "consegnati": 220, "dipinti": 220, "salt": 0, "saltati_pct": 0.0, "lavoro_s": 84.0, "blocco_max_s": 0.113, "buchi": 0, "rete": {"persi": 0, "byte_persi": 0, "spediti": 796, "byte_spediti": 810580, "ricevuti": 678, "scartati": 0, "dgram_persi": 0, "dgram_ok": 0, "dgram_falsi": 0, "connessioni": 1, "perdita_pct": 0.0, "mbit_s": 0.05, "srtt_ms": {"mediana": 0.18, "max": 0.31}, "pto_ms_max": 21.4, "secondi": 119}, "tratto_server_ms": {"mediana": 16.56, "max": 27.2, "ora": "01:27:00.049"}, "nascita_s": 1.88, "journal_err": 5}, "voci": {"ritardo_p95_ms": {"valore": 34.6, "classe": "GREEN", "significativo": false, "nota": "p95 dei p95 al secondo di «NOSTRO» (copia → byte fuori, 58 righe del figlio) 25.6 ms + 9 ms d'ingresso (tetto costruttivo: poll di 8 ms) · ⚠ strada wlroots: la «copia» e' contata due volte (~4 ms in piu', cattura.c:2309 / figlio.c:5191) — NON corretto, e' dal lato prudente"}, "saltati_pct": {"valore": 0.0, "classe": "GREEN", "significativo": false, "nota": "220 consegnati, 220 dipinti (salt 0)"}, "blocco_max_s": {"valore": 0.113, "classe": "GREEN", "significativo": false, "nota": "dall'attore (15 righe)"}, "buchi_al_min": {"valore": 0.0, "classe": "GREEN", "significativo": false, "nota": "0 buchi in 121 s"}, "caduta": {"valore": false, "classe": "GREEN", "significativo": false, "nota": "nessuna caduta, riavvio o errore che stacca"}, "nascita_s": {"valore": 1.875, "classe": "GREEN", "significativo": false, "nota": "accesso → primo fotogramma"}}, "classe": "GREEN", "ragione": "tutte le voci GREEN", "non_misurate": [], "evidenze": ["/media/REMOTIX/misure/fase16/intel-c-3k-lxqt/livello-16-ripetizione/utente-15"]}
{"campagna": "intel-c-3k-lxqt", "livello": 16, "desktop": "lxqt", "scheda": "Intel UHD 770 (i5-13500T)", "driver": "i915 intel-media-va-driver=25.2.3+dfsg1-1 libgl1-mesa-dri=25.0.7-2+deb13u1 libva2=2.22.0-3 mesa-va-drivers=25.0.7-2+deb13u1", "misura": "3k", "commit": "678a2da", "binario": "28a947f5", "pagina": "fb9a18f3", "nucleo": "7.0", "tetto_sessioni": 17, "inizio": "2026-09-29T00:54:11+00:00", "durata_s": 1975, "finestra": ["01:25:06", "01:27:06"], "fps_video": 30.0, "tipo": "sessione", "utente": 16, "profilo": "D", "browser": "chrome", "versione": "Chrome/154.0.8037.57 · finestra vera", "inquilino": "c16016u16", "misure": {"finestra_s": 116.2, "esperienza": {"giro_eco_p95_ms": null, "giro_eco_campioni": 0, "giro_tutti_p95_ms": 137.8, "giro_tutti_campioni": 2}, "video_non_avanza": 0, "input_azioni": 0, "input_persi": 0, "input_latenza_p95_ms": null, "tratto": {"righe": 115, "mediana_p95_ms": 23.44, "max_campione_p95_ms": 35.77, "produttore_mediana_ms": 0.0}, "ritardo_p95_ms": 41.78, "nostro": {"righe": 115, "p95_dei_p95_ms": 32.78, "max_al_secondo_max_ms": 35.77, "max_al_secondo_p95_ms": 32.78, "mediana_ms": 23.44, "fotogrammi": 1515}, "consegnati": 1462, "dipinti": 1462, "salt": 0, "saltati_pct": 0.0, "lavoro_s": 116.2, "blocco_max_s": 0.23, "buchi": 0, "video_fps": 12.58, "audio_udibile_pct": 100.0, "rete": {"persi": 0, "byte_persi": 0, "spediti": 44295, "byte_spediti": 62836088, "ricevuti": 9487, "scartati": 0, "dgram_persi": 0, "dgram_ok": 5951, "dgram_falsi": 0, "connessioni": 1, "perdita_pct": 0.0, "mbit_s": 4.19, "srtt_ms": {"mediana": 0.3, "max": 2.89}, "pto_ms_max": 37.6, "secondi": 120}, "tratto_server_ms": {"mediana": 23.37, "max": 32.78, "ora": "01:27:06.598"}, "nascita_s": 1.84, "journal_err": 5}, "voci": {"ritardo_p95_ms": {"valore": 41.78, "classe": "GREEN", "significativo": false, "nota": "p95 dei p95 al secondo di «NOSTRO» (copia → byte fuori, 115 righe del figlio) 32.8 ms + 9 ms d'ingresso (tetto costruttivo: poll di 8 ms) · ⚠ strada wlroots: la «copia» e' contata due volte (~4 ms in piu', cattura.c:2309 / figlio.c:5191) — NON corretto, e' dal lato prudente"}, "saltati_pct": {"valore": 0.0, "classe": "GREEN", "significativo": false, "nota": "1462 consegnati, 1462 dipinti (salt 0)"}, "blocco_max_s": {"valore": 0.23, "classe": "GREEN", "significativo": false, "nota": "dall'attore (22 righe)"}, "buchi_al_min": {"valore": 0.0, "classe": "GREEN", "significativo": false, "nota": "0 buchi in 116 s"}, "video_frazione_f": {"valore": 0.419, "classe": "DEGRADED", "significativo": true, "nota": "12.6 dipinti/s in 116 s di video, f = 30.0"}, "audio_udibile_pct": {"valore": 100.0, "classe": "GREEN", "significativo": false, "nota": "5750 suonati su 5750 mandati (5750 ricevuti + 0 mancati)"}, "caduta": {"valore": false, "classe": "GREEN", "significativo": false, "nota": "nessuna caduta, riavvio o errore che stacca"}, "nascita_s": {"valore": 1.842, "classe": "GREEN", "significativo": false, "nota": "accesso → primo fotogramma"}}, "classe": "DEGRADED", "ragione": "DEGRADED video: dipinti al secondo: 0.419 — 12.6 dipinti/s in 116 s di video, f = 30.0", "non_misurate": [], "evidenze": ["/media/REMOTIX/misure/fase16/intel-c-3k-lxqt/livello-16-ripetizione/utente-16"]}
{"campagna": "intel-c-3k-lxqt", "livello": 16, "desktop": "lxqt", "scheda": "Intel UHD 770 (i5-13500T)", "driver": "i915 intel-media-va-driver=25.2.3+dfsg1-1 libgl1-mesa-dri=25.0.7-2+deb13u1 libva2=2.22.0-3 mesa-va-drivers=25.0.7-2+deb13u1", "misura": "3k", "commit": "678a2da", "binario": "28a947f5", "pagina": "fb9a18f3", "nucleo": "7.0", "tetto_sessioni": 17, "inizio": "2026-09-29T00:54:11+00:00", "durata_s": 1975, "finestra": ["01:25:06", "01:27:06"], "fps_video": 30.0, "tipo": "sessione", "utente": 99, "profilo": "controllo", "browser": "chrome", "versione": "Chrome/154.0.8037.57 · finestra vera", "inquilino": "c16016u99", "misure": {"nascita_s": null, "ammissione_s": 1.21, "primo_non_degenere_s": null, "sessioni_durante": 32}, "voci": {"nascita_s": {"valore": null, "classe": "FAIL", "significativo": true, "nota": "la sessione del controllo non e' nata: nessun fotogramma dipinto 90 s dopo l'accesso"}, "controllo_corto": {"valore": {"F-004": "BLOCKED", "F-007": "BLOCKED", "F-003": "BLOCKED", "F-014": "BLOCKED"}, "classe": "DEGRADED", "significativo": true, "non_misurato": true, "nota": "NON MISURATO: non guardate: F-004, F-007, F-003, F-014"}}, "classe": "FAIL", "ragione": "FAIL nascita (accesso → primo fotogramma): la sessione del controllo non e' nata: nessun fotogramma dipinto 90 s dopo l'accesso · DEGRADED controllo funzionale corto: NON MISURATO: non guardate: F-004, F-007, F-003, F-014", "non_misurate": ["controllo_corto"], "evidenze": ["/media/REMOTIX/misure/fase16/intel-c-3k-lxqt/livello-16-ripetizione/controllo-corto"]}
→ 18 righe in /media/REMOTIX/src/controllo/banchi/16-stress/registro.jsonl
