LIVELLO 16 · intel-b-fhd-xfce · finestra 04:04:01–04:06:01 · FAIL
  utente 1   A  firefox  c16001u1       FAIL
      FAIL     ritardo input → fotogramma (p95)         input PERSO: 2 azioni su 4 senza effetto (scrivi, rotella)
      GREEN    fotogrammi saltati                       0.0 — 27 consegnati, 27 dipinti (salt 0)
      FAIL     blocco piu' lungo dell'immagine          79.527 — 1 intervalli di 5 s senza fotogrammi con lavoro in corso
      GREEN    buchi nella catena del video             0.0 — 0 buchi in 124 s
      GREEN    caduta, riavvio, errore che stacca       nessuna caduta, riavvio o errore che stacca
      GREEN    nascita (accesso → primo fotogramma)     1.957 — accesso → primo fotogramma
  utente 2   B  chrome   c16002u2       DEGRADED
      DEGRADED ritardo input → fotogramma (p95)         NON MISURATO: nessuna riga «NOSTRO nel secondo» del figlio per c16002u2 nella finestra (binario prima di ebc9dcd? le righe TRATTO si registrano e non classificano)
      DEGRADED fotogrammi saltati                       NON MISURATO: la pagina non ha dato `video X→Y`
      DEGRADED blocco piu' lungo dell'immagine          NON MISURATO: manca `blocco_max_ms` e i contatori a 5 s non vedono sotto i 5 s
      DEGRADED buchi nella catena del video             NON MISURATO: la pagina non ha dato `buchi`
      GREEN    caduta, riavvio, errore che stacca       nessuna caduta, riavvio o errore che stacca
      GREEN    nascita (accesso → primo fotogramma)     1.831 — accesso → primo fotogramma
  utente 3   C  firefox  c16003u3       FAIL
      FAIL     ritardo input → fotogramma (p95)         input PERSO: 1 azioni su 2 senza effetto (comando)
      GREEN    fotogrammi saltati                       0.0 — 17 consegnati, 17 dipinti (salt 0)
      FAIL     blocco piu' lungo dell'immagine          7.207 — dall'attore (3 righe)
      GREEN    buchi nella catena del video             0.0 — 0 buchi in 135 s
      GREEN    caduta, riavvio, errore che stacca       nessuna caduta, riavvio o errore che stacca
      GREEN    nascita (accesso → primo fotogramma)     1.72 — accesso → primo fotogramma
  utente 4   D  chrome   c16004u4       FAIL
      DEGRADED ritardo input → fotogramma (p95)         NON MISURATO: nessuna riga «NOSTRO nel secondo» del figlio per c16004u4 nella finestra (binario prima di ebc9dcd? le righe TRATTO si registrano e non classificano)
      DEGRADED fotogrammi saltati                       NON MISURATO: la pagina non ha dato `video X→Y`
      FAIL     blocco piu' lungo dell'immagine          50.763 — dall'attore (3 righe)
      DEGRADED buchi nella catena del video             NON MISURATO: la pagina non ha dato `buchi`
      DEGRADED video: dipinti al secondo                NON MISURATO: la pagina non ha dato `dipinti`
      DEGRADED audio udibile                            NON MISURATO: la pagina non ha dato `suonati`/`ricevuti`
      GREEN    caduta, riavvio, errore che stacca       nessuna caduta, riavvio o errore che stacca
      GREEN    nascita (accesso → primo fotogramma)     1.844 — accesso → primo fotogramma
  utente 5   A  firefox  c16005u5       FAIL
      FAIL     ritardo input → fotogramma (p95)         input PERSO: 2 azioni su 2 senza effetto (scrivi, scrivi)
      GREEN    fotogrammi saltati                       0.0 — 21 consegnati, 21 dipinti (salt 0)
      FAIL     blocco piu' lungo dell'immagine          34.052 — dall'attore (4 righe)
      GREEN    buchi nella catena del video             0.0 — 0 buchi in 122 s
      GREEN    caduta, riavvio, errore che stacca       nessuna caduta, riavvio o errore che stacca
      GREEN    nascita (accesso → primo fotogramma)     1.666 — accesso → primo fotogramma
  utente 6   B  chrome   c16006u6       FAIL
      DEGRADED ritardo input → fotogramma (p95)         NON MISURATO: nessuna riga «NOSTRO nel secondo» del figlio per c16006u6 nella finestra (binario prima di ebc9dcd? le righe TRATTO si registrano e non classificano)
      DEGRADED fotogrammi saltati                       NON MISURATO: nessun fotogramma consegnato nella finestra
      FAIL     blocco piu' lungo dell'immagine          26.544 — dall'attore (2 righe)
      GREEN    buchi nella catena del video             0.0 — 0 buchi in 108 s
      GREEN    caduta, riavvio, errore che stacca       nessuna caduta, riavvio o errore che stacca
      GREEN    nascita (accesso → primo fotogramma)     1.83 — accesso → primo fotogramma
  utente 7   C  firefox  c16007u7       FAIL
      FAIL     ritardo input → fotogramma (p95)         input PERSO: 1 azioni su 1 senza effetto (comando)
      GREEN    fotogrammi saltati                       0.0 — 10 consegnati, 10 dipinti (salt 0)
      FAIL     blocco piu' lungo dell'immagine          8.775 — 1 intervalli di 5 s senza fotogrammi con lavoro in corso
      GREEN    buchi nella catena del video             0.0 — 0 buchi in 115 s
      GREEN    caduta, riavvio, errore che stacca       nessuna caduta, riavvio o errore che stacca
      GREEN    nascita (accesso → primo fotogramma)     1.679 — accesso → primo fotogramma
  utente 8   D  chrome   c16008u8       FAIL
      DEGRADED ritardo input → fotogramma (p95)         NON MISURATO: nessuna riga «NOSTRO nel secondo» del figlio per c16008u8 nella finestra (binario prima di ebc9dcd? le righe TRATTO si registrano e non classificano)
      DEGRADED fotogrammi saltati                       NON MISURATO: la pagina non ha dato `video X→Y`
      FAIL     blocco piu' lungo dell'immagine          59.512 — dall'attore (2 righe)
      DEGRADED buchi nella catena del video             NON MISURATO: la pagina non ha dato `buchi`
      DEGRADED video: dipinti al secondo                NON MISURATO: la pagina non ha dato `dipinti`
      DEGRADED audio udibile                            NON MISURATO: la pagina non ha dato `suonati`/`ricevuti`
      GREEN    caduta, riavvio, errore che stacca       nessuna caduta, riavvio o errore che stacca
      GREEN    nascita (accesso → primo fotogramma)     1.752 — accesso → primo fotogramma
  utente 9   A  firefox  c16009u9       FAIL
      FAIL     ritardo input → fotogramma (p95)         input PERSO: 2 azioni su 3 senza effetto (scrivi, rotella)
      GREEN    fotogrammi saltati                       0.0 — 28 consegnati, 28 dipinti (salt 0)
      FAIL     blocco piu' lungo dell'immagine          29.206 — 1 intervalli di 5 s senza fotogrammi con lavoro in corso
      GREEN    buchi nella catena del video             0.0 — 0 buchi in 123 s
      GREEN    caduta, riavvio, errore che stacca       nessuna caduta, riavvio o errore che stacca
      GREEN    nascita (accesso → primo fotogramma)     1.671 — accesso → primo fotogramma
  utente 10  B  chrome   c16010u10      FAIL
      DEGRADED ritardo input → fotogramma (p95)         NON MISURATO: nessuna riga «NOSTRO nel secondo» del figlio per c16010u10 nella finestra (binario prima di ebc9dcd? le righe TRATTO si registrano e non classificano)
      DEGRADED fotogrammi saltati                       NON MISURATO: la pagina non ha dato `video X→Y`
      FAIL     blocco piu' lungo dell'immagine          40.456 — dall'attore (2 righe)
      DEGRADED buchi nella catena del video             NON MISURATO: la pagina non ha dato `buchi`
      GREEN    caduta, riavvio, errore che stacca       nessuna caduta, riavvio o errore che stacca
      GREEN    nascita (accesso → primo fotogramma)     1.725 — accesso → primo fotogramma
  utente 11  C  firefox  c16011u11      FAIL
      FAIL     ritardo input → fotogramma (p95)         input PERSO: 2 azioni su 2 senza effetto (comando, comando)
      GREEN    fotogrammi saltati                       0.0 — 16 consegnati, 16 dipinti (salt 0)
      FAIL     blocco piu' lungo dell'immagine          21.336 — 1 intervalli di 5 s senza fotogrammi con lavoro in corso
      GREEN    buchi nella catena del video             0.0 — 0 buchi in 111 s
      GREEN    caduta, riavvio, errore che stacca       nessuna caduta, riavvio o errore che stacca
      GREEN    nascita (accesso → primo fotogramma)     1.666 — accesso → primo fotogramma
  utente 12  D  chrome   c16012u12      FAIL
      DEGRADED ritardo input → fotogramma (p95)         NON MISURATO: nessuna riga «NOSTRO nel secondo» del figlio per c16012u12 nella finestra (binario prima di ebc9dcd? le righe TRATTO si registrano e non classificano)
      DEGRADED fotogrammi saltati                       NON MISURATO: la pagina non ha dato `video X→Y`
      FAIL     blocco piu' lungo dell'immagine          54.894 — dall'attore (2 righe)
      DEGRADED buchi nella catena del video             NON MISURATO: la pagina non ha dato `buchi`
      DEGRADED video: dipinti al secondo                NON MISURATO: la pagina non ha dato `dipinti`
      DEGRADED audio udibile                            NON MISURATO: la pagina non ha dato `suonati`/`ricevuti`
      GREEN    caduta, riavvio, errore che stacca       nessuna caduta, riavvio o errore che stacca
      GREEN    nascita (accesso → primo fotogramma)     1.734 — accesso → primo fotogramma
  utente 13  A  firefox  c16013u13      FAIL
      DEGRADED ritardo input → fotogramma (p95)         NON MISURATO: nessuna riga «NOSTRO nel secondo» del figlio per c16013u13 nella finestra (binario prima di ebc9dcd? le righe TRATTO si registrano e non classificano)
      DEGRADED fotogrammi saltati                       NON MISURATO: nessun fotogramma consegnato nella finestra
      DEGRADED blocco piu' lungo dell'immagine          NON MISURATO: manca `blocco_max_ms` e i contatori a 5 s non vedono sotto i 5 s
      GREEN    buchi nella catena del video             0.0 — 0 buchi in 119 s
      GREEN    caduta, riavvio, errore che stacca       nessuna caduta, riavvio o errore che stacca
      FAIL     nascita (accesso → primo fotogramma)     nessun primo fotogramma (esito nessun_fotogramma)
  utente 14  B  chrome   c16014u14      FAIL
      DEGRADED ritardo input → fotogramma (p95)         NON MISURATO: nessuna riga «NOSTRO nel secondo» del figlio per c16014u14 nella finestra (binario prima di ebc9dcd? le righe TRATTO si registrano e non classificano)
      DEGRADED fotogrammi saltati                       NON MISURATO: nessun fotogramma consegnato nella finestra
      DEGRADED blocco piu' lungo dell'immagine          NON MISURATO: manca `blocco_max_ms` e i contatori a 5 s non vedono sotto i 5 s
      GREEN    buchi nella catena del video             0.0 — 0 buchi in 125 s
      GREEN    caduta, riavvio, errore che stacca       nessuna caduta, riavvio o errore che stacca
      FAIL     nascita (accesso → primo fotogramma)     nessun primo fotogramma (esito nessun_fotogramma)
  utente 15  C  firefox  c16015u15      FAIL
      DEGRADED ritardo input → fotogramma (p95)         NON MISURATO: nessuna riga «NOSTRO nel secondo» del figlio per c16015u15 nella finestra (binario prima di ebc9dcd? le righe TRATTO si registrano e non classificano)
      DEGRADED fotogrammi saltati                       NON MISURATO: nessun fotogramma consegnato nella finestra
      DEGRADED blocco piu' lungo dell'immagine          NON MISURATO: manca `blocco_max_ms` e i contatori a 5 s non vedono sotto i 5 s
      GREEN    buchi nella catena del video             0.0 — 0 buchi in 124 s
      GREEN    caduta, riavvio, errore che stacca       nessuna caduta, riavvio o errore che stacca
      FAIL     nascita (accesso → primo fotogramma)     nessun primo fotogramma (esito nessun_fotogramma)
  utente 16  D  chrome   c16016u16      FAIL
      DEGRADED ritardo input → fotogramma (p95)         NON MISURATO: nessuna riga «NOSTRO nel secondo» del figlio per c16016u16 nella finestra (binario prima di ebc9dcd? le righe TRATTO si registrano e non classificano)
      DEGRADED fotogrammi saltati                       NON MISURATO: la pagina non ha dato `video X→Y`
      DEGRADED blocco piu' lungo dell'immagine          NON MISURATO: manca `blocco_max_ms` e i contatori a 5 s non vedono sotto i 5 s
      DEGRADED buchi nella catena del video             NON MISURATO: la pagina non ha dato `buchi`
      DEGRADED video: dipinti al secondo                NON MISURATO: la pagina non ha dato `dipinti`
      DEGRADED audio udibile                            NON MISURATO: la pagina non ha dato `suonati`/`ricevuti`
      FAIL     caduta, riavvio, errore che stacca       registro del server: 03:49:54.123 errore di protocollo; 03:49:54.123 la sessione e' finita (§4.2); 03:49:54.247 la sessione e' finita (§4.2)
      FAIL     nascita (accesso → primo fotogramma)     nessun primo fotogramma (esito nessun_fotogramma)
  utente 99  controllo chrome   c16016u99      FAIL
      FAIL     nascita (accesso → primo fotogramma)     la sessione del controllo non e' nata: l'accesso: nessuna ammissione in 90 s (esito «None», sessione=None); ultime righe della pagina: 
      DEGRADED controllo funzionale corto               NON MISURATO: non guardate: F-004, F-007, F-003, F-014
  livello  GREEN    memoria_remotix                PSS 482 → 439 MB in 1639 s di lavoro (03:36:08–04:03:27); seconda meta' -34.3 %/ora, -36 MB su -43 · da: inizio del lavoro + 60 s
  livello  GREEN    memoria_sessioni               PSS 3504 → 3615 MB in 1639 s di lavoro (03:36:08–04:03:27); seconda meta' +8.2 %/ora, +66 MB su +111 e CONTINUA a salire · da: inizio del lavoro + 60 s
  livello  GREEN    riavvio_server                 il padre remotix e' lo stesso per tutto il livello
  livello  GREEN    entrati                        entrati 16 su 16
  risorse: cpu macchina 99.28 % (media) · mem usata 31776 MB · card0 disegno 3.82%, video 0.79%, video_enhance 0.12% · card1 
{"campagna": "intel-b-fhd-xfce", "livello": 16, "desktop": "xfce", "scheda": "Intel UHD 770 (i5-13500T)", "driver": "i915 intel-media-va-driver=25.2.3+dfsg1-1 libgl1-mesa-dri=25.0.7-2+deb13u1 libva2=2.22.0-3 mesa-va-drivers=25.0.7-2+deb13u1", "misura": "fhd", "commit": "e4e05dc", "binario": "45d048c8", "pagina": "fb9a18f3", "nucleo": "7.0", "tetto_sessioni": 17, "inizio": "2026-09-27T03:28:29+00:00", "durata_s": 2252, "finestra": ["04:04:01", "04:06:01"], "fps_video": 30.0, "tipo": "livello", "utenti": 17, "sessioni": {"GREEN": 0, "DEGRADED": 1, "FAIL": 16}, "journal_err": {"righe": 36560, "per_inquilino": {"c16001u1": 15, "c16002u2": 10, "c16003u3": 5, "c16004u4": 20, "c16005u5": 19, "c16006u6": 7, "c16007u7": 5, "c16008u8": 17, "c16009u9": 10, "c16010u10": 7, "c16011u11": 5, "c16012u12": 11, "c16013u13": 31, "c16014u14": 28, "c16015u15": 30, "c16016u16": 64}, "esempi": ["figlio  [c16001u1] ⛔ «/usr/bin/loginctl» non e' andato (stato 1)", "figlio  [c16001u1] ⛔ SENZA PALCO alla nascita: la sessione grafica di «c16001u1» non c'e' (ancora).  ⚠ NON esco — §8.3 vieta di staccare — e NON resto fermo: riprovo, la prima volta fra 1000 ms", "figlio  ⛔ il palco di «c16001u1»: bus ⛔ NO, sessione 5, presa 0, monitor «» (0 prima, 0 dopo), 0x0 stride 0 a 0 bit, 0 flussi in consegna — aspetto la tela del cliente", "figlio  [c16001u1] ⛔⛔ FIFO **NON** OTTENUTO: 3 thread su 3 del percorso audio girano a politica NORMALE (nice peggiore 0), e RLIMIT_RTPRIO = 0 — ⚠ il rlimit dice «puoi CHIEDERLA», non «ce l'hai».  `[M", "figlio  ⛔ il palco di «c16001u1»: bus APERTO, sessione 4, presa 0, monitor «» (0 prima, 0 dopo), 0x0 stride 0 a 0 bit, 0 flussi in consegna — il gestore di sessione non è ancora sul bus"], "fonte": "/media/REMOTIX/misure/fase16/intel-b-fhd-xfce/livello-16-ripetizione/journal-err.jsonl"}, "voci": {"memoria_remotix": {"valore": -9.011, "classe": "GREEN", "significativo": false, "nota": "PSS 482 → 439 MB in 1639 s di lavoro (03:36:08–04:03:27); seconda meta' -34.3 %/ora, -36 MB su -43 · da: inizio del lavoro + 60 s", "continua": false, "pendenza_pct_ora": -34.309, "tratto_s": 1639}, "memoria_sessioni": {"valore": 3.177, "classe": "GREEN", "significativo": false, "nota": "PSS 3504 → 3615 MB in 1639 s di lavoro (03:36:08–04:03:27); seconda meta' +8.2 %/ora, +66 MB su +111 e CONTINUA a salire · da: inizio del lavoro + 60 s", "continua": true, "pendenza_pct_ora": 8.199, "tratto_s": 1639}, "riavvio_server": {"valore": 1063400, "classe": "GREEN", "significativo": false, "nota": "il padre remotix e' lo stesso per tutto il livello"}, "entrati": {"valore": 16, "classe": "GREEN", "significativo": false, "nota": "entrati 16 su 16"}}, "risorse": {"campioni": 120, "cpu_macchina_pct": {"media": 99.28, "p95": 99.9, "max": 100.0}, "carico_1m": {"media": 55.75, "p95": 73.37, "max": 75.15}, "mem_usata_mb": {"media": 31715.47, "p95": 31771, "max": 31776}, "mem_totale_mb": 31869, "thread": {"media": 6003.44, "p95": 6133, "max": 6158}, "misuratore_cpu_s": {"media": 0.22, "p95": 0.53, "max": 1.1}, "recinti": {"remotix": {"cpu_core": {"media": 1.41, "p95": 2.7, "max": 3.5}, "pss_mb": {"media": 430.67, "p95": 435.0, "max": 437.5}, "processi": {"media": 18.18, "p95": 20, "max": 21}, "gpu": {"copia": {"media": 0.0, "p95": 0.0, "max": 0.0}, "disegno": {"media": 0.0, "p95": 0.0, "max": 0.0}, "video": {"media": 0.13, "p95": 0.6, "max": 2.94}, "video_enhance": {"media": 0.12, "p95": 0.65, "max": 2.92}}}, "sessioni": {"cpu_core": {"media": 9.67, "p95": 13.99, "max": 25.76}, "pss_mb": {"media": 4054.6, "p95": 4329.7, "max": 4575.2}, "processi": {"media": 287.98, "p95": 293, "max": 295}, "gpu": {"copia": {"media": 0.0, "p95": 0.0, "max": 0.0}, "disegno": {"media": 0.72, "p95": 3.29, "max": 18.12}, "video": {"media": 0.62, "p95": 2.54, "max": 31.17}, "video_enhance": {"media": 0.0, "p95": 0.0, "max": 0.0}}}, "browser": {"cpu_core": {"media": 4.01, "p95": 6.53, "max": 8.54}, "pss_mb": {"media": 6364.86, "p95": 6477.2, "max": 6490.0}, "processi": {"media": 174.05, "p95": 181, "max": 182}, "gpu": {"copia": {"media": 0.0, "p95": 0.0, "max": 0.0}, "disegno": {"media": 2.74, "p95": 6.33, "max": 22.53}, "video": {"media": 0.04, "p95": 0.25, "max": 1.14}, "video_enhance": {"media": 0.0, "p95": 0.0, "max": 0.0}}}, "altro_scatola": {"cpu_core": {"media": 0.58, "p95": 1.19, "max": 1.75}, "pss_mb": {"media": 65.44, "p95": 82.8, "max": 94.2}, "processi": {"media": 20.99, "p95": 25, "max": 30}, "gpu": {}}, "labwc_cliente": {"cpu_core": {"media": 0.62, "p95": 1.07, "max": 1.65}, "pss_mb": {"media": 676.03, "p95": 676.2, "max": 676.4}, "processi": {"media": 21.0, "p95": 21, "max": 21}, "gpu": {"copia": {"media": 0.0, "p95": 0.0, "max": 0.0}, "disegno": {"media": 0.36, "p95": 0.88, "max": 3.45}, "video": {"media": 0.0, "p95": 0.0, "max": 0.0}, "video_enhance": {"media": 0.0, "p95": 0.0, "max": 0.0}}}}, "gpu": {"0000:00:02.0": {"scheda": "card0", "driver": "i915", "copia": {"media": 0.0, "p95": 0.0, "max": 0.0}, "disegno": {"media": 3.82, "p95": 9.8, "max": 44.1}, "video": {"media": 0.79, "p95": 4.08, "max": 34.47}, "video_enhance": {"media": 0.12, "p95": 0.65, "max": 2.92}, "freq_att_mhz": {"media": 100.83, "p95": 300.0, "max": 1450.0}, "freq_mhz": {"media": 360.69, "p95": 300.0, "max": 1550.0}, "temp_c": {"media": 50.26, "p95": 52.0, "max": 53.0}, "potenza_w": {"media": 0.12, "p95": 0.39, "max": 1.72}, "vram_usata_mb": null, "occupata_pct": null, "strozzatura_frazione": {"pl4": 0.05}}, "0000:03:00.0": {"scheda": "card1", "driver": "amdgpu", "freq_att_mhz": {"media": 0.0, "p95": 0.0, "max": 0.0}, "freq_mhz": {"media": 0.0, "p95": 0.0, "max": 0.0}, "temp_c": {"media": 40.91, "p95": 41.0, "max": 41.0}, "potenza_w": {"media": 6.25, "p95": 8.0, "max": 10.0}, "vram_usata_mb": {"media": 48.1, "p95": 48.1, "max": 48.1}, "occupata_pct": {"media": 0.0, "p95": 0.0, "max": 0.0}, "strozzatura_frazione": {}}}, "avvisi": ["⚠ PSS illeggibile per 1 processi (non si e' root?)", "⚠ PSS illeggibile per 2 processi (non si e' root?)", "⚠ PSS illeggibile per 3 processi (non si e' root?)", "⚠ PSS illeggibile per 4 processi (non si e' root?)"]}, "classe": "FAIL", "significativo": true, "ragione": "0 GREEN · 1 DEGRADED · 16 FAIL", "evidenze": ["/media/REMOTIX/misure/fase16/intel-b-fhd-xfce/livello-16-ripetizione"]}
{"campagna": "intel-b-fhd-xfce", "livello": 16, "desktop": "xfce", "scheda": "Intel UHD 770 (i5-13500T)", "driver": "i915 intel-media-va-driver=25.2.3+dfsg1-1 libgl1-mesa-dri=25.0.7-2+deb13u1 libva2=2.22.0-3 mesa-va-drivers=25.0.7-2+deb13u1", "misura": "fhd", "commit": "e4e05dc", "binario": "45d048c8", "pagina": "fb9a18f3", "nucleo": "7.0", "tetto_sessioni": 17, "inizio": "2026-09-27T03:28:29+00:00", "durata_s": 2252, "finestra": ["04:04:01", "04:06:01"], "fps_video": 30.0, "tipo": "sessione", "utente": 1, "profilo": "A", "browser": "firefox", "versione": "Firefox 140.16.0 · finestra vera", "inquilino": "c16001u1", "misure": {"finestra_s": 124.3, "esperienza": {"giro_eco_p95_ms": 2422.3, "giro_eco_campioni": 3, "giro_tutti_p95_ms": 29892.4, "giro_tutti_campioni": 13}, "video_non_avanza": 0, "input_azioni": 4, "input_persi": 2, "input_latenza_p95_ms": 2242, "consegnati": 27, "dipinti": 27, "salt": 0, "saltati_pct": 0.0, "lavoro_s": 111.8, "blocco_max_s": 79.527, "buchi": 0, "rete": null, "tratto_server_ms": {"mediana": 12.93, "max": 19.12, "ora": "03:52:59.930"}, "nascita_s": 1.96, "journal_err": 15}, "voci": {"ritardo_p95_ms": {"valore": null, "classe": "FAIL", "significativo": true, "nota": "input PERSO: 2 azioni su 4 senza effetto (scrivi, rotella)"}, "saltati_pct": {"valore": 0.0, "classe": "GREEN", "significativo": false, "nota": "27 consegnati, 27 dipinti (salt 0)"}, "blocco_max_s": {"valore": 79.527, "classe": "FAIL", "significativo": true, "nota": "1 intervalli di 5 s senza fotogrammi con lavoro in corso"}, "buchi_al_min": {"valore": 0.0, "classe": "GREEN", "significativo": false, "nota": "0 buchi in 124 s"}, "caduta": {"valore": false, "classe": "GREEN", "significativo": false, "nota": "nessuna caduta, riavvio o errore che stacca"}, "nascita_s": {"valore": 1.957, "classe": "GREEN", "significativo": false, "nota": "accesso → primo fotogramma"}}, "classe": "FAIL", "ragione": "FAIL ritardo input → fotogramma (p95): input PERSO: 2 azioni su 4 senza effetto (scrivi, rotella) · FAIL blocco piu' lungo dell'immagine: 79.527 — 1 intervalli di 5 s senza fotogrammi con lavoro in corso", "non_misurate": [], "evidenze": ["/media/REMOTIX/misure/fase16/intel-b-fhd-xfce/livello-16-ripetizione/utente-01"]}
{"campagna": "intel-b-fhd-xfce", "livello": 16, "desktop": "xfce", "scheda": "Intel UHD 770 (i5-13500T)", "driver": "i915 intel-media-va-driver=25.2.3+dfsg1-1 libgl1-mesa-dri=25.0.7-2+deb13u1 libva2=2.22.0-3 mesa-va-drivers=25.0.7-2+deb13u1", "misura": "fhd", "commit": "e4e05dc", "binario": "45d048c8", "pagina": "fb9a18f3", "nucleo": "7.0", "tetto_sessioni": 17, "inizio": "2026-09-27T03:28:29+00:00", "durata_s": 2252, "finestra": ["04:04:01", "04:06:01"], "fps_video": 30.0, "tipo": "sessione", "utente": 2, "profilo": "B", "browser": "chrome", "versione": "Chrome/154.0.8037.57 · finestra vera", "inquilino": "c16002u2", "misure": {"finestra_s": 129.2, "esperienza": {"giro_eco_p95_ms": null, "giro_eco_campioni": 0, "giro_tutti_p95_ms": null, "giro_tutti_campioni": 0}, "video_non_avanza": 0, "input_azioni": 0, "input_persi": 0, "input_latenza_p95_ms": null, "lavoro_s": 0.0, "rete": null, "tratto_server_ms": {"mediana": 13.01, "max": 22.06, "ora": "03:53:03.567"}, "nascita_s": 1.83, "journal_err": 10}, "voci": {"ritardo_p95_ms": {"valore": null, "classe": "DEGRADED", "significativo": true, "non_misurato": true, "nota": "NON MISURATO: nessuna riga «NOSTRO nel secondo» del figlio per c16002u2 nella finestra (binario prima di ebc9dcd? le righe TRATTO si registrano e non classificano)"}, "saltati_pct": {"valore": null, "classe": "DEGRADED", "significativo": true, "non_misurato": true, "nota": "NON MISURATO: la pagina non ha dato `video X→Y`"}, "blocco_max_s": {"valore": null, "classe": "DEGRADED", "significativo": true, "non_misurato": true, "nota": "NON MISURATO: manca `blocco_max_ms` e i contatori a 5 s non vedono sotto i 5 s"}, "buchi_al_min": {"valore": null, "classe": "DEGRADED", "significativo": true, "non_misurato": true, "nota": "NON MISURATO: la pagina non ha dato `buchi`"}, "caduta": {"valore": false, "classe": "GREEN", "significativo": false, "nota": "nessuna caduta, riavvio o errore che stacca"}, "nascita_s": {"valore": 1.831, "classe": "GREEN", "significativo": false, "nota": "accesso → primo fotogramma"}}, "classe": "DEGRADED", "ragione": "DEGRADED ritardo input → fotogramma (p95): NON MISURATO: nessuna riga «NOSTRO nel secondo» del figlio per c16002u2 nella finestra (binario prima di ebc9dcd? le righe TRATTO si registrano e non classificano) · DEGRADED fotogrammi saltati: NON MISURATO: la pagina non ha dato `video X→Y` · DEGRADED blocco piu' lungo dell'immagine: NON MISURATO: manca `blocco_max_ms` e i contatori a 5 s non vedono sotto i 5 s · DEGRADED buchi nella catena del video: NON MISURATO: la pagina non ha dato `buchi`", "non_misurate": ["blocco_max_s", "buchi_al_min", "ritardo_p95_ms", "saltati_pct"], "evidenze": ["/media/REMOTIX/misure/fase16/intel-b-fhd-xfce/livello-16-ripetizione/utente-02"]}
{"campagna": "intel-b-fhd-xfce", "livello": 16, "desktop": "xfce", "scheda": "Intel UHD 770 (i5-13500T)", "driver": "i915 intel-media-va-driver=25.2.3+dfsg1-1 libgl1-mesa-dri=25.0.7-2+deb13u1 libva2=2.22.0-3 mesa-va-drivers=25.0.7-2+deb13u1", "misura": "fhd", "commit": "e4e05dc", "binario": "45d048c8", "pagina": "fb9a18f3", "nucleo": "7.0", "tetto_sessioni": 17, "inizio": "2026-09-27T03:28:29+00:00", "durata_s": 2252, "finestra": ["04:04:01", "04:06:01"], "fps_video": 30.0, "tipo": "sessione", "utente": 3, "profilo": "C", "browser": "firefox", "versione": "Firefox 140.16.0 · finestra vera", "inquilino": "c16003u3", "misure": {"finestra_s": 134.9, "esperienza": {"giro_eco_p95_ms": 2106.2, "giro_eco_campioni": 3, "giro_tutti_p95_ms": 7108, "giro_tutti_campioni": 7}, "video_non_avanza": 0, "input_azioni": 2, "input_persi": 1, "input_latenza_p95_ms": 866, "consegnati": 17, "dipinti": 17, "salt": 0, "saltati_pct": 0.0, "lavoro_s": 37.8, "blocco_max_s": 7.207, "buchi": 0, "rete": null, "tratto_server_ms": {"mediana": 10.98, "max": 20.25, "ora": "03:53:00.473"}, "nascita_s": 1.72, "journal_err": 5}, "voci": {"ritardo_p95_ms": {"valore": null, "classe": "FAIL", "significativo": true, "nota": "input PERSO: 1 azioni su 2 senza effetto (comando)"}, "saltati_pct": {"valore": 0.0, "classe": "GREEN", "significativo": false, "nota": "17 consegnati, 17 dipinti (salt 0)"}, "blocco_max_s": {"valore": 7.207, "classe": "FAIL", "significativo": true, "nota": "dall'attore (3 righe)"}, "buchi_al_min": {"valore": 0.0, "classe": "GREEN", "significativo": false, "nota": "0 buchi in 135 s"}, "caduta": {"valore": false, "classe": "GREEN", "significativo": false, "nota": "nessuna caduta, riavvio o errore che stacca"}, "nascita_s": {"valore": 1.72, "classe": "GREEN", "significativo": false, "nota": "accesso → primo fotogramma"}}, "classe": "FAIL", "ragione": "FAIL ritardo input → fotogramma (p95): input PERSO: 1 azioni su 2 senza effetto (comando) · FAIL blocco piu' lungo dell'immagine: 7.207 — dall'attore (3 righe)", "non_misurate": [], "evidenze": ["/media/REMOTIX/misure/fase16/intel-b-fhd-xfce/livello-16-ripetizione/utente-03"]}
{"campagna": "intel-b-fhd-xfce", "livello": 16, "desktop": "xfce", "scheda": "Intel UHD 770 (i5-13500T)", "driver": "i915 intel-media-va-driver=25.2.3+dfsg1-1 libgl1-mesa-dri=25.0.7-2+deb13u1 libva2=2.22.0-3 mesa-va-drivers=25.0.7-2+deb13u1", "misura": "fhd", "commit": "e4e05dc", "binario": "45d048c8", "pagina": "fb9a18f3", "nucleo": "7.0", "tetto_sessioni": 17, "inizio": "2026-09-27T03:28:29+00:00", "durata_s": 2252, "finestra": ["04:04:01", "04:06:01"], "fps_video": 30.0, "tipo": "sessione", "utente": 4, "profilo": "D", "browser": "chrome", "versione": "Chrome/154.0.8037.57 · finestra vera", "inquilino": "c16004u4", "misure": {"finestra_s": 126.8, "esperienza": {"giro_eco_p95_ms": null, "giro_eco_campioni": 0, "giro_tutti_p95_ms": null, "giro_tutti_campioni": 0}, "video_non_avanza": 0, "input_azioni": 0, "input_persi": 0, "input_latenza_p95_ms": null, "lavoro_s": 0.0, "blocco_max_s": 50.763, "rete": null, "tratto_server_ms": {"mediana": 12.05, "max": 23.52, "ora": "03:53:03.669"}, "nascita_s": 1.84, "journal_err": 20}, "voci": {"ritardo_p95_ms": {"valore": null, "classe": "DEGRADED", "significativo": true, "non_misurato": true, "nota": "NON MISURATO: nessuna riga «NOSTRO nel secondo» del figlio per c16004u4 nella finestra (binario prima di ebc9dcd? le righe TRATTO si registrano e non classificano)"}, "saltati_pct": {"valore": null, "classe": "DEGRADED", "significativo": true, "non_misurato": true, "nota": "NON MISURATO: la pagina non ha dato `video X→Y`"}, "blocco_max_s": {"valore": 50.763, "classe": "FAIL", "significativo": true, "nota": "dall'attore (3 righe)"}, "buchi_al_min": {"valore": null, "classe": "DEGRADED", "significativo": true, "non_misurato": true, "nota": "NON MISURATO: la pagina non ha dato `buchi`"}, "video_frazione_f": {"valore": null, "classe": "DEGRADED", "significativo": true, "non_misurato": true, "nota": "NON MISURATO: la pagina non ha dato `dipinti`"}, "audio_udibile_pct": {"valore": null, "classe": "DEGRADED", "significativo": true, "non_misurato": true, "nota": "NON MISURATO: la pagina non ha dato `suonati`/`ricevuti`"}, "caduta": {"valore": false, "classe": "GREEN", "significativo": false, "nota": "nessuna caduta, riavvio o errore che stacca"}, "nascita_s": {"valore": 1.844, "classe": "GREEN", "significativo": false, "nota": "accesso → primo fotogramma"}}, "classe": "FAIL", "ragione": "FAIL blocco piu' lungo dell'immagine: 50.763 — dall'attore (3 righe) · DEGRADED ritardo input → fotogramma (p95): NON MISURATO: nessuna riga «NOSTRO nel secondo» del figlio per c16004u4 nella finestra (binario prima di ebc9dcd? le righe TRATTO si registrano e non classificano) · DEGRADED fotogrammi saltati: NON MISURATO: la pagina non ha dato `video X→Y` · DEGRADED buchi nella catena del video: NON MISURATO: la pagina non ha dato `buchi` · DEGRADED video: dipinti al secondo: NON MISURATO: la pagina non ha dato `dipinti` · DEGRADED audio udibile: NON MISURATO: la pagina non ha dato `suonati`/`ricevuti`", "non_misurate": ["audio_udibile_pct", "buchi_al_min", "ritardo_p95_ms", "saltati_pct", "video_frazione_f"], "evidenze": ["/media/REMOTIX/misure/fase16/intel-b-fhd-xfce/livello-16-ripetizione/utente-04"]}
{"campagna": "intel-b-fhd-xfce", "livello": 16, "desktop": "xfce", "scheda": "Intel UHD 770 (i5-13500T)", "driver": "i915 intel-media-va-driver=25.2.3+dfsg1-1 libgl1-mesa-dri=25.0.7-2+deb13u1 libva2=2.22.0-3 mesa-va-drivers=25.0.7-2+deb13u1", "misura": "fhd", "commit": "e4e05dc", "binario": "45d048c8", "pagina": "fb9a18f3", "nucleo": "7.0", "tetto_sessioni": 17, "inizio": "2026-09-27T03:28:29+00:00", "durata_s": 2252, "finestra": ["04:04:01", "04:06:01"], "fps_video": 30.0, "tipo": "sessione", "utente": 5, "profilo": "A", "browser": "firefox", "versione": "Firefox 140.16.0 · finestra vera", "inquilino": "c16005u5", "misure": {"finestra_s": 121.6, "esperienza": {"giro_eco_p95_ms": 241.4, "giro_eco_campioni": 4, "giro_tutti_p95_ms": 29989.3, "giro_tutti_campioni": 10}, "video_non_avanza": 0, "input_azioni": 2, "input_persi": 2, "input_latenza_p95_ms": null, "consegnati": 21, "dipinti": 21, "salt": 0, "saltati_pct": 0.0, "lavoro_s": 109.2, "blocco_max_s": 34.052, "buchi": 0, "rete": null, "tratto_server_ms": {"mediana": 12.86, "max": 23.01, "ora": "03:53:03.878"}, "nascita_s": 1.67, "journal_err": 19}, "voci": {"ritardo_p95_ms": {"valore": null, "classe": "FAIL", "significativo": true, "nota": "input PERSO: 2 azioni su 2 senza effetto (scrivi, scrivi)"}, "saltati_pct": {"valore": 0.0, "classe": "GREEN", "significativo": false, "nota": "21 consegnati, 21 dipinti (salt 0)"}, "blocco_max_s": {"valore": 34.052, "classe": "FAIL", "significativo": true, "nota": "dall'attore (4 righe)"}, "buchi_al_min": {"valore": 0.0, "classe": "GREEN", "significativo": false, "nota": "0 buchi in 122 s"}, "caduta": {"valore": false, "classe": "GREEN", "significativo": false, "nota": "nessuna caduta, riavvio o errore che stacca"}, "nascita_s": {"valore": 1.666, "classe": "GREEN", "significativo": false, "nota": "accesso → primo fotogramma"}}, "classe": "FAIL", "ragione": "FAIL ritardo input → fotogramma (p95): input PERSO: 2 azioni su 2 senza effetto (scrivi, scrivi) · FAIL blocco piu' lungo dell'immagine: 34.052 — dall'attore (4 righe)", "non_misurate": [], "evidenze": ["/media/REMOTIX/misure/fase16/intel-b-fhd-xfce/livello-16-ripetizione/utente-05"]}
{"campagna": "intel-b-fhd-xfce", "livello": 16, "desktop": "xfce", "scheda": "Intel UHD 770 (i5-13500T)", "driver": "i915 intel-media-va-driver=25.2.3+dfsg1-1 libgl1-mesa-dri=25.0.7-2+deb13u1 libva2=2.22.0-3 mesa-va-drivers=25.0.7-2+deb13u1", "misura": "fhd", "commit": "e4e05dc", "binario": "45d048c8", "pagina": "fb9a18f3", "nucleo": "7.0", "tetto_sessioni": 17, "inizio": "2026-09-27T03:28:29+00:00", "durata_s": 2252, "finestra": ["04:04:01", "04:06:01"], "fps_video": 30.0, "tipo": "sessione", "utente": 6, "profilo": "B", "browser": "chrome", "versione": "Chrome/154.0.8037.57 · finestra vera", "inquilino": "c16006u6", "misure": {"finestra_s": 108.5, "esperienza": {"giro_eco_p95_ms": null, "giro_eco_campioni": 0, "giro_tutti_p95_ms": null, "giro_tutti_campioni": 0}, "video_non_avanza": 0, "input_azioni": 0, "input_persi": 0, "input_latenza_p95_ms": null, "lavoro_s": 0.0, "blocco_max_s": 26.544, "buchi": 0, "rete": null, "tratto_server_ms": {"mediana": 12.6, "max": 23.19, "ora": "03:53:00.327"}, "nascita_s": 1.83, "journal_err": 7}, "voci": {"ritardo_p95_ms": {"valore": null, "classe": "DEGRADED", "significativo": true, "non_misurato": true, "nota": "NON MISURATO: nessuna riga «NOSTRO nel secondo» del figlio per c16006u6 nella finestra (binario prima di ebc9dcd? le righe TRATTO si registrano e non classificano)"}, "saltati_pct": {"valore": null, "classe": "DEGRADED", "significativo": true, "non_misurato": true, "nota": "NON MISURATO: nessun fotogramma consegnato nella finestra"}, "blocco_max_s": {"valore": 26.544, "classe": "FAIL", "significativo": true, "nota": "dall'attore (2 righe)"}, "buchi_al_min": {"valore": 0.0, "classe": "GREEN", "significativo": false, "nota": "0 buchi in 108 s"}, "caduta": {"valore": false, "classe": "GREEN", "significativo": false, "nota": "nessuna caduta, riavvio o errore che stacca"}, "nascita_s": {"valore": 1.83, "classe": "GREEN", "significativo": false, "nota": "accesso → primo fotogramma"}}, "classe": "FAIL", "ragione": "FAIL blocco piu' lungo dell'immagine: 26.544 — dall'attore (2 righe) · DEGRADED ritardo input → fotogramma (p95): NON MISURATO: nessuna riga «NOSTRO nel secondo» del figlio per c16006u6 nella finestra (binario prima di ebc9dcd? le righe TRATTO si registrano e non classificano) · DEGRADED fotogrammi saltati: NON MISURATO: nessun fotogramma consegnato nella finestra", "non_misurate": ["ritardo_p95_ms", "saltati_pct"], "evidenze": ["/media/REMOTIX/misure/fase16/intel-b-fhd-xfce/livello-16-ripetizione/utente-06"]}
{"campagna": "intel-b-fhd-xfce", "livello": 16, "desktop": "xfce", "scheda": "Intel UHD 770 (i5-13500T)", "driver": "i915 intel-media-va-driver=25.2.3+dfsg1-1 libgl1-mesa-dri=25.0.7-2+deb13u1 libva2=2.22.0-3 mesa-va-drivers=25.0.7-2+deb13u1", "misura": "fhd", "commit": "e4e05dc", "binario": "45d048c8", "pagina": "fb9a18f3", "nucleo": "7.0", "tetto_sessioni": 17, "inizio": "2026-09-27T03:28:29+00:00", "durata_s": 2252, "finestra": ["04:04:01", "04:06:01"], "fps_video": 30.0, "tipo": "sessione", "utente": 7, "profilo": "C", "browser": "firefox", "versione": "Firefox 140.16.0 · finestra vera", "inquilino": "c16007u7", "misure": {"finestra_s": 114.7, "esperienza": {"giro_eco_p95_ms": null, "giro_eco_campioni": 0, "giro_tutti_p95_ms": 6545.7, "giro_tutti_campioni": 6}, "video_non_avanza": 0, "input_azioni": 1, "input_persi": 1, "input_latenza_p95_ms": null, "consegnati": 10, "dipinti": 10, "salt": 0, "saltati_pct": 0.0, "lavoro_s": 15.3, "blocco_max_s": 8.775, "buchi": 0, "rete": null, "tratto_server_ms": {"mediana": 11.62, "max": 24.34, "ora": "03:53:00.197"}, "nascita_s": 1.68, "journal_err": 5}, "voci": {"ritardo_p95_ms": {"valore": null, "classe": "FAIL", "significativo": true, "nota": "input PERSO: 1 azioni su 1 senza effetto (comando)"}, "saltati_pct": {"valore": 0.0, "classe": "GREEN", "significativo": false, "nota": "10 consegnati, 10 dipinti (salt 0)"}, "blocco_max_s": {"valore": 8.775, "classe": "FAIL", "significativo": true, "nota": "1 intervalli di 5 s senza fotogrammi con lavoro in corso"}, "buchi_al_min": {"valore": 0.0, "classe": "GREEN", "significativo": false, "nota": "0 buchi in 115 s"}, "caduta": {"valore": false, "classe": "GREEN", "significativo": false, "nota": "nessuna caduta, riavvio o errore che stacca"}, "nascita_s": {"valore": 1.679, "classe": "GREEN", "significativo": false, "nota": "accesso → primo fotogramma"}}, "classe": "FAIL", "ragione": "FAIL ritardo input → fotogramma (p95): input PERSO: 1 azioni su 1 senza effetto (comando) · FAIL blocco piu' lungo dell'immagine: 8.775 — 1 intervalli di 5 s senza fotogrammi con lavoro in corso", "non_misurate": [], "evidenze": ["/media/REMOTIX/misure/fase16/intel-b-fhd-xfce/livello-16-ripetizione/utente-07"]}
{"campagna": "intel-b-fhd-xfce", "livello": 16, "desktop": "xfce", "scheda": "Intel UHD 770 (i5-13500T)", "driver": "i915 intel-media-va-driver=25.2.3+dfsg1-1 libgl1-mesa-dri=25.0.7-2+deb13u1 libva2=2.22.0-3 mesa-va-drivers=25.0.7-2+deb13u1", "misura": "fhd", "commit": "e4e05dc", "binario": "45d048c8", "pagina": "fb9a18f3", "nucleo": "7.0", "tetto_sessioni": 17, "inizio": "2026-09-27T03:28:29+00:00", "durata_s": 2252, "finestra": ["04:04:01", "04:06:01"], "fps_video": 30.0, "tipo": "sessione", "utente": 8, "profilo": "D", "browser": "chrome", "versione": "Chrome/154.0.8037.57 · finestra vera", "inquilino": "c16008u8", "misure": {"finestra_s": 103.6, "esperienza": {"giro_eco_p95_ms": null, "giro_eco_campioni": 0, "giro_tutti_p95_ms": null, "giro_tutti_campioni": 0}, "video_non_avanza": 0, "input_azioni": 0, "input_persi": 0, "input_latenza_p95_ms": null, "lavoro_s": 0.0, "blocco_max_s": 59.512, "rete": null, "tratto_server_ms": {"mediana": 11.94, "max": 25.02, "ora": "03:53:03.794"}, "nascita_s": 1.75, "journal_err": 17}, "voci": {"ritardo_p95_ms": {"valore": null, "classe": "DEGRADED", "significativo": true, "non_misurato": true, "nota": "NON MISURATO: nessuna riga «NOSTRO nel secondo» del figlio per c16008u8 nella finestra (binario prima di ebc9dcd? le righe TRATTO si registrano e non classificano)"}, "saltati_pct": {"valore": null, "classe": "DEGRADED", "significativo": true, "non_misurato": true, "nota": "NON MISURATO: la pagina non ha dato `video X→Y`"}, "blocco_max_s": {"valore": 59.512, "classe": "FAIL", "significativo": true, "nota": "dall'attore (2 righe)"}, "buchi_al_min": {"valore": null, "classe": "DEGRADED", "significativo": true, "non_misurato": true, "nota": "NON MISURATO: la pagina non ha dato `buchi`"}, "video_frazione_f": {"valore": null, "classe": "DEGRADED", "significativo": true, "non_misurato": true, "nota": "NON MISURATO: la pagina non ha dato `dipinti`"}, "audio_udibile_pct": {"valore": null, "classe": "DEGRADED", "significativo": true, "non_misurato": true, "nota": "NON MISURATO: la pagina non ha dato `suonati`/`ricevuti`"}, "caduta": {"valore": false, "classe": "GREEN", "significativo": false, "nota": "nessuna caduta, riavvio o errore che stacca"}, "nascita_s": {"valore": 1.752, "classe": "GREEN", "significativo": false, "nota": "accesso → primo fotogramma"}}, "classe": "FAIL", "ragione": "FAIL blocco piu' lungo dell'immagine: 59.512 — dall'attore (2 righe) · DEGRADED ritardo input → fotogramma (p95): NON MISURATO: nessuna riga «NOSTRO nel secondo» del figlio per c16008u8 nella finestra (binario prima di ebc9dcd? le righe TRATTO si registrano e non classificano) · DEGRADED fotogrammi saltati: NON MISURATO: la pagina non ha dato `video X→Y` · DEGRADED buchi nella catena del video: NON MISURATO: la pagina non ha dato `buchi` · DEGRADED video: dipinti al secondo: NON MISURATO: la pagina non ha dato `dipinti` · DEGRADED audio udibile: NON MISURATO: la pagina non ha dato `suonati`/`ricevuti`", "non_misurate": ["audio_udibile_pct", "buchi_al_min", "ritardo_p95_ms", "saltati_pct", "video_frazione_f"], "evidenze": ["/media/REMOTIX/misure/fase16/intel-b-fhd-xfce/livello-16-ripetizione/utente-08"]}
{"campagna": "intel-b-fhd-xfce", "livello": 16, "desktop": "xfce", "scheda": "Intel UHD 770 (i5-13500T)", "driver": "i915 intel-media-va-driver=25.2.3+dfsg1-1 libgl1-mesa-dri=25.0.7-2+deb13u1 libva2=2.22.0-3 mesa-va-drivers=25.0.7-2+deb13u1", "misura": "fhd", "commit": "e4e05dc", "binario": "45d048c8", "pagina": "fb9a18f3", "nucleo": "7.0", "tetto_sessioni": 17, "inizio": "2026-09-27T03:28:29+00:00", "durata_s": 2252, "finestra": ["04:04:01", "04:06:01"], "fps_video": 30.0, "tipo": "sessione", "utente": 9, "profilo": "A", "browser": "firefox", "versione": "Firefox 140.16.0 · finestra vera", "inquilino": "c16009u9", "misure": {"finestra_s": 122.8, "esperienza": {"giro_eco_p95_ms": 1055.9, "giro_eco_campioni": 7, "giro_tutti_p95_ms": 28647.6, "giro_tutti_campioni": 15}, "video_non_avanza": 0, "input_azioni": 3, "input_persi": 2, "input_latenza_p95_ms": 460, "consegnati": 28, "dipinti": 28, "salt": 0, "saltati_pct": 0.0, "lavoro_s": 59.9, "blocco_max_s": 29.206, "buchi": 0, "rete": null, "tratto_server_ms": {"mediana": 12.77, "max": 22.57, "ora": "03:53:04.576"}, "nascita_s": 1.67, "journal_err": 10}, "voci": {"ritardo_p95_ms": {"valore": null, "classe": "FAIL", "significativo": true, "nota": "input PERSO: 2 azioni su 3 senza effetto (scrivi, rotella)"}, "saltati_pct": {"valore": 0.0, "classe": "GREEN", "significativo": false, "nota": "28 consegnati, 28 dipinti (salt 0)"}, "blocco_max_s": {"valore": 29.206, "classe": "FAIL", "significativo": true, "nota": "1 intervalli di 5 s senza fotogrammi con lavoro in corso"}, "buchi_al_min": {"valore": 0.0, "classe": "GREEN", "significativo": false, "nota": "0 buchi in 123 s"}, "caduta": {"valore": false, "classe": "GREEN", "significativo": false, "nota": "nessuna caduta, riavvio o errore che stacca"}, "nascita_s": {"valore": 1.671, "classe": "GREEN", "significativo": false, "nota": "accesso → primo fotogramma"}}, "classe": "FAIL", "ragione": "FAIL ritardo input → fotogramma (p95): input PERSO: 2 azioni su 3 senza effetto (scrivi, rotella) · FAIL blocco piu' lungo dell'immagine: 29.206 — 1 intervalli di 5 s senza fotogrammi con lavoro in corso", "non_misurate": [], "evidenze": ["/media/REMOTIX/misure/fase16/intel-b-fhd-xfce/livello-16-ripetizione/utente-09"]}
{"campagna": "intel-b-fhd-xfce", "livello": 16, "desktop": "xfce", "scheda": "Intel UHD 770 (i5-13500T)", "driver": "i915 intel-media-va-driver=25.2.3+dfsg1-1 libgl1-mesa-dri=25.0.7-2+deb13u1 libva2=2.22.0-3 mesa-va-drivers=25.0.7-2+deb13u1", "misura": "fhd", "commit": "e4e05dc", "binario": "45d048c8", "pagina": "fb9a18f3", "nucleo": "7.0", "tetto_sessioni": 17, "inizio": "2026-09-27T03:28:29+00:00", "durata_s": 2252, "finestra": ["04:04:01", "04:06:01"], "fps_video": 30.0, "tipo": "sessione", "utente": 10, "profilo": "B", "browser": "chrome", "versione": "Chrome/154.0.8037.57 · finestra vera", "inquilino": "c16010u10", "misure": {"finestra_s": 81.0, "esperienza": {"giro_eco_p95_ms": null, "giro_eco_campioni": 0, "giro_tutti_p95_ms": null, "giro_tutti_campioni": 0}, "video_non_avanza": 0, "input_azioni": 0, "input_persi": 0, "input_latenza_p95_ms": null, "lavoro_s": 0.0, "blocco_max_s": 40.456, "rete": null, "tratto_server_ms": {"mediana": 12.55, "max": 23.41, "ora": "03:53:04.446"}, "nascita_s": 1.73, "journal_err": 7}, "voci": {"ritardo_p95_ms": {"valore": null, "classe": "DEGRADED", "significativo": true, "non_misurato": true, "nota": "NON MISURATO: nessuna riga «NOSTRO nel secondo» del figlio per c16010u10 nella finestra (binario prima di ebc9dcd? le righe TRATTO si registrano e non classificano)"}, "saltati_pct": {"valore": null, "classe": "DEGRADED", "significativo": true, "non_misurato": true, "nota": "NON MISURATO: la pagina non ha dato `video X→Y`"}, "blocco_max_s": {"valore": 40.456, "classe": "FAIL", "significativo": true, "nota": "dall'attore (2 righe)"}, "buchi_al_min": {"valore": null, "classe": "DEGRADED", "significativo": true, "non_misurato": true, "nota": "NON MISURATO: la pagina non ha dato `buchi`"}, "caduta": {"valore": false, "classe": "GREEN", "significativo": false, "nota": "nessuna caduta, riavvio o errore che stacca"}, "nascita_s": {"valore": 1.725, "classe": "GREEN", "significativo": false, "nota": "accesso → primo fotogramma"}}, "classe": "FAIL", "ragione": "FAIL blocco piu' lungo dell'immagine: 40.456 — dall'attore (2 righe) · DEGRADED ritardo input → fotogramma (p95): NON MISURATO: nessuna riga «NOSTRO nel secondo» del figlio per c16010u10 nella finestra (binario prima di ebc9dcd? le righe TRATTO si registrano e non classificano) · DEGRADED fotogrammi saltati: NON MISURATO: la pagina non ha dato `video X→Y` · DEGRADED buchi nella catena del video: NON MISURATO: la pagina non ha dato `buchi`", "non_misurate": ["buchi_al_min", "ritardo_p95_ms", "saltati_pct"], "evidenze": ["/media/REMOTIX/misure/fase16/intel-b-fhd-xfce/livello-16-ripetizione/utente-10"]}
{"campagna": "intel-b-fhd-xfce", "livello": 16, "desktop": "xfce", "scheda": "Intel UHD 770 (i5-13500T)", "driver": "i915 intel-media-va-driver=25.2.3+dfsg1-1 libgl1-mesa-dri=25.0.7-2+deb13u1 libva2=2.22.0-3 mesa-va-drivers=25.0.7-2+deb13u1", "misura": "fhd", "commit": "e4e05dc", "binario": "45d048c8", "pagina": "fb9a18f3", "nucleo": "7.0", "tetto_sessioni": 17, "inizio": "2026-09-27T03:28:29+00:00", "durata_s": 2252, "finestra": ["04:04:01", "04:06:01"], "fps_video": 30.0, "tipo": "sessione", "utente": 11, "profilo": "C", "browser": "firefox", "versione": "Firefox 140.16.0 · finestra vera", "inquilino": "c16011u11", "misure": {"finestra_s": 111.2, "esperienza": {"giro_eco_p95_ms": 4634.5, "giro_eco_campioni": 5, "giro_tutti_p95_ms": 23583.1, "giro_tutti_campioni": 10}, "video_non_avanza": 0, "input_azioni": 2, "input_persi": 2, "input_latenza_p95_ms": null, "consegnati": 16, "dipinti": 16, "salt": 0, "saltati_pct": 0.0, "lavoro_s": 53.0, "blocco_max_s": 21.336, "buchi": 0, "rete": null, "tratto_server_ms": {"mediana": 10.75, "max": 21.45, "ora": "03:53:03.798"}, "nascita_s": 1.67, "journal_err": 5}, "voci": {"ritardo_p95_ms": {"valore": null, "classe": "FAIL", "significativo": true, "nota": "input PERSO: 2 azioni su 2 senza effetto (comando, comando)"}, "saltati_pct": {"valore": 0.0, "classe": "GREEN", "significativo": false, "nota": "16 consegnati, 16 dipinti (salt 0)"}, "blocco_max_s": {"valore": 21.336, "classe": "FAIL", "significativo": true, "nota": "1 intervalli di 5 s senza fotogrammi con lavoro in corso"}, "buchi_al_min": {"valore": 0.0, "classe": "GREEN", "significativo": false, "nota": "0 buchi in 111 s"}, "caduta": {"valore": false, "classe": "GREEN", "significativo": false, "nota": "nessuna caduta, riavvio o errore che stacca"}, "nascita_s": {"valore": 1.666, "classe": "GREEN", "significativo": false, "nota": "accesso → primo fotogramma"}}, "classe": "FAIL", "ragione": "FAIL ritardo input → fotogramma (p95): input PERSO: 2 azioni su 2 senza effetto (comando, comando) · FAIL blocco piu' lungo dell'immagine: 21.336 — 1 intervalli di 5 s senza fotogrammi con lavoro in corso", "non_misurate": [], "evidenze": ["/media/REMOTIX/misure/fase16/intel-b-fhd-xfce/livello-16-ripetizione/utente-11"]}
{"campagna": "intel-b-fhd-xfce", "livello": 16, "desktop": "xfce", "scheda": "Intel UHD 770 (i5-13500T)", "driver": "i915 intel-media-va-driver=25.2.3+dfsg1-1 libgl1-mesa-dri=25.0.7-2+deb13u1 libva2=2.22.0-3 mesa-va-drivers=25.0.7-2+deb13u1", "misura": "fhd", "commit": "e4e05dc", "binario": "45d048c8", "pagina": "fb9a18f3", "nucleo": "7.0", "tetto_sessioni": 17, "inizio": "2026-09-27T03:28:29+00:00", "durata_s": 2252, "finestra": ["04:04:01", "04:06:01"], "fps_video": 30.0, "tipo": "sessione", "utente": 12, "profilo": "D", "browser": "chrome", "versione": "Chrome/154.0.8037.57 · finestra vera", "inquilino": "c16012u12", "misure": {"finestra_s": 103.6, "esperienza": {"giro_eco_p95_ms": null, "giro_eco_campioni": 0, "giro_tutti_p95_ms": null, "giro_tutti_campioni": 0}, "video_non_avanza": 0, "input_azioni": 0, "input_persi": 0, "input_latenza_p95_ms": null, "lavoro_s": 0.0, "blocco_max_s": 54.894, "rete": null, "tratto_server_ms": {"mediana": 12.19, "max": 21.57, "ora": "03:53:04.328"}, "nascita_s": 1.73, "journal_err": 11}, "voci": {"ritardo_p95_ms": {"valore": null, "classe": "DEGRADED", "significativo": true, "non_misurato": true, "nota": "NON MISURATO: nessuna riga «NOSTRO nel secondo» del figlio per c16012u12 nella finestra (binario prima di ebc9dcd? le righe TRATTO si registrano e non classificano)"}, "saltati_pct": {"valore": null, "classe": "DEGRADED", "significativo": true, "non_misurato": true, "nota": "NON MISURATO: la pagina non ha dato `video X→Y`"}, "blocco_max_s": {"valore": 54.894, "classe": "FAIL", "significativo": true, "nota": "dall'attore (2 righe)"}, "buchi_al_min": {"valore": null, "classe": "DEGRADED", "significativo": true, "non_misurato": true, "nota": "NON MISURATO: la pagina non ha dato `buchi`"}, "video_frazione_f": {"valore": null, "classe": "DEGRADED", "significativo": true, "non_misurato": true, "nota": "NON MISURATO: la pagina non ha dato `dipinti`"}, "audio_udibile_pct": {"valore": null, "classe": "DEGRADED", "significativo": true, "non_misurato": true, "nota": "NON MISURATO: la pagina non ha dato `suonati`/`ricevuti`"}, "caduta": {"valore": false, "classe": "GREEN", "significativo": false, "nota": "nessuna caduta, riavvio o errore che stacca"}, "nascita_s": {"valore": 1.734, "classe": "GREEN", "significativo": false, "nota": "accesso → primo fotogramma"}}, "classe": "FAIL", "ragione": "FAIL blocco piu' lungo dell'immagine: 54.894 — dall'attore (2 righe) · DEGRADED ritardo input → fotogramma (p95): NON MISURATO: nessuna riga «NOSTRO nel secondo» del figlio per c16012u12 nella finestra (binario prima di ebc9dcd? le righe TRATTO si registrano e non classificano) · DEGRADED fotogrammi saltati: NON MISURATO: la pagina non ha dato `video X→Y` · DEGRADED buchi nella catena del video: NON MISURATO: la pagina non ha dato `buchi` · DEGRADED video: dipinti al secondo: NON MISURATO: la pagina non ha dato `dipinti` · DEGRADED audio udibile: NON MISURATO: la pagina non ha dato `suonati`/`ricevuti`", "non_misurate": ["audio_udibile_pct", "buchi_al_min", "ritardo_p95_ms", "saltati_pct", "video_frazione_f"], "evidenze": ["/media/REMOTIX/misure/fase16/intel-b-fhd-xfce/livello-16-ripetizione/utente-12"]}
{"campagna": "intel-b-fhd-xfce", "livello": 16, "desktop": "xfce", "scheda": "Intel UHD 770 (i5-13500T)", "driver": "i915 intel-media-va-driver=25.2.3+dfsg1-1 libgl1-mesa-dri=25.0.7-2+deb13u1 libva2=2.22.0-3 mesa-va-drivers=25.0.7-2+deb13u1", "misura": "fhd", "commit": "e4e05dc", "binario": "45d048c8", "pagina": "fb9a18f3", "nucleo": "7.0", "tetto_sessioni": 17, "inizio": "2026-09-27T03:28:29+00:00", "durata_s": 2252, "finestra": ["04:04:01", "04:06:01"], "fps_video": 30.0, "tipo": "sessione", "utente": 13, "profilo": "A", "browser": "firefox", "versione": "Firefox 140.16.0 · finestra vera", "inquilino": "c16013u13", "misure": {"finestra_s": 119.1, "esperienza": {"giro_eco_p95_ms": null, "giro_eco_campioni": 0, "giro_tutti_p95_ms": null, "giro_tutti_campioni": 0}, "video_non_avanza": 0, "input_azioni": 0, "input_persi": 0, "input_latenza_p95_ms": null, "lavoro_s": 0.0, "buchi": 0, "rete": null, "journal_err": 31}, "voci": {"ritardo_p95_ms": {"valore": null, "classe": "DEGRADED", "significativo": true, "non_misurato": true, "nota": "NON MISURATO: nessuna riga «NOSTRO nel secondo» del figlio per c16013u13 nella finestra (binario prima di ebc9dcd? le righe TRATTO si registrano e non classificano)"}, "saltati_pct": {"valore": null, "classe": "DEGRADED", "significativo": true, "non_misurato": true, "nota": "NON MISURATO: nessun fotogramma consegnato nella finestra"}, "blocco_max_s": {"valore": null, "classe": "DEGRADED", "significativo": true, "non_misurato": true, "nota": "NON MISURATO: manca `blocco_max_ms` e i contatori a 5 s non vedono sotto i 5 s"}, "buchi_al_min": {"valore": 0.0, "classe": "GREEN", "significativo": false, "nota": "0 buchi in 119 s"}, "caduta": {"valore": false, "classe": "GREEN", "significativo": false, "nota": "nessuna caduta, riavvio o errore che stacca"}, "nascita_s": {"valore": null, "classe": "FAIL", "significativo": true, "nota": "nessun primo fotogramma (esito nessun_fotogramma)"}}, "classe": "FAIL", "ragione": "FAIL nascita (accesso → primo fotogramma): nessun primo fotogramma (esito nessun_fotogramma) · DEGRADED ritardo input → fotogramma (p95): NON MISURATO: nessuna riga «NOSTRO nel secondo» del figlio per c16013u13 nella finestra (binario prima di ebc9dcd? le righe TRATTO si registrano e non classificano) · DEGRADED fotogrammi saltati: NON MISURATO: nessun fotogramma consegnato nella finestra · DEGRADED blocco piu' lungo dell'immagine: NON MISURATO: manca `blocco_max_ms` e i contatori a 5 s non vedono sotto i 5 s", "non_misurate": ["blocco_max_s", "ritardo_p95_ms", "saltati_pct"], "evidenze": ["/media/REMOTIX/misure/fase16/intel-b-fhd-xfce/livello-16-ripetizione/utente-13"]}
{"campagna": "intel-b-fhd-xfce", "livello": 16, "desktop": "xfce", "scheda": "Intel UHD 770 (i5-13500T)", "driver": "i915 intel-media-va-driver=25.2.3+dfsg1-1 libgl1-mesa-dri=25.0.7-2+deb13u1 libva2=2.22.0-3 mesa-va-drivers=25.0.7-2+deb13u1", "misura": "fhd", "commit": "e4e05dc", "binario": "45d048c8", "pagina": "fb9a18f3", "nucleo": "7.0", "tetto_sessioni": 17, "inizio": "2026-09-27T03:28:29+00:00", "durata_s": 2252, "finestra": ["04:04:01", "04:06:01"], "fps_video": 30.0, "tipo": "sessione", "utente": 14, "profilo": "B", "browser": "chrome", "versione": "Chrome/154.0.8037.57 · finestra vera", "inquilino": "c16014u14", "misure": {"finestra_s": 125.1, "esperienza": {"giro_eco_p95_ms": null, "giro_eco_campioni": 0, "giro_tutti_p95_ms": null, "giro_tutti_campioni": 0}, "video_non_avanza": 0, "input_azioni": 0, "input_persi": 0, "input_latenza_p95_ms": null, "lavoro_s": 0.0, "buchi": 0, "rete": null, "journal_err": 28}, "voci": {"ritardo_p95_ms": {"valore": null, "classe": "DEGRADED", "significativo": true, "non_misurato": true, "nota": "NON MISURATO: nessuna riga «NOSTRO nel secondo» del figlio per c16014u14 nella finestra (binario prima di ebc9dcd? le righe TRATTO si registrano e non classificano)"}, "saltati_pct": {"valore": null, "classe": "DEGRADED", "significativo": true, "non_misurato": true, "nota": "NON MISURATO: nessun fotogramma consegnato nella finestra"}, "blocco_max_s": {"valore": null, "classe": "DEGRADED", "significativo": true, "non_misurato": true, "nota": "NON MISURATO: manca `blocco_max_ms` e i contatori a 5 s non vedono sotto i 5 s"}, "buchi_al_min": {"valore": 0.0, "classe": "GREEN", "significativo": false, "nota": "0 buchi in 125 s"}, "caduta": {"valore": false, "classe": "GREEN", "significativo": false, "nota": "nessuna caduta, riavvio o errore che stacca"}, "nascita_s": {"valore": null, "classe": "FAIL", "significativo": true, "nota": "nessun primo fotogramma (esito nessun_fotogramma)"}}, "classe": "FAIL", "ragione": "FAIL nascita (accesso → primo fotogramma): nessun primo fotogramma (esito nessun_fotogramma) · DEGRADED ritardo input → fotogramma (p95): NON MISURATO: nessuna riga «NOSTRO nel secondo» del figlio per c16014u14 nella finestra (binario prima di ebc9dcd? le righe TRATTO si registrano e non classificano) · DEGRADED fotogrammi saltati: NON MISURATO: nessun fotogramma consegnato nella finestra · DEGRADED blocco piu' lungo dell'immagine: NON MISURATO: manca `blocco_max_ms` e i contatori a 5 s non vedono sotto i 5 s", "non_misurate": ["blocco_max_s", "ritardo_p95_ms", "saltati_pct"], "evidenze": ["/media/REMOTIX/misure/fase16/intel-b-fhd-xfce/livello-16-ripetizione/utente-14"]}
{"campagna": "intel-b-fhd-xfce", "livello": 16, "desktop": "xfce", "scheda": "Intel UHD 770 (i5-13500T)", "driver": "i915 intel-media-va-driver=25.2.3+dfsg1-1 libgl1-mesa-dri=25.0.7-2+deb13u1 libva2=2.22.0-3 mesa-va-drivers=25.0.7-2+deb13u1", "misura": "fhd", "commit": "e4e05dc", "binario": "45d048c8", "pagina": "fb9a18f3", "nucleo": "7.0", "tetto_sessioni": 17, "inizio": "2026-09-27T03:28:29+00:00", "durata_s": 2252, "finestra": ["04:04:01", "04:06:01"], "fps_video": 30.0, "tipo": "sessione", "utente": 15, "profilo": "C", "browser": "firefox", "versione": "Firefox 140.16.0 · finestra vera", "inquilino": "c16015u15", "misure": {"finestra_s": 123.6, "esperienza": {"giro_eco_p95_ms": null, "giro_eco_campioni": 0, "giro_tutti_p95_ms": null, "giro_tutti_campioni": 0}, "video_non_avanza": 0, "input_azioni": 0, "input_persi": 0, "input_latenza_p95_ms": null, "lavoro_s": 0.0, "buchi": 0, "rete": null, "journal_err": 30}, "voci": {"ritardo_p95_ms": {"valore": null, "classe": "DEGRADED", "significativo": true, "non_misurato": true, "nota": "NON MISURATO: nessuna riga «NOSTRO nel secondo» del figlio per c16015u15 nella finestra (binario prima di ebc9dcd? le righe TRATTO si registrano e non classificano)"}, "saltati_pct": {"valore": null, "classe": "DEGRADED", "significativo": true, "non_misurato": true, "nota": "NON MISURATO: nessun fotogramma consegnato nella finestra"}, "blocco_max_s": {"valore": null, "classe": "DEGRADED", "significativo": true, "non_misurato": true, "nota": "NON MISURATO: manca `blocco_max_ms` e i contatori a 5 s non vedono sotto i 5 s"}, "buchi_al_min": {"valore": 0.0, "classe": "GREEN", "significativo": false, "nota": "0 buchi in 124 s"}, "caduta": {"valore": false, "classe": "GREEN", "significativo": false, "nota": "nessuna caduta, riavvio o errore che stacca"}, "nascita_s": {"valore": null, "classe": "FAIL", "significativo": true, "nota": "nessun primo fotogramma (esito nessun_fotogramma)"}}, "classe": "FAIL", "ragione": "FAIL nascita (accesso → primo fotogramma): nessun primo fotogramma (esito nessun_fotogramma) · DEGRADED ritardo input → fotogramma (p95): NON MISURATO: nessuna riga «NOSTRO nel secondo» del figlio per c16015u15 nella finestra (binario prima di ebc9dcd? le righe TRATTO si registrano e non classificano) · DEGRADED fotogrammi saltati: NON MISURATO: nessun fotogramma consegnato nella finestra · DEGRADED blocco piu' lungo dell'immagine: NON MISURATO: manca `blocco_max_ms` e i contatori a 5 s non vedono sotto i 5 s", "non_misurate": ["blocco_max_s", "ritardo_p95_ms", "saltati_pct"], "evidenze": ["/media/REMOTIX/misure/fase16/intel-b-fhd-xfce/livello-16-ripetizione/utente-15"]}
{"campagna": "intel-b-fhd-xfce", "livello": 16, "desktop": "xfce", "scheda": "Intel UHD 770 (i5-13500T)", "driver": "i915 intel-media-va-driver=25.2.3+dfsg1-1 libgl1-mesa-dri=25.0.7-2+deb13u1 libva2=2.22.0-3 mesa-va-drivers=25.0.7-2+deb13u1", "misura": "fhd", "commit": "e4e05dc", "binario": "45d048c8", "pagina": "fb9a18f3", "nucleo": "7.0", "tetto_sessioni": 17, "inizio": "2026-09-27T03:28:29+00:00", "durata_s": 2252, "finestra": ["04:04:01", "04:06:01"], "fps_video": 30.0, "tipo": "sessione", "utente": 16, "profilo": "D", "browser": "chrome", "versione": "Chrome/154.0.8037.57 · finestra vera", "inquilino": "c16016u16", "misure": {"finestra_s": 101.9, "esperienza": {"giro_eco_p95_ms": null, "giro_eco_campioni": 0, "giro_tutti_p95_ms": null, "giro_tutti_campioni": 0}, "video_non_avanza": 0, "input_azioni": 0, "input_persi": 0, "input_latenza_p95_ms": null, "lavoro_s": 0.0, "rete": null, "journal_err": 64}, "voci": {"ritardo_p95_ms": {"valore": null, "classe": "DEGRADED", "significativo": true, "non_misurato": true, "nota": "NON MISURATO: nessuna riga «NOSTRO nel secondo» del figlio per c16016u16 nella finestra (binario prima di ebc9dcd? le righe TRATTO si registrano e non classificano)"}, "saltati_pct": {"valore": null, "classe": "DEGRADED", "significativo": true, "non_misurato": true, "nota": "NON MISURATO: la pagina non ha dato `video X→Y`"}, "blocco_max_s": {"valore": null, "classe": "DEGRADED", "significativo": true, "non_misurato": true, "nota": "NON MISURATO: manca `blocco_max_ms` e i contatori a 5 s non vedono sotto i 5 s"}, "buchi_al_min": {"valore": null, "classe": "DEGRADED", "significativo": true, "non_misurato": true, "nota": "NON MISURATO: la pagina non ha dato `buchi`"}, "video_frazione_f": {"valore": null, "classe": "DEGRADED", "significativo": true, "non_misurato": true, "nota": "NON MISURATO: la pagina non ha dato `dipinti`"}, "audio_udibile_pct": {"valore": null, "classe": "DEGRADED", "significativo": true, "non_misurato": true, "nota": "NON MISURATO: la pagina non ha dato `suonati`/`ricevuti`"}, "caduta": {"valore": true, "classe": "FAIL", "significativo": true, "nota": "registro del server: 03:49:54.123 errore di protocollo; 03:49:54.123 la sessione e' finita (§4.2); 03:49:54.247 la sessione e' finita (§4.2)"}, "nascita_s": {"valore": null, "classe": "FAIL", "significativo": true, "nota": "nessun primo fotogramma (esito nessun_fotogramma)"}}, "classe": "FAIL", "ragione": "FAIL caduta, riavvio, errore che stacca: registro del server: 03:49:54.123 errore di protocollo; 03:49:54.123 la sessione e' finita (§4.2); 03:49:54.247 la sessione e' finita (§4.2) · FAIL nascita (accesso → primo fotogramma): nessun primo fotogramma (esito nessun_fotogramma) · DEGRADED ritardo input → fotogramma (p95): NON MISURATO: nessuna riga «NOSTRO nel secondo» del figlio per c16016u16 nella finestra (binario prima di ebc9dcd? le righe TRATTO si registrano e non classificano) · DEGRADED fotogrammi saltati: NON MISURATO: la pagina non ha dato `video X→Y` · DEGRADED blocco piu' lungo dell'immagine: NON MISURATO: manca `blocco_max_ms` e i contatori a 5 s non vedono sotto i 5 s · DEGRADED buchi nella catena del video: NON MISURATO: la pagina non ha dato `buchi` · DEGRADED video: dipinti al secondo: NON MISURATO: la pagina non ha dato `dipinti` · DEGRADED audio udibile: NON MISURATO: la pagina non ha dato `suonati`/`ricevuti`", "non_misurate": ["audio_udibile_pct", "blocco_max_s", "buchi_al_min", "ritardo_p95_ms", "saltati_pct", "video_frazione_f"], "evidenze": ["/media/REMOTIX/misure/fase16/intel-b-fhd-xfce/livello-16-ripetizione/utente-16"]}
{"campagna": "intel-b-fhd-xfce", "livello": 16, "desktop": "xfce", "scheda": "Intel UHD 770 (i5-13500T)", "driver": "i915 intel-media-va-driver=25.2.3+dfsg1-1 libgl1-mesa-dri=25.0.7-2+deb13u1 libva2=2.22.0-3 mesa-va-drivers=25.0.7-2+deb13u1", "misura": "fhd", "commit": "e4e05dc", "binario": "45d048c8", "pagina": "fb9a18f3", "nucleo": "7.0", "tetto_sessioni": 17, "inizio": "2026-09-27T03:28:29+00:00", "durata_s": 2252, "finestra": ["04:04:01", "04:06:01"], "fps_video": 30.0, "tipo": "sessione", "utente": 99, "profilo": "controllo", "browser": "chrome", "versione": "Chrome/154.0.8037.57 · finestra vera", "inquilino": "c16016u99", "misure": {"nascita_s": null, "ammissione_s": 133.14, "primo_non_degenere_s": null, "sessioni_durante": 32}, "voci": {"nascita_s": {"valore": null, "classe": "FAIL", "significativo": true, "nota": "la sessione del controllo non e' nata: l'accesso: nessuna ammissione in 90 s (esito «None», sessione=None); ultime righe della pagina: "}, "controllo_corto": {"valore": {"F-004": "BLOCKED", "F-007": "BLOCKED", "F-003": "BLOCKED", "F-014": "BLOCKED"}, "classe": "DEGRADED", "significativo": true, "non_misurato": true, "nota": "NON MISURATO: non guardate: F-004, F-007, F-003, F-014"}}, "classe": "FAIL", "ragione": "FAIL nascita (accesso → primo fotogramma): la sessione del controllo non e' nata: l'accesso: nessuna ammissione in 90 s (esito «None», sessione=None); ultime righe della pagina:  · DEGRADED controllo funzionale corto: NON MISURATO: non guardate: F-004, F-007, F-003, F-014", "non_misurate": ["controllo_corto"], "evidenze": ["/media/REMOTIX/misure/fase16/intel-b-fhd-xfce/livello-16-ripetizione/controllo-corto"]}
→ 18 righe in /media/REMOTIX/src/controllo/banchi/16-stress/registro.jsonl
