[10:16:35] ⭐ SALITA amd-2k-gnome · gnome · 2k (2560x1440) · gradini 1,4,8,12,16 · 10 min (ultimo 30) · tetto 17
[10:16:35]    scheda della scatola: amd · browser-cliente sulla Intel
[10:16:35]    commit del prodotto: e4e05dc
[10:16:35]    kernel 7.0 · Intel UHD 770 (i5-13500T) [i915] + AMD Radeon RX 6800 [amdgpu] · binario 45d048c8 · pagina fb9a18f3 · banchi 9e97f8d
[10:16:38]    scatola accendi: codice 0 in 2 s ·   OK  dentro ci sono solo i nodi della Radeon: card0 card1 renderD128 renderD129
[10:16:39]    scatola prodotto: codice 0 in 1 s ·   OK  la catena PAM del prodotto e installata
[10:16:39]    scatola server: codice 0 in 1 s ·       righe rosse nel registro di avvio: 7
[10:16:39]    ⭐ scheda della scatola: AMD Radeon RX 6800 [amdgpu] 0000:03:00.0 = renderD128 dentro
[10:16:40]    ⭐ tetto delle sessioni in vigore: 17
[10:16:40]    scatola: binario 45d048c8 · pagina fb9a18f3 · --tetto-sessioni 17 -- --journal ; · dri card0,card1,renderD128,renderD129 · VA Driver version: Mesa Gallium driver 25.0.7-2+deb13u1 for AMD Radeon RX 6800 (radeonsi, navi21, LLVM 19.1.7, DRM 3.64, 7.0)
[10:16:40] ══ livello-01: 1 utenti, 10 min (gradino) ══
[10:16:41]    + utente 01 (pid 2835801, wayland-5, seme 1601, porte 9910)
[10:16:51]      utente 01 nato in 10.5 s
[10:16:51]    tutti dentro (11 s dopo l'inizio del livello): lavoro fino alle 10:26:51
[10:24:21]    SIGUSR1 a 1 attori (foto piena), 30 s prima della finestra
[10:24:22]    foto scritte: 1/1 in 1 s
[10:24:51]    controllo corto: firefox su wayland-4
[10:25:56]    controllo corto: PASS (codice 0)
[10:26:53]    ▶ livello-01: DEGRADED (significativo) — 1 GREEN · 1 DEGRADED · 0 FAIL · ⛔ DEGRADED SIGNIFICATIVO (piu' di un quarto degli attori DEGRADED (1 su 1)): non si sale
[10:26:53] ⚠ 1 utenti: DEGRADED — si RIPETE nelle stesse condizioni (§14), da scatola pulita
[10:26:53]    fermo 1 attori (SIGTERM: sgomberano da se')
[10:26:59]    scatola accendi: codice 0 in 2 s ·   OK  dentro ci sono solo i nodi della Radeon: card0 card1 renderD128 renderD129
[10:27:00]    scatola prodotto: codice 0 in 1 s ·   OK  la catena PAM del prodotto e installata
[10:27:00]    scatola server: codice 0 in 1 s ·       righe rosse nel registro di avvio: 7
[10:27:00]    ⭐ scheda della scatola: AMD Radeon RX 6800 [amdgpu] 0000:03:00.0 = renderD128 dentro
[10:27:01]    ⭐ tetto delle sessioni in vigore: 17
[10:27:01]    scatola: binario 45d048c8 · pagina fb9a18f3 · --tetto-sessioni 17 -- --journal ; · dri card0,card1,renderD128,renderD129 · VA Driver version: Mesa Gallium driver 25.0.7-2+deb13u1 for AMD Radeon RX 6800 (radeonsi, navi21, LLVM 19.1.7, DRM 3.64, 7.0)
[10:27:01] ══ livello-01-ripetizione: 1 utenti, 10 min (ripetizione) ══
[10:27:01]    + utente 01 (pid 2847335, wayland-5, seme 1601, porte 9910)
[10:27:12]      utente 01 nato in 10.5 s
[10:27:12]    tutti dentro (11 s dopo l'inizio del livello): lavoro fino alle 10:37:12
[10:34:42]    SIGUSR1 a 1 attori (foto piena), 30 s prima della finestra
[10:34:43]    foto scritte: 1/1 in 1 s
[10:35:12]    controllo corto: chrome su wayland-4
[10:36:52]    controllo corto: BLOCKED (codice 3)
[10:37:13]    ▶ livello-01-ripetizione: FAIL (significativo) — 1 GREEN · 0 DEGRADED · 1 FAIL
[10:37:13] ⛔ confermato: 1 utenti FAIL due volte
[10:37:13] ⏹ FINE: ultimo livello buono 0 · rottura 1
[10:37:13]    fermo 1 attori (SIGTERM: sgomberano da se')
[10:37:17]    compositori spenti (2)
[10:37:21]    server rimesso col tetto predefinito (codice 0, tetto 10)
[10:37:21] fine · [{"livello": 1, "nome": "livello-01", "tipo": "gradino", "classe": "DEGRADED", "significativo": true, "dir": "/media/REMOTIX/misure/fase16/amd-2k-gnome/livello-01"}, {"livello": 1, "nome": "livello-01-ripetizione", "tipo": "ripetizione", "classe": "FAIL", "significativo": true, "dir": "/media/REMOTIX/misure/fase16/amd-2k-gnome/livello-01-ripetizione"}]
