[08:49:03] ⭐ SALITA prova-amd2-gnome · gnome · 4k (3840x2160) · gradini 1 · 3.0 min (ultimo 3.0) · tetto 2 · PROVA (non conta)
[08:49:03]    scheda della scatola: amd · browser-cliente sulla Intel
[08:49:03]    commit del prodotto: e4e05dc
[08:49:03]    kernel 7.0 · Intel UHD 770 (i5-13500T) [i915] + AMD Radeon RX 6800 [amdgpu] · binario 45d048c8 · pagina fb9a18f3 · banchi e4e05dc+modifiche
[08:49:05]    scatola accendi: codice 0 in 2 s ·   OK  dentro ci sono solo i nodi della Radeon: card0 card1 renderD128 renderD129
[08:49:06]    scatola prodotto: codice 0 in 1 s ·   OK  la catena PAM del prodotto e installata
[08:49:07]    scatola server: codice 0 in 1 s ·       righe rosse nel registro di avvio: 7
[08:49:07]    ⭐ scheda della scatola: AMD Radeon RX 6800 [amdgpu] 0000:03:00.0 = renderD128 dentro
[08:49:07]    ⭐ tetto delle sessioni in vigore: 2
[08:49:08]    scatola: binario 45d048c8 · pagina fb9a18f3 · --tetto-sessioni 2 -- --journal ; · dri card0,card1,renderD128,renderD129 · VA Driver version: Mesa Gallium driver 25.0.7-2+deb13u1 for AMD Radeon RX 6800 (radeonsi, navi21, LLVM 19.1.7, DRM 3.64, 7.0)
[08:49:08] ══ livello-01: 1 utenti, 3.0 min (gradino) ══
[08:49:08]    + utente 01 (pid 3935830, wayland-5, seme 1601, porte 9910)
[08:49:19]      utente 01 nato in 10.5 s
[08:49:19]    tutti dentro (11 s dopo l'inizio del livello): lavoro fino alle 08:52:19
[08:49:49]    SIGUSR1 a 1 attori (foto piena), 30 s prima della finestra
[08:49:50]    foto scritte: 1/1 in 1 s
[08:50:19]    controllo corto: firefox su wayland-4
[08:51:27]    controllo corto: PASS (codice 0)
[08:52:21]    ▶ livello-01: DEGRADED (significativo) — 2 GREEN · 0 DEGRADED · 0 FAIL · livello: DEGRADED memoria_remotix: NON MISURATO: nessuna riga di risorse.jsonl nel lavoro del livello · DEGRADED memoria_sessioni: NON MISURATO: nessuna riga di risorse
[08:52:21] ⚠ 1 utenti: DEGRADED — si RIPETE nelle stesse condizioni (§14), da scatola pulita
[08:52:21]    fermo 1 attori (SIGTERM: sgomberano da se')
[08:52:26]    scatola accendi: codice 0 in 2 s ·   OK  dentro ci sono solo i nodi della Radeon: card0 card1 renderD128 renderD129
[08:52:27]    scatola prodotto: codice 0 in 1 s ·   OK  la catena PAM del prodotto e installata
[08:52:28]    scatola server: codice 0 in 1 s ·       righe rosse nel registro di avvio: 7
[08:52:28]    ⭐ scheda della scatola: AMD Radeon RX 6800 [amdgpu] 0000:03:00.0 = renderD128 dentro
[08:52:28]    ⭐ tetto delle sessioni in vigore: 2
[08:52:28]    scatola: binario 45d048c8 · pagina fb9a18f3 · --tetto-sessioni 2 -- --journal ; · dri card0,card1,renderD128,renderD129 · VA Driver version: Mesa Gallium driver 25.0.7-2+deb13u1 for AMD Radeon RX 6800 (radeonsi, navi21, LLVM 19.1.7, DRM 3.64, 7.0)
[08:52:28] ══ livello-01-ripetizione: 1 utenti, 3.0 min (ripetizione) ══
[08:52:28]    + utente 01 (pid 3944852, wayland-5, seme 1601, porte 9910)
[08:52:39]      utente 01 nato in 10.5 s
[08:52:39]    tutti dentro (11 s dopo l'inizio del livello): lavoro fino alle 08:55:39
[08:53:09]    SIGUSR1 a 1 attori (foto piena), 30 s prima della finestra
[08:53:10]    foto scritte: 1/1 in 1 s
[08:53:39]    controllo corto: chrome su wayland-4
[08:55:19]    controllo corto: BLOCKED (codice 3)
[08:55:41]    ▶ livello-01-ripetizione: FAIL (significativo) — 1 GREEN · 0 DEGRADED · 1 FAIL · livello: DEGRADED memoria_remotix: NON MISURATO: nessuna riga di risorse.jsonl nel lavoro del livello · DEGRADED memoria_sessioni: NON MISURATO: nessuna riga di risorse
[08:55:41] ⛔ confermato: 1 utenti FAIL due volte
[08:55:41] ⏹ FINE: ultimo livello buono 0 · rottura 1
[08:55:41]    fermo 1 attori (SIGTERM: sgomberano da se')
[08:55:44]    compositori spenti (2)
[08:55:49]    server rimesso col tetto predefinito (codice 0, tetto 10)
[08:55:49] fine · [{"livello": 1, "nome": "livello-01", "tipo": "gradino", "classe": "DEGRADED", "significativo": true, "dir": "/media/REMOTIX/misure/fase16/prova-amd2-gnome/livello-01"}, {"livello": 1, "nome": "livello-01-ripetizione", "tipo": "ripetizione", "classe": "FAIL", "significativo": true, "dir": "/media/REMOTIX/misure/fase16/prova-amd2-gnome/livello-01-ripetizione"}]
