LIVELLO 16 · intel-b-fhd-gnome · finestra 14:25:19–14:27:19 · FAIL
  utente 1   A  firefox  c16001u1       FAIL
      FAIL     ritardo input → fotogramma (p95)         input PERSO: 5 azioni su 5 senza effetto (scrivi, scrivi, rotella)
      DEGRADED fotogrammi saltati                       NON MISURATO: nessun fotogramma consegnato nella finestra
      FAIL     blocco piu' lungo dell'immagine          48.6 — IMMAGINE FERMA: nessun fotogramma dipinto in 49 s di lavoro
      GREEN    buchi nella catena del video             0.0 — 0 buchi in 123 s
      GREEN    caduta, riavvio, errore che stacca       nessuna caduta, riavvio o errore che stacca
      GREEN    nascita (accesso → primo fotogramma)     2.352 — accesso → primo fotogramma
  utente 2   B  chrome   c16002u2       FAIL
      DEGRADED ritardo input → fotogramma (p95)         NON MISURATO: nessuna riga «NOSTRO nel secondo» del figlio per c16002u2 nella finestra (binario prima di ebc9dcd? le righe TRATTO si registrano e non classificano)
      DEGRADED fotogrammi saltati                       NON MISURATO: la pagina non ha dato `video X→Y`
      FAIL     blocco piu' lungo dell'immagine          51.675 — dall'attore (3 righe)
      DEGRADED buchi nella catena del video             NON MISURATO: la pagina non ha dato `buchi`
      FAIL     caduta, riavvio, errore che stacca       registro del server: 13:54:38.700 errore di protocollo; 13:54:38.700 la sessione e' finita (§4.2); 13:54:39.686 la sessione e' finita (§4.2)
      GREEN    nascita (accesso → primo fotogramma)     2.24 — accesso → primo fotogramma
  utente 3   C  firefox  c16003u3       FAIL
      FAIL     ritardo input → fotogramma (p95)         input PERSO: 4 azioni su 4 senza effetto (comando, comando, comando)
      DEGRADED fotogrammi saltati                       NON MISURATO: nessun fotogramma consegnato nella finestra
      FAIL     blocco piu' lungo dell'immagine          25.5 — IMMAGINE FERMA: nessun fotogramma dipinto in 26 s di lavoro
      GREEN    buchi nella catena del video             0.0 — 0 buchi in 120 s
      GREEN    caduta, riavvio, errore che stacca       nessuna caduta, riavvio o errore che stacca
      GREEN    nascita (accesso → primo fotogramma)     2.33 — accesso → primo fotogramma
  utente 4   D  chrome   c16004u4       FAIL
      DEGRADED ritardo input → fotogramma (p95)         NON MISURATO: nessuna riga «NOSTRO nel secondo» del figlio per c16004u4 nella finestra (binario prima di ebc9dcd? le righe TRATTO si registrano e non classificano)
      DEGRADED fotogrammi saltati                       NON MISURATO: la pagina non ha dato `video X→Y`
      FAIL     blocco piu' lungo dell'immagine          52.102 — dall'attore (5 righe)
      DEGRADED buchi nella catena del video             NON MISURATO: la pagina non ha dato `buchi`
      DEGRADED video: dipinti al secondo                NON MISURATO: la pagina non ha dato `dipinti` · il video nella scena non avanza in 4 verifiche
      DEGRADED audio udibile                            NON MISURATO: la pagina non ha dato `suonati`/`ricevuti`
      FAIL     caduta, riavvio, errore che stacca       registro del server: 13:54:20.087 errore di protocollo; 13:54:20.087 la sessione e' finita (§4.2); 13:54:20.088 la sessione e' finita (§4.2)
      GREEN    nascita (accesso → primo fotogramma)     2.458 — accesso → primo fotogramma
  utente 5   A  firefox  c16005u5       FAIL
      FAIL     ritardo input → fotogramma (p95)         input PERSO: 6 azioni su 6 senza effetto (scrivi, clic, naviga)
      DEGRADED fotogrammi saltati                       NON MISURATO: nessun fotogramma consegnato nella finestra
      FAIL     blocco piu' lungo dell'immagine          30.8 — IMMAGINE FERMA: nessun fotogramma dipinto in 31 s di lavoro
      GREEN    buchi nella catena del video             0.0 — 0 buchi in 118 s
      GREEN    caduta, riavvio, errore che stacca       nessuna caduta, riavvio o errore che stacca
      GREEN    nascita (accesso → primo fotogramma)     2.191 — accesso → primo fotogramma
  utente 6   B  chrome   c16006u6       FAIL
      DEGRADED ritardo input → fotogramma (p95)         NON MISURATO: nessuna riga «NOSTRO nel secondo» del figlio per c16006u6 nella finestra (binario prima di ebc9dcd? le righe TRATTO si registrano e non classificano)
      DEGRADED fotogrammi saltati                       NON MISURATO: la pagina non ha dato `video X→Y`
      FAIL     blocco piu' lungo dell'immagine          36.758 — dall'attore (3 righe)
      DEGRADED buchi nella catena del video             NON MISURATO: la pagina non ha dato `buchi`
      FAIL     caduta, riavvio, errore che stacca       registro del server: 13:55:04.459 errore di protocollo; 13:55:04.459 la sessione e' finita (§4.2); 13:55:04.481 la sessione e' finita (§4.2)
      GREEN    nascita (accesso → primo fotogramma)     2.439 — accesso → primo fotogramma
  utente 7   C  firefox  c16007u7       FAIL
      FAIL     ritardo input → fotogramma (p95)         input PERSO: 3 azioni su 3 senza effetto (comando, comando, comando)
      DEGRADED fotogrammi saltati                       NON MISURATO: nessun fotogramma consegnato nella finestra
      FAIL     blocco piu' lungo dell'immagine          36.4 — IMMAGINE FERMA: nessun fotogramma dipinto in 36 s di lavoro
      GREEN    buchi nella catena del video             0.0 — 0 buchi in 117 s
      GREEN    caduta, riavvio, errore che stacca       nessuna caduta, riavvio o errore che stacca
      GREEN    nascita (accesso → primo fotogramma)     2.306 — accesso → primo fotogramma
  utente 8   D  chrome   c16008u8       FAIL
      DEGRADED ritardo input → fotogramma (p95)         NON MISURATO: nessuna riga «NOSTRO nel secondo» del figlio per c16008u8 nella finestra (binario prima di ebc9dcd? le righe TRATTO si registrano e non classificano)
      DEGRADED fotogrammi saltati                       NON MISURATO: la pagina non ha dato `video X→Y`
      FAIL     blocco piu' lungo dell'immagine          50.571 — dall'attore (5 righe)
      DEGRADED buchi nella catena del video             NON MISURATO: la pagina non ha dato `buchi`
      DEGRADED video: dipinti al secondo                NON MISURATO: la pagina non ha dato `dipinti` · il video nella scena non avanza in 3 verifiche
      DEGRADED audio udibile                            NON MISURATO: la pagina non ha dato `suonati`/`ricevuti`
      FAIL     caduta, riavvio, errore che stacca       registro del server: 13:54:33.891 errore di protocollo; 13:54:33.891 la sessione e' finita (§4.2); 13:54:33.892 la sessione e' finita (§4.2)
      GREEN    nascita (accesso → primo fotogramma)     2.44 — accesso → primo fotogramma
  utente 9   A  firefox  c16009u9       FAIL
      FAIL     ritardo input → fotogramma (p95)         input PERSO: 9 azioni su 9 senza effetto (tasto, tasto, rotella)
      DEGRADED fotogrammi saltati                       NON MISURATO: nessun fotogramma consegnato nella finestra
      FAIL     blocco piu' lungo dell'immagine          41.2 — IMMAGINE FERMA: nessun fotogramma dipinto in 41 s di lavoro
      GREEN    buchi nella catena del video             0.0 — 0 buchi in 123 s
      GREEN    caduta, riavvio, errore che stacca       nessuna caduta, riavvio o errore che stacca
      GREEN    nascita (accesso → primo fotogramma)     2.399 — accesso → primo fotogramma
  utente 10  B  chrome   c16010u10      FAIL
      DEGRADED ritardo input → fotogramma (p95)         NON MISURATO: nessuna riga «NOSTRO nel secondo» del figlio per c16010u10 nella finestra (binario prima di ebc9dcd? le righe TRATTO si registrano e non classificano)
      DEGRADED fotogrammi saltati                       NON MISURATO: la pagina non ha dato `video X→Y`
      FAIL     blocco piu' lungo dell'immagine          51.605 — dall'attore (3 righe)
      DEGRADED buchi nella catena del video             NON MISURATO: la pagina non ha dato `buchi`
      FAIL     caduta, riavvio, errore che stacca       registro del server: 13:56:10.999 errore di protocollo; 13:56:10.999 la sessione e' finita (§4.2); 13:56:11.001 la sessione e' finita (§4.2)
      GREEN    nascita (accesso → primo fotogramma)     2.433 — accesso → primo fotogramma
  utente 11  C  firefox  c16011u11      FAIL
      FAIL     ritardo input → fotogramma (p95)         input PERSO: 3 azioni su 3 senza effetto (comando, comando, comando)
      DEGRADED fotogrammi saltati                       NON MISURATO: nessun fotogramma consegnato nella finestra
      FAIL     blocco piu' lungo dell'immagine          51.7 — IMMAGINE FERMA: nessun fotogramma dipinto in 52 s di lavoro
      GREEN    buchi nella catena del video             0.0 — 0 buchi in 121 s
      FAIL     caduta, riavvio, errore che stacca       l'attore dice CADUTA alle 13:57:43: la pagina non e' piu' in sessione (schermo None, esito «»)
      GREEN    nascita (accesso → primo fotogramma)     2.308 — accesso → primo fotogramma
  utente 12  D  chrome   c16012u12      FAIL
      DEGRADED ritardo input → fotogramma (p95)         NON MISURATO: nessuna riga «NOSTRO nel secondo» del figlio per c16012u12 nella finestra (binario prima di ebc9dcd? le righe TRATTO si registrano e non classificano)
      DEGRADED fotogrammi saltati                       NON MISURATO: la pagina non ha dato `video X→Y`
      FAIL     blocco piu' lungo dell'immagine          51.56 — dall'attore (5 righe)
      DEGRADED buchi nella catena del video             NON MISURATO: la pagina non ha dato `buchi`
      DEGRADED video: dipinti al secondo                NON MISURATO: la pagina non ha dato `dipinti` · il video nella scena non avanza in 2 verifiche
      DEGRADED audio udibile                            NON MISURATO: la pagina non ha dato `suonati`/`ricevuti`
      FAIL     caduta, riavvio, errore che stacca       registro del server: 13:53:47.628 errore di protocollo; 13:53:47.628 la sessione e' finita (§4.2); 13:53:47.774 la sessione e' finita (§4.2)
      GREEN    nascita (accesso → primo fotogramma)     2.444 — accesso → primo fotogramma
  utente 13  A  firefox  c16013u13      FAIL
      FAIL     ritardo input → fotogramma (p95)         input PERSO: 5 azioni su 5 senza effetto (naviga, naviga, clic)
      DEGRADED fotogrammi saltati                       NON MISURATO: nessun fotogramma consegnato nella finestra
      FAIL     blocco piu' lungo dell'immagine          30.7 — IMMAGINE FERMA: nessun fotogramma dipinto in 31 s di lavoro
      GREEN    buchi nella catena del video             0.0 — 0 buchi in 119 s
      GREEN    caduta, riavvio, errore che stacca       nessuna caduta, riavvio o errore che stacca
      GREEN    nascita (accesso → primo fotogramma)     2.503 — accesso → primo fotogramma
  utente 14  B  chrome   c16014u14      FAIL
      DEGRADED ritardo input → fotogramma (p95)         NON MISURATO: nessuna riga «NOSTRO nel secondo» del figlio per c16014u14 nella finestra (binario prima di ebc9dcd? le righe TRATTO si registrano e non classificano)
      DEGRADED fotogrammi saltati                       NON MISURATO: la pagina non ha dato `video X→Y`
      FAIL     blocco piu' lungo dell'immagine          69.619 — dall'attore (3 righe)
      DEGRADED buchi nella catena del video             NON MISURATO: la pagina non ha dato `buchi`
      FAIL     caduta, riavvio, errore che stacca       registro del server: 13:56:10.999 errore di protocollo; 13:56:10.999 la sessione e' finita (§4.2); 13:56:11.001 la sessione e' finita (§4.2)
      GREEN    nascita (accesso → primo fotogramma)     4.504 — accesso → primo fotogramma
  utente 15  C  firefox  c16015u15      FAIL
      DEGRADED ritardo input → fotogramma (p95)         NON MISURATO: nessuna riga «NOSTRO nel secondo» del figlio per c16015u15 nella finestra (binario prima di ebc9dcd? le righe TRATTO si registrano e non classificano)
      DEGRADED fotogrammi saltati                       NON MISURATO: nessun fotogramma consegnato nella finestra
      DEGRADED blocco piu' lungo dell'immagine          NON MISURATO: manca `blocco_max_ms` e i contatori a 5 s non vedono sotto i 5 s
      GREEN    buchi nella catena del video             0.0 — 0 buchi in 120 s
      GREEN    caduta, riavvio, errore che stacca       nessuna caduta, riavvio o errore che stacca
      FAIL     nascita (accesso → primo fotogramma)     RIFIUTO all'accesso
  utente 16  D  chrome   ?              DEGRADED
      DEGRADED ritardo input → fotogramma (p95)         NON MISURATO: nessuna riga di stato nella finestra (l'attore non scrive, o e' morto)
      DEGRADED fotogrammi saltati                       NON MISURATO: nessuna riga di stato nella finestra (l'attore non scrive, o e' morto)
      DEGRADED blocco piu' lungo dell'immagine          NON MISURATO: nessuna riga di stato nella finestra (l'attore non scrive, o e' morto)
      DEGRADED buchi nella catena del video             NON MISURATO: nessuna riga di stato nella finestra (l'attore non scrive, o e' morto)
      DEGRADED video: dipinti al secondo                NON MISURATO: nessuna riga di stato nella finestra (l'attore non scrive, o e' morto)
      DEGRADED audio udibile                            NON MISURATO: nessuna riga di stato nella finestra (l'attore non scrive, o e' morto)
      GREEN    caduta, riavvio, errore che stacca       nessuna caduta, riavvio o errore che stacca (⚠ inquilino ignoto: solo il riavvio e' guardato)
      DEGRADED nascita (accesso → primo fotogramma)     NON MISURATO: utente nato nel livello senza nascita.json
  utente 99  controllo chrome   c16016u99      FAIL
      FAIL     nascita (accesso → primo fotogramma)     RIFIUTO all'accesso: l'accesso: la pagina dice: «i tentativi da questo indirizzo sono esauriti: ricarica la pagina per sapere quanto manca, o sblocca l'indirizzo dal server»
      DEGRADED controllo funzionale corto               NON MISURATO: non guardate: F-004, F-007, F-003, F-014
  livello  GREEN    memoria_remotix                PSS 356 → 356 MB in 1639 s di lavoro (13:58:00–14:25:19); seconda meta' +0.0 %/ora, +0 MB su -0 · da: inizio del lavoro + 60 s
  livello  GREEN    memoria_sessioni               PSS 3021 → 2993 MB in 1639 s di lavoro (13:58:00–14:25:19); seconda meta' +0.0 %/ora, +0 MB su -28 · da: inizio del lavoro + 60 s
  livello  GREEN    riavvio_server                 il padre remotix e' lo stesso per tutto il livello
  livello  GREEN    entrati                        entrati 16 su 16
  risorse: cpu macchina 35.81 % (media) · mem usata 27187 MB · card0 disegno 72.95%, video 0.0%, video_enhance 0.0% · card1 
{"campagna": "intel-b-fhd-gnome", "livello": 16, "desktop": "gnome", "scheda": "Intel UHD 770 (i5-13500T)", "driver": "i915 intel-media-va-driver=25.2.3+dfsg1-1 libgl1-mesa-dri=25.0.7-2+deb13u1 libva2=2.22.0-3 mesa-va-drivers=25.0.7-2+deb13u1", "misura": "fhd", "commit": "e4e05dc", "binario": "45d048c8", "pagina": "fb9a18f3", "nucleo": "7.0", "tetto_sessioni": 17, "inizio": "2026-09-26T13:50:58+00:00", "durata_s": 2181, "finestra": ["14:25:19", "14:27:19"], "fps_video": 30.0, "tipo": "livello", "utenti": 17, "sessioni": {"GREEN": 0, "DEGRADED": 1, "FAIL": 16}, "journal_err": {"righe": 358, "per_inquilino": {"c16001u1": 12, "c16002u2": 17, "c16003u3": 9, "c16004u4": 23, "c16005u5": 10, "c16006u6": 10, "c16007u7": 8, "c16008u8": 16, "c16009u9": 13, "c16010u10": 16, "c16011u11": 9, "c16012u12": 18, "c16013u13": 14, "c16014u14": 11, "c16011u11ls_-la___prova16__k5": 96, "c16016u99": 3}, "esempi": ["figlio  [c16001u1] ⛔ «/usr/bin/loginctl» non e' andato (stato 1)", "figlio  [c16001u1] ⛔ SENZA PALCO alla nascita: la sessione grafica di «c16001u1» non c'e' (ancora).  ⚠ NON esco — §8.3 vieta di staccare — e NON resto fermo: riprovo, la prima volta fra 1000 ms", "figlio  ⛔ il palco di «c16001u1»: bus ⛔ NO, sessione 5, presa 0, monitor «» (0 prima, 0 dopo), 0x0 stride 0 a 0 bit, 0 flussi in consegna — aspetto la tela del cliente", "figlio  [c16001u1] ⛔⛔ FIFO **NON** OTTENUTO: 3 thread su 3 del percorso audio girano a politica NORMALE (nice peggiore 0), e RLIMIT_RTPRIO = 0 — ⚠ il rlimit dice «puoi CHIEDERLA», non «ce l'hai».  `[M", "figlio  [c16001u1] ⛔ nessun monitor virtuale da catturare: ScreenCast: Mutter non espone RemoteDesktop (la sessione grafica e' avviata?): GDBus.Error:org.freedesktop.DBus.Error.ServiceUnknown: The nam"], "fonte": "/media/REMOTIX/misure/fase16/intel-b-fhd-gnome/livello-16-ripetizione/journal-err.jsonl"}, "voci": {"memoria_remotix": {"valore": -0.073, "classe": "GREEN", "significativo": false, "nota": "PSS 356 → 356 MB in 1639 s di lavoro (13:58:00–14:25:19); seconda meta' +0.0 %/ora, +0 MB su -0 · da: inizio del lavoro + 60 s", "continua": false, "pendenza_pct_ora": 0.0, "tratto_s": 1639}, "memoria_sessioni": {"valore": -0.936, "classe": "GREEN", "significativo": false, "nota": "PSS 3021 → 2993 MB in 1639 s di lavoro (13:58:00–14:25:19); seconda meta' +0.0 %/ora, +0 MB su -28 · da: inizio del lavoro + 60 s", "continua": false, "pendenza_pct_ora": 0.0, "tratto_s": 1639}, "riavvio_server": {"valore": 1072797, "classe": "GREEN", "significativo": false, "nota": "il padre remotix e' lo stesso per tutto il livello"}, "entrati": {"valore": 16, "classe": "GREEN", "significativo": false, "nota": "entrati 16 su 16"}}, "risorse": {"campioni": 120, "cpu_macchina_pct": {"media": 35.81, "p95": 39.9, "max": 41.7}, "carico_1m": {"media": 9.44, "p95": 10.28, "max": 10.42}, "mem_usata_mb": {"media": 26707.32, "p95": 27060, "max": 27187}, "mem_totale_mb": 31869, "thread": {"media": 6922.74, "p95": 7089, "max": 7159}, "misuratore_cpu_s": {"media": 0.11, "p95": 0.14, "max": 0.17}, "recinti": {"remotix": {"cpu_core": {"media": 0.01, "p95": 0.02, "max": 0.04}, "pss_mb": {"media": 355.23, "p95": 355.6, "max": 355.6}, "processi": {"media": 16.0, "p95": 16, "max": 16}, "gpu": {"copia": {"media": 0.0, "p95": 0.0, "max": 0.0}, "disegno": {"media": 0.0, "p95": 0.0, "max": 0.0}, "video": {"media": 0.0, "p95": 0.0, "max": 0.0}, "video_enhance": {"media": 0.0, "p95": 0.0, "max": 0.0}}}, "sessioni": {"cpu_core": {"media": 0.05, "p95": 0.11, "max": 0.3}, "pss_mb": {"media": 2992.89, "p95": 2992.9, "max": 2992.9}, "processi": {"media": 650.0, "p95": 650, "max": 650}, "gpu": {"copia": {"media": 0.0, "p95": 0.0, "max": 0.0}, "disegno": {"media": 0.04, "p95": 0.0, "max": 2.42}, "video": {"media": 0.0, "p95": 0.0, "max": 0.0}, "video_enhance": {"media": 0.0, "p95": 0.0, "max": 0.0}}}, "browser": {"cpu_core": {"media": 5.13, "p95": 5.73, "max": 5.95}, "pss_mb": {"media": 5272.37, "p95": 5493.5, "max": 5513.8}, "processi": {"media": 156.3, "p95": 171, "max": 172}, "gpu": {"copia": {"media": 0.0, "p95": 0.0, "max": 0.0}, "disegno": {"media": 64.59, "p95": 68.68, "max": 70.41}, "video": {"media": 0.0, "p95": 0.0, "max": 0.28}, "video_enhance": {"media": 0.0, "p95": 0.0, "max": 0.0}}}, "altro_scatola": {"cpu_core": {"media": 0.0, "p95": 0.01, "max": 0.01}, "pss_mb": {"media": 53.36, "p95": 53.4, "max": 53.4}, "processi": {"media": 12.0, "p95": 12, "max": 12}, "gpu": {}}, "labwc_cliente": {"cpu_core": {"media": 0.21, "p95": 0.24, "max": 0.25}, "pss_mb": {"media": 676.64, "p95": 676.7, "max": 676.7}, "processi": {"media": 21.0, "p95": 21, "max": 21}, "gpu": {"copia": {"media": 0.0, "p95": 0.0, "max": 0.0}, "disegno": {"media": 8.32, "p95": 8.79, "max": 9.21}, "video": {"media": 0.0, "p95": 0.0, "max": 0.0}, "video_enhance": {"media": 0.0, "p95": 0.0, "max": 0.0}}}}, "gpu": {"0000:00:02.0": {"scheda": "card0", "driver": "i915", "copia": {"media": 0.0, "p95": 0.0, "max": 0.0}, "disegno": {"media": 72.95, "p95": 77.45, "max": 79.62}, "video": {"media": 0.0, "p95": 0.0, "max": 0.28}, "video_enhance": {"media": 0.0, "p95": 0.0, "max": 0.0}, "freq_att_mhz": {"media": 484.58, "p95": 650.0, "max": 950.0}, "freq_mhz": {"media": 582.63, "p95": 700.0, "max": 1283.0}, "temp_c": {"media": 45.08, "p95": 47.0, "max": 48.0}, "potenza_w": {"media": 1.05, "p95": 1.11, "max": 1.17}, "vram_usata_mb": null, "occupata_pct": null, "strozzatura_frazione": {"pl4": 0.03}}, "0000:03:00.0": {"scheda": "card1", "driver": "amdgpu", "freq_att_mhz": {"media": 0.0, "p95": 0.0, "max": 0.0}, "freq_mhz": {"media": 0.0, "p95": 0.0, "max": 0.0}, "temp_c": {"media": 40.01, "p95": 40.0, "max": 41.0}, "potenza_w": {"media": 6.0, "p95": 6.0, "max": 6.0}, "vram_usata_mb": {"media": 48.1, "p95": 48.1, "max": 48.1}, "occupata_pct": {"media": 0.0, "p95": 0.0, "max": 0.0}, "strozzatura_frazione": {}}}, "avvisi": ["⚠ PSS illeggibile per 1 processi (non si e' root?)"]}, "classe": "FAIL", "significativo": true, "ragione": "0 GREEN · 1 DEGRADED · 16 FAIL", "evidenze": ["/media/REMOTIX/misure/fase16/intel-b-fhd-gnome/livello-16-ripetizione"]}
{"campagna": "intel-b-fhd-gnome", "livello": 16, "desktop": "gnome", "scheda": "Intel UHD 770 (i5-13500T)", "driver": "i915 intel-media-va-driver=25.2.3+dfsg1-1 libgl1-mesa-dri=25.0.7-2+deb13u1 libva2=2.22.0-3 mesa-va-drivers=25.0.7-2+deb13u1", "misura": "fhd", "commit": "e4e05dc", "binario": "45d048c8", "pagina": "fb9a18f3", "nucleo": "7.0", "tetto_sessioni": 17, "inizio": "2026-09-26T13:50:58+00:00", "durata_s": 2181, "finestra": ["14:25:19", "14:27:19"], "fps_video": 30.0, "tipo": "sessione", "utente": 1, "profilo": "A", "browser": "firefox", "versione": "Firefox 140.16.0 · finestra vera", "inquilino": "c16001u1", "misure": {"finestra_s": 123.1, "esperienza": {"giro_eco_p95_ms": null, "giro_eco_campioni": 0, "giro_tutti_p95_ms": null, "giro_tutti_campioni": 0}, "video_non_avanza": 0, "input_azioni": 5, "input_persi": 5, "input_latenza_p95_ms": null, "lavoro_s": 48.6, "buchi": 0, "rete": null, "tratto_server_ms": {"mediana": 5.08, "max": 2294.18, "ora": "13:54:40.583"}, "nascita_s": 2.35, "journal_err": 12}, "voci": {"ritardo_p95_ms": {"valore": null, "classe": "FAIL", "significativo": true, "nota": "input PERSO: 5 azioni su 5 senza effetto (scrivi, scrivi, rotella)"}, "saltati_pct": {"valore": null, "classe": "DEGRADED", "significativo": true, "non_misurato": true, "nota": "NON MISURATO: nessun fotogramma consegnato nella finestra"}, "blocco_max_s": {"valore": 48.6, "classe": "FAIL", "significativo": true, "nota": "IMMAGINE FERMA: nessun fotogramma dipinto in 49 s di lavoro"}, "buchi_al_min": {"valore": 0.0, "classe": "GREEN", "significativo": false, "nota": "0 buchi in 123 s"}, "caduta": {"valore": false, "classe": "GREEN", "significativo": false, "nota": "nessuna caduta, riavvio o errore che stacca"}, "nascita_s": {"valore": 2.352, "classe": "GREEN", "significativo": false, "nota": "accesso → primo fotogramma"}}, "classe": "FAIL", "ragione": "FAIL ritardo input → fotogramma (p95): input PERSO: 5 azioni su 5 senza effetto (scrivi, scrivi, rotella) · FAIL blocco piu' lungo dell'immagine: 48.6 — IMMAGINE FERMA: nessun fotogramma dipinto in 49 s di lavoro · DEGRADED fotogrammi saltati: NON MISURATO: nessun fotogramma consegnato nella finestra", "non_misurate": ["saltati_pct"], "evidenze": ["/media/REMOTIX/misure/fase16/intel-b-fhd-gnome/livello-16-ripetizione/utente-01"]}
{"campagna": "intel-b-fhd-gnome", "livello": 16, "desktop": "gnome", "scheda": "Intel UHD 770 (i5-13500T)", "driver": "i915 intel-media-va-driver=25.2.3+dfsg1-1 libgl1-mesa-dri=25.0.7-2+deb13u1 libva2=2.22.0-3 mesa-va-drivers=25.0.7-2+deb13u1", "misura": "fhd", "commit": "e4e05dc", "binario": "45d048c8", "pagina": "fb9a18f3", "nucleo": "7.0", "tetto_sessioni": 17, "inizio": "2026-09-26T13:50:58+00:00", "durata_s": 2181, "finestra": ["14:25:19", "14:27:19"], "fps_video": 30.0, "tipo": "sessione", "utente": 2, "profilo": "B", "browser": "chrome", "versione": "Chrome/154.0.8037.57 · finestra vera", "inquilino": "c16002u2", "misure": {"finestra_s": 154.3, "esperienza": {"giro_eco_p95_ms": null, "giro_eco_campioni": 0, "giro_tutti_p95_ms": null, "giro_tutti_campioni": 0}, "video_non_avanza": 0, "input_azioni": 0, "input_persi": 0, "input_latenza_p95_ms": null, "lavoro_s": 0.0, "blocco_max_s": 51.675, "rete": null, "tratto_server_ms": {"mediana": 5.25, "max": 1523.32, "ora": "13:54:39.517"}, "nascita_s": 2.24, "journal_err": 17}, "voci": {"ritardo_p95_ms": {"valore": null, "classe": "DEGRADED", "significativo": true, "non_misurato": true, "nota": "NON MISURATO: nessuna riga «NOSTRO nel secondo» del figlio per c16002u2 nella finestra (binario prima di ebc9dcd? le righe TRATTO si registrano e non classificano)"}, "saltati_pct": {"valore": null, "classe": "DEGRADED", "significativo": true, "non_misurato": true, "nota": "NON MISURATO: la pagina non ha dato `video X→Y`"}, "blocco_max_s": {"valore": 51.675, "classe": "FAIL", "significativo": true, "nota": "dall'attore (3 righe)"}, "buchi_al_min": {"valore": null, "classe": "DEGRADED", "significativo": true, "non_misurato": true, "nota": "NON MISURATO: la pagina non ha dato `buchi`"}, "caduta": {"valore": true, "classe": "FAIL", "significativo": true, "nota": "registro del server: 13:54:38.700 errore di protocollo; 13:54:38.700 la sessione e' finita (§4.2); 13:54:39.686 la sessione e' finita (§4.2)"}, "nascita_s": {"valore": 2.24, "classe": "GREEN", "significativo": false, "nota": "accesso → primo fotogramma"}}, "classe": "FAIL", "ragione": "FAIL blocco piu' lungo dell'immagine: 51.675 — dall'attore (3 righe) · FAIL caduta, riavvio, errore che stacca: registro del server: 13:54:38.700 errore di protocollo; 13:54:38.700 la sessione e' finita (§4.2); 13:54:39.686 la sessione e' finita (§4.2) · DEGRADED ritardo input → fotogramma (p95): NON MISURATO: nessuna riga «NOSTRO nel secondo» del figlio per c16002u2 nella finestra (binario prima di ebc9dcd? le righe TRATTO si registrano e non classificano) · DEGRADED fotogrammi saltati: NON MISURATO: la pagina non ha dato `video X→Y` · DEGRADED buchi nella catena del video: NON MISURATO: la pagina non ha dato `buchi`", "non_misurate": ["buchi_al_min", "ritardo_p95_ms", "saltati_pct"], "evidenze": ["/media/REMOTIX/misure/fase16/intel-b-fhd-gnome/livello-16-ripetizione/utente-02"]}
{"campagna": "intel-b-fhd-gnome", "livello": 16, "desktop": "gnome", "scheda": "Intel UHD 770 (i5-13500T)", "driver": "i915 intel-media-va-driver=25.2.3+dfsg1-1 libgl1-mesa-dri=25.0.7-2+deb13u1 libva2=2.22.0-3 mesa-va-drivers=25.0.7-2+deb13u1", "misura": "fhd", "commit": "e4e05dc", "binario": "45d048c8", "pagina": "fb9a18f3", "nucleo": "7.0", "tetto_sessioni": 17, "inizio": "2026-09-26T13:50:58+00:00", "durata_s": 2181, "finestra": ["14:25:19", "14:27:19"], "fps_video": 30.0, "tipo": "sessione", "utente": 3, "profilo": "C", "browser": "firefox", "versione": "Firefox 140.16.0 · finestra vera", "inquilino": "c16003u3", "misure": {"finestra_s": 119.7, "esperienza": {"giro_eco_p95_ms": null, "giro_eco_campioni": 0, "giro_tutti_p95_ms": null, "giro_tutti_campioni": 0}, "video_non_avanza": 0, "input_azioni": 4, "input_persi": 4, "input_latenza_p95_ms": null, "lavoro_s": 25.5, "buchi": 0, "rete": null, "tratto_server_ms": {"mediana": 5.3, "max": 8659.61, "ora": "13:56:19.811"}, "nascita_s": 2.33, "journal_err": 9}, "voci": {"ritardo_p95_ms": {"valore": null, "classe": "FAIL", "significativo": true, "nota": "input PERSO: 4 azioni su 4 senza effetto (comando, comando, comando)"}, "saltati_pct": {"valore": null, "classe": "DEGRADED", "significativo": true, "non_misurato": true, "nota": "NON MISURATO: nessun fotogramma consegnato nella finestra"}, "blocco_max_s": {"valore": 25.5, "classe": "FAIL", "significativo": true, "nota": "IMMAGINE FERMA: nessun fotogramma dipinto in 26 s di lavoro"}, "buchi_al_min": {"valore": 0.0, "classe": "GREEN", "significativo": false, "nota": "0 buchi in 120 s"}, "caduta": {"valore": false, "classe": "GREEN", "significativo": false, "nota": "nessuna caduta, riavvio o errore che stacca"}, "nascita_s": {"valore": 2.33, "classe": "GREEN", "significativo": false, "nota": "accesso → primo fotogramma"}}, "classe": "FAIL", "ragione": "FAIL ritardo input → fotogramma (p95): input PERSO: 4 azioni su 4 senza effetto (comando, comando, comando) · FAIL blocco piu' lungo dell'immagine: 25.5 — IMMAGINE FERMA: nessun fotogramma dipinto in 26 s di lavoro · DEGRADED fotogrammi saltati: NON MISURATO: nessun fotogramma consegnato nella finestra", "non_misurate": ["saltati_pct"], "evidenze": ["/media/REMOTIX/misure/fase16/intel-b-fhd-gnome/livello-16-ripetizione/utente-03"]}
{"campagna": "intel-b-fhd-gnome", "livello": 16, "desktop": "gnome", "scheda": "Intel UHD 770 (i5-13500T)", "driver": "i915 intel-media-va-driver=25.2.3+dfsg1-1 libgl1-mesa-dri=25.0.7-2+deb13u1 libva2=2.22.0-3 mesa-va-drivers=25.0.7-2+deb13u1", "misura": "fhd", "commit": "e4e05dc", "binario": "45d048c8", "pagina": "fb9a18f3", "nucleo": "7.0", "tetto_sessioni": 17, "inizio": "2026-09-26T13:50:58+00:00", "durata_s": 2181, "finestra": ["14:25:19", "14:27:19"], "fps_video": 30.0, "tipo": "sessione", "utente": 4, "profilo": "D", "browser": "chrome", "versione": "Chrome/154.0.8037.57 · finestra vera", "inquilino": "c16004u4", "misure": {"finestra_s": 154.1, "esperienza": {"giro_eco_p95_ms": null, "giro_eco_campioni": 0, "giro_tutti_p95_ms": null, "giro_tutti_campioni": 0}, "video_non_avanza": 4, "input_azioni": 0, "input_persi": 0, "input_latenza_p95_ms": null, "lavoro_s": 0.0, "blocco_max_s": 52.102, "rete": null, "tratto_server_ms": {"mediana": 6.02, "max": 588.32, "ora": "13:53:51.538"}, "nascita_s": 2.46, "journal_err": 23}, "voci": {"ritardo_p95_ms": {"valore": null, "classe": "DEGRADED", "significativo": true, "non_misurato": true, "nota": "NON MISURATO: nessuna riga «NOSTRO nel secondo» del figlio per c16004u4 nella finestra (binario prima di ebc9dcd? le righe TRATTO si registrano e non classificano)"}, "saltati_pct": {"valore": null, "classe": "DEGRADED", "significativo": true, "non_misurato": true, "nota": "NON MISURATO: la pagina non ha dato `video X→Y`"}, "blocco_max_s": {"valore": 52.102, "classe": "FAIL", "significativo": true, "nota": "dall'attore (5 righe)"}, "buchi_al_min": {"valore": null, "classe": "DEGRADED", "significativo": true, "non_misurato": true, "nota": "NON MISURATO: la pagina non ha dato `buchi`"}, "video_frazione_f": {"valore": null, "classe": "DEGRADED", "significativo": true, "non_misurato": true, "nota": "NON MISURATO: la pagina non ha dato `dipinti` · il video nella scena non avanza in 4 verifiche"}, "audio_udibile_pct": {"valore": null, "classe": "DEGRADED", "significativo": true, "non_misurato": true, "nota": "NON MISURATO: la pagina non ha dato `suonati`/`ricevuti`"}, "caduta": {"valore": true, "classe": "FAIL", "significativo": true, "nota": "registro del server: 13:54:20.087 errore di protocollo; 13:54:20.087 la sessione e' finita (§4.2); 13:54:20.088 la sessione e' finita (§4.2)"}, "nascita_s": {"valore": 2.458, "classe": "GREEN", "significativo": false, "nota": "accesso → primo fotogramma"}}, "classe": "FAIL", "ragione": "FAIL blocco piu' lungo dell'immagine: 52.102 — dall'attore (5 righe) · FAIL caduta, riavvio, errore che stacca: registro del server: 13:54:20.087 errore di protocollo; 13:54:20.087 la sessione e' finita (§4.2); 13:54:20.088 la sessione e' finita (§4.2) · DEGRADED ritardo input → fotogramma (p95): NON MISURATO: nessuna riga «NOSTRO nel secondo» del figlio per c16004u4 nella finestra (binario prima di ebc9dcd? le righe TRATTO si registrano e non classificano) · DEGRADED fotogrammi saltati: NON MISURATO: la pagina non ha dato `video X→Y` · DEGRADED buchi nella catena del video: NON MISURATO: la pagina non ha dato `buchi` · DEGRADED video: dipinti al secondo: NON MISURATO: la pagina non ha dato `dipinti` · il video nella scena non avanza in 4 verifiche · DEGRADED audio udibile: NON MISURATO: la pagina non ha dato `suonati`/`ricevuti`", "non_misurate": ["audio_udibile_pct", "buchi_al_min", "ritardo_p95_ms", "saltati_pct", "video_frazione_f"], "evidenze": ["/media/REMOTIX/misure/fase16/intel-b-fhd-gnome/livello-16-ripetizione/utente-04"]}
{"campagna": "intel-b-fhd-gnome", "livello": 16, "desktop": "gnome", "scheda": "Intel UHD 770 (i5-13500T)", "driver": "i915 intel-media-va-driver=25.2.3+dfsg1-1 libgl1-mesa-dri=25.0.7-2+deb13u1 libva2=2.22.0-3 mesa-va-drivers=25.0.7-2+deb13u1", "misura": "fhd", "commit": "e4e05dc", "binario": "45d048c8", "pagina": "fb9a18f3", "nucleo": "7.0", "tetto_sessioni": 17, "inizio": "2026-09-26T13:50:58+00:00", "durata_s": 2181, "finestra": ["14:25:19", "14:27:19"], "fps_video": 30.0, "tipo": "sessione", "utente": 5, "profilo": "A", "browser": "firefox", "versione": "Firefox 140.16.0 · finestra vera", "inquilino": "c16005u5", "misure": {"finestra_s": 118.1, "esperienza": {"giro_eco_p95_ms": null, "giro_eco_campioni": 0, "giro_tutti_p95_ms": null, "giro_tutti_campioni": 0}, "video_non_avanza": 0, "input_azioni": 6, "input_persi": 6, "input_latenza_p95_ms": null, "lavoro_s": 30.8, "buchi": 0, "rete": null, "tratto_server_ms": {"mediana": 5.11, "max": 558.88, "ora": "13:54:41.853"}, "nascita_s": 2.19, "journal_err": 10}, "voci": {"ritardo_p95_ms": {"valore": null, "classe": "FAIL", "significativo": true, "nota": "input PERSO: 6 azioni su 6 senza effetto (scrivi, clic, naviga)"}, "saltati_pct": {"valore": null, "classe": "DEGRADED", "significativo": true, "non_misurato": true, "nota": "NON MISURATO: nessun fotogramma consegnato nella finestra"}, "blocco_max_s": {"valore": 30.8, "classe": "FAIL", "significativo": true, "nota": "IMMAGINE FERMA: nessun fotogramma dipinto in 31 s di lavoro"}, "buchi_al_min": {"valore": 0.0, "classe": "GREEN", "significativo": false, "nota": "0 buchi in 118 s"}, "caduta": {"valore": false, "classe": "GREEN", "significativo": false, "nota": "nessuna caduta, riavvio o errore che stacca"}, "nascita_s": {"valore": 2.191, "classe": "GREEN", "significativo": false, "nota": "accesso → primo fotogramma"}}, "classe": "FAIL", "ragione": "FAIL ritardo input → fotogramma (p95): input PERSO: 6 azioni su 6 senza effetto (scrivi, clic, naviga) · FAIL blocco piu' lungo dell'immagine: 30.8 — IMMAGINE FERMA: nessun fotogramma dipinto in 31 s di lavoro · DEGRADED fotogrammi saltati: NON MISURATO: nessun fotogramma consegnato nella finestra", "non_misurate": ["saltati_pct"], "evidenze": ["/media/REMOTIX/misure/fase16/intel-b-fhd-gnome/livello-16-ripetizione/utente-05"]}
{"campagna": "intel-b-fhd-gnome", "livello": 16, "desktop": "gnome", "scheda": "Intel UHD 770 (i5-13500T)", "driver": "i915 intel-media-va-driver=25.2.3+dfsg1-1 libgl1-mesa-dri=25.0.7-2+deb13u1 libva2=2.22.0-3 mesa-va-drivers=25.0.7-2+deb13u1", "misura": "fhd", "commit": "e4e05dc", "binario": "45d048c8", "pagina": "fb9a18f3", "nucleo": "7.0", "tetto_sessioni": 17, "inizio": "2026-09-26T13:50:58+00:00", "durata_s": 2181, "finestra": ["14:25:19", "14:27:19"], "fps_video": 30.0, "tipo": "sessione", "utente": 6, "profilo": "B", "browser": "chrome", "versione": "Chrome/154.0.8037.57 · finestra vera", "inquilino": "c16006u6", "misure": {"finestra_s": 150.0, "esperienza": {"giro_eco_p95_ms": null, "giro_eco_campioni": 0, "giro_tutti_p95_ms": null, "giro_tutti_campioni": 0}, "video_non_avanza": 0, "input_azioni": 0, "input_persi": 0, "input_latenza_p95_ms": null, "lavoro_s": 0.0, "blocco_max_s": 36.758, "rete": null, "tratto_server_ms": {"mediana": 5.31, "max": 1131.38, "ora": "13:54:40.864"}, "nascita_s": 2.44, "journal_err": 10}, "voci": {"ritardo_p95_ms": {"valore": null, "classe": "DEGRADED", "significativo": true, "non_misurato": true, "nota": "NON MISURATO: nessuna riga «NOSTRO nel secondo» del figlio per c16006u6 nella finestra (binario prima di ebc9dcd? le righe TRATTO si registrano e non classificano)"}, "saltati_pct": {"valore": null, "classe": "DEGRADED", "significativo": true, "non_misurato": true, "nota": "NON MISURATO: la pagina non ha dato `video X→Y`"}, "blocco_max_s": {"valore": 36.758, "classe": "FAIL", "significativo": true, "nota": "dall'attore (3 righe)"}, "buchi_al_min": {"valore": null, "classe": "DEGRADED", "significativo": true, "non_misurato": true, "nota": "NON MISURATO: la pagina non ha dato `buchi`"}, "caduta": {"valore": true, "classe": "FAIL", "significativo": true, "nota": "registro del server: 13:55:04.459 errore di protocollo; 13:55:04.459 la sessione e' finita (§4.2); 13:55:04.481 la sessione e' finita (§4.2)"}, "nascita_s": {"valore": 2.439, "classe": "GREEN", "significativo": false, "nota": "accesso → primo fotogramma"}}, "classe": "FAIL", "ragione": "FAIL blocco piu' lungo dell'immagine: 36.758 — dall'attore (3 righe) · FAIL caduta, riavvio, errore che stacca: registro del server: 13:55:04.459 errore di protocollo; 13:55:04.459 la sessione e' finita (§4.2); 13:55:04.481 la sessione e' finita (§4.2) · DEGRADED ritardo input → fotogramma (p95): NON MISURATO: nessuna riga «NOSTRO nel secondo» del figlio per c16006u6 nella finestra (binario prima di ebc9dcd? le righe TRATTO si registrano e non classificano) · DEGRADED fotogrammi saltati: NON MISURATO: la pagina non ha dato `video X→Y` · DEGRADED buchi nella catena del video: NON MISURATO: la pagina non ha dato `buchi`", "non_misurate": ["buchi_al_min", "ritardo_p95_ms", "saltati_pct"], "evidenze": ["/media/REMOTIX/misure/fase16/intel-b-fhd-gnome/livello-16-ripetizione/utente-06"]}
{"campagna": "intel-b-fhd-gnome", "livello": 16, "desktop": "gnome", "scheda": "Intel UHD 770 (i5-13500T)", "driver": "i915 intel-media-va-driver=25.2.3+dfsg1-1 libgl1-mesa-dri=25.0.7-2+deb13u1 libva2=2.22.0-3 mesa-va-drivers=25.0.7-2+deb13u1", "misura": "fhd", "commit": "e4e05dc", "binario": "45d048c8", "pagina": "fb9a18f3", "nucleo": "7.0", "tetto_sessioni": 17, "inizio": "2026-09-26T13:50:58+00:00", "durata_s": 2181, "finestra": ["14:25:19", "14:27:19"], "fps_video": 30.0, "tipo": "sessione", "utente": 7, "profilo": "C", "browser": "firefox", "versione": "Firefox 140.16.0 · finestra vera", "inquilino": "c16007u7", "misure": {"finestra_s": 116.6, "esperienza": {"giro_eco_p95_ms": null, "giro_eco_campioni": 0, "giro_tutti_p95_ms": null, "giro_tutti_campioni": 0}, "video_non_avanza": 0, "input_azioni": 3, "input_persi": 3, "input_latenza_p95_ms": null, "lavoro_s": 36.4, "buchi": 0, "rete": null, "tratto_server_ms": {"mediana": 5.59, "max": 17131.27, "ora": "13:56:26.872"}, "nascita_s": 2.31, "journal_err": 8}, "voci": {"ritardo_p95_ms": {"valore": null, "classe": "FAIL", "significativo": true, "nota": "input PERSO: 3 azioni su 3 senza effetto (comando, comando, comando)"}, "saltati_pct": {"valore": null, "classe": "DEGRADED", "significativo": true, "non_misurato": true, "nota": "NON MISURATO: nessun fotogramma consegnato nella finestra"}, "blocco_max_s": {"valore": 36.4, "classe": "FAIL", "significativo": true, "nota": "IMMAGINE FERMA: nessun fotogramma dipinto in 36 s di lavoro"}, "buchi_al_min": {"valore": 0.0, "classe": "GREEN", "significativo": false, "nota": "0 buchi in 117 s"}, "caduta": {"valore": false, "classe": "GREEN", "significativo": false, "nota": "nessuna caduta, riavvio o errore che stacca"}, "nascita_s": {"valore": 2.306, "classe": "GREEN", "significativo": false, "nota": "accesso → primo fotogramma"}}, "classe": "FAIL", "ragione": "FAIL ritardo input → fotogramma (p95): input PERSO: 3 azioni su 3 senza effetto (comando, comando, comando) · FAIL blocco piu' lungo dell'immagine: 36.4 — IMMAGINE FERMA: nessun fotogramma dipinto in 36 s di lavoro · DEGRADED fotogrammi saltati: NON MISURATO: nessun fotogramma consegnato nella finestra", "non_misurate": ["saltati_pct"], "evidenze": ["/media/REMOTIX/misure/fase16/intel-b-fhd-gnome/livello-16-ripetizione/utente-07"]}
{"campagna": "intel-b-fhd-gnome", "livello": 16, "desktop": "gnome", "scheda": "Intel UHD 770 (i5-13500T)", "driver": "i915 intel-media-va-driver=25.2.3+dfsg1-1 libgl1-mesa-dri=25.0.7-2+deb13u1 libva2=2.22.0-3 mesa-va-drivers=25.0.7-2+deb13u1", "misura": "fhd", "commit": "e4e05dc", "binario": "45d048c8", "pagina": "fb9a18f3", "nucleo": "7.0", "tetto_sessioni": 17, "inizio": "2026-09-26T13:50:58+00:00", "durata_s": 2181, "finestra": ["14:25:19", "14:27:19"], "fps_video": 30.0, "tipo": "sessione", "utente": 8, "profilo": "D", "browser": "chrome", "versione": "Chrome/154.0.8037.57 · finestra vera", "inquilino": "c16008u8", "misure": {"finestra_s": 152.1, "esperienza": {"giro_eco_p95_ms": null, "giro_eco_campioni": 0, "giro_tutti_p95_ms": null, "giro_tutti_campioni": 0}, "video_non_avanza": 3, "input_azioni": 0, "input_persi": 0, "input_latenza_p95_ms": null, "lavoro_s": 0.0, "blocco_max_s": 50.571, "rete": null, "tratto_server_ms": {"mediana": 5.93, "max": 523.47, "ora": "13:53:56.188"}, "nascita_s": 2.44, "journal_err": 16}, "voci": {"ritardo_p95_ms": {"valore": null, "classe": "DEGRADED", "significativo": true, "non_misurato": true, "nota": "NON MISURATO: nessuna riga «NOSTRO nel secondo» del figlio per c16008u8 nella finestra (binario prima di ebc9dcd? le righe TRATTO si registrano e non classificano)"}, "saltati_pct": {"valore": null, "classe": "DEGRADED", "significativo": true, "non_misurato": true, "nota": "NON MISURATO: la pagina non ha dato `video X→Y`"}, "blocco_max_s": {"valore": 50.571, "classe": "FAIL", "significativo": true, "nota": "dall'attore (5 righe)"}, "buchi_al_min": {"valore": null, "classe": "DEGRADED", "significativo": true, "non_misurato": true, "nota": "NON MISURATO: la pagina non ha dato `buchi`"}, "video_frazione_f": {"valore": null, "classe": "DEGRADED", "significativo": true, "non_misurato": true, "nota": "NON MISURATO: la pagina non ha dato `dipinti` · il video nella scena non avanza in 3 verifiche"}, "audio_udibile_pct": {"valore": null, "classe": "DEGRADED", "significativo": true, "non_misurato": true, "nota": "NON MISURATO: la pagina non ha dato `suonati`/`ricevuti`"}, "caduta": {"valore": true, "classe": "FAIL", "significativo": true, "nota": "registro del server: 13:54:33.891 errore di protocollo; 13:54:33.891 la sessione e' finita (§4.2); 13:54:33.892 la sessione e' finita (§4.2)"}, "nascita_s": {"valore": 2.44, "classe": "GREEN", "significativo": false, "nota": "accesso → primo fotogramma"}}, "classe": "FAIL", "ragione": "FAIL blocco piu' lungo dell'immagine: 50.571 — dall'attore (5 righe) · FAIL caduta, riavvio, errore che stacca: registro del server: 13:54:33.891 errore di protocollo; 13:54:33.891 la sessione e' finita (§4.2); 13:54:33.892 la sessione e' finita (§4.2) · DEGRADED ritardo input → fotogramma (p95): NON MISURATO: nessuna riga «NOSTRO nel secondo» del figlio per c16008u8 nella finestra (binario prima di ebc9dcd? le righe TRATTO si registrano e non classificano) · DEGRADED fotogrammi saltati: NON MISURATO: la pagina non ha dato `video X→Y` · DEGRADED buchi nella catena del video: NON MISURATO: la pagina non ha dato `buchi` · DEGRADED video: dipinti al secondo: NON MISURATO: la pagina non ha dato `dipinti` · il video nella scena non avanza in 3 verifiche · DEGRADED audio udibile: NON MISURATO: la pagina non ha dato `suonati`/`ricevuti`", "non_misurate": ["audio_udibile_pct", "buchi_al_min", "ritardo_p95_ms", "saltati_pct", "video_frazione_f"], "evidenze": ["/media/REMOTIX/misure/fase16/intel-b-fhd-gnome/livello-16-ripetizione/utente-08"]}
{"campagna": "intel-b-fhd-gnome", "livello": 16, "desktop": "gnome", "scheda": "Intel UHD 770 (i5-13500T)", "driver": "i915 intel-media-va-driver=25.2.3+dfsg1-1 libgl1-mesa-dri=25.0.7-2+deb13u1 libva2=2.22.0-3 mesa-va-drivers=25.0.7-2+deb13u1", "misura": "fhd", "commit": "e4e05dc", "binario": "45d048c8", "pagina": "fb9a18f3", "nucleo": "7.0", "tetto_sessioni": 17, "inizio": "2026-09-26T13:50:58+00:00", "durata_s": 2181, "finestra": ["14:25:19", "14:27:19"], "fps_video": 30.0, "tipo": "sessione", "utente": 9, "profilo": "A", "browser": "firefox", "versione": "Firefox 140.16.0 · finestra vera", "inquilino": "c16009u9", "misure": {"finestra_s": 122.8, "esperienza": {"giro_eco_p95_ms": null, "giro_eco_campioni": 0, "giro_tutti_p95_ms": null, "giro_tutti_campioni": 0}, "video_non_avanza": 0, "input_azioni": 9, "input_persi": 9, "input_latenza_p95_ms": null, "lavoro_s": 41.2, "buchi": 0, "rete": null, "tratto_server_ms": {"mediana": 5.41, "max": 4818.18, "ora": "13:54:45.417"}, "nascita_s": 2.4, "journal_err": 13}, "voci": {"ritardo_p95_ms": {"valore": null, "classe": "FAIL", "significativo": true, "nota": "input PERSO: 9 azioni su 9 senza effetto (tasto, tasto, rotella)"}, "saltati_pct": {"valore": null, "classe": "DEGRADED", "significativo": true, "non_misurato": true, "nota": "NON MISURATO: nessun fotogramma consegnato nella finestra"}, "blocco_max_s": {"valore": 41.2, "classe": "FAIL", "significativo": true, "nota": "IMMAGINE FERMA: nessun fotogramma dipinto in 41 s di lavoro"}, "buchi_al_min": {"valore": 0.0, "classe": "GREEN", "significativo": false, "nota": "0 buchi in 123 s"}, "caduta": {"valore": false, "classe": "GREEN", "significativo": false, "nota": "nessuna caduta, riavvio o errore che stacca"}, "nascita_s": {"valore": 2.399, "classe": "GREEN", "significativo": false, "nota": "accesso → primo fotogramma"}}, "classe": "FAIL", "ragione": "FAIL ritardo input → fotogramma (p95): input PERSO: 9 azioni su 9 senza effetto (tasto, tasto, rotella) · FAIL blocco piu' lungo dell'immagine: 41.2 — IMMAGINE FERMA: nessun fotogramma dipinto in 41 s di lavoro · DEGRADED fotogrammi saltati: NON MISURATO: nessun fotogramma consegnato nella finestra", "non_misurate": ["saltati_pct"], "evidenze": ["/media/REMOTIX/misure/fase16/intel-b-fhd-gnome/livello-16-ripetizione/utente-09"]}
{"campagna": "intel-b-fhd-gnome", "livello": 16, "desktop": "gnome", "scheda": "Intel UHD 770 (i5-13500T)", "driver": "i915 intel-media-va-driver=25.2.3+dfsg1-1 libgl1-mesa-dri=25.0.7-2+deb13u1 libva2=2.22.0-3 mesa-va-drivers=25.0.7-2+deb13u1", "misura": "fhd", "commit": "e4e05dc", "binario": "45d048c8", "pagina": "fb9a18f3", "nucleo": "7.0", "tetto_sessioni": 17, "inizio": "2026-09-26T13:50:58+00:00", "durata_s": 2181, "finestra": ["14:25:19", "14:27:19"], "fps_video": 30.0, "tipo": "sessione", "utente": 10, "profilo": "B", "browser": "chrome", "versione": "Chrome/154.0.8037.57 · finestra vera", "inquilino": "c16010u10", "misure": {"finestra_s": 127.5, "esperienza": {"giro_eco_p95_ms": null, "giro_eco_campioni": 0, "giro_tutti_p95_ms": null, "giro_tutti_campioni": 0}, "video_non_avanza": 0, "input_azioni": 0, "input_persi": 0, "input_latenza_p95_ms": null, "lavoro_s": 0.0, "blocco_max_s": 51.605, "rete": null, "tratto_server_ms": {"mediana": 5.95, "max": 17263.76, "ora": "13:55:11.451"}, "nascita_s": 2.43, "journal_err": 16}, "voci": {"ritardo_p95_ms": {"valore": null, "classe": "DEGRADED", "significativo": true, "non_misurato": true, "nota": "NON MISURATO: nessuna riga «NOSTRO nel secondo» del figlio per c16010u10 nella finestra (binario prima di ebc9dcd? le righe TRATTO si registrano e non classificano)"}, "saltati_pct": {"valore": null, "classe": "DEGRADED", "significativo": true, "non_misurato": true, "nota": "NON MISURATO: la pagina non ha dato `video X→Y`"}, "blocco_max_s": {"valore": 51.605, "classe": "FAIL", "significativo": true, "nota": "dall'attore (3 righe)"}, "buchi_al_min": {"valore": null, "classe": "DEGRADED", "significativo": true, "non_misurato": true, "nota": "NON MISURATO: la pagina non ha dato `buchi`"}, "caduta": {"valore": true, "classe": "FAIL", "significativo": true, "nota": "registro del server: 13:56:10.999 errore di protocollo; 13:56:10.999 la sessione e' finita (§4.2); 13:56:11.001 la sessione e' finita (§4.2)"}, "nascita_s": {"valore": 2.433, "classe": "GREEN", "significativo": false, "nota": "accesso → primo fotogramma"}}, "classe": "FAIL", "ragione": "FAIL blocco piu' lungo dell'immagine: 51.605 — dall'attore (3 righe) · FAIL caduta, riavvio, errore che stacca: registro del server: 13:56:10.999 errore di protocollo; 13:56:10.999 la sessione e' finita (§4.2); 13:56:11.001 la sessione e' finita (§4.2) · DEGRADED ritardo input → fotogramma (p95): NON MISURATO: nessuna riga «NOSTRO nel secondo» del figlio per c16010u10 nella finestra (binario prima di ebc9dcd? le righe TRATTO si registrano e non classificano) · DEGRADED fotogrammi saltati: NON MISURATO: la pagina non ha dato `video X→Y` · DEGRADED buchi nella catena del video: NON MISURATO: la pagina non ha dato `buchi`", "non_misurate": ["buchi_al_min", "ritardo_p95_ms", "saltati_pct"], "evidenze": ["/media/REMOTIX/misure/fase16/intel-b-fhd-gnome/livello-16-ripetizione/utente-10"]}
{"campagna": "intel-b-fhd-gnome", "livello": 16, "desktop": "gnome", "scheda": "Intel UHD 770 (i5-13500T)", "driver": "i915 intel-media-va-driver=25.2.3+dfsg1-1 libgl1-mesa-dri=25.0.7-2+deb13u1 libva2=2.22.0-3 mesa-va-drivers=25.0.7-2+deb13u1", "misura": "fhd", "commit": "e4e05dc", "binario": "45d048c8", "pagina": "fb9a18f3", "nucleo": "7.0", "tetto_sessioni": 17, "inizio": "2026-09-26T13:50:58+00:00", "durata_s": 2181, "finestra": ["14:25:19", "14:27:19"], "fps_video": 30.0, "tipo": "sessione", "utente": 11, "profilo": "C", "browser": "firefox", "versione": "Firefox 140.16.0 · finestra vera", "inquilino": "c16011u11", "misure": {"finestra_s": 120.5, "esperienza": {"giro_eco_p95_ms": null, "giro_eco_campioni": 0, "giro_tutti_p95_ms": null, "giro_tutti_campioni": 0}, "video_non_avanza": 0, "input_azioni": 3, "input_persi": 3, "input_latenza_p95_ms": null, "lavoro_s": 51.7, "buchi": 0, "rete": null, "tratto_server_ms": {"mediana": 6.23, "max": 38802.03, "ora": "13:55:54.453"}, "nascita_s": 2.31, "journal_err": 9}, "voci": {"ritardo_p95_ms": {"valore": null, "classe": "FAIL", "significativo": true, "nota": "input PERSO: 3 azioni su 3 senza effetto (comando, comando, comando)"}, "saltati_pct": {"valore": null, "classe": "DEGRADED", "significativo": true, "non_misurato": true, "nota": "NON MISURATO: nessun fotogramma consegnato nella finestra"}, "blocco_max_s": {"valore": 51.7, "classe": "FAIL", "significativo": true, "nota": "IMMAGINE FERMA: nessun fotogramma dipinto in 52 s di lavoro"}, "buchi_al_min": {"valore": 0.0, "classe": "GREEN", "significativo": false, "nota": "0 buchi in 121 s"}, "caduta": {"valore": true, "classe": "FAIL", "significativo": true, "nota": "l'attore dice CADUTA alle 13:57:43: la pagina non e' piu' in sessione (schermo None, esito «»)"}, "nascita_s": {"valore": 2.308, "classe": "GREEN", "significativo": false, "nota": "accesso → primo fotogramma"}}, "classe": "FAIL", "ragione": "FAIL ritardo input → fotogramma (p95): input PERSO: 3 azioni su 3 senza effetto (comando, comando, comando) · FAIL blocco piu' lungo dell'immagine: 51.7 — IMMAGINE FERMA: nessun fotogramma dipinto in 52 s di lavoro · FAIL caduta, riavvio, errore che stacca: l'attore dice CADUTA alle 13:57:43: la pagina non e' piu' in sessione (schermo None, esito «») · DEGRADED fotogrammi saltati: NON MISURATO: nessun fotogramma consegnato nella finestra", "non_misurate": ["saltati_pct"], "evidenze": ["/media/REMOTIX/misure/fase16/intel-b-fhd-gnome/livello-16-ripetizione/utente-11"]}
{"campagna": "intel-b-fhd-gnome", "livello": 16, "desktop": "gnome", "scheda": "Intel UHD 770 (i5-13500T)", "driver": "i915 intel-media-va-driver=25.2.3+dfsg1-1 libgl1-mesa-dri=25.0.7-2+deb13u1 libva2=2.22.0-3 mesa-va-drivers=25.0.7-2+deb13u1", "misura": "fhd", "commit": "e4e05dc", "binario": "45d048c8", "pagina": "fb9a18f3", "nucleo": "7.0", "tetto_sessioni": 17, "inizio": "2026-09-26T13:50:58+00:00", "durata_s": 2181, "finestra": ["14:25:19", "14:27:19"], "fps_video": 30.0, "tipo": "sessione", "utente": 12, "profilo": "D", "browser": "chrome", "versione": "Chrome/154.0.8037.57 · finestra vera", "inquilino": "c16012u12", "misure": {"finestra_s": 153.9, "esperienza": {"giro_eco_p95_ms": null, "giro_eco_campioni": 0, "giro_tutti_p95_ms": null, "giro_tutti_campioni": 0}, "video_non_avanza": 2, "input_azioni": 0, "input_persi": 0, "input_latenza_p95_ms": null, "lavoro_s": 0.0, "blocco_max_s": 51.56, "rete": null, "tratto_server_ms": {"mediana": 5.89, "max": 307.52, "ora": "13:53:47.066"}, "nascita_s": 2.44, "journal_err": 18}, "voci": {"ritardo_p95_ms": {"valore": null, "classe": "DEGRADED", "significativo": true, "non_misurato": true, "nota": "NON MISURATO: nessuna riga «NOSTRO nel secondo» del figlio per c16012u12 nella finestra (binario prima di ebc9dcd? le righe TRATTO si registrano e non classificano)"}, "saltati_pct": {"valore": null, "classe": "DEGRADED", "significativo": true, "non_misurato": true, "nota": "NON MISURATO: la pagina non ha dato `video X→Y`"}, "blocco_max_s": {"valore": 51.56, "classe": "FAIL", "significativo": true, "nota": "dall'attore (5 righe)"}, "buchi_al_min": {"valore": null, "classe": "DEGRADED", "significativo": true, "non_misurato": true, "nota": "NON MISURATO: la pagina non ha dato `buchi`"}, "video_frazione_f": {"valore": null, "classe": "DEGRADED", "significativo": true, "non_misurato": true, "nota": "NON MISURATO: la pagina non ha dato `dipinti` · il video nella scena non avanza in 2 verifiche"}, "audio_udibile_pct": {"valore": null, "classe": "DEGRADED", "significativo": true, "non_misurato": true, "nota": "NON MISURATO: la pagina non ha dato `suonati`/`ricevuti`"}, "caduta": {"valore": true, "classe": "FAIL", "significativo": true, "nota": "registro del server: 13:53:47.628 errore di protocollo; 13:53:47.628 la sessione e' finita (§4.2); 13:53:47.774 la sessione e' finita (§4.2)"}, "nascita_s": {"valore": 2.444, "classe": "GREEN", "significativo": false, "nota": "accesso → primo fotogramma"}}, "classe": "FAIL", "ragione": "FAIL blocco piu' lungo dell'immagine: 51.56 — dall'attore (5 righe) · FAIL caduta, riavvio, errore che stacca: registro del server: 13:53:47.628 errore di protocollo; 13:53:47.628 la sessione e' finita (§4.2); 13:53:47.774 la sessione e' finita (§4.2) · DEGRADED ritardo input → fotogramma (p95): NON MISURATO: nessuna riga «NOSTRO nel secondo» del figlio per c16012u12 nella finestra (binario prima di ebc9dcd? le righe TRATTO si registrano e non classificano) · DEGRADED fotogrammi saltati: NON MISURATO: la pagina non ha dato `video X→Y` · DEGRADED buchi nella catena del video: NON MISURATO: la pagina non ha dato `buchi` · DEGRADED video: dipinti al secondo: NON MISURATO: la pagina non ha dato `dipinti` · il video nella scena non avanza in 2 verifiche · DEGRADED audio udibile: NON MISURATO: la pagina non ha dato `suonati`/`ricevuti`", "non_misurate": ["audio_udibile_pct", "buchi_al_min", "ritardo_p95_ms", "saltati_pct", "video_frazione_f"], "evidenze": ["/media/REMOTIX/misure/fase16/intel-b-fhd-gnome/livello-16-ripetizione/utente-12"]}
{"campagna": "intel-b-fhd-gnome", "livello": 16, "desktop": "gnome", "scheda": "Intel UHD 770 (i5-13500T)", "driver": "i915 intel-media-va-driver=25.2.3+dfsg1-1 libgl1-mesa-dri=25.0.7-2+deb13u1 libva2=2.22.0-3 mesa-va-drivers=25.0.7-2+deb13u1", "misura": "fhd", "commit": "e4e05dc", "binario": "45d048c8", "pagina": "fb9a18f3", "nucleo": "7.0", "tetto_sessioni": 17, "inizio": "2026-09-26T13:50:58+00:00", "durata_s": 2181, "finestra": ["14:25:19", "14:27:19"], "fps_video": 30.0, "tipo": "sessione", "utente": 13, "profilo": "A", "browser": "firefox", "versione": "Firefox 140.16.0 · finestra vera", "inquilino": "c16013u13", "misure": {"finestra_s": 118.7, "esperienza": {"giro_eco_p95_ms": null, "giro_eco_campioni": 0, "giro_tutti_p95_ms": null, "giro_tutti_campioni": 0}, "video_non_avanza": 0, "input_azioni": 5, "input_persi": 5, "input_latenza_p95_ms": null, "lavoro_s": 30.7, "buchi": 0, "rete": null, "tratto_server_ms": {"mediana": 7.5, "max": 317.14, "ora": "13:54:40.673"}, "nascita_s": 2.5, "journal_err": 14}, "voci": {"ritardo_p95_ms": {"valore": null, "classe": "FAIL", "significativo": true, "nota": "input PERSO: 5 azioni su 5 senza effetto (naviga, naviga, clic)"}, "saltati_pct": {"valore": null, "classe": "DEGRADED", "significativo": true, "non_misurato": true, "nota": "NON MISURATO: nessun fotogramma consegnato nella finestra"}, "blocco_max_s": {"valore": 30.7, "classe": "FAIL", "significativo": true, "nota": "IMMAGINE FERMA: nessun fotogramma dipinto in 31 s di lavoro"}, "buchi_al_min": {"valore": 0.0, "classe": "GREEN", "significativo": false, "nota": "0 buchi in 119 s"}, "caduta": {"valore": false, "classe": "GREEN", "significativo": false, "nota": "nessuna caduta, riavvio o errore che stacca"}, "nascita_s": {"valore": 2.503, "classe": "GREEN", "significativo": false, "nota": "accesso → primo fotogramma"}}, "classe": "FAIL", "ragione": "FAIL ritardo input → fotogramma (p95): input PERSO: 5 azioni su 5 senza effetto (naviga, naviga, clic) · FAIL blocco piu' lungo dell'immagine: 30.7 — IMMAGINE FERMA: nessun fotogramma dipinto in 31 s di lavoro · DEGRADED fotogrammi saltati: NON MISURATO: nessun fotogramma consegnato nella finestra", "non_misurate": ["saltati_pct"], "evidenze": ["/media/REMOTIX/misure/fase16/intel-b-fhd-gnome/livello-16-ripetizione/utente-13"]}
{"campagna": "intel-b-fhd-gnome", "livello": 16, "desktop": "gnome", "scheda": "Intel UHD 770 (i5-13500T)", "driver": "i915 intel-media-va-driver=25.2.3+dfsg1-1 libgl1-mesa-dri=25.0.7-2+deb13u1 libva2=2.22.0-3 mesa-va-drivers=25.0.7-2+deb13u1", "misura": "fhd", "commit": "e4e05dc", "binario": "45d048c8", "pagina": "fb9a18f3", "nucleo": "7.0", "tetto_sessioni": 17, "inizio": "2026-09-26T13:50:58+00:00", "durata_s": 2181, "finestra": ["14:25:19", "14:27:19"], "fps_video": 30.0, "tipo": "sessione", "utente": 14, "profilo": "B", "browser": "chrome", "versione": "Chrome/154.0.8037.57 · finestra vera", "inquilino": "c16014u14", "misure": {"finestra_s": 170.0, "esperienza": {"giro_eco_p95_ms": null, "giro_eco_campioni": 0, "giro_tutti_p95_ms": null, "giro_tutti_campioni": 0}, "video_non_avanza": 0, "input_azioni": 0, "input_persi": 0, "input_latenza_p95_ms": null, "lavoro_s": 0.0, "blocco_max_s": 69.619, "rete": null, "tratto_server_ms": {"mediana": 43.04, "max": 5077.71, "ora": "13:55:16.663"}, "nascita_s": 4.5, "journal_err": 11}, "voci": {"ritardo_p95_ms": {"valore": null, "classe": "DEGRADED", "significativo": true, "non_misurato": true, "nota": "NON MISURATO: nessuna riga «NOSTRO nel secondo» del figlio per c16014u14 nella finestra (binario prima di ebc9dcd? le righe TRATTO si registrano e non classificano)"}, "saltati_pct": {"valore": null, "classe": "DEGRADED", "significativo": true, "non_misurato": true, "nota": "NON MISURATO: la pagina non ha dato `video X→Y`"}, "blocco_max_s": {"valore": 69.619, "classe": "FAIL", "significativo": true, "nota": "dall'attore (3 righe)"}, "buchi_al_min": {"valore": null, "classe": "DEGRADED", "significativo": true, "non_misurato": true, "nota": "NON MISURATO: la pagina non ha dato `buchi`"}, "caduta": {"valore": true, "classe": "FAIL", "significativo": true, "nota": "registro del server: 13:56:10.999 errore di protocollo; 13:56:10.999 la sessione e' finita (§4.2); 13:56:11.001 la sessione e' finita (§4.2)"}, "nascita_s": {"valore": 4.504, "classe": "GREEN", "significativo": false, "nota": "accesso → primo fotogramma"}}, "classe": "FAIL", "ragione": "FAIL blocco piu' lungo dell'immagine: 69.619 — dall'attore (3 righe) · FAIL caduta, riavvio, errore che stacca: registro del server: 13:56:10.999 errore di protocollo; 13:56:10.999 la sessione e' finita (§4.2); 13:56:11.001 la sessione e' finita (§4.2) · DEGRADED ritardo input → fotogramma (p95): NON MISURATO: nessuna riga «NOSTRO nel secondo» del figlio per c16014u14 nella finestra (binario prima di ebc9dcd? le righe TRATTO si registrano e non classificano) · DEGRADED fotogrammi saltati: NON MISURATO: la pagina non ha dato `video X→Y` · DEGRADED buchi nella catena del video: NON MISURATO: la pagina non ha dato `buchi`", "non_misurate": ["buchi_al_min", "ritardo_p95_ms", "saltati_pct"], "evidenze": ["/media/REMOTIX/misure/fase16/intel-b-fhd-gnome/livello-16-ripetizione/utente-14"]}
{"campagna": "intel-b-fhd-gnome", "livello": 16, "desktop": "gnome", "scheda": "Intel UHD 770 (i5-13500T)", "driver": "i915 intel-media-va-driver=25.2.3+dfsg1-1 libgl1-mesa-dri=25.0.7-2+deb13u1 libva2=2.22.0-3 mesa-va-drivers=25.0.7-2+deb13u1", "misura": "fhd", "commit": "e4e05dc", "binario": "45d048c8", "pagina": "fb9a18f3", "nucleo": "7.0", "tetto_sessioni": 17, "inizio": "2026-09-26T13:50:58+00:00", "durata_s": 2181, "finestra": ["14:25:19", "14:27:19"], "fps_video": 30.0, "tipo": "sessione", "utente": 15, "profilo": "C", "browser": "firefox", "versione": "Firefox 140.16.0 · finestra vera", "inquilino": "c16015u15", "misure": {"finestra_s": 120.2, "esperienza": {"giro_eco_p95_ms": null, "giro_eco_campioni": 0, "giro_tutti_p95_ms": null, "giro_tutti_campioni": 0}, "video_non_avanza": 0, "input_azioni": 0, "input_persi": 0, "input_latenza_p95_ms": null, "lavoro_s": 0.0, "buchi": 0, "rete": null, "journal_err": 0}, "voci": {"ritardo_p95_ms": {"valore": null, "classe": "DEGRADED", "significativo": true, "non_misurato": true, "nota": "NON MISURATO: nessuna riga «NOSTRO nel secondo» del figlio per c16015u15 nella finestra (binario prima di ebc9dcd? le righe TRATTO si registrano e non classificano)"}, "saltati_pct": {"valore": null, "classe": "DEGRADED", "significativo": true, "non_misurato": true, "nota": "NON MISURATO: nessun fotogramma consegnato nella finestra"}, "blocco_max_s": {"valore": null, "classe": "DEGRADED", "significativo": true, "non_misurato": true, "nota": "NON MISURATO: manca `blocco_max_ms` e i contatori a 5 s non vedono sotto i 5 s"}, "buchi_al_min": {"valore": 0.0, "classe": "GREEN", "significativo": false, "nota": "0 buchi in 120 s"}, "caduta": {"valore": false, "classe": "GREEN", "significativo": false, "nota": "nessuna caduta, riavvio o errore che stacca"}, "nascita_s": {"valore": null, "classe": "FAIL", "significativo": true, "nota": "RIFIUTO all'accesso"}}, "classe": "FAIL", "ragione": "FAIL nascita (accesso → primo fotogramma): RIFIUTO all'accesso · DEGRADED ritardo input → fotogramma (p95): NON MISURATO: nessuna riga «NOSTRO nel secondo» del figlio per c16015u15 nella finestra (binario prima di ebc9dcd? le righe TRATTO si registrano e non classificano) · DEGRADED fotogrammi saltati: NON MISURATO: nessun fotogramma consegnato nella finestra · DEGRADED blocco piu' lungo dell'immagine: NON MISURATO: manca `blocco_max_ms` e i contatori a 5 s non vedono sotto i 5 s", "non_misurate": ["blocco_max_s", "ritardo_p95_ms", "saltati_pct"], "evidenze": ["/media/REMOTIX/misure/fase16/intel-b-fhd-gnome/livello-16-ripetizione/utente-15"]}
{"campagna": "intel-b-fhd-gnome", "livello": 16, "desktop": "gnome", "scheda": "Intel UHD 770 (i5-13500T)", "driver": "i915 intel-media-va-driver=25.2.3+dfsg1-1 libgl1-mesa-dri=25.0.7-2+deb13u1 libva2=2.22.0-3 mesa-va-drivers=25.0.7-2+deb13u1", "misura": "fhd", "commit": "e4e05dc", "binario": "45d048c8", "pagina": "fb9a18f3", "nucleo": "7.0", "tetto_sessioni": 17, "inizio": "2026-09-26T13:50:58+00:00", "durata_s": 2181, "finestra": ["14:25:19", "14:27:19"], "fps_video": 30.0, "tipo": "sessione", "utente": 16, "profilo": "D", "browser": "chrome", "versione": null, "inquilino": null, "misure": {"rete": null}, "voci": {"ritardo_p95_ms": {"valore": null, "classe": "DEGRADED", "significativo": true, "non_misurato": true, "nota": "NON MISURATO: nessuna riga di stato nella finestra (l'attore non scrive, o e' morto)"}, "saltati_pct": {"valore": null, "classe": "DEGRADED", "significativo": true, "non_misurato": true, "nota": "NON MISURATO: nessuna riga di stato nella finestra (l'attore non scrive, o e' morto)"}, "blocco_max_s": {"valore": null, "classe": "DEGRADED", "significativo": true, "non_misurato": true, "nota": "NON MISURATO: nessuna riga di stato nella finestra (l'attore non scrive, o e' morto)"}, "buchi_al_min": {"valore": null, "classe": "DEGRADED", "significativo": true, "non_misurato": true, "nota": "NON MISURATO: nessuna riga di stato nella finestra (l'attore non scrive, o e' morto)"}, "video_frazione_f": {"valore": null, "classe": "DEGRADED", "significativo": true, "non_misurato": true, "nota": "NON MISURATO: nessuna riga di stato nella finestra (l'attore non scrive, o e' morto)"}, "audio_udibile_pct": {"valore": null, "classe": "DEGRADED", "significativo": true, "non_misurato": true, "nota": "NON MISURATO: nessuna riga di stato nella finestra (l'attore non scrive, o e' morto)"}, "caduta": {"valore": false, "classe": "GREEN", "significativo": false, "nota": "nessuna caduta, riavvio o errore che stacca (⚠ inquilino ignoto: solo il riavvio e' guardato)"}, "nascita_s": {"valore": null, "classe": "DEGRADED", "significativo": true, "non_misurato": true, "nota": "NON MISURATO: utente nato nel livello senza nascita.json"}}, "classe": "DEGRADED", "ragione": "DEGRADED ritardo input → fotogramma (p95): NON MISURATO: nessuna riga di stato nella finestra (l'attore non scrive, o e' morto) · DEGRADED fotogrammi saltati: NON MISURATO: nessuna riga di stato nella finestra (l'attore non scrive, o e' morto) · DEGRADED blocco piu' lungo dell'immagine: NON MISURATO: nessuna riga di stato nella finestra (l'attore non scrive, o e' morto) · DEGRADED buchi nella catena del video: NON MISURATO: nessuna riga di stato nella finestra (l'attore non scrive, o e' morto) · DEGRADED video: dipinti al secondo: NON MISURATO: nessuna riga di stato nella finestra (l'attore non scrive, o e' morto) · DEGRADED audio udibile: NON MISURATO: nessuna riga di stato nella finestra (l'attore non scrive, o e' morto) · DEGRADED nascita (accesso → primo fotogramma): NON MISURATO: utente nato nel livello senza nascita.json", "non_misurate": ["audio_udibile_pct", "blocco_max_s", "buchi_al_min", "nascita_s", "ritardo_p95_ms", "saltati_pct", "video_frazione_f"], "evidenze": ["/media/REMOTIX/misure/fase16/intel-b-fhd-gnome/livello-16-ripetizione/utente-16"]}
{"campagna": "intel-b-fhd-gnome", "livello": 16, "desktop": "gnome", "scheda": "Intel UHD 770 (i5-13500T)", "driver": "i915 intel-media-va-driver=25.2.3+dfsg1-1 libgl1-mesa-dri=25.0.7-2+deb13u1 libva2=2.22.0-3 mesa-va-drivers=25.0.7-2+deb13u1", "misura": "fhd", "commit": "e4e05dc", "binario": "45d048c8", "pagina": "fb9a18f3", "nucleo": "7.0", "tetto_sessioni": 17, "inizio": "2026-09-26T13:50:58+00:00", "durata_s": 2181, "finestra": ["14:25:19", "14:27:19"], "fps_video": 30.0, "tipo": "sessione", "utente": 99, "profilo": "controllo", "browser": "chrome", "versione": "Chrome/154.0.8037.57 · finestra vera", "inquilino": "c16016u99", "misure": {"nascita_s": null, "ammissione_s": 1.22, "primo_non_degenere_s": null, "sessioni_durante": 28}, "voci": {"nascita_s": {"valore": null, "classe": "FAIL", "significativo": true, "nota": "RIFIUTO all'accesso: l'accesso: la pagina dice: «i tentativi da questo indirizzo sono esauriti: ricarica la pagina per sapere quanto manca, o sblocca l'indirizzo dal server»"}, "controllo_corto": {"valore": {"F-004": "BLOCKED", "F-007": "BLOCKED", "F-003": "BLOCKED", "F-014": "BLOCKED"}, "classe": "DEGRADED", "significativo": true, "non_misurato": true, "nota": "NON MISURATO: non guardate: F-004, F-007, F-003, F-014"}}, "classe": "FAIL", "ragione": "FAIL nascita (accesso → primo fotogramma): RIFIUTO all'accesso: l'accesso: la pagina dice: «i tentativi da questo indirizzo sono esauriti: ricarica la pagina per sapere quanto manca, o sblocca l'indirizzo dal server» · DEGRADED controllo funzionale corto: NON MISURATO: non guardate: F-004, F-007, F-003, F-014", "non_misurate": ["controllo_corto"], "evidenze": ["/media/REMOTIX/misure/fase16/intel-b-fhd-gnome/livello-16-ripetizione/controllo-corto"]}
→ 18 righe in /media/REMOTIX/src/controllo/banchi/16-stress/registro.jsonl
