[06:10:07] ⭐ SALITA a3-senza-efc-kde · kde · 4k (3840x2160) · gradini 1 · 6.0 min (ultimo 6.0) · tetto 2
[06:10:07]    scheda della scatola: amd · browser-cliente sulla Intel
[06:10:07]    commit del prodotto: ? (16-prodotto assente o binario diverso)
[06:10:07]    kernel 7.0 · Intel UHD 770 (i5-13500T) [i915] + AMD Radeon RX 6800 [amdgpu] · binario 39e3ed86 · pagina fb9a18f3 · banchi cc58e96+modifiche
[06:10:07] ⚠ --non-rifare: la scatola NON si rifa' (solo prove dell'impianto)
[06:10:07]    scatola: binario 39e3ed86 · pagina fb9a18f3 · --tetto-sessioni 17 -- --journal ; · dri card0,card1,renderD128,renderD129 · VA Driver version: Mesa Gallium driver 25.0.7-2+deb13u1 for AMD Radeon RX 6800 (radeonsi, navi21, LLVM 19.1.7, DRM 3.64, 7.0)
[06:10:07] ══ livello-01: 1 utenti, 6.0 min (gradino) ══
[06:10:08]    + utente 01 (pid 219926, wayland-5, seme 1601, porte 9910)
[06:10:22]      utente 01 nato in 13.5 s
[06:10:22]    tutti dentro (14 s dopo l'inizio del livello): lavoro fino alle 06:16:22
[06:13:52]    SIGUSR1 a 1 attori (foto piena), 30 s prima della finestra
[06:13:53]    foto scritte: 1/1 in 1 s
[06:14:22]    controllo corto: firefox su wayland-4
[06:15:35]    controllo corto: PASS (codice 0)
[06:16:24]    ▶ livello-01: DEGRADED (significativo) — 1 GREEN · 1 DEGRADED · 0 FAIL · ⛔ DEGRADED SIGNIFICATIVO (piu' di un quarto degli attori DEGRADED (1 su 1)): non si sale
[06:16:24] ⚠ 1 utenti: DEGRADED — si RIPETE nelle stesse condizioni (§14), da scatola pulita
[06:16:24]    fermo 1 attori (SIGTERM: sgomberano da se')
[06:16:27] ⚠ --non-rifare: la scatola NON si rifa' (solo prove dell'impianto)
[06:16:27]    scatola: binario 39e3ed86 · pagina fb9a18f3 · --tetto-sessioni 17 -- --journal ; · dri card0,card1,renderD128,renderD129 · VA Driver version: Mesa Gallium driver 25.0.7-2+deb13u1 for AMD Radeon RX 6800 (radeonsi, navi21, LLVM 19.1.7, DRM 3.64, 7.0)
[06:16:27] ══ livello-01-ripetizione: 1 utenti, 6.0 min (ripetizione) ══
[06:16:28]    + utente 01 (pid 229681, wayland-5, seme 1601, porte 9910)
[06:16:41]      utente 01 nato in 13.0 s
[06:16:41]    tutti dentro (13 s dopo l'inizio del livello): lavoro fino alle 06:22:41
[06:20:11]    SIGUSR1 a 1 attori (foto piena), 30 s prima della finestra
[06:20:12]    foto scritte: 1/1 in 1 s
[06:20:41]    controllo corto: chrome su wayland-4
[06:21:56]    controllo corto: PASS (codice 0)
[06:22:42]    ▶ livello-01-ripetizione: DEGRADED (significativo) — 1 GREEN · 1 DEGRADED · 0 FAIL · ⛔ DEGRADED SIGNIFICATIVO (piu' di un quarto degli attori DEGRADED (1 su 1)): non si sale
[06:22:42] ⛔ confermato: 1 utenti DEGRADED due volte
[06:22:42] ⏹ FINE: ultimo livello buono 0 · rottura 1
[06:22:42]    fermo 1 attori (SIGTERM: sgomberano da se')
[06:22:45]    compositori spenti (2)
[06:22:45] fine · [{"livello": 1, "nome": "livello-01", "tipo": "gradino", "classe": "DEGRADED", "significativo": true, "dir": "/media/REMOTIX/misure/fase16/a3-senza-efc-kde/livello-01"}, {"livello": 1, "nome": "livello-01-ripetizione", "tipo": "ripetizione", "classe": "DEGRADED", "significativo": true, "dir": "/media/REMOTIX/misure/fase16/a3-senza-efc-kde/livello-01-ripetizione"}]
