LIVELLO 16 · amd-b-fhd-lxqt · finestra 21:52:04–21:54:04 · FAIL
  utente 1   A  firefox  c16001u1       GREEN
      GREEN    ritardo input → fotogramma (p95)         30.12 — p95 dei p95 al secondo di «NOSTRO» (copia → byte fuori, 35 righe del figlio) 21.1 ms + 9 ms d'ingresso (tetto costruttivo: poll di 8 ms) · ⚠ strada wlroots: la «copia» e' contata due volte (~4 ms in piu', cattura.c:2309 / figlio.c:5191) — NON corretto, e' dal lato prudente
      GREEN    fotogrammi saltati                       0.0 — 1034 consegnati, 1034 dipinti (salt 0)
      GREEN    blocco piu' lungo dell'immagine          0.241 — dall'attore (14 righe)
      GREEN    buchi nella catena del video             0.0 — 0 buchi in 124 s
      GREEN    caduta, riavvio, errore che stacca       nessuna caduta, riavvio o errore che stacca
      GREEN    nascita (accesso → primo fotogramma)     1.731 — accesso → primo fotogramma
  utente 2   B  chrome   c16002u2       GREEN
      GREEN    ritardo input → fotogramma (p95)         30.81 — p95 dei p95 al secondo di «NOSTRO» (copia → byte fuori, 71 righe del figlio) 21.8 ms + 9 ms d'ingresso (tetto costruttivo: poll di 8 ms) · ⚠ strada wlroots: la «copia» e' contata due volte (~4 ms in piu', cattura.c:2309 / figlio.c:5191) — NON corretto, e' dal lato prudente
      GREEN    fotogrammi saltati                       0.0 — 465 consegnati, 465 dipinti (salt 0)
      GREEN    blocco piu' lungo dell'immagine          0.032 — dall'attore (15 righe)
      GREEN    buchi nella catena del video             0.0 — 0 buchi in 120 s
      GREEN    caduta, riavvio, errore che stacca       nessuna caduta, riavvio o errore che stacca
      GREEN    nascita (accesso → primo fotogramma)     1.63 — accesso → primo fotogramma
  utente 3   C  firefox  c16003u3       GREEN
      GREEN    ritardo input → fotogramma (p95)         30.25 — p95 dei p95 al secondo di «NOSTRO» (copia → byte fuori, 54 righe del figlio) 21.2 ms + 9 ms d'ingresso (tetto costruttivo: poll di 8 ms) · ⚠ strada wlroots: la «copia» e' contata due volte (~4 ms in piu', cattura.c:2309 / figlio.c:5191) — NON corretto, e' dal lato prudente
      GREEN    fotogrammi saltati                       0.0 — 259 consegnati, 259 dipinti (salt 0)
      GREEN    blocco piu' lungo dell'immagine          0.29 — dall'attore (15 righe)
      GREEN    buchi nella catena del video             0.0 — 0 buchi in 123 s
      GREEN    caduta, riavvio, errore che stacca       nessuna caduta, riavvio o errore che stacca
      GREEN    nascita (accesso → primo fotogramma)     1.723 — accesso → primo fotogramma
  utente 4   D  chrome   c16004u4       FAIL
      GREEN    ritardo input → fotogramma (p95)         33.33 — p95 dei p95 al secondo di «NOSTRO» (copia → byte fuori, 116 righe del figlio) 24.3 ms + 9 ms d'ingresso (tetto costruttivo: poll di 8 ms) · ⚠ strada wlroots: la «copia» e' contata due volte (~4 ms in piu', cattura.c:2309 / figlio.c:5191) — NON corretto, e' dal lato prudente
      GREEN    fotogrammi saltati                       0.0 — 3523 consegnati, 3523 dipinti (salt 0)
      FAIL     blocco piu' lungo dell'immagine          4.42 — dall'attore (23 righe)
      GREEN    buchi nella catena del video             0.0 — 0 buchi in 122 s
      GREEN    video: dipinti al secondo                0.964 — 28.9 dipinti/s in 122 s di video, f = 30.0
      FAIL     audio udibile                            0.0 — NESSUN blocco audio nella finestra mentre il video gira
      GREEN    caduta, riavvio, errore che stacca       nessuna caduta, riavvio o errore che stacca
      GREEN    nascita (accesso → primo fotogramma)     1.642 — accesso → primo fotogramma
  utente 5   A  firefox  c16005u5       GREEN
      GREEN    ritardo input → fotogramma (p95)         32.55 — p95 dei p95 al secondo di «NOSTRO» (copia → byte fuori, 47 righe del figlio) 23.6 ms + 9 ms d'ingresso (tetto costruttivo: poll di 8 ms) · ⚠ strada wlroots: la «copia» e' contata due volte (~4 ms in piu', cattura.c:2309 / figlio.c:5191) — NON corretto, e' dal lato prudente
      GREEN    fotogrammi saltati                       0.0 — 1250 consegnati, 1250 dipinti (salt 0)
      GREEN    blocco piu' lungo dell'immagine          0.243 — dall'attore (14 righe)
      GREEN    buchi nella catena del video             0.0 — 0 buchi in 122 s
      GREEN    caduta, riavvio, errore che stacca       nessuna caduta, riavvio o errore che stacca
      GREEN    nascita (accesso → primo fotogramma)     1.677 — accesso → primo fotogramma
  utente 6   B  chrome   c16006u6       GREEN
      GREEN    ritardo input → fotogramma (p95)         31.45 — p95 dei p95 al secondo di «NOSTRO» (copia → byte fuori, 72 righe del figlio) 22.4 ms + 9 ms d'ingresso (tetto costruttivo: poll di 8 ms) · ⚠ strada wlroots: la «copia» e' contata due volte (~4 ms in piu', cattura.c:2309 / figlio.c:5191) — NON corretto, e' dal lato prudente
      GREEN    fotogrammi saltati                       0.0 — 522 consegnati, 522 dipinti (salt 0)
      GREEN    blocco piu' lungo dell'immagine          0.031 — dall'attore (18 righe)
      GREEN    buchi nella catena del video             0.0 — 0 buchi in 121 s
      GREEN    caduta, riavvio, errore che stacca       nessuna caduta, riavvio o errore che stacca
      GREEN    nascita (accesso → primo fotogramma)     1.632 — accesso → primo fotogramma
  utente 7   C  firefox  c16007u7       GREEN
      GREEN    ritardo input → fotogramma (p95)         30.98 — p95 dei p95 al secondo di «NOSTRO» (copia → byte fuori, 45 righe del figlio) 22.0 ms + 9 ms d'ingresso (tetto costruttivo: poll di 8 ms) · ⚠ strada wlroots: la «copia» e' contata due volte (~4 ms in piu', cattura.c:2309 / figlio.c:5191) — NON corretto, e' dal lato prudente
      GREEN    fotogrammi saltati                       0.0 — 166 consegnati, 166 dipinti (salt 0)
      GREEN    blocco piu' lungo dell'immagine          0.392 — dall'attore (12 righe)
      GREEN    buchi nella catena del video             0.0 — 0 buchi in 120 s
      GREEN    caduta, riavvio, errore che stacca       nessuna caduta, riavvio o errore che stacca
      GREEN    nascita (accesso → primo fotogramma)     1.479 — accesso → primo fotogramma
  utente 8   D  chrome   c16008u8       GREEN
      GREEN    ritardo input → fotogramma (p95)         31.14 — p95 dei p95 al secondo di «NOSTRO» (copia → byte fuori, 120 righe del figlio) 22.1 ms + 9 ms d'ingresso (tetto costruttivo: poll di 8 ms) · ⚠ strada wlroots: la «copia» e' contata due volte (~4 ms in piu', cattura.c:2309 / figlio.c:5191) — NON corretto, e' dal lato prudente
      GREEN    fotogrammi saltati                       0.0 — 3668 consegnati, 3668 dipinti (salt 0)
      GREEN    blocco piu' lungo dell'immagine          0.06 — dall'attore (23 righe)
      GREEN    buchi nella catena del video             0.0 — 0 buchi in 122 s
      GREEN    video: dipinti al secondo                1.005 — 30.1 dipinti/s in 122 s di video, f = 30.0
      GREEN    audio udibile                            100.0 — 6000 suonati su 6000 mandati (6000 ricevuti + 0 mancati)
      GREEN    caduta, riavvio, errore che stacca       nessuna caduta, riavvio o errore che stacca
      GREEN    nascita (accesso → primo fotogramma)     1.636 — accesso → primo fotogramma
  utente 9   A  firefox  c16009u9       GREEN
      GREEN    ritardo input → fotogramma (p95)         30.51 — p95 dei p95 al secondo di «NOSTRO» (copia → byte fuori, 61 righe del figlio) 21.5 ms + 9 ms d'ingresso (tetto costruttivo: poll di 8 ms) · ⚠ strada wlroots: la «copia» e' contata due volte (~4 ms in piu', cattura.c:2309 / figlio.c:5191) — NON corretto, e' dal lato prudente
      GREEN    fotogrammi saltati                       0.0 — 1440 consegnati, 1440 dipinti (salt 0)
      GREEN    blocco piu' lungo dell'immagine          0.049 — dall'attore (16 righe)
      GREEN    buchi nella catena del video             0.0 — 0 buchi in 121 s
      GREEN    caduta, riavvio, errore che stacca       nessuna caduta, riavvio o errore che stacca
      GREEN    nascita (accesso → primo fotogramma)     1.46 — accesso → primo fotogramma
  utente 10  B  chrome   c16010u10      GREEN
      GREEN    ritardo input → fotogramma (p95)         30.45 — p95 dei p95 al secondo di «NOSTRO» (copia → byte fuori, 87 righe del figlio) 21.4 ms + 9 ms d'ingresso (tetto costruttivo: poll di 8 ms) · ⚠ strada wlroots: la «copia» e' contata due volte (~4 ms in piu', cattura.c:2309 / figlio.c:5191) — NON corretto, e' dal lato prudente
      GREEN    fotogrammi saltati                       0.0 — 660 consegnati, 660 dipinti (salt 0)
      GREEN    blocco piu' lungo dell'immagine          0.031 — dall'attore (21 righe)
      GREEN    buchi nella catena del video             0.0 — 0 buchi in 120 s
      GREEN    caduta, riavvio, errore che stacca       nessuna caduta, riavvio o errore che stacca
      GREEN    nascita (accesso → primo fotogramma)     1.419 — accesso → primo fotogramma
  utente 11  C  firefox  c16011u11      GREEN
      GREEN    ritardo input → fotogramma (p95)         30.26 — p95 dei p95 al secondo di «NOSTRO» (copia → byte fuori, 39 righe del figlio) 21.3 ms + 9 ms d'ingresso (tetto costruttivo: poll di 8 ms) · ⚠ strada wlroots: la «copia» e' contata due volte (~4 ms in piu', cattura.c:2309 / figlio.c:5191) — NON corretto, e' dal lato prudente
      GREEN    fotogrammi saltati                       0.0 — 145 consegnati, 145 dipinti (salt 0)
      GREEN    blocco piu' lungo dell'immagine          0.358 — dall'attore (12 righe)
      GREEN    buchi nella catena del video             0.0 — 0 buchi in 119 s
      GREEN    caduta, riavvio, errore che stacca       nessuna caduta, riavvio o errore che stacca
      GREEN    nascita (accesso → primo fotogramma)     1.801 — accesso → primo fotogramma
  utente 12  D  chrome   c16012u12      GREEN
      GREEN    ritardo input → fotogramma (p95)         24.91 — p95 dei p95 al secondo di «NOSTRO» (copia → byte fuori, 120 righe del figlio) 15.9 ms + 9 ms d'ingresso (tetto costruttivo: poll di 8 ms) · ⚠ strada wlroots: la «copia» e' contata due volte (~4 ms in piu', cattura.c:2309 / figlio.c:5191) — NON corretto, e' dal lato prudente
      GREEN    fotogrammi saltati                       0.0 — 3677 consegnati, 3677 dipinti (salt 0)
      GREEN    blocco piu' lungo dell'immagine          0.07 — dall'attore (23 righe)
      GREEN    buchi nella catena del video             0.0 — 0 buchi in 121 s
      GREEN    video: dipinti al secondo                1.01 — 30.3 dipinti/s in 121 s di video, f = 30.0
      GREEN    audio udibile                            100.0 — 6000 suonati su 6000 mandati (6000 ricevuti + 0 mancati)
      GREEN    caduta, riavvio, errore che stacca       nessuna caduta, riavvio o errore che stacca
      GREEN    nascita (accesso → primo fotogramma)     1.735 — accesso → primo fotogramma
  utente 13  A  firefox  c16013u13      GREEN
      GREEN    ritardo input → fotogramma (p95)         31.88 — p95 dei p95 al secondo di «NOSTRO» (copia → byte fuori, 21 righe del figlio) 22.9 ms + 9 ms d'ingresso (tetto costruttivo: poll di 8 ms) · ⚠ strada wlroots: la «copia» e' contata due volte (~4 ms in piu', cattura.c:2309 / figlio.c:5191) — NON corretto, e' dal lato prudente
      GREEN    fotogrammi saltati                       0.0 — 846 consegnati, 846 dipinti (salt 0)
      GREEN    blocco piu' lungo dell'immagine          0.02 — dall'attore (8 righe)
      GREEN    buchi nella catena del video             0.0 — 0 buchi in 122 s
      GREEN    caduta, riavvio, errore che stacca       nessuna caduta, riavvio o errore che stacca
      GREEN    nascita (accesso → primo fotogramma)     1.668 — accesso → primo fotogramma
  utente 14  B  chrome   c16014u14      GREEN
      GREEN    ritardo input → fotogramma (p95)         31.86 — p95 dei p95 al secondo di «NOSTRO» (copia → byte fuori, 70 righe del figlio) 22.9 ms + 9 ms d'ingresso (tetto costruttivo: poll di 8 ms) · ⚠ strada wlroots: la «copia» e' contata due volte (~4 ms in piu', cattura.c:2309 / figlio.c:5191) — NON corretto, e' dal lato prudente
      GREEN    fotogrammi saltati                       0.0 — 606 consegnati, 606 dipinti (salt 0)
      GREEN    blocco piu' lungo dell'immagine          0.03 — dall'attore (19 righe)
      GREEN    buchi nella catena del video             0.0 — 0 buchi in 116 s
      GREEN    caduta, riavvio, errore che stacca       nessuna caduta, riavvio o errore che stacca
      GREEN    nascita (accesso → primo fotogramma)     1.729 — accesso → primo fotogramma
  utente 15  C  firefox  c16015u15      GREEN
      GREEN    ritardo input → fotogramma (p95)         31.33 — p95 dei p95 al secondo di «NOSTRO» (copia → byte fuori, 57 righe del figlio) 22.3 ms + 9 ms d'ingresso (tetto costruttivo: poll di 8 ms) · ⚠ strada wlroots: la «copia» e' contata due volte (~4 ms in piu', cattura.c:2309 / figlio.c:5191) — NON corretto, e' dal lato prudente
      GREEN    fotogrammi saltati                       0.0 — 227 consegnati, 227 dipinti (salt 0)
      GREEN    blocco piu' lungo dell'immagine          0.605 — dall'attore (15 righe)
      GREEN    buchi nella catena del video             0.0 — 0 buchi in 122 s
      GREEN    caduta, riavvio, errore che stacca       nessuna caduta, riavvio o errore che stacca
      GREEN    nascita (accesso → primo fotogramma)     1.691 — accesso → primo fotogramma
  utente 16  D  chrome   c16016u16      GREEN
      GREEN    ritardo input → fotogramma (p95)         27.23 — p95 dei p95 al secondo di «NOSTRO» (copia → byte fuori, 120 righe del figlio) 18.2 ms + 9 ms d'ingresso (tetto costruttivo: poll di 8 ms) · ⚠ strada wlroots: la «copia» e' contata due volte (~4 ms in piu', cattura.c:2309 / figlio.c:5191) — NON corretto, e' dal lato prudente
      GREEN    fotogrammi saltati                       0.0 — 3656 consegnati, 3657 dipinti (salt 0)
      GREEN    blocco piu' lungo dell'immagine          0.07 — dall'attore (23 righe)
      GREEN    buchi nella catena del video             0.0 — 0 buchi in 121 s
      GREEN    video: dipinti al secondo                1.005 — 30.2 dipinti/s in 121 s di video, f = 30.0
      GREEN    audio udibile                            100.0 — 6000 suonati su 6000 mandati (6000 ricevuti + 0 mancati)
      GREEN    caduta, riavvio, errore che stacca       nessuna caduta, riavvio o errore che stacca
      GREEN    nascita (accesso → primo fotogramma)     1.74 — accesso → primo fotogramma
  utente 99  controllo chrome   c16016u99      FAIL
      FAIL     nascita (accesso → primo fotogramma)     la sessione del controllo non e' nata: nessun fotogramma dipinto 90 s dopo l'accesso
      DEGRADED controllo funzionale corto               NON MISURATO: non guardate: F-004, F-007, F-003, F-014
  livello  GREEN    memoria_remotix                PSS 1328 → 1329 MB in 1619 s di lavoro (21:25:05–21:52:04); seconda meta' +0.1 %/ora, +0 MB su +1 · da: inizio del lavoro + 60 s
  livello  GREEN    memoria_sessioni               PSS 6071 → 6139 MB in 1619 s di lavoro (21:25:05–21:52:04); seconda meta' +5.4 %/ora, +74 MB su +68 e CONTINUA a salire · da: inizio del lavoro + 60 s
  livello  GREEN    riavvio_server                 il padre remotix e' lo stesso per tutto il livello
  livello  GREEN    entrati                        entrati 16 su 16
  risorse: cpu macchina 32.78 % (media) · mem usata 27381 MB · card0 disegno 43.72%, video 7.6%, video_enhance 0.0% · card1 disegno 5.49%, video 92.5%
{"campagna": "amd-b-fhd-lxqt", "livello": 16, "desktop": "lxqt", "scheda": "AMD Radeon RX 6800", "driver": "amdgpu intel-media-va-driver=25.2.3+dfsg1-1 libgl1-mesa-dri=25.0.7-2+deb13u1 libva2=2.22.0-3 mesa-va-drivers=25.0.7-2+deb13u1", "misura": "fhd", "commit": "678a2da", "binario": "28a947f5", "pagina": "fb9a18f3", "nucleo": "7.0", "tetto_sessioni": 17, "inizio": "2026-09-28T21:21:07+00:00", "durata_s": 1977, "finestra": ["21:52:04", "21:54:04"], "fps_video": 30.0, "tipo": "livello", "utenti": 17, "sessioni": {"GREEN": 15, "DEGRADED": 0, "FAIL": 2}, "journal_err": {"righe": 642, "per_inquilino": {"c16001u1": 8, "c16002u2": 5, "c16003u3": 5, "c16004u4": 18, "c16005u5": 13, "c16006u6": 5, "c16007u7": 5, "c16008u8": 14, "c16009u9": 9, "c16010u10": 5, "c16011u11": 5, "c16012u12": 7, "c16013u13": 7, "c16014u14": 5, "c16015u15": 5, "c16016u16": 5, "c16016u99": 5}, "esempi": ["figlio  [c16001u1] ⛔ «/usr/bin/loginctl» non e' andato (stato 1)", "figlio  [c16001u1] ⛔ SENZA PALCO alla nascita: la sessione grafica di «c16001u1» non c'e' (ancora).  ⚠ NON esco — §8.3 vieta di staccare — e NON resto fermo: riprovo, la prima volta fra 1000 ms", "figlio  ⛔ il palco di «c16001u1»: bus ⛔ NO, sessione 5, presa 0, monitor «» (0 prima, 0 dopo), 0x0 stride 0 a 0 bit, 0 flussi in consegna — aspetto la tela del cliente", "figlio  [c16001u1] ⛔⛔ FIFO **NON** OTTENUTO: 3 thread su 3 del percorso audio girano a politica NORMALE (nice peggiore 0), e RLIMIT_RTPRIO = 0 — ⚠ il rlimit dice «puoi CHIEDERLA», non «ce l'hai».  `[M", "figlio  ⛔ il palco di «c16001u1»: bus APERTO, sessione 4, presa 0, monitor «» (0 prima, 0 dopo), 0x0 stride 0 a 0 bit, 0 flussi in consegna — il gestore di sessione non è ancora sul bus"], "fonte": "/media/REMOTIX/misure/fase16/amd-b-fhd-lxqt/livello-16-ripetizione/journal-err.jsonl"}, "voci": {"memoria_remotix": {"valore": 0.075, "classe": "GREEN", "significativo": false, "nota": "PSS 1328 → 1329 MB in 1619 s di lavoro (21:25:05–21:52:04); seconda meta' +0.1 %/ora, +0 MB su +1 · da: inizio del lavoro + 60 s", "continua": false, "pendenza_pct_ora": 0.146, "tratto_s": 1619}, "memoria_sessioni": {"valore": 1.116, "classe": "GREEN", "significativo": false, "nota": "PSS 6071 → 6139 MB in 1619 s di lavoro (21:25:05–21:52:04); seconda meta' +5.4 %/ora, +74 MB su +68 e CONTINUA a salire · da: inizio del lavoro + 60 s", "continua": true, "pendenza_pct_ora": 5.443, "tratto_s": 1619}, "riavvio_server": {"valore": 1201183, "classe": "GREEN", "significativo": false, "nota": "il padre remotix e' lo stesso per tutto il livello"}, "entrati": {"valore": 16, "classe": "GREEN", "significativo": false, "nota": "entrati 16 su 16"}}, "risorse": {"campioni": 120, "cpu_macchina_pct": {"media": 32.78, "p95": 39.2, "max": 41.0}, "carico_1m": {"media": 5.71, "p95": 6.17, "max": 6.19}, "mem_usata_mb": {"media": 27112.83, "p95": 27345, "max": 27381}, "mem_totale_mb": 31869, "thread": {"media": 8048.29, "p95": 8121, "max": 8190}, "misuratore_cpu_s": {"media": 0.16, "p95": 0.19, "max": 0.23}, "recinti": {"remotix": {"cpu_core": {"media": 1.24, "p95": 1.38, "max": 1.49}, "pss_mb": {"media": 1333.87, "p95": 1335.5, "max": 1335.5}, "processi": {"media": 18.76, "p95": 19, "max": 19}, "gpu": {"calcolo": {"media": 0.0, "p95": 0.0, "max": 0.0}, "video": {"media": 48.84, "p95": 63.89, "max": 78.09}}}, "sessioni": {"cpu_core": {"media": 1.7, "p95": 2.29, "max": 2.95}, "pss_mb": {"media": 6151.99, "p95": 6168.1, "max": 6170.8}, "processi": {"media": 361.35, "p95": 363, "max": 364}, "gpu": {"calcolo": {"media": 0.0, "p95": 0.01, "max": 0.03}, "disegno": {"media": 5.49, "p95": 6.78, "max": 8.34}, "video": {"media": 43.66, "p95": 46.51, "max": 80.62}}}, "browser": {"cpu_core": {"media": 2.32, "p95": 2.89, "max": 3.27}, "pss_mb": {"media": 7272.22, "p95": 7383.8, "max": 7398.4}, "processi": {"media": 190.55, "p95": 196, "max": 196}, "gpu": {"copia": {"media": 0.0, "p95": 0.0, "max": 0.0}, "disegno": {"media": 34.47, "p95": 38.79, "max": 42.42}, "video": {"media": 7.6, "p95": 8.71, "max": 9.91}, "video_enhance": {"media": 0.0, "p95": 0.0, "max": 0.0}}}, "altro_scatola": {"cpu_core": {"media": 0.05, "p95": 0.06, "max": 0.14}, "pss_mb": {"media": 194.48, "p95": 232.2, "max": 233.0}, "processi": {"media": 25.03, "p95": 25, "max": 27}, "gpu": {}}, "labwc_cliente": {"cpu_core": {"media": 0.11, "p95": 0.15, "max": 0.18}, "pss_mb": {"media": 554.01, "p95": 554.5, "max": 554.5}, "processi": {"media": 17.0, "p95": 17, "max": 17}, "gpu": {"copia": {"media": 0.0, "p95": 0.0, "max": 0.0}, "disegno": {"media": 9.25, "p95": 10.47, "max": 11.59}, "video": {"media": 0.0, "p95": 0.0, "max": 0.0}, "video_enhance": {"media": 0.0, "p95": 0.0, "max": 0.0}}}}, "gpu": {"0000:00:02.0": {"scheda": "card0", "driver": "i915", "copia": {"media": 0.0, "p95": 0.0, "max": 0.0}, "disegno": {"media": 43.72, "p95": 49.48, "max": 54.01}, "video": {"media": 7.6, "p95": 8.71, "max": 9.91}, "video_enhance": {"media": 0.0, "p95": 0.0, "max": 0.0}, "freq_att_mhz": {"media": 432.92, "p95": 1550.0, "max": 1550.0}, "freq_mhz": {"media": 1021.07, "p95": 1550.0, "max": 1550.0}, "temp_c": {"media": 51.74, "p95": 55.0, "max": 57.0}, "potenza_w": {"media": 1.55, "p95": 2.26, "max": 3.28}, "vram_usata_mb": null, "occupata_pct": null, "strozzatura_frazione": {"pl4": 0.12}}, "0000:03:00.0": {"scheda": "card1", "driver": "amdgpu", "calcolo": {"media": 0.0, "p95": 0.01, "max": 0.03}, "disegno": {"media": 5.49, "p95": 6.78, "max": 8.34}, "video": {"media": 92.5, "p95": 110.79, "max": 141.33}, "freq_att_mhz": {"media": 1123.33, "p95": 1600.0, "max": 1600.0}, "freq_mhz": {"media": 70.55, "p95": 133.0, "max": 174.0}, "temp_c": {"media": 61.38, "p95": 65.0, "max": 66.0}, "potenza_w": {"media": 51.04, "p95": 54.0, "max": 55.0}, "vram_usata_mb": {"media": 3603.32, "p95": 3609.9, "max": 3691.0}, "occupata_pct": {"media": 4.81, "p95": 9.0, "max": 13.0}, "strozzatura_frazione": {}}}, "avvisi": ["⚠ PSS illeggibile per 1 processi (non si e' root?)", "⚠ PSS illeggibile per 2 processi (non si e' root?)"]}, "classe": "FAIL", "significativo": true, "ragione": "15 GREEN · 0 DEGRADED · 2 FAIL", "evidenze": ["/media/REMOTIX/misure/fase16/amd-b-fhd-lxqt/livello-16-ripetizione"]}
{"campagna": "amd-b-fhd-lxqt", "livello": 16, "desktop": "lxqt", "scheda": "AMD Radeon RX 6800", "driver": "amdgpu intel-media-va-driver=25.2.3+dfsg1-1 libgl1-mesa-dri=25.0.7-2+deb13u1 libva2=2.22.0-3 mesa-va-drivers=25.0.7-2+deb13u1", "misura": "fhd", "commit": "678a2da", "binario": "28a947f5", "pagina": "fb9a18f3", "nucleo": "7.0", "tetto_sessioni": 17, "inizio": "2026-09-28T21:21:07+00:00", "durata_s": 1977, "finestra": ["21:52:04", "21:54:04"], "fps_video": 30.0, "tipo": "sessione", "utente": 1, "profilo": "A", "browser": "firefox", "versione": "Firefox 140.16.0 · finestra vera", "inquilino": "c16001u1", "misure": {"finestra_s": 123.7, "esperienza": {"giro_eco_p95_ms": 43.1, "giro_eco_campioni": 45, "giro_tutti_p95_ms": 40.6, "giro_tutti_campioni": 152}, "video_non_avanza": 0, "input_azioni": 13, "input_persi": 0, "input_latenza_p95_ms": 209, "tratto": {"righe": 35, "mediana_p95_ms": 13.87, "max_campione_p95_ms": 23.58, "produttore_mediana_ms": 0.0}, "ritardo_p95_ms": 30.12, "nostro": {"righe": 35, "p95_dei_p95_ms": 21.12, "max_al_secondo_max_ms": 23.35, "max_al_secondo_p95_ms": 23.25, "mediana_ms": 13.76, "fotogrammi": 944}, "consegnati": 1034, "dipinti": 1034, "salt": 0, "saltati_pct": 0.0, "lavoro_s": 73.6, "blocco_max_s": 0.241, "buchi": 0, "rete": {"persi": 0, "byte_persi": 0, "spediti": 4862, "byte_spediti": 5631812, "ricevuti": 1283, "scartati": 0, "dgram_persi": 0, "dgram_ok": 0, "dgram_falsi": 0, "connessioni": 1, "perdita_pct": 0.0, "mbit_s": 0.38, "srtt_ms": {"mediana": 0.19, "max": 0.44}, "pto_ms_max": 22.1, "secondi": 118}, "tratto_server_ms": {"mediana": 13.77, "max": 23.35, "ora": "21:53:55.711"}, "nascita_s": 1.73, "journal_err": 8}, "voci": {"ritardo_p95_ms": {"valore": 30.12, "classe": "GREEN", "significativo": false, "nota": "p95 dei p95 al secondo di «NOSTRO» (copia → byte fuori, 35 righe del figlio) 21.1 ms + 9 ms d'ingresso (tetto costruttivo: poll di 8 ms) · ⚠ strada wlroots: la «copia» e' contata due volte (~4 ms in piu', cattura.c:2309 / figlio.c:5191) — NON corretto, e' dal lato prudente"}, "saltati_pct": {"valore": 0.0, "classe": "GREEN", "significativo": false, "nota": "1034 consegnati, 1034 dipinti (salt 0)"}, "blocco_max_s": {"valore": 0.241, "classe": "GREEN", "significativo": false, "nota": "dall'attore (14 righe)"}, "buchi_al_min": {"valore": 0.0, "classe": "GREEN", "significativo": false, "nota": "0 buchi in 124 s"}, "caduta": {"valore": false, "classe": "GREEN", "significativo": false, "nota": "nessuna caduta, riavvio o errore che stacca"}, "nascita_s": {"valore": 1.731, "classe": "GREEN", "significativo": false, "nota": "accesso → primo fotogramma"}}, "classe": "GREEN", "ragione": "tutte le voci GREEN", "non_misurate": [], "evidenze": ["/media/REMOTIX/misure/fase16/amd-b-fhd-lxqt/livello-16-ripetizione/utente-01"]}
{"campagna": "amd-b-fhd-lxqt", "livello": 16, "desktop": "lxqt", "scheda": "AMD Radeon RX 6800", "driver": "amdgpu intel-media-va-driver=25.2.3+dfsg1-1 libgl1-mesa-dri=25.0.7-2+deb13u1 libva2=2.22.0-3 mesa-va-drivers=25.0.7-2+deb13u1", "misura": "fhd", "commit": "678a2da", "binario": "28a947f5", "pagina": "fb9a18f3", "nucleo": "7.0", "tetto_sessioni": 17, "inizio": "2026-09-28T21:21:07+00:00", "durata_s": 1977, "finestra": ["21:52:04", "21:54:04"], "fps_video": 30.0, "tipo": "sessione", "utente": 2, "profilo": "B", "browser": "chrome", "versione": "Chrome/154.0.8037.57 · finestra vera", "inquilino": "c16002u2", "misure": {"finestra_s": 120.0, "esperienza": {"giro_eco_p95_ms": 20.2, "giro_eco_campioni": 176, "giro_tutti_p95_ms": 21.6, "giro_tutti_campioni": 269}, "video_non_avanza": 0, "input_azioni": 4, "input_persi": 0, "input_latenza_p95_ms": 3, "tratto": {"righe": 71, "mediana_p95_ms": 11.42, "max_campione_p95_ms": 28.54, "produttore_mediana_ms": 0.0}, "ritardo_p95_ms": 30.81, "nostro": {"righe": 71, "p95_dei_p95_ms": 21.81, "max_al_secondo_max_ms": 28.54, "max_al_secondo_p95_ms": 21.81, "mediana_ms": 11.51, "fotogrammi": 466}, "consegnati": 465, "dipinti": 465, "salt": 0, "saltati_pct": 0.0, "lavoro_s": 84.4, "blocco_max_s": 0.032, "buchi": 0, "rete": {"persi": 0, "byte_persi": 0, "spediti": 906, "byte_spediti": 892400, "ricevuti": 843, "scartati": 0, "dgram_persi": 0, "dgram_ok": 0, "dgram_falsi": 0, "connessioni": 1, "perdita_pct": 0.0, "mbit_s": 0.06, "srtt_ms": {"mediana": 0.22, "max": 0.36}, "pto_ms_max": 26.7, "secondi": 120}, "tratto_server_ms": {"mediana": 11.05, "max": 28.54, "ora": "21:54:03.732"}, "nascita_s": 1.63, "journal_err": 5}, "voci": {"ritardo_p95_ms": {"valore": 30.81, "classe": "GREEN", "significativo": false, "nota": "p95 dei p95 al secondo di «NOSTRO» (copia → byte fuori, 71 righe del figlio) 21.8 ms + 9 ms d'ingresso (tetto costruttivo: poll di 8 ms) · ⚠ strada wlroots: la «copia» e' contata due volte (~4 ms in piu', cattura.c:2309 / figlio.c:5191) — NON corretto, e' dal lato prudente"}, "saltati_pct": {"valore": 0.0, "classe": "GREEN", "significativo": false, "nota": "465 consegnati, 465 dipinti (salt 0)"}, "blocco_max_s": {"valore": 0.032, "classe": "GREEN", "significativo": false, "nota": "dall'attore (15 righe)"}, "buchi_al_min": {"valore": 0.0, "classe": "GREEN", "significativo": false, "nota": "0 buchi in 120 s"}, "caduta": {"valore": false, "classe": "GREEN", "significativo": false, "nota": "nessuna caduta, riavvio o errore che stacca"}, "nascita_s": {"valore": 1.63, "classe": "GREEN", "significativo": false, "nota": "accesso → primo fotogramma"}}, "classe": "GREEN", "ragione": "tutte le voci GREEN", "non_misurate": [], "evidenze": ["/media/REMOTIX/misure/fase16/amd-b-fhd-lxqt/livello-16-ripetizione/utente-02"]}
{"campagna": "amd-b-fhd-lxqt", "livello": 16, "desktop": "lxqt", "scheda": "AMD Radeon RX 6800", "driver": "amdgpu intel-media-va-driver=25.2.3+dfsg1-1 libgl1-mesa-dri=25.0.7-2+deb13u1 libva2=2.22.0-3 mesa-va-drivers=25.0.7-2+deb13u1", "misura": "fhd", "commit": "678a2da", "binario": "28a947f5", "pagina": "fb9a18f3", "nucleo": "7.0", "tetto_sessioni": 17, "inizio": "2026-09-28T21:21:07+00:00", "durata_s": 1977, "finestra": ["21:52:04", "21:54:04"], "fps_video": 30.0, "tipo": "sessione", "utente": 3, "profilo": "C", "browser": "firefox", "versione": "Firefox 140.16.0 · finestra vera", "inquilino": "c16003u3", "misure": {"finestra_s": 123.2, "esperienza": {"giro_eco_p95_ms": 28, "giro_eco_campioni": 218, "giro_tutti_p95_ms": 29.3, "giro_tutti_campioni": 254}, "video_non_avanza": 0, "input_azioni": 9, "input_persi": 0, "input_latenza_p95_ms": 54, "tratto": {"righe": 54, "mediana_p95_ms": 12.07, "max_campione_p95_ms": 27.86, "produttore_mediana_ms": 0.0}, "ritardo_p95_ms": 30.25, "nostro": {"righe": 54, "p95_dei_p95_ms": 21.25, "max_al_secondo_max_ms": 24.59, "max_al_secondo_p95_ms": 21.25, "mediana_ms": 12.25, "fotogrammi": 248}, "consegnati": 259, "dipinti": 259, "salt": 0, "saltati_pct": 0.0, "lavoro_s": 88.1, "blocco_max_s": 0.29, "buchi": 0, "rete": {"persi": 0, "byte_persi": 0, "spediti": 993, "byte_spediti": 1054332, "ricevuti": 765, "scartati": 0, "dgram_persi": 0, "dgram_ok": 0, "dgram_falsi": 0, "connessioni": 1, "perdita_pct": 0.0, "mbit_s": 0.07, "srtt_ms": {"mediana": 0.19, "max": 0.31}, "pto_ms_max": 21.6, "secondi": 117}, "tratto_server_ms": {"mediana": 12.02, "max": 27.86, "ora": "21:54:00.008"}, "nascita_s": 1.72, "journal_err": 5}, "voci": {"ritardo_p95_ms": {"valore": 30.25, "classe": "GREEN", "significativo": false, "nota": "p95 dei p95 al secondo di «NOSTRO» (copia → byte fuori, 54 righe del figlio) 21.2 ms + 9 ms d'ingresso (tetto costruttivo: poll di 8 ms) · ⚠ strada wlroots: la «copia» e' contata due volte (~4 ms in piu', cattura.c:2309 / figlio.c:5191) — NON corretto, e' dal lato prudente"}, "saltati_pct": {"valore": 0.0, "classe": "GREEN", "significativo": false, "nota": "259 consegnati, 259 dipinti (salt 0)"}, "blocco_max_s": {"valore": 0.29, "classe": "GREEN", "significativo": false, "nota": "dall'attore (15 righe)"}, "buchi_al_min": {"valore": 0.0, "classe": "GREEN", "significativo": false, "nota": "0 buchi in 123 s"}, "caduta": {"valore": false, "classe": "GREEN", "significativo": false, "nota": "nessuna caduta, riavvio o errore che stacca"}, "nascita_s": {"valore": 1.723, "classe": "GREEN", "significativo": false, "nota": "accesso → primo fotogramma"}}, "classe": "GREEN", "ragione": "tutte le voci GREEN", "non_misurate": [], "evidenze": ["/media/REMOTIX/misure/fase16/amd-b-fhd-lxqt/livello-16-ripetizione/utente-03"]}
{"campagna": "amd-b-fhd-lxqt", "livello": 16, "desktop": "lxqt", "scheda": "AMD Radeon RX 6800", "driver": "amdgpu intel-media-va-driver=25.2.3+dfsg1-1 libgl1-mesa-dri=25.0.7-2+deb13u1 libva2=2.22.0-3 mesa-va-drivers=25.0.7-2+deb13u1", "misura": "fhd", "commit": "678a2da", "binario": "28a947f5", "pagina": "fb9a18f3", "nucleo": "7.0", "tetto_sessioni": 17, "inizio": "2026-09-28T21:21:07+00:00", "durata_s": 1977, "finestra": ["21:52:04", "21:54:04"], "fps_video": 30.0, "tipo": "sessione", "utente": 4, "profilo": "D", "browser": "chrome", "versione": "Chrome/154.0.8037.57 · finestra vera", "inquilino": "c16004u4", "misure": {"finestra_s": 121.9, "esperienza": {"giro_eco_p95_ms": null, "giro_eco_campioni": 0, "giro_tutti_p95_ms": null, "giro_tutti_campioni": 0}, "video_non_avanza": 0, "input_azioni": 0, "input_persi": 0, "input_latenza_p95_ms": null, "tratto": {"righe": 116, "mediana_p95_ms": 13.38, "max_campione_p95_ms": 27.99, "produttore_mediana_ms": 0.0}, "ritardo_p95_ms": 33.33, "nostro": {"righe": 116, "p95_dei_p95_ms": 24.33, "max_al_secondo_max_ms": 27.99, "max_al_secondo_p95_ms": 25.8, "mediana_ms": 13.32, "fotogrammi": 3515}, "consegnati": 3523, "dipinti": 3523, "salt": 0, "saltati_pct": 0.0, "lavoro_s": 121.9, "blocco_max_s": 4.42, "buchi": 0, "video_fps": 28.912, "audio_udibile_pct": 0.0, "rete": {"persi": 0, "byte_persi": 0, "spediti": 67885, "byte_spediti": 96789624, "ricevuti": 8535, "scartati": 0, "dgram_persi": 0, "dgram_ok": 0, "dgram_falsi": 0, "connessioni": 1, "perdita_pct": 0.0, "mbit_s": 6.4, "srtt_ms": {"mediana": 0.55, "max": 1.54}, "pto_ms_max": 29.8, "secondi": 121}, "tratto_server_ms": {"mediana": 13.21, "max": 27.6, "ora": "21:54:05.165"}, "nascita_s": 1.64, "journal_err": 18}, "voci": {"ritardo_p95_ms": {"valore": 33.33, "classe": "GREEN", "significativo": false, "nota": "p95 dei p95 al secondo di «NOSTRO» (copia → byte fuori, 116 righe del figlio) 24.3 ms + 9 ms d'ingresso (tetto costruttivo: poll di 8 ms) · ⚠ strada wlroots: la «copia» e' contata due volte (~4 ms in piu', cattura.c:2309 / figlio.c:5191) — NON corretto, e' dal lato prudente"}, "saltati_pct": {"valore": 0.0, "classe": "GREEN", "significativo": false, "nota": "3523 consegnati, 3523 dipinti (salt 0)"}, "blocco_max_s": {"valore": 4.42, "classe": "FAIL", "significativo": true, "nota": "dall'attore (23 righe)"}, "buchi_al_min": {"valore": 0.0, "classe": "GREEN", "significativo": false, "nota": "0 buchi in 122 s"}, "video_frazione_f": {"valore": 0.964, "classe": "GREEN", "significativo": false, "nota": "28.9 dipinti/s in 122 s di video, f = 30.0"}, "audio_udibile_pct": {"valore": 0.0, "classe": "FAIL", "significativo": true, "nota": "NESSUN blocco audio nella finestra mentre il video gira"}, "caduta": {"valore": false, "classe": "GREEN", "significativo": false, "nota": "nessuna caduta, riavvio o errore che stacca"}, "nascita_s": {"valore": 1.642, "classe": "GREEN", "significativo": false, "nota": "accesso → primo fotogramma"}}, "classe": "FAIL", "ragione": "FAIL blocco piu' lungo dell'immagine: 4.42 — dall'attore (23 righe) · FAIL audio udibile: 0.0 — NESSUN blocco audio nella finestra mentre il video gira", "non_misurate": [], "evidenze": ["/media/REMOTIX/misure/fase16/amd-b-fhd-lxqt/livello-16-ripetizione/utente-04"]}
{"campagna": "amd-b-fhd-lxqt", "livello": 16, "desktop": "lxqt", "scheda": "AMD Radeon RX 6800", "driver": "amdgpu intel-media-va-driver=25.2.3+dfsg1-1 libgl1-mesa-dri=25.0.7-2+deb13u1 libva2=2.22.0-3 mesa-va-drivers=25.0.7-2+deb13u1", "misura": "fhd", "commit": "678a2da", "binario": "28a947f5", "pagina": "fb9a18f3", "nucleo": "7.0", "tetto_sessioni": 17, "inizio": "2026-09-28T21:21:07+00:00", "durata_s": 1977, "finestra": ["21:52:04", "21:54:04"], "fps_video": 30.0, "tipo": "sessione", "utente": 5, "profilo": "A", "browser": "firefox", "versione": "Firefox 140.16.0 · finestra vera", "inquilino": "c16005u5", "misure": {"finestra_s": 121.9, "esperienza": {"giro_eco_p95_ms": 46.5, "giro_eco_campioni": 105, "giro_tutti_p95_ms": 41.3, "giro_tutti_campioni": 260}, "video_non_avanza": 0, "input_azioni": 17, "input_persi": 0, "input_latenza_p95_ms": 240, "tratto": {"righe": 47, "mediana_p95_ms": 13.95, "max_campione_p95_ms": 28.6, "produttore_mediana_ms": 0.0}, "ritardo_p95_ms": 32.55, "nostro": {"righe": 47, "p95_dei_p95_ms": 23.55, "max_al_secondo_max_ms": 27.13, "max_al_secondo_p95_ms": 24.19, "mediana_ms": 13.8, "fotogrammi": 1210}, "consegnati": 1250, "dipinti": 1250, "salt": 0, "saltati_pct": 0.0, "lavoro_s": 76.7, "blocco_max_s": 0.243, "buchi": 0, "rete": {"persi": 0, "byte_persi": 0, "spediti": 4652, "byte_spediti": 4938140, "ricevuti": 1781, "scartati": 0, "dgram_persi": 0, "dgram_ok": 0, "dgram_falsi": 0, "connessioni": 1, "perdita_pct": 0.0, "mbit_s": 0.33, "srtt_ms": {"mediana": 0.19, "max": 0.49}, "pto_ms_max": 21.6, "secondi": 120}, "tratto_server_ms": {"mediana": 13.93, "max": 24.19, "ora": "21:53:53.573"}, "nascita_s": 1.68, "journal_err": 13}, "voci": {"ritardo_p95_ms": {"valore": 32.55, "classe": "GREEN", "significativo": false, "nota": "p95 dei p95 al secondo di «NOSTRO» (copia → byte fuori, 47 righe del figlio) 23.6 ms + 9 ms d'ingresso (tetto costruttivo: poll di 8 ms) · ⚠ strada wlroots: la «copia» e' contata due volte (~4 ms in piu', cattura.c:2309 / figlio.c:5191) — NON corretto, e' dal lato prudente"}, "saltati_pct": {"valore": 0.0, "classe": "GREEN", "significativo": false, "nota": "1250 consegnati, 1250 dipinti (salt 0)"}, "blocco_max_s": {"valore": 0.243, "classe": "GREEN", "significativo": false, "nota": "dall'attore (14 righe)"}, "buchi_al_min": {"valore": 0.0, "classe": "GREEN", "significativo": false, "nota": "0 buchi in 122 s"}, "caduta": {"valore": false, "classe": "GREEN", "significativo": false, "nota": "nessuna caduta, riavvio o errore che stacca"}, "nascita_s": {"valore": 1.677, "classe": "GREEN", "significativo": false, "nota": "accesso → primo fotogramma"}}, "classe": "GREEN", "ragione": "tutte le voci GREEN", "non_misurate": [], "evidenze": ["/media/REMOTIX/misure/fase16/amd-b-fhd-lxqt/livello-16-ripetizione/utente-05"]}
{"campagna": "amd-b-fhd-lxqt", "livello": 16, "desktop": "lxqt", "scheda": "AMD Radeon RX 6800", "driver": "amdgpu intel-media-va-driver=25.2.3+dfsg1-1 libgl1-mesa-dri=25.0.7-2+deb13u1 libva2=2.22.0-3 mesa-va-drivers=25.0.7-2+deb13u1", "misura": "fhd", "commit": "678a2da", "binario": "28a947f5", "pagina": "fb9a18f3", "nucleo": "7.0", "tetto_sessioni": 17, "inizio": "2026-09-28T21:21:07+00:00", "durata_s": 1977, "finestra": ["21:52:04", "21:54:04"], "fps_video": 30.0, "tipo": "sessione", "utente": 6, "profilo": "B", "browser": "chrome", "versione": "Chrome/154.0.8037.57 · finestra vera", "inquilino": "c16006u6", "misure": {"finestra_s": 121.0, "esperienza": {"giro_eco_p95_ms": 18.6, "giro_eco_campioni": 203, "giro_tutti_p95_ms": 22.4, "giro_tutti_campioni": 278}, "video_non_avanza": 0, "input_azioni": 3, "input_persi": 0, "input_latenza_p95_ms": 2062, "tratto": {"righe": 72, "mediana_p95_ms": 11.13, "max_campione_p95_ms": 34.7, "produttore_mediana_ms": 0.0}, "ritardo_p95_ms": 31.45, "nostro": {"righe": 72, "p95_dei_p95_ms": 22.45, "max_al_secondo_max_ms": 34.7, "max_al_secondo_p95_ms": 22.45, "mediana_ms": 11.72, "fotogrammi": 519}, "consegnati": 522, "dipinti": 522, "salt": 0, "saltati_pct": 0.0, "lavoro_s": 100.4, "blocco_max_s": 0.031, "buchi": 0, "rete": {"persi": 0, "byte_persi": 0, "spediti": 960, "byte_spediti": 967488, "ricevuti": 858, "scartati": 0, "dgram_persi": 0, "dgram_ok": 0, "dgram_falsi": 0, "connessioni": 1, "perdita_pct": 0.0, "mbit_s": 0.07, "srtt_ms": {"mediana": 0.24, "max": 0.41}, "pto_ms_max": 26.5, "secondi": 117}, "tratto_server_ms": {"mediana": 11.1, "max": 34.7, "ora": "21:54:05.476"}, "nascita_s": 1.63, "journal_err": 5}, "voci": {"ritardo_p95_ms": {"valore": 31.45, "classe": "GREEN", "significativo": false, "nota": "p95 dei p95 al secondo di «NOSTRO» (copia → byte fuori, 72 righe del figlio) 22.4 ms + 9 ms d'ingresso (tetto costruttivo: poll di 8 ms) · ⚠ strada wlroots: la «copia» e' contata due volte (~4 ms in piu', cattura.c:2309 / figlio.c:5191) — NON corretto, e' dal lato prudente"}, "saltati_pct": {"valore": 0.0, "classe": "GREEN", "significativo": false, "nota": "522 consegnati, 522 dipinti (salt 0)"}, "blocco_max_s": {"valore": 0.031, "classe": "GREEN", "significativo": false, "nota": "dall'attore (18 righe)"}, "buchi_al_min": {"valore": 0.0, "classe": "GREEN", "significativo": false, "nota": "0 buchi in 121 s"}, "caduta": {"valore": false, "classe": "GREEN", "significativo": false, "nota": "nessuna caduta, riavvio o errore che stacca"}, "nascita_s": {"valore": 1.632, "classe": "GREEN", "significativo": false, "nota": "accesso → primo fotogramma"}}, "classe": "GREEN", "ragione": "tutte le voci GREEN", "non_misurate": [], "evidenze": ["/media/REMOTIX/misure/fase16/amd-b-fhd-lxqt/livello-16-ripetizione/utente-06"]}
{"campagna": "amd-b-fhd-lxqt", "livello": 16, "desktop": "lxqt", "scheda": "AMD Radeon RX 6800", "driver": "amdgpu intel-media-va-driver=25.2.3+dfsg1-1 libgl1-mesa-dri=25.0.7-2+deb13u1 libva2=2.22.0-3 mesa-va-drivers=25.0.7-2+deb13u1", "misura": "fhd", "commit": "678a2da", "binario": "28a947f5", "pagina": "fb9a18f3", "nucleo": "7.0", "tetto_sessioni": 17, "inizio": "2026-09-28T21:21:07+00:00", "durata_s": 1977, "finestra": ["21:52:04", "21:54:04"], "fps_video": 30.0, "tipo": "sessione", "utente": 7, "profilo": "C", "browser": "firefox", "versione": "Firefox 140.16.0 · finestra vera", "inquilino": "c16007u7", "misure": {"finestra_s": 119.7, "esperienza": {"giro_eco_p95_ms": 28.8, "giro_eco_campioni": 119, "giro_tutti_p95_ms": 30.8, "giro_tutti_campioni": 162}, "video_non_avanza": 0, "input_azioni": 5, "input_persi": 0, "input_latenza_p95_ms": 48, "tratto": {"righe": 45, "mediana_p95_ms": 12.33, "max_campione_p95_ms": 28.77, "produttore_mediana_ms": 0.0}, "ritardo_p95_ms": 30.98, "nostro": {"righe": 45, "p95_dei_p95_ms": 21.98, "max_al_secondo_max_ms": 28.77, "max_al_secondo_p95_ms": 21.98, "mediana_ms": 11.99, "fotogrammi": 169}, "consegnati": 166, "dipinti": 166, "salt": 0, "saltati_pct": 0.0, "lavoro_s": 64.4, "blocco_max_s": 0.392, "buchi": 0, "rete": {"persi": 0, "byte_persi": 0, "spediti": 795, "byte_spediti": 889164, "ricevuti": 512, "scartati": 0, "dgram_persi": 0, "dgram_ok": 0, "dgram_falsi": 0, "connessioni": 1, "perdita_pct": 0.0, "mbit_s": 0.06, "srtt_ms": {"mediana": 0.2, "max": 0.34}, "pto_ms_max": 21.7, "secondi": 120}, "tratto_server_ms": {"mediana": 12.27, "max": 28.77, "ora": "21:54:03.742"}, "nascita_s": 1.48, "journal_err": 5}, "voci": {"ritardo_p95_ms": {"valore": 30.98, "classe": "GREEN", "significativo": false, "nota": "p95 dei p95 al secondo di «NOSTRO» (copia → byte fuori, 45 righe del figlio) 22.0 ms + 9 ms d'ingresso (tetto costruttivo: poll di 8 ms) · ⚠ strada wlroots: la «copia» e' contata due volte (~4 ms in piu', cattura.c:2309 / figlio.c:5191) — NON corretto, e' dal lato prudente"}, "saltati_pct": {"valore": 0.0, "classe": "GREEN", "significativo": false, "nota": "166 consegnati, 166 dipinti (salt 0)"}, "blocco_max_s": {"valore": 0.392, "classe": "GREEN", "significativo": false, "nota": "dall'attore (12 righe)"}, "buchi_al_min": {"valore": 0.0, "classe": "GREEN", "significativo": false, "nota": "0 buchi in 120 s"}, "caduta": {"valore": false, "classe": "GREEN", "significativo": false, "nota": "nessuna caduta, riavvio o errore che stacca"}, "nascita_s": {"valore": 1.479, "classe": "GREEN", "significativo": false, "nota": "accesso → primo fotogramma"}}, "classe": "GREEN", "ragione": "tutte le voci GREEN", "non_misurate": [], "evidenze": ["/media/REMOTIX/misure/fase16/amd-b-fhd-lxqt/livello-16-ripetizione/utente-07"]}
{"campagna": "amd-b-fhd-lxqt", "livello": 16, "desktop": "lxqt", "scheda": "AMD Radeon RX 6800", "driver": "amdgpu intel-media-va-driver=25.2.3+dfsg1-1 libgl1-mesa-dri=25.0.7-2+deb13u1 libva2=2.22.0-3 mesa-va-drivers=25.0.7-2+deb13u1", "misura": "fhd", "commit": "678a2da", "binario": "28a947f5", "pagina": "fb9a18f3", "nucleo": "7.0", "tetto_sessioni": 17, "inizio": "2026-09-28T21:21:07+00:00", "durata_s": 1977, "finestra": ["21:52:04", "21:54:04"], "fps_video": 30.0, "tipo": "sessione", "utente": 8, "profilo": "D", "browser": "chrome", "versione": "Chrome/154.0.8037.57 · finestra vera", "inquilino": "c16008u8", "misure": {"finestra_s": 121.7, "esperienza": {"giro_eco_p95_ms": null, "giro_eco_campioni": 0, "giro_tutti_p95_ms": 29.2, "giro_tutti_campioni": 7}, "video_non_avanza": 0, "input_azioni": 0, "input_persi": 0, "input_latenza_p95_ms": null, "tratto": {"righe": 120, "mediana_p95_ms": 12.16, "max_campione_p95_ms": 25.95, "produttore_mediana_ms": 0.0}, "ritardo_p95_ms": 31.14, "nostro": {"righe": 120, "p95_dei_p95_ms": 22.14, "max_al_secondo_max_ms": 25.95, "max_al_secondo_p95_ms": 25.06, "mediana_ms": 11.98, "fotogrammi": 3662}, "consegnati": 3668, "dipinti": 3668, "salt": 0, "saltati_pct": 0.0, "lavoro_s": 121.7, "blocco_max_s": 0.06, "buchi": 0, "video_fps": 30.138, "audio_udibile_pct": 100.0, "rete": {"persi": 0, "byte_persi": 0, "spediti": 77092, "byte_spediti": 110060276, "ricevuti": 13672, "scartati": 0, "dgram_persi": 0, "dgram_ok": 6000, "dgram_falsi": 0, "connessioni": 1, "perdita_pct": 0.0, "mbit_s": 7.28, "srtt_ms": {"mediana": 0.37, "max": 1.5}, "pto_ms_max": 30.6, "secondi": 121}, "tratto_server_ms": {"mediana": 12.11, "max": 24.86, "ora": "21:54:05.212"}, "nascita_s": 1.64, "journal_err": 14}, "voci": {"ritardo_p95_ms": {"valore": 31.14, "classe": "GREEN", "significativo": false, "nota": "p95 dei p95 al secondo di «NOSTRO» (copia → byte fuori, 120 righe del figlio) 22.1 ms + 9 ms d'ingresso (tetto costruttivo: poll di 8 ms) · ⚠ strada wlroots: la «copia» e' contata due volte (~4 ms in piu', cattura.c:2309 / figlio.c:5191) — NON corretto, e' dal lato prudente"}, "saltati_pct": {"valore": 0.0, "classe": "GREEN", "significativo": false, "nota": "3668 consegnati, 3668 dipinti (salt 0)"}, "blocco_max_s": {"valore": 0.06, "classe": "GREEN", "significativo": false, "nota": "dall'attore (23 righe)"}, "buchi_al_min": {"valore": 0.0, "classe": "GREEN", "significativo": false, "nota": "0 buchi in 122 s"}, "video_frazione_f": {"valore": 1.005, "classe": "GREEN", "significativo": false, "nota": "30.1 dipinti/s in 122 s di video, f = 30.0"}, "audio_udibile_pct": {"valore": 100.0, "classe": "GREEN", "significativo": false, "nota": "6000 suonati su 6000 mandati (6000 ricevuti + 0 mancati)"}, "caduta": {"valore": false, "classe": "GREEN", "significativo": false, "nota": "nessuna caduta, riavvio o errore che stacca"}, "nascita_s": {"valore": 1.636, "classe": "GREEN", "significativo": false, "nota": "accesso → primo fotogramma"}}, "classe": "GREEN", "ragione": "tutte le voci GREEN", "non_misurate": [], "evidenze": ["/media/REMOTIX/misure/fase16/amd-b-fhd-lxqt/livello-16-ripetizione/utente-08"]}
{"campagna": "amd-b-fhd-lxqt", "livello": 16, "desktop": "lxqt", "scheda": "AMD Radeon RX 6800", "driver": "amdgpu intel-media-va-driver=25.2.3+dfsg1-1 libgl1-mesa-dri=25.0.7-2+deb13u1 libva2=2.22.0-3 mesa-va-drivers=25.0.7-2+deb13u1", "misura": "fhd", "commit": "678a2da", "binario": "28a947f5", "pagina": "fb9a18f3", "nucleo": "7.0", "tetto_sessioni": 17, "inizio": "2026-09-28T21:21:07+00:00", "durata_s": 1977, "finestra": ["21:52:04", "21:54:04"], "fps_video": 30.0, "tipo": "sessione", "utente": 9, "profilo": "A", "browser": "firefox", "versione": "Firefox 140.16.0 · finestra vera", "inquilino": "c16009u9", "misure": {"finestra_s": 121.4, "esperienza": {"giro_eco_p95_ms": 41.6, "giro_eco_campioni": 63, "giro_tutti_p95_ms": 37.4, "giro_tutti_campioni": 243}, "video_non_avanza": 0, "input_azioni": 20, "input_persi": 0, "input_latenza_p95_ms": 186, "tratto": {"righe": 61, "mediana_p95_ms": 13.93, "max_campione_p95_ms": 38.52, "produttore_mediana_ms": 0.0}, "ritardo_p95_ms": 30.51, "nostro": {"righe": 61, "p95_dei_p95_ms": 21.51, "max_al_secondo_max_ms": 26.3, "max_al_secondo_p95_ms": 23.11, "mediana_ms": 13.71, "fotogrammi": 1469}, "consegnati": 1440, "dipinti": 1440, "salt": 0, "saltati_pct": 0.0, "lavoro_s": 86.3, "blocco_max_s": 0.049, "buchi": 0, "rete": {"persi": 0, "byte_persi": 0, "spediti": 6502, "byte_spediti": 7295128, "ricevuti": 1984, "scartati": 0, "dgram_persi": 0, "dgram_ok": 0, "dgram_falsi": 0, "connessioni": 1, "perdita_pct": 0.0, "mbit_s": 0.49, "srtt_ms": {"mediana": 0.2, "max": 0.59}, "pto_ms_max": 23.9, "secondi": 120}, "tratto_server_ms": {"mediana": 13.65, "max": 22.23, "ora": "21:54:04.719"}, "nascita_s": 1.46, "journal_err": 9}, "voci": {"ritardo_p95_ms": {"valore": 30.51, "classe": "GREEN", "significativo": false, "nota": "p95 dei p95 al secondo di «NOSTRO» (copia → byte fuori, 61 righe del figlio) 21.5 ms + 9 ms d'ingresso (tetto costruttivo: poll di 8 ms) · ⚠ strada wlroots: la «copia» e' contata due volte (~4 ms in piu', cattura.c:2309 / figlio.c:5191) — NON corretto, e' dal lato prudente"}, "saltati_pct": {"valore": 0.0, "classe": "GREEN", "significativo": false, "nota": "1440 consegnati, 1440 dipinti (salt 0)"}, "blocco_max_s": {"valore": 0.049, "classe": "GREEN", "significativo": false, "nota": "dall'attore (16 righe)"}, "buchi_al_min": {"valore": 0.0, "classe": "GREEN", "significativo": false, "nota": "0 buchi in 121 s"}, "caduta": {"valore": false, "classe": "GREEN", "significativo": false, "nota": "nessuna caduta, riavvio o errore che stacca"}, "nascita_s": {"valore": 1.46, "classe": "GREEN", "significativo": false, "nota": "accesso → primo fotogramma"}}, "classe": "GREEN", "ragione": "tutte le voci GREEN", "non_misurate": [], "evidenze": ["/media/REMOTIX/misure/fase16/amd-b-fhd-lxqt/livello-16-ripetizione/utente-09"]}
{"campagna": "amd-b-fhd-lxqt", "livello": 16, "desktop": "lxqt", "scheda": "AMD Radeon RX 6800", "driver": "amdgpu intel-media-va-driver=25.2.3+dfsg1-1 libgl1-mesa-dri=25.0.7-2+deb13u1 libva2=2.22.0-3 mesa-va-drivers=25.0.7-2+deb13u1", "misura": "fhd", "commit": "678a2da", "binario": "28a947f5", "pagina": "fb9a18f3", "nucleo": "7.0", "tetto_sessioni": 17, "inizio": "2026-09-28T21:21:07+00:00", "durata_s": 1977, "finestra": ["21:52:04", "21:54:04"], "fps_video": 30.0, "tipo": "sessione", "utente": 10, "profilo": "B", "browser": "chrome", "versione": "Chrome/154.0.8037.57 · finestra vera", "inquilino": "c16010u10", "misure": {"finestra_s": 120.2, "esperienza": {"giro_eco_p95_ms": 18.8, "giro_eco_campioni": 253, "giro_tutti_p95_ms": 22, "giro_tutti_campioni": 362}, "video_non_avanza": 0, "input_azioni": 5, "input_persi": 0, "input_latenza_p95_ms": 2343, "tratto": {"righe": 87, "mediana_p95_ms": 11.6, "max_campione_p95_ms": 25.05, "produttore_mediana_ms": 0.0}, "ritardo_p95_ms": 30.45, "nostro": {"righe": 87, "p95_dei_p95_ms": 21.45, "max_al_secondo_max_ms": 22.99, "max_al_secondo_p95_ms": 21.45, "mediana_ms": 11.87, "fotogrammi": 686}, "consegnati": 660, "dipinti": 660, "salt": 0, "saltati_pct": 0.0, "lavoro_s": 115.1, "blocco_max_s": 0.031, "buchi": 0, "rete": {"persi": 0, "byte_persi": 0, "spediti": 1297, "byte_spediti": 1312312, "ricevuti": 1162, "scartati": 0, "dgram_persi": 0, "dgram_ok": 0, "dgram_falsi": 0, "connessioni": 1, "perdita_pct": 0.0, "mbit_s": 0.09, "srtt_ms": {"mediana": 0.34, "max": 0.66}, "pto_ms_max": 28.2, "secondi": 120}, "tratto_server_ms": {"mediana": 11.46, "max": 22.99, "ora": "21:54:04.817"}, "nascita_s": 1.42, "journal_err": 5}, "voci": {"ritardo_p95_ms": {"valore": 30.45, "classe": "GREEN", "significativo": false, "nota": "p95 dei p95 al secondo di «NOSTRO» (copia → byte fuori, 87 righe del figlio) 21.4 ms + 9 ms d'ingresso (tetto costruttivo: poll di 8 ms) · ⚠ strada wlroots: la «copia» e' contata due volte (~4 ms in piu', cattura.c:2309 / figlio.c:5191) — NON corretto, e' dal lato prudente"}, "saltati_pct": {"valore": 0.0, "classe": "GREEN", "significativo": false, "nota": "660 consegnati, 660 dipinti (salt 0)"}, "blocco_max_s": {"valore": 0.031, "classe": "GREEN", "significativo": false, "nota": "dall'attore (21 righe)"}, "buchi_al_min": {"valore": 0.0, "classe": "GREEN", "significativo": false, "nota": "0 buchi in 120 s"}, "caduta": {"valore": false, "classe": "GREEN", "significativo": false, "nota": "nessuna caduta, riavvio o errore che stacca"}, "nascita_s": {"valore": 1.419, "classe": "GREEN", "significativo": false, "nota": "accesso → primo fotogramma"}}, "classe": "GREEN", "ragione": "tutte le voci GREEN", "non_misurate": [], "evidenze": ["/media/REMOTIX/misure/fase16/amd-b-fhd-lxqt/livello-16-ripetizione/utente-10"]}
{"campagna": "amd-b-fhd-lxqt", "livello": 16, "desktop": "lxqt", "scheda": "AMD Radeon RX 6800", "driver": "amdgpu intel-media-va-driver=25.2.3+dfsg1-1 libgl1-mesa-dri=25.0.7-2+deb13u1 libva2=2.22.0-3 mesa-va-drivers=25.0.7-2+deb13u1", "misura": "fhd", "commit": "678a2da", "binario": "28a947f5", "pagina": "fb9a18f3", "nucleo": "7.0", "tetto_sessioni": 17, "inizio": "2026-09-28T21:21:07+00:00", "durata_s": 1977, "finestra": ["21:52:04", "21:54:04"], "fps_video": 30.0, "tipo": "sessione", "utente": 11, "profilo": "C", "browser": "firefox", "versione": "Firefox 140.16.0 · finestra vera", "inquilino": "c16011u11", "misure": {"finestra_s": 119.2, "esperienza": {"giro_eco_p95_ms": 29.8, "giro_eco_campioni": 86, "giro_tutti_p95_ms": 28.7, "giro_tutti_campioni": 141}, "video_non_avanza": 0, "input_azioni": 4, "input_persi": 0, "input_latenza_p95_ms": 6, "tratto": {"righe": 39, "mediana_p95_ms": 12.29, "max_campione_p95_ms": 24.3, "produttore_mediana_ms": 0.0}, "ritardo_p95_ms": 30.26, "nostro": {"righe": 39, "p95_dei_p95_ms": 21.26, "max_al_secondo_max_ms": 24.08, "max_al_secondo_p95_ms": 21.26, "mediana_ms": 11.68, "fotogrammi": 150}, "consegnati": 145, "dipinti": 145, "salt": 0, "saltati_pct": 0.0, "lavoro_s": 64.0, "blocco_max_s": 0.358, "buchi": 0, "rete": {"persi": 0, "byte_persi": 0, "spediti": 575, "byte_spediti": 601408, "ricevuti": 468, "scartati": 0, "dgram_persi": 0, "dgram_ok": 0, "dgram_falsi": 0, "connessioni": 1, "perdita_pct": 0.0, "mbit_s": 0.04, "srtt_ms": {"mediana": 0.19, "max": 0.34}, "pto_ms_max": 22.0, "secondi": 119}, "tratto_server_ms": {"mediana": 11.87, "max": 24.3, "ora": "21:54:04.773"}, "nascita_s": 1.8, "journal_err": 5}, "voci": {"ritardo_p95_ms": {"valore": 30.26, "classe": "GREEN", "significativo": false, "nota": "p95 dei p95 al secondo di «NOSTRO» (copia → byte fuori, 39 righe del figlio) 21.3 ms + 9 ms d'ingresso (tetto costruttivo: poll di 8 ms) · ⚠ strada wlroots: la «copia» e' contata due volte (~4 ms in piu', cattura.c:2309 / figlio.c:5191) — NON corretto, e' dal lato prudente"}, "saltati_pct": {"valore": 0.0, "classe": "GREEN", "significativo": false, "nota": "145 consegnati, 145 dipinti (salt 0)"}, "blocco_max_s": {"valore": 0.358, "classe": "GREEN", "significativo": false, "nota": "dall'attore (12 righe)"}, "buchi_al_min": {"valore": 0.0, "classe": "GREEN", "significativo": false, "nota": "0 buchi in 119 s"}, "caduta": {"valore": false, "classe": "GREEN", "significativo": false, "nota": "nessuna caduta, riavvio o errore che stacca"}, "nascita_s": {"valore": 1.801, "classe": "GREEN", "significativo": false, "nota": "accesso → primo fotogramma"}}, "classe": "GREEN", "ragione": "tutte le voci GREEN", "non_misurate": [], "evidenze": ["/media/REMOTIX/misure/fase16/amd-b-fhd-lxqt/livello-16-ripetizione/utente-11"]}
{"campagna": "amd-b-fhd-lxqt", "livello": 16, "desktop": "lxqt", "scheda": "AMD Radeon RX 6800", "driver": "amdgpu intel-media-va-driver=25.2.3+dfsg1-1 libgl1-mesa-dri=25.0.7-2+deb13u1 libva2=2.22.0-3 mesa-va-drivers=25.0.7-2+deb13u1", "misura": "fhd", "commit": "678a2da", "binario": "28a947f5", "pagina": "fb9a18f3", "nucleo": "7.0", "tetto_sessioni": 17, "inizio": "2026-09-28T21:21:07+00:00", "durata_s": 1977, "finestra": ["21:52:04", "21:54:04"], "fps_video": 30.0, "tipo": "sessione", "utente": 12, "profilo": "D", "browser": "chrome", "versione": "Chrome/154.0.8037.57 · finestra vera", "inquilino": "c16012u12", "misure": {"finestra_s": 121.4, "esperienza": {"giro_eco_p95_ms": null, "giro_eco_campioni": 0, "giro_tutti_p95_ms": 26.8, "giro_tutti_campioni": 12}, "video_non_avanza": 0, "input_azioni": 0, "input_persi": 0, "input_latenza_p95_ms": null, "tratto": {"righe": 120, "mediana_p95_ms": 12.33, "max_campione_p95_ms": 24.09, "produttore_mediana_ms": 0.0}, "ritardo_p95_ms": 24.91, "nostro": {"righe": 120, "p95_dei_p95_ms": 15.91, "max_al_secondo_max_ms": 24.09, "max_al_secondo_p95_ms": 19.53, "mediana_ms": 12.23, "fotogrammi": 3674}, "consegnati": 3677, "dipinti": 3677, "salt": 0, "saltati_pct": 0.0, "lavoro_s": 121.4, "blocco_max_s": 0.07, "buchi": 0, "video_fps": 30.294, "audio_udibile_pct": 100.0, "rete": {"persi": 0, "byte_persi": 0, "spediti": 57011, "byte_spediti": 79251344, "ricevuti": 11820, "scartati": 0, "dgram_persi": 0, "dgram_ok": 6000, "dgram_falsi": 0, "connessioni": 1, "perdita_pct": 0.0, "mbit_s": 5.24, "srtt_ms": {"mediana": 0.27, "max": 0.6}, "pto_ms_max": 28.6, "secondi": 121}, "tratto_server_ms": {"mediana": 12.34, "max": 24.09, "ora": "21:54:05.263"}, "nascita_s": 1.74, "journal_err": 7}, "voci": {"ritardo_p95_ms": {"valore": 24.91, "classe": "GREEN", "significativo": false, "nota": "p95 dei p95 al secondo di «NOSTRO» (copia → byte fuori, 120 righe del figlio) 15.9 ms + 9 ms d'ingresso (tetto costruttivo: poll di 8 ms) · ⚠ strada wlroots: la «copia» e' contata due volte (~4 ms in piu', cattura.c:2309 / figlio.c:5191) — NON corretto, e' dal lato prudente"}, "saltati_pct": {"valore": 0.0, "classe": "GREEN", "significativo": false, "nota": "3677 consegnati, 3677 dipinti (salt 0)"}, "blocco_max_s": {"valore": 0.07, "classe": "GREEN", "significativo": false, "nota": "dall'attore (23 righe)"}, "buchi_al_min": {"valore": 0.0, "classe": "GREEN", "significativo": false, "nota": "0 buchi in 121 s"}, "video_frazione_f": {"valore": 1.01, "classe": "GREEN", "significativo": false, "nota": "30.3 dipinti/s in 121 s di video, f = 30.0"}, "audio_udibile_pct": {"valore": 100.0, "classe": "GREEN", "significativo": false, "nota": "6000 suonati su 6000 mandati (6000 ricevuti + 0 mancati)"}, "caduta": {"valore": false, "classe": "GREEN", "significativo": false, "nota": "nessuna caduta, riavvio o errore che stacca"}, "nascita_s": {"valore": 1.735, "classe": "GREEN", "significativo": false, "nota": "accesso → primo fotogramma"}}, "classe": "GREEN", "ragione": "tutte le voci GREEN", "non_misurate": [], "evidenze": ["/media/REMOTIX/misure/fase16/amd-b-fhd-lxqt/livello-16-ripetizione/utente-12"]}
{"campagna": "amd-b-fhd-lxqt", "livello": 16, "desktop": "lxqt", "scheda": "AMD Radeon RX 6800", "driver": "amdgpu intel-media-va-driver=25.2.3+dfsg1-1 libgl1-mesa-dri=25.0.7-2+deb13u1 libva2=2.22.0-3 mesa-va-drivers=25.0.7-2+deb13u1", "misura": "fhd", "commit": "678a2da", "binario": "28a947f5", "pagina": "fb9a18f3", "nucleo": "7.0", "tetto_sessioni": 17, "inizio": "2026-09-28T21:21:07+00:00", "durata_s": 1977, "finestra": ["21:52:04", "21:54:04"], "fps_video": 30.0, "tipo": "sessione", "utente": 13, "profilo": "A", "browser": "firefox", "versione": "Firefox 140.16.0 · finestra vera", "inquilino": "c16013u13", "misure": {"finestra_s": 121.7, "esperienza": {"giro_eco_p95_ms": null, "giro_eco_campioni": 0, "giro_tutti_p95_ms": 24.7, "giro_tutti_campioni": 96}, "video_non_avanza": 0, "input_azioni": 11, "input_persi": 0, "input_latenza_p95_ms": 232, "tratto": {"righe": 21, "mediana_p95_ms": 13.96, "max_campione_p95_ms": 36.01, "produttore_mediana_ms": 0.0}, "ritardo_p95_ms": 31.88, "nostro": {"righe": 21, "p95_dei_p95_ms": 22.88, "max_al_secondo_max_ms": 29.31, "max_al_secondo_p95_ms": 26.0, "mediana_ms": 13.9, "fotogrammi": 762}, "consegnati": 846, "dipinti": 846, "salt": 0, "saltati_pct": 0.0, "lavoro_s": 41.6, "blocco_max_s": 0.02, "buchi": 0, "rete": {"persi": 0, "byte_persi": 0, "spediti": 3372, "byte_spediti": 3714324, "ricevuti": 988, "scartati": 0, "dgram_persi": 0, "dgram_ok": 0, "dgram_falsi": 0, "connessioni": 1, "perdita_pct": 0.0, "mbit_s": 0.25, "srtt_ms": {"mediana": 0.22, "max": 0.38}, "pto_ms_max": 21.5, "secondi": 119}, "tratto_server_ms": {"mediana": 13.89, "max": 24.45, "ora": "21:53:46.171"}, "nascita_s": 1.67, "journal_err": 7}, "voci": {"ritardo_p95_ms": {"valore": 31.88, "classe": "GREEN", "significativo": false, "nota": "p95 dei p95 al secondo di «NOSTRO» (copia → byte fuori, 21 righe del figlio) 22.9 ms + 9 ms d'ingresso (tetto costruttivo: poll di 8 ms) · ⚠ strada wlroots: la «copia» e' contata due volte (~4 ms in piu', cattura.c:2309 / figlio.c:5191) — NON corretto, e' dal lato prudente"}, "saltati_pct": {"valore": 0.0, "classe": "GREEN", "significativo": false, "nota": "846 consegnati, 846 dipinti (salt 0)"}, "blocco_max_s": {"valore": 0.02, "classe": "GREEN", "significativo": false, "nota": "dall'attore (8 righe)"}, "buchi_al_min": {"valore": 0.0, "classe": "GREEN", "significativo": false, "nota": "0 buchi in 122 s"}, "caduta": {"valore": false, "classe": "GREEN", "significativo": false, "nota": "nessuna caduta, riavvio o errore che stacca"}, "nascita_s": {"valore": 1.668, "classe": "GREEN", "significativo": false, "nota": "accesso → primo fotogramma"}}, "classe": "GREEN", "ragione": "tutte le voci GREEN", "non_misurate": [], "evidenze": ["/media/REMOTIX/misure/fase16/amd-b-fhd-lxqt/livello-16-ripetizione/utente-13"]}
{"campagna": "amd-b-fhd-lxqt", "livello": 16, "desktop": "lxqt", "scheda": "AMD Radeon RX 6800", "driver": "amdgpu intel-media-va-driver=25.2.3+dfsg1-1 libgl1-mesa-dri=25.0.7-2+deb13u1 libva2=2.22.0-3 mesa-va-drivers=25.0.7-2+deb13u1", "misura": "fhd", "commit": "678a2da", "binario": "28a947f5", "pagina": "fb9a18f3", "nucleo": "7.0", "tetto_sessioni": 17, "inizio": "2026-09-28T21:21:07+00:00", "durata_s": 1977, "finestra": ["21:52:04", "21:54:04"], "fps_video": 30.0, "tipo": "sessione", "utente": 14, "profilo": "B", "browser": "chrome", "versione": "Chrome/154.0.8037.57 · finestra vera", "inquilino": "c16014u14", "misure": {"finestra_s": 115.8, "esperienza": {"giro_eco_p95_ms": 19, "giro_eco_campioni": 263, "giro_tutti_p95_ms": 22, "giro_tutti_campioni": 338}, "video_non_avanza": 0, "input_azioni": 4, "input_persi": 0, "input_latenza_p95_ms": 1987, "tratto": {"righe": 70, "mediana_p95_ms": 11.75, "max_campione_p95_ms": 25.3, "produttore_mediana_ms": 0.0}, "ritardo_p95_ms": 31.86, "nostro": {"righe": 70, "p95_dei_p95_ms": 22.86, "max_al_secondo_max_ms": 23.91, "max_al_secondo_p95_ms": 22.86, "mediana_ms": 10.95, "fotogrammi": 624}, "consegnati": 606, "dipinti": 606, "salt": 0, "saltati_pct": 0.0, "lavoro_s": 105.6, "blocco_max_s": 0.03, "buchi": 0, "rete": {"persi": 0, "byte_persi": 0, "spediti": 1194, "byte_spediti": 1194348, "ricevuti": 1082, "scartati": 0, "dgram_persi": 0, "dgram_ok": 0, "dgram_falsi": 0, "connessioni": 1, "perdita_pct": 0.0, "mbit_s": 0.08, "srtt_ms": {"mediana": 0.24, "max": 0.53}, "pto_ms_max": 28.5, "secondi": 121}, "tratto_server_ms": {"mediana": 10.61, "max": 23.91, "ora": "21:54:05.449"}, "nascita_s": 1.73, "journal_err": 5}, "voci": {"ritardo_p95_ms": {"valore": 31.86, "classe": "GREEN", "significativo": false, "nota": "p95 dei p95 al secondo di «NOSTRO» (copia → byte fuori, 70 righe del figlio) 22.9 ms + 9 ms d'ingresso (tetto costruttivo: poll di 8 ms) · ⚠ strada wlroots: la «copia» e' contata due volte (~4 ms in piu', cattura.c:2309 / figlio.c:5191) — NON corretto, e' dal lato prudente"}, "saltati_pct": {"valore": 0.0, "classe": "GREEN", "significativo": false, "nota": "606 consegnati, 606 dipinti (salt 0)"}, "blocco_max_s": {"valore": 0.03, "classe": "GREEN", "significativo": false, "nota": "dall'attore (19 righe)"}, "buchi_al_min": {"valore": 0.0, "classe": "GREEN", "significativo": false, "nota": "0 buchi in 116 s"}, "caduta": {"valore": false, "classe": "GREEN", "significativo": false, "nota": "nessuna caduta, riavvio o errore che stacca"}, "nascita_s": {"valore": 1.729, "classe": "GREEN", "significativo": false, "nota": "accesso → primo fotogramma"}}, "classe": "GREEN", "ragione": "tutte le voci GREEN", "non_misurate": [], "evidenze": ["/media/REMOTIX/misure/fase16/amd-b-fhd-lxqt/livello-16-ripetizione/utente-14"]}
{"campagna": "amd-b-fhd-lxqt", "livello": 16, "desktop": "lxqt", "scheda": "AMD Radeon RX 6800", "driver": "amdgpu intel-media-va-driver=25.2.3+dfsg1-1 libgl1-mesa-dri=25.0.7-2+deb13u1 libva2=2.22.0-3 mesa-va-drivers=25.0.7-2+deb13u1", "misura": "fhd", "commit": "678a2da", "binario": "28a947f5", "pagina": "fb9a18f3", "nucleo": "7.0", "tetto_sessioni": 17, "inizio": "2026-09-28T21:21:07+00:00", "durata_s": 1977, "finestra": ["21:52:04", "21:54:04"], "fps_video": 30.0, "tipo": "sessione", "utente": 15, "profilo": "C", "browser": "firefox", "versione": "Firefox 140.16.0 · finestra vera", "inquilino": "c16015u15", "misure": {"finestra_s": 121.7, "esperienza": {"giro_eco_p95_ms": 28.5, "giro_eco_campioni": 193, "giro_tutti_p95_ms": 28.5, "giro_tutti_campioni": 224}, "video_non_avanza": 0, "input_azioni": 6, "input_persi": 0, "input_latenza_p95_ms": 79, "tratto": {"righe": 57, "mediana_p95_ms": 12.27, "max_campione_p95_ms": 32.15, "produttore_mediana_ms": 0.0}, "ritardo_p95_ms": 31.33, "nostro": {"righe": 57, "p95_dei_p95_ms": 22.33, "max_al_secondo_max_ms": 23.98, "max_al_secondo_p95_ms": 22.33, "mediana_ms": 12.19, "fotogrammi": 227}, "consegnati": 227, "dipinti": 227, "salt": 0, "saltati_pct": 0.0, "lavoro_s": 85.2, "blocco_max_s": 0.605, "buchi": 0, "rete": {"persi": 0, "byte_persi": 0, "spediti": 814, "byte_spediti": 841224, "ricevuti": 690, "scartati": 0, "dgram_persi": 0, "dgram_ok": 0, "dgram_falsi": 0, "connessioni": 1, "perdita_pct": 0.0, "mbit_s": 0.06, "srtt_ms": {"mediana": 0.17, "max": 0.29}, "pto_ms_max": 21.4, "secondi": 116}, "tratto_server_ms": {"mediana": 12.18, "max": 32.15, "ora": "21:54:00.015"}, "nascita_s": 1.69, "journal_err": 5}, "voci": {"ritardo_p95_ms": {"valore": 31.33, "classe": "GREEN", "significativo": false, "nota": "p95 dei p95 al secondo di «NOSTRO» (copia → byte fuori, 57 righe del figlio) 22.3 ms + 9 ms d'ingresso (tetto costruttivo: poll di 8 ms) · ⚠ strada wlroots: la «copia» e' contata due volte (~4 ms in piu', cattura.c:2309 / figlio.c:5191) — NON corretto, e' dal lato prudente"}, "saltati_pct": {"valore": 0.0, "classe": "GREEN", "significativo": false, "nota": "227 consegnati, 227 dipinti (salt 0)"}, "blocco_max_s": {"valore": 0.605, "classe": "GREEN", "significativo": false, "nota": "dall'attore (15 righe)"}, "buchi_al_min": {"valore": 0.0, "classe": "GREEN", "significativo": false, "nota": "0 buchi in 122 s"}, "caduta": {"valore": false, "classe": "GREEN", "significativo": false, "nota": "nessuna caduta, riavvio o errore che stacca"}, "nascita_s": {"valore": 1.691, "classe": "GREEN", "significativo": false, "nota": "accesso → primo fotogramma"}}, "classe": "GREEN", "ragione": "tutte le voci GREEN", "non_misurate": [], "evidenze": ["/media/REMOTIX/misure/fase16/amd-b-fhd-lxqt/livello-16-ripetizione/utente-15"]}
{"campagna": "amd-b-fhd-lxqt", "livello": 16, "desktop": "lxqt", "scheda": "AMD Radeon RX 6800", "driver": "amdgpu intel-media-va-driver=25.2.3+dfsg1-1 libgl1-mesa-dri=25.0.7-2+deb13u1 libva2=2.22.0-3 mesa-va-drivers=25.0.7-2+deb13u1", "misura": "fhd", "commit": "678a2da", "binario": "28a947f5", "pagina": "fb9a18f3", "nucleo": "7.0", "tetto_sessioni": 17, "inizio": "2026-09-28T21:21:07+00:00", "durata_s": 1977, "finestra": ["21:52:04", "21:54:04"], "fps_video": 30.0, "tipo": "sessione", "utente": 16, "profilo": "D", "browser": "chrome", "versione": "Chrome/154.0.8037.57 · finestra vera", "inquilino": "c16016u16", "misure": {"finestra_s": 121.3, "esperienza": {"giro_eco_p95_ms": null, "giro_eco_campioni": 0, "giro_tutti_p95_ms": 23.5, "giro_tutti_campioni": 4}, "video_non_avanza": 0, "input_azioni": 0, "input_persi": 0, "input_latenza_p95_ms": null, "tratto": {"righe": 120, "mediana_p95_ms": 12.4, "max_campione_p95_ms": 23.22, "produttore_mediana_ms": 0.0}, "ritardo_p95_ms": 27.23, "nostro": {"righe": 120, "p95_dei_p95_ms": 18.23, "max_al_secondo_max_ms": 44.36, "max_al_secondo_p95_ms": 20.9, "mediana_ms": 12.27, "fotogrammi": 3660}, "consegnati": 3656, "dipinti": 3657, "salt": 0, "saltati_pct": 0.0, "lavoro_s": 121.3, "blocco_max_s": 0.07, "buchi": 0, "video_fps": 30.159, "audio_udibile_pct": 100.0, "rete": {"persi": 0, "byte_persi": 0, "spediti": 49912, "byte_spediti": 71059456, "ricevuti": 11039, "scartati": 0, "dgram_persi": 0, "dgram_ok": 6000, "dgram_falsi": 0, "connessioni": 1, "perdita_pct": 0.0, "mbit_s": 4.7, "srtt_ms": {"mediana": 0.27, "max": 1.03}, "pto_ms_max": 29.9, "secondi": 121}, "tratto_server_ms": {"mediana": 12.38, "max": 44.36, "ora": "21:54:05.456"}, "nascita_s": 1.74, "journal_err": 5}, "voci": {"ritardo_p95_ms": {"valore": 27.23, "classe": "GREEN", "significativo": false, "nota": "p95 dei p95 al secondo di «NOSTRO» (copia → byte fuori, 120 righe del figlio) 18.2 ms + 9 ms d'ingresso (tetto costruttivo: poll di 8 ms) · ⚠ strada wlroots: la «copia» e' contata due volte (~4 ms in piu', cattura.c:2309 / figlio.c:5191) — NON corretto, e' dal lato prudente"}, "saltati_pct": {"valore": 0.0, "classe": "GREEN", "significativo": false, "nota": "3656 consegnati, 3657 dipinti (salt 0)"}, "blocco_max_s": {"valore": 0.07, "classe": "GREEN", "significativo": false, "nota": "dall'attore (23 righe)"}, "buchi_al_min": {"valore": 0.0, "classe": "GREEN", "significativo": false, "nota": "0 buchi in 121 s"}, "video_frazione_f": {"valore": 1.005, "classe": "GREEN", "significativo": false, "nota": "30.2 dipinti/s in 121 s di video, f = 30.0"}, "audio_udibile_pct": {"valore": 100.0, "classe": "GREEN", "significativo": false, "nota": "6000 suonati su 6000 mandati (6000 ricevuti + 0 mancati)"}, "caduta": {"valore": false, "classe": "GREEN", "significativo": false, "nota": "nessuna caduta, riavvio o errore che stacca"}, "nascita_s": {"valore": 1.74, "classe": "GREEN", "significativo": false, "nota": "accesso → primo fotogramma"}}, "classe": "GREEN", "ragione": "tutte le voci GREEN", "non_misurate": [], "evidenze": ["/media/REMOTIX/misure/fase16/amd-b-fhd-lxqt/livello-16-ripetizione/utente-16"]}
{"campagna": "amd-b-fhd-lxqt", "livello": 16, "desktop": "lxqt", "scheda": "AMD Radeon RX 6800", "driver": "amdgpu intel-media-va-driver=25.2.3+dfsg1-1 libgl1-mesa-dri=25.0.7-2+deb13u1 libva2=2.22.0-3 mesa-va-drivers=25.0.7-2+deb13u1", "misura": "fhd", "commit": "678a2da", "binario": "28a947f5", "pagina": "fb9a18f3", "nucleo": "7.0", "tetto_sessioni": 17, "inizio": "2026-09-28T21:21:07+00:00", "durata_s": 1977, "finestra": ["21:52:04", "21:54:04"], "fps_video": 30.0, "tipo": "sessione", "utente": 99, "profilo": "controllo", "browser": "chrome", "versione": "Chrome/154.0.8037.57 · finestra vera", "inquilino": "c16016u99", "misure": {"nascita_s": null, "ammissione_s": 1.22, "primo_non_degenere_s": null, "sessioni_durante": 32}, "voci": {"nascita_s": {"valore": null, "classe": "FAIL", "significativo": true, "nota": "la sessione del controllo non e' nata: nessun fotogramma dipinto 90 s dopo l'accesso"}, "controllo_corto": {"valore": {"F-004": "BLOCKED", "F-007": "BLOCKED", "F-003": "BLOCKED", "F-014": "BLOCKED"}, "classe": "DEGRADED", "significativo": true, "non_misurato": true, "nota": "NON MISURATO: non guardate: F-004, F-007, F-003, F-014"}}, "classe": "FAIL", "ragione": "FAIL nascita (accesso → primo fotogramma): la sessione del controllo non e' nata: nessun fotogramma dipinto 90 s dopo l'accesso · DEGRADED controllo funzionale corto: NON MISURATO: non guardate: F-004, F-007, F-003, F-014", "non_misurate": ["controllo_corto"], "evidenze": ["/media/REMOTIX/misure/fase16/amd-b-fhd-lxqt/livello-16-ripetizione/controllo-corto"]}
→ 18 righe in /media/REMOTIX/src/controllo/banchi/16-stress/registro.jsonl
