LIVELLO 16 · intel-c-2k-lxqt · finestra 03:38:12–03:40:12 · FAIL
  utente 1   A  firefox  c16001u1       GREEN
      GREEN    ritardo input → fotogramma (p95)         34.54 — p95 dei p95 al secondo di «NOSTRO» (copia → byte fuori, 36 righe del figlio) 25.5 ms + 9 ms d'ingresso (tetto costruttivo: poll di 8 ms) · ⚠ strada wlroots: la «copia» e' contata due volte (~4 ms in piu', cattura.c:2309 / figlio.c:5191) — NON corretto, e' dal lato prudente
      GREEN    fotogrammi saltati                       0.0 — 378 consegnati, 378 dipinti (salt 0)
      GREEN    blocco piu' lungo dell'immagine          0.127 — dall'attore (12 righe)
      GREEN    buchi nella catena del video             0.0 — 0 buchi in 120 s
      GREEN    caduta, riavvio, errore che stacca       nessuna caduta, riavvio o errore che stacca
      GREEN    nascita (accesso → primo fotogramma)     1.738 — accesso → primo fotogramma
  utente 2   B  chrome   c16002u2       GREEN
      GREEN    ritardo input → fotogramma (p95)         33.41 — p95 dei p95 al secondo di «NOSTRO» (copia → byte fuori, 69 righe del figlio) 24.4 ms + 9 ms d'ingresso (tetto costruttivo: poll di 8 ms) · ⚠ strada wlroots: la «copia» e' contata due volte (~4 ms in piu', cattura.c:2309 / figlio.c:5191) — NON corretto, e' dal lato prudente
      GREEN    fotogrammi saltati                       0.0 — 452 consegnati, 452 dipinti (salt 0)
      GREEN    blocco piu' lungo dell'immagine          0.067 — dall'attore (15 righe)
      GREEN    buchi nella catena del video             0.0 — 0 buchi in 125 s
      GREEN    caduta, riavvio, errore che stacca       nessuna caduta, riavvio o errore che stacca
      GREEN    nascita (accesso → primo fotogramma)     1.533 — accesso → primo fotogramma
  utente 3   C  firefox  c16003u3       DEGRADED
      GREEN    ritardo input → fotogramma (p95)         30.53 — p95 dei p95 al secondo di «NOSTRO» (copia → byte fuori, 53 righe del figlio) 21.5 ms + 9 ms d'ingresso (tetto costruttivo: poll di 8 ms) · ⚠ strada wlroots: la «copia» e' contata due volte (~4 ms in piu', cattura.c:2309 / figlio.c:5191) — NON corretto, e' dal lato prudente
      GREEN    fotogrammi saltati                       0.0 — 246 consegnati, 246 dipinti (salt 0)
      DEGRADED blocco piu' lungo dell'immagine          1.467 — dall'attore (15 righe)
      GREEN    buchi nella catena del video             0.0 — 0 buchi in 121 s
      GREEN    caduta, riavvio, errore che stacca       nessuna caduta, riavvio o errore che stacca
      GREEN    nascita (accesso → primo fotogramma)     1.5 — accesso → primo fotogramma
  utente 4   D  chrome   c16004u4       FAIL
      GREEN    ritardo input → fotogramma (p95)         33.41 — p95 dei p95 al secondo di «NOSTRO» (copia → byte fuori, 115 righe del figlio) 24.4 ms + 9 ms d'ingresso (tetto costruttivo: poll di 8 ms) · ⚠ strada wlroots: la «copia» e' contata due volte (~4 ms in piu', cattura.c:2309 / figlio.c:5191) — NON corretto, e' dal lato prudente
      GREEN    fotogrammi saltati                       0.0 — 3081 consegnati, 3081 dipinti (salt 0)
      FAIL     blocco piu' lungo dell'immagine          3.96 — dall'attore (23 righe)
      GREEN    buchi nella catena del video             0.0 — 0 buchi in 122 s
      GREEN    video: dipinti al secondo                0.844 — 25.3 dipinti/s in 122 s di video, f = 30.0
      DEGRADED audio udibile                            98.64 — 6166 suonati su 6251 mandati (6166 ricevuti + 85 mancati)
      GREEN    caduta, riavvio, errore che stacca       nessuna caduta, riavvio o errore che stacca
      GREEN    nascita (accesso → primo fotogramma)     1.439 — accesso → primo fotogramma
  utente 5   A  firefox  c16005u5       GREEN
      GREEN    ritardo input → fotogramma (p95)         33.32 — p95 dei p95 al secondo di «NOSTRO» (copia → byte fuori, 48 righe del figlio) 24.3 ms + 9 ms d'ingresso (tetto costruttivo: poll di 8 ms) · ⚠ strada wlroots: la «copia» e' contata due volte (~4 ms in piu', cattura.c:2309 / figlio.c:5191) — NON corretto, e' dal lato prudente
      GREEN    fotogrammi saltati                       0.0 — 512 consegnati, 512 dipinti (salt 0)
      GREEN    blocco piu' lungo dell'immagine          0.094 — dall'attore (14 righe)
      GREEN    buchi nella catena del video             0.0 — 0 buchi in 122 s
      GREEN    caduta, riavvio, errore che stacca       nessuna caduta, riavvio o errore che stacca
      GREEN    nascita (accesso → primo fotogramma)     1.462 — accesso → primo fotogramma
  utente 6   B  chrome   c16006u6       GREEN
      GREEN    ritardo input → fotogramma (p95)         35.04 — p95 dei p95 al secondo di «NOSTRO» (copia → byte fuori, 73 righe del figlio) 26.0 ms + 9 ms d'ingresso (tetto costruttivo: poll di 8 ms) · ⚠ strada wlroots: la «copia» e' contata due volte (~4 ms in piu', cattura.c:2309 / figlio.c:5191) — NON corretto, e' dal lato prudente
      GREEN    fotogrammi saltati                       0.0 — 516 consegnati, 516 dipinti (salt 0)
      GREEN    blocco piu' lungo dell'immagine          0.072 — dall'attore (18 righe)
      GREEN    buchi nella catena del video             0.0 — 0 buchi in 121 s
      GREEN    caduta, riavvio, errore che stacca       nessuna caduta, riavvio o errore che stacca
      GREEN    nascita (accesso → primo fotogramma)     1.425 — accesso → primo fotogramma
  utente 7   C  firefox  c16007u7       GREEN
      GREEN    ritardo input → fotogramma (p95)         30.99 — p95 dei p95 al secondo di «NOSTRO» (copia → byte fuori, 43 righe del figlio) 22.0 ms + 9 ms d'ingresso (tetto costruttivo: poll di 8 ms) · ⚠ strada wlroots: la «copia» e' contata due volte (~4 ms in piu', cattura.c:2309 / figlio.c:5191) — NON corretto, e' dal lato prudente
      GREEN    fotogrammi saltati                       0.0 — 154 consegnati, 154 dipinti (salt 0)
      GREEN    blocco piu' lungo dell'immagine          0.076 — dall'attore (12 righe)
      GREEN    buchi nella catena del video             0.0 — 0 buchi in 119 s
      GREEN    caduta, riavvio, errore che stacca       nessuna caduta, riavvio o errore che stacca
      GREEN    nascita (accesso → primo fotogramma)     1.489 — accesso → primo fotogramma
  utente 8   D  chrome   c16008u8       GREEN
      GREEN    ritardo input → fotogramma (p95)         33.85 — p95 dei p95 al secondo di «NOSTRO» (copia → byte fuori, 118 righe del figlio) 24.9 ms + 9 ms d'ingresso (tetto costruttivo: poll di 8 ms) · ⚠ strada wlroots: la «copia» e' contata due volte (~4 ms in piu', cattura.c:2309 / figlio.c:5191) — NON corretto, e' dal lato prudente
      GREEN    fotogrammi saltati                       0.0 — 3050 consegnati, 3050 dipinti (salt 0)
      GREEN    blocco piu' lungo dell'immagine          0.108 — dall'attore (22 righe)
      GREEN    buchi nella catena del video             0.0 — 0 buchi in 116 s
      GREEN    video: dipinti al secondo                0.873 — 26.2 dipinti/s in 116 s di video, f = 30.0
      GREEN    audio udibile                            100.0 — 5750 suonati su 5750 mandati (5750 ricevuti + 0 mancati)
      GREEN    caduta, riavvio, errore che stacca       nessuna caduta, riavvio o errore che stacca
      GREEN    nascita (accesso → primo fotogramma)     1.422 — accesso → primo fotogramma
  utente 9   A  firefox  c16009u9       GREEN
      GREEN    ritardo input → fotogramma (p95)         32.89 — p95 dei p95 al secondo di «NOSTRO» (copia → byte fuori, 61 righe del figlio) 23.9 ms + 9 ms d'ingresso (tetto costruttivo: poll di 8 ms) · ⚠ strada wlroots: la «copia» e' contata due volte (~4 ms in piu', cattura.c:2309 / figlio.c:5191) — NON corretto, e' dal lato prudente
      GREEN    fotogrammi saltati                       0.0 — 510 consegnati, 510 dipinti (salt 0)
      GREEN    blocco piu' lungo dell'immagine          0.089 — dall'attore (15 righe)
      GREEN    buchi nella catena del video             0.0 — 0 buchi in 116 s
      GREEN    caduta, riavvio, errore che stacca       nessuna caduta, riavvio o errore che stacca
      GREEN    nascita (accesso → primo fotogramma)     1.689 — accesso → primo fotogramma
  utente 10  B  chrome   c16010u10      GREEN
      GREEN    ritardo input → fotogramma (p95)         34.91 — p95 dei p95 al secondo di «NOSTRO» (copia → byte fuori, 85 righe del figlio) 25.9 ms + 9 ms d'ingresso (tetto costruttivo: poll di 8 ms) · ⚠ strada wlroots: la «copia» e' contata due volte (~4 ms in piu', cattura.c:2309 / figlio.c:5191) — NON corretto, e' dal lato prudente
      GREEN    fotogrammi saltati                       0.0 — 659 consegnati, 659 dipinti (salt 0)
      GREEN    blocco piu' lungo dell'immagine          0.083 — dall'attore (21 righe)
      GREEN    buchi nella catena del video             0.0 — 0 buchi in 120 s
      GREEN    caduta, riavvio, errore che stacca       nessuna caduta, riavvio o errore che stacca
      GREEN    nascita (accesso → primo fotogramma)     1.724 — accesso → primo fotogramma
  utente 11  C  firefox  c16011u11      GREEN
      GREEN    ritardo input → fotogramma (p95)         31.39 — p95 dei p95 al secondo di «NOSTRO» (copia → byte fuori, 40 righe del figlio) 22.4 ms + 9 ms d'ingresso (tetto costruttivo: poll di 8 ms) · ⚠ strada wlroots: la «copia» e' contata due volte (~4 ms in piu', cattura.c:2309 / figlio.c:5191) — NON corretto, e' dal lato prudente
      GREEN    fotogrammi saltati                       0.0 — 126 consegnati, 126 dipinti (salt 0)
      GREEN    blocco piu' lungo dell'immagine          0.074 — dall'attore (11 righe)
      GREEN    buchi nella catena del video             0.0 — 0 buchi in 118 s
      GREEN    caduta, riavvio, errore che stacca       nessuna caduta, riavvio o errore che stacca
      GREEN    nascita (accesso → primo fotogramma)     1.776 — accesso → primo fotogramma
  utente 12  D  chrome   c16012u12      GREEN
      GREEN    ritardo input → fotogramma (p95)         33.72 — p95 dei p95 al secondo di «NOSTRO» (copia → byte fuori, 119 righe del figlio) 24.7 ms + 9 ms d'ingresso (tetto costruttivo: poll di 8 ms) · ⚠ strada wlroots: la «copia» e' contata due volte (~4 ms in piu', cattura.c:2309 / figlio.c:5191) — NON corretto, e' dal lato prudente
      GREEN    fotogrammi saltati                       0.0 — 3203 consegnati, 3203 dipinti (salt 0)
      GREEN    blocco piu' lungo dell'immagine          0.1 — dall'attore (23 righe)
      GREEN    buchi nella catena del video             0.0 — 0 buchi in 122 s
      GREEN    video: dipinti al secondo                0.875 — 26.2 dipinti/s in 122 s di video, f = 30.0
      GREEN    audio udibile                            100.0 — 6251 suonati su 6251 mandati (6251 ricevuti + 0 mancati)
      GREEN    caduta, riavvio, errore che stacca       nessuna caduta, riavvio o errore che stacca
      GREEN    nascita (accesso → primo fotogramma)     1.656 — accesso → primo fotogramma
  utente 13  A  firefox  c16013u13      GREEN
      GREEN    ritardo input → fotogramma (p95)         33.72 — p95 dei p95 al secondo di «NOSTRO» (copia → byte fuori, 22 righe del figlio) 24.7 ms + 9 ms d'ingresso (tetto costruttivo: poll di 8 ms) · ⚠ strada wlroots: la «copia» e' contata due volte (~4 ms in piu', cattura.c:2309 / figlio.c:5191) — NON corretto, e' dal lato prudente
      GREEN    fotogrammi saltati                       0.0 — 294 consegnati, 294 dipinti (salt 0)
      GREEN    blocco piu' lungo dell'immagine          0.101 — dall'attore (10 righe)
      GREEN    buchi nella catena del video             0.0 — 0 buchi in 122 s
      GREEN    caduta, riavvio, errore che stacca       nessuna caduta, riavvio o errore che stacca
      GREEN    nascita (accesso → primo fotogramma)     1.679 — accesso → primo fotogramma
  utente 14  B  chrome   c16014u14      GREEN
      GREEN    ritardo input → fotogramma (p95)         34.79 — p95 dei p95 al secondo di «NOSTRO» (copia → byte fuori, 74 righe del figlio) 25.8 ms + 9 ms d'ingresso (tetto costruttivo: poll di 8 ms) · ⚠ strada wlroots: la «copia» e' contata due volte (~4 ms in piu', cattura.c:2309 / figlio.c:5191) — NON corretto, e' dal lato prudente
      GREEN    fotogrammi saltati                       0.0 — 601 consegnati, 601 dipinti (salt 0)
      GREEN    blocco piu' lungo dell'immagine          0.073 — dall'attore (19 righe)
      GREEN    buchi nella catena del video             0.0 — 0 buchi in 118 s
      GREEN    caduta, riavvio, errore che stacca       nessuna caduta, riavvio o errore che stacca
      GREEN    nascita (accesso → primo fotogramma)     1.728 — accesso → primo fotogramma
  utente 15  C  firefox  c16015u15      DEGRADED
      GREEN    ritardo input → fotogramma (p95)         32.25 — p95 dei p95 al secondo di «NOSTRO» (copia → byte fuori, 56 righe del figlio) 23.2 ms + 9 ms d'ingresso (tetto costruttivo: poll di 8 ms) · ⚠ strada wlroots: la «copia» e' contata due volte (~4 ms in piu', cattura.c:2309 / figlio.c:5191) — NON corretto, e' dal lato prudente
      GREEN    fotogrammi saltati                       0.0 — 223 consegnati, 223 dipinti (salt 0)
      DEGRADED blocco piu' lungo dell'immagine          1.172 — dall'attore (15 righe)
      GREEN    buchi nella catena del video             0.0 — 0 buchi in 122 s
      GREEN    caduta, riavvio, errore che stacca       nessuna caduta, riavvio o errore che stacca
      GREEN    nascita (accesso → primo fotogramma)     1.693 — accesso → primo fotogramma
  utente 16  D  chrome   c16016u16      GREEN
      GREEN    ritardo input → fotogramma (p95)         34.1 — p95 dei p95 al secondo di «NOSTRO» (copia → byte fuori, 118 righe del figlio) 25.1 ms + 9 ms d'ingresso (tetto costruttivo: poll di 8 ms) · ⚠ strada wlroots: la «copia» e' contata due volte (~4 ms in piu', cattura.c:2309 / figlio.c:5191) — NON corretto, e' dal lato prudente
      GREEN    fotogrammi saltati                       0.0 — 3053 consegnati, 3053 dipinti (salt 0)
      GREEN    blocco piu' lungo dell'immagine          0.12 — dall'attore (22 righe)
      GREEN    buchi nella catena del video             0.0 — 0 buchi in 116 s
      GREEN    video: dipinti al secondo                0.877 — 26.3 dipinti/s in 116 s di video, f = 30.0
      GREEN    audio udibile                            100.0 — 5749 suonati su 5749 mandati (5749 ricevuti + 0 mancati)
      GREEN    caduta, riavvio, errore che stacca       nessuna caduta, riavvio o errore che stacca
      GREEN    nascita (accesso → primo fotogramma)     1.73 — accesso → primo fotogramma
  utente 99  controllo chrome   c16016u99      FAIL
      FAIL     nascita (accesso → primo fotogramma)     la sessione del controllo non e' nata: nessun fotogramma dipinto 90 s dopo l'accesso
      DEGRADED controllo funzionale corto               NON MISURATO: non guardate: F-004, F-007, F-003, F-014
  livello  GREEN    memoria_remotix                PSS 630 → 153 MB in 1619 s di lavoro (03:11:12–03:38:11); seconda meta' -84.3 %/ora, -66 MB su -476 · da: inizio del lavoro + 60 s
  livello  GREEN    memoria_sessioni               PSS 5997 → 3054 MB in 1619 s di lavoro (03:11:12–03:38:11); seconda meta' -13.3 %/ora, -122 MB su -2943 · da: inizio del lavoro + 60 s
  livello  GREEN    riavvio_server                 il padre remotix e' lo stesso per tutto il livello
  livello  GREEN    entrati                        entrati 16 su 16
  risorse: cpu macchina 31.47 % (media) · mem usata 27976 MB · card0 disegno 97.54%, video 49.92%, video_enhance 18.42% · card1 
{"campagna": "intel-c-2k-lxqt", "livello": 16, "desktop": "lxqt", "scheda": "Intel UHD 770 (i5-13500T)", "driver": "i915 intel-media-va-driver=25.2.3+dfsg1-1 libgl1-mesa-dri=25.0.7-2+deb13u1 libva2=2.22.0-3 mesa-va-drivers=25.0.7-2+deb13u1", "misura": "2k", "commit": "678a2da", "binario": "28a947f5", "pagina": "fb9a18f3", "nucleo": "7.0", "tetto_sessioni": 17, "inizio": "2026-09-29T03:07:17+00:00", "durata_s": 1974, "finestra": ["03:38:12", "03:40:12"], "fps_video": 30.0, "tipo": "livello", "utenti": 17, "sessioni": {"GREEN": 13, "DEGRADED": 2, "FAIL": 2}, "journal_err": {"righe": 636, "per_inquilino": {"c16001u1": 7, "c16002u2": 5, "c16003u3": 5, "c16004u4": 16, "c16005u5": 12, "c16006u6": 5, "c16007u7": 5, "c16008u8": 16, "c16009u9": 9, "c16010u10": 5, "c16011u11": 5, "c16012u12": 9, "c16013u13": 5, "c16014u14": 5, "c16015u15": 5, "c16016u16": 5, "c16016u99": 5}, "esempi": ["figlio  [c16001u1] ⛔ «/usr/bin/loginctl» non e' andato (stato 1)", "figlio  [c16001u1] ⛔ SENZA PALCO alla nascita: la sessione grafica di «c16001u1» non c'e' (ancora).  ⚠ NON esco — §8.3 vieta di staccare — e NON resto fermo: riprovo, la prima volta fra 1000 ms", "figlio  ⛔ il palco di «c16001u1»: bus ⛔ NO, sessione 5, presa 0, monitor «» (0 prima, 0 dopo), 0x0 stride 0 a 0 bit, 0 flussi in consegna — aspetto la tela del cliente", "figlio  [c16001u1] ⛔⛔ FIFO **NON** OTTENUTO: 3 thread su 3 del percorso audio girano a politica NORMALE (nice peggiore 0), e RLIMIT_RTPRIO = 0 — ⚠ il rlimit dice «puoi CHIEDERLA», non «ce l'hai».  `[M", "figlio  ⛔ il palco di «c16001u1»: bus APERTO, sessione 4, presa 0, monitor «» (0 prima, 0 dopo), 0x0 stride 0 a 0 bit, 0 flussi in consegna — il gestore di sessione non è ancora sul bus"], "fonte": "/media/REMOTIX/misure/fase16/intel-c-2k-lxqt/livello-16-ripetizione/journal-err.jsonl"}, "voci": {"memoria_remotix": {"valore": -75.661, "classe": "GREEN", "significativo": false, "nota": "PSS 630 → 153 MB in 1619 s di lavoro (03:11:12–03:38:11); seconda meta' -84.3 %/ora, -66 MB su -476 · da: inizio del lavoro + 60 s", "continua": false, "pendenza_pct_ora": -84.275, "tratto_s": 1619}, "memoria_sessioni": {"valore": -49.079, "classe": "GREEN", "significativo": false, "nota": "PSS 5997 → 3054 MB in 1619 s di lavoro (03:11:12–03:38:11); seconda meta' -13.3 %/ora, -122 MB su -2943 · da: inizio del lavoro + 60 s", "continua": false, "pendenza_pct_ora": -13.283, "tratto_s": 1619}, "riavvio_server": {"valore": 3443265, "classe": "GREEN", "significativo": false, "nota": "il padre remotix e' lo stesso per tutto il livello"}, "entrati": {"valore": 16, "classe": "GREEN", "significativo": false, "nota": "entrati 16 su 16"}}, "risorse": {"campioni": 120, "cpu_macchina_pct": {"media": 31.47, "p95": 35.7, "max": 37.5}, "carico_1m": {"media": 6.9, "p95": 8.49, "max": 8.79}, "mem_usata_mb": {"media": 27182.6, "p95": 27836, "max": 27976}, "mem_totale_mb": 31869, "thread": {"media": 7303.85, "p95": 7376, "max": 7399}, "misuratore_cpu_s": {"media": 0.16, "p95": 0.2, "max": 0.23}, "recinti": {"remotix": {"cpu_core": {"media": 1.17, "p95": 1.33, "max": 1.45}, "pss_mb": {"media": 148.34, "p95": 153.5, "max": 155.2}, "processi": {"media": 18.76, "p95": 19, "max": 19}, "gpu": {"copia": {"media": 0.0, "p95": 0.0, "max": 0.0}, "disegno": {"media": 0.0, "p95": 0.0, "max": 0.0}, "video": {"media": 20.74, "p95": 22.03, "max": 22.68}, "video_enhance": {"media": 18.42, "p95": 19.63, "max": 20.36}}}, "sessioni": {"cpu_core": {"media": 1.7, "p95": 2.2, "max": 3.47}, "pss_mb": {"media": 2996.59, "p95": 3041.3, "max": 3054.9}, "processi": {"media": 361.35, "p95": 363, "max": 364}, "gpu": {"copia": {"media": 0.0, "p95": 0.0, "max": 0.0}, "disegno": {"media": 56.32, "p95": 59.71, "max": 61.97}, "video": {"media": 22.28, "p95": 24.15, "max": 33.02}, "video_enhance": {"media": 0.0, "p95": 0.0, "max": 0.0}}}, "browser": {"cpu_core": {"media": 2.15, "p95": 2.55, "max": 2.73}, "pss_mb": {"media": 6286.54, "p95": 6700.6, "max": 6861.3}, "processi": {"media": 190.56, "p95": 196, "max": 196}, "gpu": {"copia": {"media": 0.0, "p95": 0.0, "max": 0.0}, "disegno": {"media": 32.44, "p95": 34.45, "max": 35.26}, "video": {"media": 6.9, "p95": 7.39, "max": 7.52}, "video_enhance": {"media": 0.0, "p95": 0.0, "max": 0.0}}}, "altro_scatola": {"cpu_core": {"media": 0.04, "p95": 0.05, "max": 0.11}, "pss_mb": {"media": 135.58, "p95": 175.8, "max": 176.8}, "processi": {"media": 25.02, "p95": 25, "max": 27}, "gpu": {}}, "labwc_cliente": {"cpu_core": {"media": 0.1, "p95": 0.13, "max": 0.14}, "pss_mb": {"media": 109.07, "p95": 109.6, "max": 111.9}, "processi": {"media": 17.0, "p95": 17, "max": 17}, "gpu": {"copia": {"media": 0.0, "p95": 0.0, "max": 0.0}, "disegno": {"media": 8.79, "p95": 9.45, "max": 9.83}, "video": {"media": 0.0, "p95": 0.0, "max": 0.0}, "video_enhance": {"media": 0.0, "p95": 0.0, "max": 0.0}}}}, "gpu": {"0000:00:02.0": {"scheda": "card0", "driver": "i915", "copia": {"media": 0.0, "p95": 0.0, "max": 0.0}, "disegno": {"media": 97.54, "p95": 102.14, "max": 104.99}, "video": {"media": 49.92, "p95": 53.32, "max": 61.81}, "video_enhance": {"media": 18.42, "p95": 19.63, "max": 20.36}, "freq_att_mhz": {"media": 1361.67, "p95": 1550.0, "max": 1550.0}, "freq_mhz": {"media": 1550.0, "p95": 1550.0, "max": 1550.0}, "temp_c": {"media": 48.16, "p95": 50.0, "max": 50.0}, "potenza_w": {"media": 6.85, "p95": 7.23, "max": 7.49}, "vram_usata_mb": null, "occupata_pct": null, "strozzatura_frazione": {"pl4": 0.78}}, "0000:03:00.0": {"scheda": "card1", "driver": "amdgpu", "freq_att_mhz": {"media": 0.0, "p95": 0.0, "max": 0.0}, "freq_mhz": {"media": 0.0, "p95": 0.0, "max": 0.0}, "temp_c": {"media": 40.97, "p95": 41.0, "max": 41.0}, "potenza_w": {"media": 6.0, "p95": 6.0, "max": 6.0}, "vram_usata_mb": {"media": 48.1, "p95": 48.1, "max": 48.1}, "occupata_pct": {"media": 0.0, "p95": 0.0, "max": 0.0}, "strozzatura_frazione": {}}}, "avvisi": ["⚠ PSS illeggibile per 1 processi (non si e' root?)"]}, "classe": "FAIL", "significativo": true, "ragione": "13 GREEN · 2 DEGRADED · 2 FAIL", "evidenze": ["/media/REMOTIX/misure/fase16/intel-c-2k-lxqt/livello-16-ripetizione"]}
{"campagna": "intel-c-2k-lxqt", "livello": 16, "desktop": "lxqt", "scheda": "Intel UHD 770 (i5-13500T)", "driver": "i915 intel-media-va-driver=25.2.3+dfsg1-1 libgl1-mesa-dri=25.0.7-2+deb13u1 libva2=2.22.0-3 mesa-va-drivers=25.0.7-2+deb13u1", "misura": "2k", "commit": "678a2da", "binario": "28a947f5", "pagina": "fb9a18f3", "nucleo": "7.0", "tetto_sessioni": 17, "inizio": "2026-09-29T03:07:17+00:00", "durata_s": 1974, "finestra": ["03:38:12", "03:40:12"], "fps_video": 30.0, "tipo": "sessione", "utente": 1, "profilo": "A", "browser": "firefox", "versione": "Firefox 140.16.0 · finestra vera", "inquilino": "c16001u1", "misure": {"finestra_s": 119.7, "esperienza": {"giro_eco_p95_ms": 66.8, "giro_eco_campioni": 45, "giro_tutti_p95_ms": 89.3, "giro_tutti_campioni": 124}, "video_non_avanza": 0, "input_azioni": 13, "input_persi": 0, "input_latenza_p95_ms": 266, "tratto": {"righe": 36, "mediana_p95_ms": 18.21, "max_campione_p95_ms": 26.02, "produttore_mediana_ms": 0.0}, "ritardo_p95_ms": 34.54, "nostro": {"righe": 36, "p95_dei_p95_ms": 25.54, "max_al_secondo_max_ms": 26.02, "max_al_secondo_p95_ms": 25.54, "mediana_ms": 19.01, "fotogrammi": 346}, "consegnati": 378, "dipinti": 378, "salt": 0, "saltati_pct": 0.0, "lavoro_s": 64.5, "blocco_max_s": 0.127, "buchi": 0, "rete": {"persi": 0, "byte_persi": 0, "spediti": 2902, "byte_spediti": 3636832, "ricevuti": 652, "scartati": 0, "dgram_persi": 0, "dgram_ok": 0, "dgram_falsi": 0, "connessioni": 1, "perdita_pct": 0.0, "mbit_s": 0.24, "srtt_ms": {"mediana": 0.19, "max": 0.38}, "pto_ms_max": 21.5, "secondi": 120}, "tratto_server_ms": {"mediana": 17.98, "max": 26.02, "ora": "03:40:04.701"}, "nascita_s": 1.74, "journal_err": 7}, "voci": {"ritardo_p95_ms": {"valore": 34.54, "classe": "GREEN", "significativo": false, "nota": "p95 dei p95 al secondo di «NOSTRO» (copia → byte fuori, 36 righe del figlio) 25.5 ms + 9 ms d'ingresso (tetto costruttivo: poll di 8 ms) · ⚠ strada wlroots: la «copia» e' contata due volte (~4 ms in piu', cattura.c:2309 / figlio.c:5191) — NON corretto, e' dal lato prudente"}, "saltati_pct": {"valore": 0.0, "classe": "GREEN", "significativo": false, "nota": "378 consegnati, 378 dipinti (salt 0)"}, "blocco_max_s": {"valore": 0.127, "classe": "GREEN", "significativo": false, "nota": "dall'attore (12 righe)"}, "buchi_al_min": {"valore": 0.0, "classe": "GREEN", "significativo": false, "nota": "0 buchi in 120 s"}, "caduta": {"valore": false, "classe": "GREEN", "significativo": false, "nota": "nessuna caduta, riavvio o errore che stacca"}, "nascita_s": {"valore": 1.738, "classe": "GREEN", "significativo": false, "nota": "accesso → primo fotogramma"}}, "classe": "GREEN", "ragione": "tutte le voci GREEN", "non_misurate": [], "evidenze": ["/media/REMOTIX/misure/fase16/intel-c-2k-lxqt/livello-16-ripetizione/utente-01"]}
{"campagna": "intel-c-2k-lxqt", "livello": 16, "desktop": "lxqt", "scheda": "Intel UHD 770 (i5-13500T)", "driver": "i915 intel-media-va-driver=25.2.3+dfsg1-1 libgl1-mesa-dri=25.0.7-2+deb13u1 libva2=2.22.0-3 mesa-va-drivers=25.0.7-2+deb13u1", "misura": "2k", "commit": "678a2da", "binario": "28a947f5", "pagina": "fb9a18f3", "nucleo": "7.0", "tetto_sessioni": 17, "inizio": "2026-09-29T03:07:17+00:00", "durata_s": 1974, "finestra": ["03:38:12", "03:40:12"], "fps_video": 30.0, "tipo": "sessione", "utente": 2, "profilo": "B", "browser": "chrome", "versione": "Chrome/154.0.8037.57 · finestra vera", "inquilino": "c16002u2", "misure": {"finestra_s": 124.5, "esperienza": {"giro_eco_p95_ms": 56, "giro_eco_campioni": 176, "giro_tutti_p95_ms": 59.4, "giro_tutti_campioni": 264}, "video_non_avanza": 0, "input_azioni": 4, "input_persi": 0, "input_latenza_p95_ms": 1, "tratto": {"righe": 69, "mediana_p95_ms": 16.9, "max_campione_p95_ms": 27.29, "produttore_mediana_ms": 0.0}, "ritardo_p95_ms": 33.41, "nostro": {"righe": 69, "p95_dei_p95_ms": 24.41, "max_al_secondo_max_ms": 27.29, "max_al_secondo_p95_ms": 24.41, "mediana_ms": 16.66, "fotogrammi": 423}, "consegnati": 452, "dipinti": 452, "salt": 0, "saltati_pct": 0.0, "lavoro_s": 83.8, "blocco_max_s": 0.067, "buchi": 0, "rete": {"persi": 0, "byte_persi": 0, "spediti": 815, "byte_spediti": 773432, "ricevuti": 794, "scartati": 0, "dgram_persi": 0, "dgram_ok": 0, "dgram_falsi": 0, "connessioni": 1, "perdita_pct": 0.0, "mbit_s": 0.05, "srtt_ms": {"mediana": 0.22, "max": 0.42}, "pto_ms_max": 26.9, "secondi": 118}, "tratto_server_ms": {"mediana": 16.66, "max": 27.29, "ora": "03:40:06.182"}, "nascita_s": 1.53, "journal_err": 5}, "voci": {"ritardo_p95_ms": {"valore": 33.41, "classe": "GREEN", "significativo": false, "nota": "p95 dei p95 al secondo di «NOSTRO» (copia → byte fuori, 69 righe del figlio) 24.4 ms + 9 ms d'ingresso (tetto costruttivo: poll di 8 ms) · ⚠ strada wlroots: la «copia» e' contata due volte (~4 ms in piu', cattura.c:2309 / figlio.c:5191) — NON corretto, e' dal lato prudente"}, "saltati_pct": {"valore": 0.0, "classe": "GREEN", "significativo": false, "nota": "452 consegnati, 452 dipinti (salt 0)"}, "blocco_max_s": {"valore": 0.067, "classe": "GREEN", "significativo": false, "nota": "dall'attore (15 righe)"}, "buchi_al_min": {"valore": 0.0, "classe": "GREEN", "significativo": false, "nota": "0 buchi in 125 s"}, "caduta": {"valore": false, "classe": "GREEN", "significativo": false, "nota": "nessuna caduta, riavvio o errore che stacca"}, "nascita_s": {"valore": 1.533, "classe": "GREEN", "significativo": false, "nota": "accesso → primo fotogramma"}}, "classe": "GREEN", "ragione": "tutte le voci GREEN", "non_misurate": [], "evidenze": ["/media/REMOTIX/misure/fase16/intel-c-2k-lxqt/livello-16-ripetizione/utente-02"]}
{"campagna": "intel-c-2k-lxqt", "livello": 16, "desktop": "lxqt", "scheda": "Intel UHD 770 (i5-13500T)", "driver": "i915 intel-media-va-driver=25.2.3+dfsg1-1 libgl1-mesa-dri=25.0.7-2+deb13u1 libva2=2.22.0-3 mesa-va-drivers=25.0.7-2+deb13u1", "misura": "2k", "commit": "678a2da", "binario": "28a947f5", "pagina": "fb9a18f3", "nucleo": "7.0", "tetto_sessioni": 17, "inizio": "2026-09-29T03:07:17+00:00", "durata_s": 1974, "finestra": ["03:38:12", "03:40:12"], "fps_video": 30.0, "tipo": "sessione", "utente": 3, "profilo": "C", "browser": "firefox", "versione": "Firefox 140.16.0 · finestra vera", "inquilino": "c16003u3", "misure": {"finestra_s": 121.4, "esperienza": {"giro_eco_p95_ms": 58.5, "giro_eco_campioni": 218, "giro_tutti_p95_ms": 62, "giro_tutti_campioni": 239}, "video_non_avanza": 0, "input_azioni": 9, "input_persi": 0, "input_latenza_p95_ms": 65, "tratto": {"righe": 53, "mediana_p95_ms": 14.34, "max_campione_p95_ms": 25.21, "produttore_mediana_ms": 0.0}, "ritardo_p95_ms": 30.53, "nostro": {"righe": 53, "p95_dei_p95_ms": 21.53, "max_al_secondo_max_ms": 21.76, "max_al_secondo_p95_ms": 21.53, "mediana_ms": 14.84, "fotogrammi": 245}, "consegnati": 246, "dipinti": 246, "salt": 0, "saltati_pct": 0.0, "lavoro_s": 86.2, "blocco_max_s": 1.467, "buchi": 0, "rete": {"persi": 0, "byte_persi": 0, "spediti": 970, "byte_spediti": 1015264, "ricevuti": 755, "scartati": 0, "dgram_persi": 0, "dgram_ok": 0, "dgram_falsi": 0, "connessioni": 1, "perdita_pct": 0.0, "mbit_s": 0.07, "srtt_ms": {"mediana": 0.16, "max": 0.38}, "pto_ms_max": 22.3, "secondi": 120}, "tratto_server_ms": {"mediana": 14.16, "max": 25.21, "ora": "03:40:00.475"}, "nascita_s": 1.5, "journal_err": 5}, "voci": {"ritardo_p95_ms": {"valore": 30.53, "classe": "GREEN", "significativo": false, "nota": "p95 dei p95 al secondo di «NOSTRO» (copia → byte fuori, 53 righe del figlio) 21.5 ms + 9 ms d'ingresso (tetto costruttivo: poll di 8 ms) · ⚠ strada wlroots: la «copia» e' contata due volte (~4 ms in piu', cattura.c:2309 / figlio.c:5191) — NON corretto, e' dal lato prudente"}, "saltati_pct": {"valore": 0.0, "classe": "GREEN", "significativo": false, "nota": "246 consegnati, 246 dipinti (salt 0)"}, "blocco_max_s": {"valore": 1.467, "classe": "DEGRADED", "significativo": false, "nota": "dall'attore (15 righe)"}, "buchi_al_min": {"valore": 0.0, "classe": "GREEN", "significativo": false, "nota": "0 buchi in 121 s"}, "caduta": {"valore": false, "classe": "GREEN", "significativo": false, "nota": "nessuna caduta, riavvio o errore che stacca"}, "nascita_s": {"valore": 1.5, "classe": "GREEN", "significativo": false, "nota": "accesso → primo fotogramma"}}, "classe": "DEGRADED", "ragione": "DEGRADED blocco piu' lungo dell'immagine: 1.467 — dall'attore (15 righe)", "non_misurate": [], "evidenze": ["/media/REMOTIX/misure/fase16/intel-c-2k-lxqt/livello-16-ripetizione/utente-03"]}
{"campagna": "intel-c-2k-lxqt", "livello": 16, "desktop": "lxqt", "scheda": "Intel UHD 770 (i5-13500T)", "driver": "i915 intel-media-va-driver=25.2.3+dfsg1-1 libgl1-mesa-dri=25.0.7-2+deb13u1 libva2=2.22.0-3 mesa-va-drivers=25.0.7-2+deb13u1", "misura": "2k", "commit": "678a2da", "binario": "28a947f5", "pagina": "fb9a18f3", "nucleo": "7.0", "tetto_sessioni": 17, "inizio": "2026-09-29T03:07:17+00:00", "durata_s": 1974, "finestra": ["03:38:12", "03:40:12"], "fps_video": 30.0, "tipo": "sessione", "utente": 4, "profilo": "D", "browser": "chrome", "versione": "Chrome/154.0.8037.57 · finestra vera", "inquilino": "c16004u4", "misure": {"finestra_s": 121.6, "esperienza": {"giro_eco_p95_ms": null, "giro_eco_campioni": 0, "giro_tutti_p95_ms": null, "giro_tutti_campioni": 0}, "video_non_avanza": 0, "input_azioni": 0, "input_persi": 0, "input_latenza_p95_ms": null, "tratto": {"righe": 115, "mediana_p95_ms": 16.13, "max_campione_p95_ms": 28.42, "produttore_mediana_ms": 0.0}, "ritardo_p95_ms": 33.41, "nostro": {"righe": 115, "p95_dei_p95_ms": 24.41, "max_al_secondo_max_ms": 28.42, "max_al_secondo_p95_ms": 26.82, "mediana_ms": 14.56, "fotogrammi": 3063}, "consegnati": 3081, "dipinti": 3081, "salt": 0, "saltati_pct": 0.0, "lavoro_s": 121.6, "blocco_max_s": 3.96, "buchi": 0, "video_fps": 25.332, "audio_udibile_pct": 98.64, "rete": {"persi": 0, "byte_persi": 0, "spediti": 67217, "byte_spediti": 95482424, "ricevuti": 12103, "scartati": 0, "dgram_persi": 0, "dgram_ok": 5915, "dgram_falsi": 0, "connessioni": 1, "perdita_pct": 0.0, "mbit_s": 6.31, "srtt_ms": {"mediana": 0.34, "max": 0.76}, "pto_ms_max": 27.4, "secondi": 121}, "tratto_server_ms": {"mediana": 13.96, "max": 24.67, "ora": "03:40:12.182"}, "nascita_s": 1.44, "journal_err": 16}, "voci": {"ritardo_p95_ms": {"valore": 33.41, "classe": "GREEN", "significativo": false, "nota": "p95 dei p95 al secondo di «NOSTRO» (copia → byte fuori, 115 righe del figlio) 24.4 ms + 9 ms d'ingresso (tetto costruttivo: poll di 8 ms) · ⚠ strada wlroots: la «copia» e' contata due volte (~4 ms in piu', cattura.c:2309 / figlio.c:5191) — NON corretto, e' dal lato prudente"}, "saltati_pct": {"valore": 0.0, "classe": "GREEN", "significativo": false, "nota": "3081 consegnati, 3081 dipinti (salt 0)"}, "blocco_max_s": {"valore": 3.96, "classe": "FAIL", "significativo": true, "nota": "dall'attore (23 righe)"}, "buchi_al_min": {"valore": 0.0, "classe": "GREEN", "significativo": false, "nota": "0 buchi in 122 s"}, "video_frazione_f": {"valore": 0.844, "classe": "GREEN", "significativo": false, "nota": "25.3 dipinti/s in 122 s di video, f = 30.0"}, "audio_udibile_pct": {"valore": 98.64, "classe": "DEGRADED", "significativo": false, "nota": "6166 suonati su 6251 mandati (6166 ricevuti + 85 mancati)"}, "caduta": {"valore": false, "classe": "GREEN", "significativo": false, "nota": "nessuna caduta, riavvio o errore che stacca"}, "nascita_s": {"valore": 1.439, "classe": "GREEN", "significativo": false, "nota": "accesso → primo fotogramma"}}, "classe": "FAIL", "ragione": "FAIL blocco piu' lungo dell'immagine: 3.96 — dall'attore (23 righe) · DEGRADED audio udibile: 98.64 — 6166 suonati su 6251 mandati (6166 ricevuti + 85 mancati)", "non_misurate": [], "evidenze": ["/media/REMOTIX/misure/fase16/intel-c-2k-lxqt/livello-16-ripetizione/utente-04"]}
{"campagna": "intel-c-2k-lxqt", "livello": 16, "desktop": "lxqt", "scheda": "Intel UHD 770 (i5-13500T)", "driver": "i915 intel-media-va-driver=25.2.3+dfsg1-1 libgl1-mesa-dri=25.0.7-2+deb13u1 libva2=2.22.0-3 mesa-va-drivers=25.0.7-2+deb13u1", "misura": "2k", "commit": "678a2da", "binario": "28a947f5", "pagina": "fb9a18f3", "nucleo": "7.0", "tetto_sessioni": 17, "inizio": "2026-09-29T03:07:17+00:00", "durata_s": 1974, "finestra": ["03:38:12", "03:40:12"], "fps_video": 30.0, "tipo": "sessione", "utente": 5, "profilo": "A", "browser": "firefox", "versione": "Firefox 140.16.0 · finestra vera", "inquilino": "c16005u5", "misure": {"finestra_s": 121.9, "esperienza": {"giro_eco_p95_ms": 79.9, "giro_eco_campioni": 105, "giro_tutti_p95_ms": 85.9, "giro_tutti_campioni": 209}, "video_non_avanza": 0, "input_azioni": 17, "input_persi": 0, "input_latenza_p95_ms": 241, "tratto": {"righe": 48, "mediana_p95_ms": 18.04, "max_campione_p95_ms": 25.47, "produttore_mediana_ms": 0.0}, "ritardo_p95_ms": 33.32, "nostro": {"righe": 48, "p95_dei_p95_ms": 24.32, "max_al_secondo_max_ms": 25.15, "max_al_secondo_p95_ms": 24.32, "mediana_ms": 17.48, "fotogrammi": 489}, "consegnati": 512, "dipinti": 512, "salt": 0, "saltati_pct": 0.0, "lavoro_s": 76.7, "blocco_max_s": 0.094, "buchi": 0, "rete": {"persi": 0, "byte_persi": 0, "spediti": 2609, "byte_spediti": 2990824, "ricevuti": 1008, "scartati": 0, "dgram_persi": 0, "dgram_ok": 0, "dgram_falsi": 0, "connessioni": 1, "perdita_pct": 0.0, "mbit_s": 0.2, "srtt_ms": {"mediana": 0.2, "max": 0.36}, "pto_ms_max": 21.5, "secondi": 121}, "tratto_server_ms": {"mediana": 16.94, "max": 25.15, "ora": "03:40:01.136"}, "nascita_s": 1.46, "journal_err": 12}, "voci": {"ritardo_p95_ms": {"valore": 33.32, "classe": "GREEN", "significativo": false, "nota": "p95 dei p95 al secondo di «NOSTRO» (copia → byte fuori, 48 righe del figlio) 24.3 ms + 9 ms d'ingresso (tetto costruttivo: poll di 8 ms) · ⚠ strada wlroots: la «copia» e' contata due volte (~4 ms in piu', cattura.c:2309 / figlio.c:5191) — NON corretto, e' dal lato prudente"}, "saltati_pct": {"valore": 0.0, "classe": "GREEN", "significativo": false, "nota": "512 consegnati, 512 dipinti (salt 0)"}, "blocco_max_s": {"valore": 0.094, "classe": "GREEN", "significativo": false, "nota": "dall'attore (14 righe)"}, "buchi_al_min": {"valore": 0.0, "classe": "GREEN", "significativo": false, "nota": "0 buchi in 122 s"}, "caduta": {"valore": false, "classe": "GREEN", "significativo": false, "nota": "nessuna caduta, riavvio o errore che stacca"}, "nascita_s": {"valore": 1.462, "classe": "GREEN", "significativo": false, "nota": "accesso → primo fotogramma"}}, "classe": "GREEN", "ragione": "tutte le voci GREEN", "non_misurate": [], "evidenze": ["/media/REMOTIX/misure/fase16/intel-c-2k-lxqt/livello-16-ripetizione/utente-05"]}
{"campagna": "intel-c-2k-lxqt", "livello": 16, "desktop": "lxqt", "scheda": "Intel UHD 770 (i5-13500T)", "driver": "i915 intel-media-va-driver=25.2.3+dfsg1-1 libgl1-mesa-dri=25.0.7-2+deb13u1 libva2=2.22.0-3 mesa-va-drivers=25.0.7-2+deb13u1", "misura": "2k", "commit": "678a2da", "binario": "28a947f5", "pagina": "fb9a18f3", "nucleo": "7.0", "tetto_sessioni": 17, "inizio": "2026-09-29T03:07:17+00:00", "durata_s": 1974, "finestra": ["03:38:12", "03:40:12"], "fps_video": 30.0, "tipo": "sessione", "utente": 6, "profilo": "B", "browser": "chrome", "versione": "Chrome/154.0.8037.57 · finestra vera", "inquilino": "c16006u6", "misure": {"finestra_s": 121.2, "esperienza": {"giro_eco_p95_ms": 54.5, "giro_eco_campioni": 203, "giro_tutti_p95_ms": 60.3, "giro_tutti_campioni": 275}, "video_non_avanza": 0, "input_azioni": 3, "input_persi": 0, "input_latenza_p95_ms": 2412, "tratto": {"righe": 73, "mediana_p95_ms": 16.87, "max_campione_p95_ms": 28.8, "produttore_mediana_ms": 0.0}, "ritardo_p95_ms": 35.04, "nostro": {"righe": 73, "p95_dei_p95_ms": 26.04, "max_al_secondo_max_ms": 28.8, "max_al_secondo_p95_ms": 26.04, "mediana_ms": 17.57, "fotogrammi": 513}, "consegnati": 516, "dipinti": 516, "salt": 0, "saltati_pct": 0.0, "lavoro_s": 100.7, "blocco_max_s": 0.072, "buchi": 0, "rete": {"persi": 0, "byte_persi": 0, "spediti": 932, "byte_spediti": 932632, "ricevuti": 858, "scartati": 0, "dgram_persi": 0, "dgram_ok": 0, "dgram_falsi": 0, "connessioni": 1, "perdita_pct": 0.0, "mbit_s": 0.06, "srtt_ms": {"mediana": 0.21, "max": 0.43}, "pto_ms_max": 27.5, "secondi": 118}, "tratto_server_ms": {"mediana": 16.84, "max": 28.8, "ora": "03:40:12.238"}, "nascita_s": 1.43, "journal_err": 5}, "voci": {"ritardo_p95_ms": {"valore": 35.04, "classe": "GREEN", "significativo": false, "nota": "p95 dei p95 al secondo di «NOSTRO» (copia → byte fuori, 73 righe del figlio) 26.0 ms + 9 ms d'ingresso (tetto costruttivo: poll di 8 ms) · ⚠ strada wlroots: la «copia» e' contata due volte (~4 ms in piu', cattura.c:2309 / figlio.c:5191) — NON corretto, e' dal lato prudente"}, "saltati_pct": {"valore": 0.0, "classe": "GREEN", "significativo": false, "nota": "516 consegnati, 516 dipinti (salt 0)"}, "blocco_max_s": {"valore": 0.072, "classe": "GREEN", "significativo": false, "nota": "dall'attore (18 righe)"}, "buchi_al_min": {"valore": 0.0, "classe": "GREEN", "significativo": false, "nota": "0 buchi in 121 s"}, "caduta": {"valore": false, "classe": "GREEN", "significativo": false, "nota": "nessuna caduta, riavvio o errore che stacca"}, "nascita_s": {"valore": 1.425, "classe": "GREEN", "significativo": false, "nota": "accesso → primo fotogramma"}}, "classe": "GREEN", "ragione": "tutte le voci GREEN", "non_misurate": [], "evidenze": ["/media/REMOTIX/misure/fase16/intel-c-2k-lxqt/livello-16-ripetizione/utente-06"]}
{"campagna": "intel-c-2k-lxqt", "livello": 16, "desktop": "lxqt", "scheda": "Intel UHD 770 (i5-13500T)", "driver": "i915 intel-media-va-driver=25.2.3+dfsg1-1 libgl1-mesa-dri=25.0.7-2+deb13u1 libva2=2.22.0-3 mesa-va-drivers=25.0.7-2+deb13u1", "misura": "2k", "commit": "678a2da", "binario": "28a947f5", "pagina": "fb9a18f3", "nucleo": "7.0", "tetto_sessioni": 17, "inizio": "2026-09-29T03:07:17+00:00", "durata_s": 1974, "finestra": ["03:38:12", "03:40:12"], "fps_video": 30.0, "tipo": "sessione", "utente": 7, "profilo": "C", "browser": "firefox", "versione": "Firefox 140.16.0 · finestra vera", "inquilino": "c16007u7", "misure": {"finestra_s": 119.4, "esperienza": {"giro_eco_p95_ms": 59.6, "giro_eco_campioni": 144, "giro_tutti_p95_ms": 60.2, "giro_tutti_campioni": 150}, "video_non_avanza": 0, "input_azioni": 6, "input_persi": 0, "input_latenza_p95_ms": 17, "tratto": {"righe": 43, "mediana_p95_ms": 13.86, "max_campione_p95_ms": 25.33, "produttore_mediana_ms": 0.0}, "ritardo_p95_ms": 30.99, "nostro": {"righe": 43, "p95_dei_p95_ms": 21.99, "max_al_secondo_max_ms": 22.74, "max_al_secondo_p95_ms": 21.99, "mediana_ms": 16.07, "fotogrammi": 153}, "consegnati": 154, "dipinti": 154, "salt": 0, "saltati_pct": 0.0, "lavoro_s": 69.2, "blocco_max_s": 0.076, "buchi": 0, "rete": {"persi": 0, "byte_persi": 0, "spediti": 660, "byte_spediti": 712476, "ricevuti": 479, "scartati": 0, "dgram_persi": 0, "dgram_ok": 0, "dgram_falsi": 0, "connessioni": 1, "perdita_pct": 0.0, "mbit_s": 0.05, "srtt_ms": {"mediana": 0.18, "max": 0.45}, "pto_ms_max": 22.4, "secondi": 121}, "tratto_server_ms": {"mediana": 13.86, "max": 25.33, "ora": "03:40:11.773"}, "nascita_s": 1.49, "journal_err": 5}, "voci": {"ritardo_p95_ms": {"valore": 30.99, "classe": "GREEN", "significativo": false, "nota": "p95 dei p95 al secondo di «NOSTRO» (copia → byte fuori, 43 righe del figlio) 22.0 ms + 9 ms d'ingresso (tetto costruttivo: poll di 8 ms) · ⚠ strada wlroots: la «copia» e' contata due volte (~4 ms in piu', cattura.c:2309 / figlio.c:5191) — NON corretto, e' dal lato prudente"}, "saltati_pct": {"valore": 0.0, "classe": "GREEN", "significativo": false, "nota": "154 consegnati, 154 dipinti (salt 0)"}, "blocco_max_s": {"valore": 0.076, "classe": "GREEN", "significativo": false, "nota": "dall'attore (12 righe)"}, "buchi_al_min": {"valore": 0.0, "classe": "GREEN", "significativo": false, "nota": "0 buchi in 119 s"}, "caduta": {"valore": false, "classe": "GREEN", "significativo": false, "nota": "nessuna caduta, riavvio o errore che stacca"}, "nascita_s": {"valore": 1.489, "classe": "GREEN", "significativo": false, "nota": "accesso → primo fotogramma"}}, "classe": "GREEN", "ragione": "tutte le voci GREEN", "non_misurate": [], "evidenze": ["/media/REMOTIX/misure/fase16/intel-c-2k-lxqt/livello-16-ripetizione/utente-07"]}
{"campagna": "intel-c-2k-lxqt", "livello": 16, "desktop": "lxqt", "scheda": "Intel UHD 770 (i5-13500T)", "driver": "i915 intel-media-va-driver=25.2.3+dfsg1-1 libgl1-mesa-dri=25.0.7-2+deb13u1 libva2=2.22.0-3 mesa-va-drivers=25.0.7-2+deb13u1", "misura": "2k", "commit": "678a2da", "binario": "28a947f5", "pagina": "fb9a18f3", "nucleo": "7.0", "tetto_sessioni": 17, "inizio": "2026-09-29T03:07:17+00:00", "durata_s": 1974, "finestra": ["03:38:12", "03:40:12"], "fps_video": 30.0, "tipo": "sessione", "utente": 8, "profilo": "D", "browser": "chrome", "versione": "Chrome/154.0.8037.57 · finestra vera", "inquilino": "c16008u8", "misure": {"finestra_s": 116.4, "esperienza": {"giro_eco_p95_ms": null, "giro_eco_campioni": 0, "giro_tutti_p95_ms": 54.9, "giro_tutti_campioni": 3}, "video_non_avanza": 0, "input_azioni": 0, "input_persi": 0, "input_latenza_p95_ms": null, "tratto": {"righe": 118, "mediana_p95_ms": 16.0, "max_campione_p95_ms": 30.81, "produttore_mediana_ms": 0.0}, "ritardo_p95_ms": 33.85, "nostro": {"righe": 118, "p95_dei_p95_ms": 24.85, "max_al_secondo_max_ms": 30.81, "max_al_secondo_p95_ms": 27.27, "mediana_ms": 15.25, "fotogrammi": 3162}, "consegnati": 3050, "dipinti": 3050, "salt": 0, "saltati_pct": 0.0, "lavoro_s": 116.4, "blocco_max_s": 0.108, "buchi": 0, "video_fps": 26.203, "audio_udibile_pct": 100.0, "rete": {"persi": 0, "byte_persi": 0, "spediti": 69665, "byte_spediti": 99233412, "ricevuti": 12424, "scartati": 0, "dgram_persi": 0, "dgram_ok": 6000, "dgram_falsi": 0, "connessioni": 1, "perdita_pct": 0.0, "mbit_s": 6.56, "srtt_ms": {"mediana": 0.41, "max": 1.45}, "pto_ms_max": 29.9, "secondi": 121}, "tratto_server_ms": {"mediana": 15.13, "max": 26.79, "ora": "03:40:12.023"}, "nascita_s": 1.42, "journal_err": 16}, "voci": {"ritardo_p95_ms": {"valore": 33.85, "classe": "GREEN", "significativo": false, "nota": "p95 dei p95 al secondo di «NOSTRO» (copia → byte fuori, 118 righe del figlio) 24.9 ms + 9 ms d'ingresso (tetto costruttivo: poll di 8 ms) · ⚠ strada wlroots: la «copia» e' contata due volte (~4 ms in piu', cattura.c:2309 / figlio.c:5191) — NON corretto, e' dal lato prudente"}, "saltati_pct": {"valore": 0.0, "classe": "GREEN", "significativo": false, "nota": "3050 consegnati, 3050 dipinti (salt 0)"}, "blocco_max_s": {"valore": 0.108, "classe": "GREEN", "significativo": false, "nota": "dall'attore (22 righe)"}, "buchi_al_min": {"valore": 0.0, "classe": "GREEN", "significativo": false, "nota": "0 buchi in 116 s"}, "video_frazione_f": {"valore": 0.873, "classe": "GREEN", "significativo": false, "nota": "26.2 dipinti/s in 116 s di video, f = 30.0"}, "audio_udibile_pct": {"valore": 100.0, "classe": "GREEN", "significativo": false, "nota": "5750 suonati su 5750 mandati (5750 ricevuti + 0 mancati)"}, "caduta": {"valore": false, "classe": "GREEN", "significativo": false, "nota": "nessuna caduta, riavvio o errore che stacca"}, "nascita_s": {"valore": 1.422, "classe": "GREEN", "significativo": false, "nota": "accesso → primo fotogramma"}}, "classe": "GREEN", "ragione": "tutte le voci GREEN", "non_misurate": [], "evidenze": ["/media/REMOTIX/misure/fase16/intel-c-2k-lxqt/livello-16-ripetizione/utente-08"]}
{"campagna": "intel-c-2k-lxqt", "livello": 16, "desktop": "lxqt", "scheda": "Intel UHD 770 (i5-13500T)", "driver": "i915 intel-media-va-driver=25.2.3+dfsg1-1 libgl1-mesa-dri=25.0.7-2+deb13u1 libva2=2.22.0-3 mesa-va-drivers=25.0.7-2+deb13u1", "misura": "2k", "commit": "678a2da", "binario": "28a947f5", "pagina": "fb9a18f3", "nucleo": "7.0", "tetto_sessioni": 17, "inizio": "2026-09-29T03:07:17+00:00", "durata_s": 1974, "finestra": ["03:38:12", "03:40:12"], "fps_video": 30.0, "tipo": "sessione", "utente": 9, "profilo": "A", "browser": "firefox", "versione": "Firefox 140.16.0 · finestra vera", "inquilino": "c16009u9", "misure": {"finestra_s": 115.7, "esperienza": {"giro_eco_p95_ms": 71.5, "giro_eco_campioni": 63, "giro_tutti_p95_ms": 81.2, "giro_tutti_campioni": 168}, "video_non_avanza": 0, "input_azioni": 19, "input_persi": 0, "input_latenza_p95_ms": 256, "tratto": {"righe": 61, "mediana_p95_ms": 18.46, "max_campione_p95_ms": 28.49, "produttore_mediana_ms": 0.0}, "ritardo_p95_ms": 32.89, "nostro": {"righe": 61, "p95_dei_p95_ms": 23.89, "max_al_secondo_max_ms": 27.94, "max_al_secondo_p95_ms": 23.89, "mediana_ms": 17.82, "fotogrammi": 571}, "consegnati": 510, "dipinti": 510, "salt": 0, "saltati_pct": 0.0, "lavoro_s": 80.6, "blocco_max_s": 0.089, "buchi": 0, "rete": {"persi": 0, "byte_persi": 0, "spediti": 3643, "byte_spediti": 4383556, "ricevuti": 1043, "scartati": 0, "dgram_persi": 0, "dgram_ok": 0, "dgram_falsi": 0, "connessioni": 1, "perdita_pct": 0.0, "mbit_s": 0.29, "srtt_ms": {"mediana": 0.2, "max": 0.57}, "pto_ms_max": 22.3, "secondi": 120}, "tratto_server_ms": {"mediana": 17.46, "max": 27.94, "ora": "03:40:12.422"}, "nascita_s": 1.69, "journal_err": 9}, "voci": {"ritardo_p95_ms": {"valore": 32.89, "classe": "GREEN", "significativo": false, "nota": "p95 dei p95 al secondo di «NOSTRO» (copia → byte fuori, 61 righe del figlio) 23.9 ms + 9 ms d'ingresso (tetto costruttivo: poll di 8 ms) · ⚠ strada wlroots: la «copia» e' contata due volte (~4 ms in piu', cattura.c:2309 / figlio.c:5191) — NON corretto, e' dal lato prudente"}, "saltati_pct": {"valore": 0.0, "classe": "GREEN", "significativo": false, "nota": "510 consegnati, 510 dipinti (salt 0)"}, "blocco_max_s": {"valore": 0.089, "classe": "GREEN", "significativo": false, "nota": "dall'attore (15 righe)"}, "buchi_al_min": {"valore": 0.0, "classe": "GREEN", "significativo": false, "nota": "0 buchi in 116 s"}, "caduta": {"valore": false, "classe": "GREEN", "significativo": false, "nota": "nessuna caduta, riavvio o errore che stacca"}, "nascita_s": {"valore": 1.689, "classe": "GREEN", "significativo": false, "nota": "accesso → primo fotogramma"}}, "classe": "GREEN", "ragione": "tutte le voci GREEN", "non_misurate": [], "evidenze": ["/media/REMOTIX/misure/fase16/intel-c-2k-lxqt/livello-16-ripetizione/utente-09"]}
{"campagna": "intel-c-2k-lxqt", "livello": 16, "desktop": "lxqt", "scheda": "Intel UHD 770 (i5-13500T)", "driver": "i915 intel-media-va-driver=25.2.3+dfsg1-1 libgl1-mesa-dri=25.0.7-2+deb13u1 libva2=2.22.0-3 mesa-va-drivers=25.0.7-2+deb13u1", "misura": "2k", "commit": "678a2da", "binario": "28a947f5", "pagina": "fb9a18f3", "nucleo": "7.0", "tetto_sessioni": 17, "inizio": "2026-09-29T03:07:17+00:00", "durata_s": 1974, "finestra": ["03:38:12", "03:40:12"], "fps_video": 30.0, "tipo": "sessione", "utente": 10, "profilo": "B", "browser": "chrome", "versione": "Chrome/154.0.8037.57 · finestra vera", "inquilino": "c16010u10", "misure": {"finestra_s": 120.5, "esperienza": {"giro_eco_p95_ms": 55.5, "giro_eco_campioni": 233, "giro_tutti_p95_ms": 57.4, "giro_tutti_campioni": 369}, "video_non_avanza": 0, "input_azioni": 6, "input_persi": 0, "input_latenza_p95_ms": 2064, "tratto": {"righe": 85, "mediana_p95_ms": 15.7, "max_campione_p95_ms": 28.91, "produttore_mediana_ms": 0.0}, "ritardo_p95_ms": 34.91, "nostro": {"righe": 85, "p95_dei_p95_ms": 25.91, "max_al_secondo_max_ms": 28.91, "max_al_secondo_p95_ms": 25.91, "mediana_ms": 16.02, "fotogrammi": 649}, "consegnati": 659, "dipinti": 659, "salt": 0, "saltati_pct": 0.0, "lavoro_s": 115.4, "blocco_max_s": 0.083, "buchi": 0, "rete": {"persi": 0, "byte_persi": 0, "spediti": 1203, "byte_spediti": 1200524, "ricevuti": 1111, "scartati": 0, "dgram_persi": 0, "dgram_ok": 0, "dgram_falsi": 0, "connessioni": 1, "perdita_pct": 0.0, "mbit_s": 0.08, "srtt_ms": {"mediana": 0.25, "max": 0.62}, "pto_ms_max": 27.7, "secondi": 118}, "tratto_server_ms": {"mediana": 15.71, "max": 28.91, "ora": "03:40:09.219"}, "nascita_s": 1.72, "journal_err": 5}, "voci": {"ritardo_p95_ms": {"valore": 34.91, "classe": "GREEN", "significativo": false, "nota": "p95 dei p95 al secondo di «NOSTRO» (copia → byte fuori, 85 righe del figlio) 25.9 ms + 9 ms d'ingresso (tetto costruttivo: poll di 8 ms) · ⚠ strada wlroots: la «copia» e' contata due volte (~4 ms in piu', cattura.c:2309 / figlio.c:5191) — NON corretto, e' dal lato prudente"}, "saltati_pct": {"valore": 0.0, "classe": "GREEN", "significativo": false, "nota": "659 consegnati, 659 dipinti (salt 0)"}, "blocco_max_s": {"valore": 0.083, "classe": "GREEN", "significativo": false, "nota": "dall'attore (21 righe)"}, "buchi_al_min": {"valore": 0.0, "classe": "GREEN", "significativo": false, "nota": "0 buchi in 120 s"}, "caduta": {"valore": false, "classe": "GREEN", "significativo": false, "nota": "nessuna caduta, riavvio o errore che stacca"}, "nascita_s": {"valore": 1.724, "classe": "GREEN", "significativo": false, "nota": "accesso → primo fotogramma"}}, "classe": "GREEN", "ragione": "tutte le voci GREEN", "non_misurate": [], "evidenze": ["/media/REMOTIX/misure/fase16/intel-c-2k-lxqt/livello-16-ripetizione/utente-10"]}
{"campagna": "intel-c-2k-lxqt", "livello": 16, "desktop": "lxqt", "scheda": "Intel UHD 770 (i5-13500T)", "driver": "i915 intel-media-va-driver=25.2.3+dfsg1-1 libgl1-mesa-dri=25.0.7-2+deb13u1 libva2=2.22.0-3 mesa-va-drivers=25.0.7-2+deb13u1", "misura": "2k", "commit": "678a2da", "binario": "28a947f5", "pagina": "fb9a18f3", "nucleo": "7.0", "tetto_sessioni": 17, "inizio": "2026-09-29T03:07:17+00:00", "durata_s": 1974, "finestra": ["03:38:12", "03:40:12"], "fps_video": 30.0, "tipo": "sessione", "utente": 11, "profilo": "C", "browser": "firefox", "versione": "Firefox 140.16.0 · finestra vera", "inquilino": "c16011u11", "misure": {"finestra_s": 118.3, "esperienza": {"giro_eco_p95_ms": 64.1, "giro_eco_campioni": 86, "giro_tutti_p95_ms": 65.6, "giro_tutti_campioni": 122}, "video_non_avanza": 0, "input_azioni": 4, "input_persi": 0, "input_latenza_p95_ms": 6, "tratto": {"righe": 40, "mediana_p95_ms": 13.13, "max_campione_p95_ms": 23.73, "produttore_mediana_ms": 0.0}, "ritardo_p95_ms": 31.39, "nostro": {"righe": 40, "p95_dei_p95_ms": 22.39, "max_al_secondo_max_ms": 23.73, "max_al_secondo_p95_ms": 22.39, "mediana_ms": 14.82, "fotogrammi": 150}, "consegnati": 126, "dipinti": 126, "salt": 0, "saltati_pct": 0.0, "lavoro_s": 62.3, "blocco_max_s": 0.074, "buchi": 0, "rete": {"persi": 0, "byte_persi": 0, "spediti": 548, "byte_spediti": 570844, "ricevuti": 459, "scartati": 0, "dgram_persi": 0, "dgram_ok": 0, "dgram_falsi": 0, "connessioni": 1, "perdita_pct": 0.0, "mbit_s": 0.04, "srtt_ms": {"mediana": 0.17, "max": 0.25}, "pto_ms_max": 21.3, "secondi": 120}, "tratto_server_ms": {"mediana": 13.07, "max": 23.73, "ora": "03:40:12.128"}, "nascita_s": 1.78, "journal_err": 5}, "voci": {"ritardo_p95_ms": {"valore": 31.39, "classe": "GREEN", "significativo": false, "nota": "p95 dei p95 al secondo di «NOSTRO» (copia → byte fuori, 40 righe del figlio) 22.4 ms + 9 ms d'ingresso (tetto costruttivo: poll di 8 ms) · ⚠ strada wlroots: la «copia» e' contata due volte (~4 ms in piu', cattura.c:2309 / figlio.c:5191) — NON corretto, e' dal lato prudente"}, "saltati_pct": {"valore": 0.0, "classe": "GREEN", "significativo": false, "nota": "126 consegnati, 126 dipinti (salt 0)"}, "blocco_max_s": {"valore": 0.074, "classe": "GREEN", "significativo": false, "nota": "dall'attore (11 righe)"}, "buchi_al_min": {"valore": 0.0, "classe": "GREEN", "significativo": false, "nota": "0 buchi in 118 s"}, "caduta": {"valore": false, "classe": "GREEN", "significativo": false, "nota": "nessuna caduta, riavvio o errore che stacca"}, "nascita_s": {"valore": 1.776, "classe": "GREEN", "significativo": false, "nota": "accesso → primo fotogramma"}}, "classe": "GREEN", "ragione": "tutte le voci GREEN", "non_misurate": [], "evidenze": ["/media/REMOTIX/misure/fase16/intel-c-2k-lxqt/livello-16-ripetizione/utente-11"]}
{"campagna": "intel-c-2k-lxqt", "livello": 16, "desktop": "lxqt", "scheda": "Intel UHD 770 (i5-13500T)", "driver": "i915 intel-media-va-driver=25.2.3+dfsg1-1 libgl1-mesa-dri=25.0.7-2+deb13u1 libva2=2.22.0-3 mesa-va-drivers=25.0.7-2+deb13u1", "misura": "2k", "commit": "678a2da", "binario": "28a947f5", "pagina": "fb9a18f3", "nucleo": "7.0", "tetto_sessioni": 17, "inizio": "2026-09-29T03:07:17+00:00", "durata_s": 1974, "finestra": ["03:38:12", "03:40:12"], "fps_video": 30.0, "tipo": "sessione", "utente": 12, "profilo": "D", "browser": "chrome", "versione": "Chrome/154.0.8037.57 · finestra vera", "inquilino": "c16012u12", "misure": {"finestra_s": 122.1, "esperienza": {"giro_eco_p95_ms": null, "giro_eco_campioni": 0, "giro_tutti_p95_ms": 96.7, "giro_tutti_campioni": 6}, "video_non_avanza": 0, "input_azioni": 0, "input_persi": 0, "input_latenza_p95_ms": null, "tratto": {"righe": 119, "mediana_p95_ms": 16.74, "max_campione_p95_ms": 28.42, "produttore_mediana_ms": 0.0}, "ritardo_p95_ms": 33.72, "nostro": {"righe": 119, "p95_dei_p95_ms": 24.72, "max_al_secondo_max_ms": 28.42, "max_al_secondo_p95_ms": 26.95, "mediana_ms": 15.49, "fotogrammi": 3198}, "consegnati": 3203, "dipinti": 3203, "salt": 0, "saltati_pct": 0.0, "lavoro_s": 122.1, "blocco_max_s": 0.1, "buchi": 0, "video_fps": 26.237, "audio_udibile_pct": 100.0, "rete": {"persi": 0, "byte_persi": 0, "spediti": 54667, "byte_spediti": 76278916, "ricevuti": 10832, "scartati": 0, "dgram_persi": 0, "dgram_ok": 6000, "dgram_falsi": 0, "connessioni": 1, "perdita_pct": 0.0, "mbit_s": 5.04, "srtt_ms": {"mediana": 0.32, "max": 0.66}, "pto_ms_max": 27.6, "secondi": 121}, "tratto_server_ms": {"mediana": 14.59, "max": 27.69, "ora": "03:40:12.638"}, "nascita_s": 1.66, "journal_err": 9}, "voci": {"ritardo_p95_ms": {"valore": 33.72, "classe": "GREEN", "significativo": false, "nota": "p95 dei p95 al secondo di «NOSTRO» (copia → byte fuori, 119 righe del figlio) 24.7 ms + 9 ms d'ingresso (tetto costruttivo: poll di 8 ms) · ⚠ strada wlroots: la «copia» e' contata due volte (~4 ms in piu', cattura.c:2309 / figlio.c:5191) — NON corretto, e' dal lato prudente"}, "saltati_pct": {"valore": 0.0, "classe": "GREEN", "significativo": false, "nota": "3203 consegnati, 3203 dipinti (salt 0)"}, "blocco_max_s": {"valore": 0.1, "classe": "GREEN", "significativo": false, "nota": "dall'attore (23 righe)"}, "buchi_al_min": {"valore": 0.0, "classe": "GREEN", "significativo": false, "nota": "0 buchi in 122 s"}, "video_frazione_f": {"valore": 0.875, "classe": "GREEN", "significativo": false, "nota": "26.2 dipinti/s in 122 s di video, f = 30.0"}, "audio_udibile_pct": {"valore": 100.0, "classe": "GREEN", "significativo": false, "nota": "6251 suonati su 6251 mandati (6251 ricevuti + 0 mancati)"}, "caduta": {"valore": false, "classe": "GREEN", "significativo": false, "nota": "nessuna caduta, riavvio o errore che stacca"}, "nascita_s": {"valore": 1.656, "classe": "GREEN", "significativo": false, "nota": "accesso → primo fotogramma"}}, "classe": "GREEN", "ragione": "tutte le voci GREEN", "non_misurate": [], "evidenze": ["/media/REMOTIX/misure/fase16/intel-c-2k-lxqt/livello-16-ripetizione/utente-12"]}
{"campagna": "intel-c-2k-lxqt", "livello": 16, "desktop": "lxqt", "scheda": "Intel UHD 770 (i5-13500T)", "driver": "i915 intel-media-va-driver=25.2.3+dfsg1-1 libgl1-mesa-dri=25.0.7-2+deb13u1 libva2=2.22.0-3 mesa-va-drivers=25.0.7-2+deb13u1", "misura": "2k", "commit": "678a2da", "binario": "28a947f5", "pagina": "fb9a18f3", "nucleo": "7.0", "tetto_sessioni": 17, "inizio": "2026-09-29T03:07:17+00:00", "durata_s": 1974, "finestra": ["03:38:12", "03:40:12"], "fps_video": 30.0, "tipo": "sessione", "utente": 13, "profilo": "A", "browser": "firefox", "versione": "Firefox 140.16.0 · finestra vera", "inquilino": "c16013u13", "misure": {"finestra_s": 122.0, "esperienza": {"giro_eco_p95_ms": null, "giro_eco_campioni": 0, "giro_tutti_p95_ms": 90.4, "giro_tutti_campioni": 65}, "video_non_avanza": 0, "input_azioni": 11, "input_persi": 0, "input_latenza_p95_ms": 270, "tratto": {"righe": 22, "mediana_p95_ms": 19.28, "max_campione_p95_ms": 25.88, "produttore_mediana_ms": 0.0}, "ritardo_p95_ms": 33.72, "nostro": {"righe": 22, "p95_dei_p95_ms": 24.72, "max_al_secondo_max_ms": 25.88, "max_al_secondo_p95_ms": 24.72, "mediana_ms": 19.79, "fotogrammi": 266}, "consegnati": 294, "dipinti": 294, "salt": 0, "saltati_pct": 0.0, "lavoro_s": 51.9, "blocco_max_s": 0.101, "buchi": 0, "rete": {"persi": 0, "byte_persi": 0, "spediti": 2082, "byte_spediti": 2594996, "ricevuti": 444, "scartati": 0, "dgram_persi": 0, "dgram_ok": 0, "dgram_falsi": 0, "connessioni": 1, "perdita_pct": 0.0, "mbit_s": 0.18, "srtt_ms": {"mediana": 0.23, "max": 0.34}, "pto_ms_max": 21.3, "secondi": 113}, "tratto_server_ms": {"mediana": 19.17, "max": 25.88, "ora": "03:39:52.277"}, "nascita_s": 1.68, "journal_err": 5}, "voci": {"ritardo_p95_ms": {"valore": 33.72, "classe": "GREEN", "significativo": false, "nota": "p95 dei p95 al secondo di «NOSTRO» (copia → byte fuori, 22 righe del figlio) 24.7 ms + 9 ms d'ingresso (tetto costruttivo: poll di 8 ms) · ⚠ strada wlroots: la «copia» e' contata due volte (~4 ms in piu', cattura.c:2309 / figlio.c:5191) — NON corretto, e' dal lato prudente"}, "saltati_pct": {"valore": 0.0, "classe": "GREEN", "significativo": false, "nota": "294 consegnati, 294 dipinti (salt 0)"}, "blocco_max_s": {"valore": 0.101, "classe": "GREEN", "significativo": false, "nota": "dall'attore (10 righe)"}, "buchi_al_min": {"valore": 0.0, "classe": "GREEN", "significativo": false, "nota": "0 buchi in 122 s"}, "caduta": {"valore": false, "classe": "GREEN", "significativo": false, "nota": "nessuna caduta, riavvio o errore che stacca"}, "nascita_s": {"valore": 1.679, "classe": "GREEN", "significativo": false, "nota": "accesso → primo fotogramma"}}, "classe": "GREEN", "ragione": "tutte le voci GREEN", "non_misurate": [], "evidenze": ["/media/REMOTIX/misure/fase16/intel-c-2k-lxqt/livello-16-ripetizione/utente-13"]}
{"campagna": "intel-c-2k-lxqt", "livello": 16, "desktop": "lxqt", "scheda": "Intel UHD 770 (i5-13500T)", "driver": "i915 intel-media-va-driver=25.2.3+dfsg1-1 libgl1-mesa-dri=25.0.7-2+deb13u1 libva2=2.22.0-3 mesa-va-drivers=25.0.7-2+deb13u1", "misura": "2k", "commit": "678a2da", "binario": "28a947f5", "pagina": "fb9a18f3", "nucleo": "7.0", "tetto_sessioni": 17, "inizio": "2026-09-29T03:07:17+00:00", "durata_s": 1974, "finestra": ["03:38:12", "03:40:12"], "fps_video": 30.0, "tipo": "sessione", "utente": 14, "profilo": "B", "browser": "chrome", "versione": "Chrome/154.0.8037.57 · finestra vera", "inquilino": "c16014u14", "misure": {"finestra_s": 117.5, "esperienza": {"giro_eco_p95_ms": 55.2, "giro_eco_campioni": 237, "giro_tutti_p95_ms": 57.4, "giro_tutti_campioni": 346}, "video_non_avanza": 0, "input_azioni": 5, "input_persi": 0, "input_latenza_p95_ms": 2095, "tratto": {"righe": 74, "mediana_p95_ms": 15.54, "max_campione_p95_ms": 28.53, "produttore_mediana_ms": 0.0}, "ritardo_p95_ms": 34.79, "nostro": {"righe": 74, "p95_dei_p95_ms": 25.79, "max_al_secondo_max_ms": 26.36, "max_al_secondo_p95_ms": 25.79, "mediana_ms": 15.66, "fotogrammi": 654}, "consegnati": 601, "dipinti": 601, "salt": 0, "saltati_pct": 0.0, "lavoro_s": 107.2, "blocco_max_s": 0.073, "buchi": 0, "rete": {"persi": 0, "byte_persi": 0, "spediti": 1213, "byte_spediti": 1192380, "ricevuti": 1122, "scartati": 0, "dgram_persi": 0, "dgram_ok": 0, "dgram_falsi": 0, "connessioni": 1, "perdita_pct": 0.0, "mbit_s": 0.08, "srtt_ms": {"mediana": 0.23, "max": 0.45}, "pto_ms_max": 27.7, "secondi": 120}, "tratto_server_ms": {"mediana": 15.1, "max": 26.36, "ora": "03:40:12.206"}, "nascita_s": 1.73, "journal_err": 5}, "voci": {"ritardo_p95_ms": {"valore": 34.79, "classe": "GREEN", "significativo": false, "nota": "p95 dei p95 al secondo di «NOSTRO» (copia → byte fuori, 74 righe del figlio) 25.8 ms + 9 ms d'ingresso (tetto costruttivo: poll di 8 ms) · ⚠ strada wlroots: la «copia» e' contata due volte (~4 ms in piu', cattura.c:2309 / figlio.c:5191) — NON corretto, e' dal lato prudente"}, "saltati_pct": {"valore": 0.0, "classe": "GREEN", "significativo": false, "nota": "601 consegnati, 601 dipinti (salt 0)"}, "blocco_max_s": {"valore": 0.073, "classe": "GREEN", "significativo": false, "nota": "dall'attore (19 righe)"}, "buchi_al_min": {"valore": 0.0, "classe": "GREEN", "significativo": false, "nota": "0 buchi in 118 s"}, "caduta": {"valore": false, "classe": "GREEN", "significativo": false, "nota": "nessuna caduta, riavvio o errore che stacca"}, "nascita_s": {"valore": 1.728, "classe": "GREEN", "significativo": false, "nota": "accesso → primo fotogramma"}}, "classe": "GREEN", "ragione": "tutte le voci GREEN", "non_misurate": [], "evidenze": ["/media/REMOTIX/misure/fase16/intel-c-2k-lxqt/livello-16-ripetizione/utente-14"]}
{"campagna": "intel-c-2k-lxqt", "livello": 16, "desktop": "lxqt", "scheda": "Intel UHD 770 (i5-13500T)", "driver": "i915 intel-media-va-driver=25.2.3+dfsg1-1 libgl1-mesa-dri=25.0.7-2+deb13u1 libva2=2.22.0-3 mesa-va-drivers=25.0.7-2+deb13u1", "misura": "2k", "commit": "678a2da", "binario": "28a947f5", "pagina": "fb9a18f3", "nucleo": "7.0", "tetto_sessioni": 17, "inizio": "2026-09-29T03:07:17+00:00", "durata_s": 1974, "finestra": ["03:38:12", "03:40:12"], "fps_video": 30.0, "tipo": "sessione", "utente": 15, "profilo": "C", "browser": "firefox", "versione": "Firefox 140.16.0 · finestra vera", "inquilino": "c16015u15", "misure": {"finestra_s": 122.5, "esperienza": {"giro_eco_p95_ms": 62.9, "giro_eco_campioni": 193, "giro_tutti_p95_ms": 64.2, "giro_tutti_campioni": 218}, "video_non_avanza": 0, "input_azioni": 6, "input_persi": 0, "input_latenza_p95_ms": 80, "tratto": {"righe": 56, "mediana_p95_ms": 13.77, "max_campione_p95_ms": 24.73, "produttore_mediana_ms": 0.0}, "ritardo_p95_ms": 32.25, "nostro": {"righe": 56, "p95_dei_p95_ms": 23.25, "max_al_secondo_max_ms": 24.27, "max_al_secondo_p95_ms": 23.25, "mediana_ms": 13.36, "fotogrammi": 220}, "consegnati": 223, "dipinti": 223, "salt": 0, "saltati_pct": 0.0, "lavoro_s": 85.8, "blocco_max_s": 1.172, "buchi": 0, "rete": {"persi": 0, "byte_persi": 0, "spediti": 802, "byte_spediti": 814912, "ricevuti": 685, "scartati": 0, "dgram_persi": 0, "dgram_ok": 0, "dgram_falsi": 0, "connessioni": 1, "perdita_pct": 0.0, "mbit_s": 0.05, "srtt_ms": {"mediana": 0.17, "max": 0.28}, "pto_ms_max": 21.3, "secondi": 121}, "tratto_server_ms": {"mediana": 13.71, "max": 24.73, "ora": "03:40:01.026"}, "nascita_s": 1.69, "journal_err": 5}, "voci": {"ritardo_p95_ms": {"valore": 32.25, "classe": "GREEN", "significativo": false, "nota": "p95 dei p95 al secondo di «NOSTRO» (copia → byte fuori, 56 righe del figlio) 23.2 ms + 9 ms d'ingresso (tetto costruttivo: poll di 8 ms) · ⚠ strada wlroots: la «copia» e' contata due volte (~4 ms in piu', cattura.c:2309 / figlio.c:5191) — NON corretto, e' dal lato prudente"}, "saltati_pct": {"valore": 0.0, "classe": "GREEN", "significativo": false, "nota": "223 consegnati, 223 dipinti (salt 0)"}, "blocco_max_s": {"valore": 1.172, "classe": "DEGRADED", "significativo": false, "nota": "dall'attore (15 righe)"}, "buchi_al_min": {"valore": 0.0, "classe": "GREEN", "significativo": false, "nota": "0 buchi in 122 s"}, "caduta": {"valore": false, "classe": "GREEN", "significativo": false, "nota": "nessuna caduta, riavvio o errore che stacca"}, "nascita_s": {"valore": 1.693, "classe": "GREEN", "significativo": false, "nota": "accesso → primo fotogramma"}}, "classe": "DEGRADED", "ragione": "DEGRADED blocco piu' lungo dell'immagine: 1.172 — dall'attore (15 righe)", "non_misurate": [], "evidenze": ["/media/REMOTIX/misure/fase16/intel-c-2k-lxqt/livello-16-ripetizione/utente-15"]}
{"campagna": "intel-c-2k-lxqt", "livello": 16, "desktop": "lxqt", "scheda": "Intel UHD 770 (i5-13500T)", "driver": "i915 intel-media-va-driver=25.2.3+dfsg1-1 libgl1-mesa-dri=25.0.7-2+deb13u1 libva2=2.22.0-3 mesa-va-drivers=25.0.7-2+deb13u1", "misura": "2k", "commit": "678a2da", "binario": "28a947f5", "pagina": "fb9a18f3", "nucleo": "7.0", "tetto_sessioni": 17, "inizio": "2026-09-29T03:07:17+00:00", "durata_s": 1974, "finestra": ["03:38:12", "03:40:12"], "fps_video": 30.0, "tipo": "sessione", "utente": 16, "profilo": "D", "browser": "chrome", "versione": "Chrome/154.0.8037.57 · finestra vera", "inquilino": "c16016u16", "misure": {"finestra_s": 116.0, "esperienza": {"giro_eco_p95_ms": null, "giro_eco_campioni": 0, "giro_tutti_p95_ms": 45.5, "giro_tutti_campioni": 2}, "video_non_avanza": 0, "input_azioni": 0, "input_persi": 0, "input_latenza_p95_ms": null, "tratto": {"righe": 118, "mediana_p95_ms": 16.3, "max_campione_p95_ms": 31.31, "produttore_mediana_ms": 0.0}, "ritardo_p95_ms": 34.1, "nostro": {"righe": 118, "p95_dei_p95_ms": 25.1, "max_al_secondo_max_ms": 31.31, "max_al_secondo_p95_ms": 26.46, "mediana_ms": 15.1, "fotogrammi": 3180}, "consegnati": 3053, "dipinti": 3053, "salt": 0, "saltati_pct": 0.0, "lavoro_s": 116.0, "blocco_max_s": 0.12, "buchi": 0, "video_fps": 26.313, "audio_udibile_pct": 100.0, "rete": {"persi": 0, "byte_persi": 0, "spediti": 53565, "byte_spediti": 76257376, "ricevuti": 10833, "scartati": 0, "dgram_persi": 0, "dgram_ok": 6000, "dgram_falsi": 0, "connessioni": 1, "perdita_pct": 0.0, "mbit_s": 5.04, "srtt_ms": {"mediana": 0.24, "max": 0.7}, "pto_ms_max": 27.6, "secondi": 121}, "tratto_server_ms": {"mediana": 14.45, "max": 25.64, "ora": "03:40:12.395"}, "nascita_s": 1.73, "journal_err": 5}, "voci": {"ritardo_p95_ms": {"valore": 34.1, "classe": "GREEN", "significativo": false, "nota": "p95 dei p95 al secondo di «NOSTRO» (copia → byte fuori, 118 righe del figlio) 25.1 ms + 9 ms d'ingresso (tetto costruttivo: poll di 8 ms) · ⚠ strada wlroots: la «copia» e' contata due volte (~4 ms in piu', cattura.c:2309 / figlio.c:5191) — NON corretto, e' dal lato prudente"}, "saltati_pct": {"valore": 0.0, "classe": "GREEN", "significativo": false, "nota": "3053 consegnati, 3053 dipinti (salt 0)"}, "blocco_max_s": {"valore": 0.12, "classe": "GREEN", "significativo": false, "nota": "dall'attore (22 righe)"}, "buchi_al_min": {"valore": 0.0, "classe": "GREEN", "significativo": false, "nota": "0 buchi in 116 s"}, "video_frazione_f": {"valore": 0.877, "classe": "GREEN", "significativo": false, "nota": "26.3 dipinti/s in 116 s di video, f = 30.0"}, "audio_udibile_pct": {"valore": 100.0, "classe": "GREEN", "significativo": false, "nota": "5749 suonati su 5749 mandati (5749 ricevuti + 0 mancati)"}, "caduta": {"valore": false, "classe": "GREEN", "significativo": false, "nota": "nessuna caduta, riavvio o errore che stacca"}, "nascita_s": {"valore": 1.73, "classe": "GREEN", "significativo": false, "nota": "accesso → primo fotogramma"}}, "classe": "GREEN", "ragione": "tutte le voci GREEN", "non_misurate": [], "evidenze": ["/media/REMOTIX/misure/fase16/intel-c-2k-lxqt/livello-16-ripetizione/utente-16"]}
{"campagna": "intel-c-2k-lxqt", "livello": 16, "desktop": "lxqt", "scheda": "Intel UHD 770 (i5-13500T)", "driver": "i915 intel-media-va-driver=25.2.3+dfsg1-1 libgl1-mesa-dri=25.0.7-2+deb13u1 libva2=2.22.0-3 mesa-va-drivers=25.0.7-2+deb13u1", "misura": "2k", "commit": "678a2da", "binario": "28a947f5", "pagina": "fb9a18f3", "nucleo": "7.0", "tetto_sessioni": 17, "inizio": "2026-09-29T03:07:17+00:00", "durata_s": 1974, "finestra": ["03:38:12", "03:40:12"], "fps_video": 30.0, "tipo": "sessione", "utente": 99, "profilo": "controllo", "browser": "chrome", "versione": "Chrome/154.0.8037.57 · finestra vera", "inquilino": "c16016u99", "misure": {"nascita_s": null, "ammissione_s": 1.21, "primo_non_degenere_s": null, "sessioni_durante": 32}, "voci": {"nascita_s": {"valore": null, "classe": "FAIL", "significativo": true, "nota": "la sessione del controllo non e' nata: nessun fotogramma dipinto 90 s dopo l'accesso"}, "controllo_corto": {"valore": {"F-004": "BLOCKED", "F-007": "BLOCKED", "F-003": "BLOCKED", "F-014": "BLOCKED"}, "classe": "DEGRADED", "significativo": true, "non_misurato": true, "nota": "NON MISURATO: non guardate: F-004, F-007, F-003, F-014"}}, "classe": "FAIL", "ragione": "FAIL nascita (accesso → primo fotogramma): la sessione del controllo non e' nata: nessun fotogramma dipinto 90 s dopo l'accesso · DEGRADED controllo funzionale corto: NON MISURATO: non guardate: F-004, F-007, F-003, F-014", "non_misurate": ["controllo_corto"], "evidenze": ["/media/REMOTIX/misure/fase16/intel-c-2k-lxqt/livello-16-ripetizione/controllo-corto"]}
→ 18 righe in /media/REMOTIX/src/controllo/banchi/16-stress/registro.jsonl
