LIVELLO 16 · amd-b-2k-gnome · finestra 18:48:43–18:50:43 · FAIL
  utente 1   A  firefox  c16001u1       GREEN
      GREEN    ritardo input → fotogramma (p95)         22.66 — p95 dei p95 al secondo di «NOSTRO» (copia → byte fuori, 30 righe del figlio) 13.7 ms + 9 ms d'ingresso (tetto costruttivo: poll di 8 ms)
      GREEN    fotogrammi saltati                       0.0 — 323 consegnati, 323 dipinti (salt 0)
      GREEN    blocco piu' lungo dell'immagine          0.052 — dall'attore (10 righe)
      GREEN    buchi nella catena del video             0.0 — 0 buchi in 120 s
      GREEN    caduta, riavvio, errore che stacca       nessuna caduta, riavvio o errore che stacca
      GREEN    nascita (accesso → primo fotogramma)     2.672 — accesso → primo fotogramma
  utente 2   B  chrome   c16002u2       GREEN
      GREEN    ritardo input → fotogramma (p95)         41.87 — p95 dei p95 al secondo di «NOSTRO» (copia → byte fuori, 78 righe del figlio) 32.9 ms + 9 ms d'ingresso (tetto costruttivo: poll di 8 ms)
      GREEN    fotogrammi saltati                       0.0 — 805 consegnati, 805 dipinti (salt 0)
      GREEN    blocco piu' lungo dell'immagine          0.072 — dall'attore (15 righe)
      GREEN    buchi nella catena del video             0.0 — 0 buchi in 116 s
      GREEN    caduta, riavvio, errore che stacca       nessuna caduta, riavvio o errore che stacca
      GREEN    nascita (accesso → primo fotogramma)     2.451 — accesso → primo fotogramma
  utente 3   C  firefox  c16003u3       GREEN
      GREEN    ritardo input → fotogramma (p95)         19.67 — p95 dei p95 al secondo di «NOSTRO» (copia → byte fuori, 46 righe del figlio) 10.7 ms + 9 ms d'ingresso (tetto costruttivo: poll di 8 ms)
      GREEN    fotogrammi saltati                       0.0 — 137 consegnati, 137 dipinti (salt 0)
      GREEN    blocco piu' lungo dell'immagine          0.148 — dall'attore (6 righe)
      GREEN    buchi nella catena del video             0.0 — 0 buchi in 117 s
      GREEN    caduta, riavvio, errore che stacca       nessuna caduta, riavvio o errore che stacca
      GREEN    nascita (accesso → primo fotogramma)     2.422 — accesso → primo fotogramma
  utente 4   D  chrome   c16004u4       GREEN
      GREEN    ritardo input → fotogramma (p95)         32.53 — p95 dei p95 al secondo di «NOSTRO» (copia → byte fuori, 119 righe del figlio) 23.5 ms + 9 ms d'ingresso (tetto costruttivo: poll di 8 ms)
      GREEN    fotogrammi saltati                       0.0 — 3629 consegnati, 3629 dipinti (salt 0)
      GREEN    blocco piu' lungo dell'immagine          0.059 — dall'attore (23 righe)
      GREEN    buchi nella catena del video             0.0 — 0 buchi in 121 s
      GREEN    video: dipinti al secondo                0.998 — 29.9 dipinti/s in 121 s di video, f = 30.0
      GREEN    audio udibile                            100.0 — 6000 suonati su 6000 mandati (6000 ricevuti + 0 mancati)
      GREEN    caduta, riavvio, errore che stacca       nessuna caduta, riavvio o errore che stacca
      GREEN    nascita (accesso → primo fotogramma)     2.377 — accesso → primo fotogramma
  utente 5   A  firefox  c16005u5       GREEN
      GREEN    ritardo input → fotogramma (p95)         43.55 — p95 dei p95 al secondo di «NOSTRO» (copia → byte fuori, 41 righe del figlio) 34.5 ms + 9 ms d'ingresso (tetto costruttivo: poll di 8 ms)
      GREEN    fotogrammi saltati                       0.0 — 790 consegnati, 790 dipinti (salt 0)
      GREEN    blocco piu' lungo dell'immagine          0.143 — dall'attore (12 righe)
      GREEN    buchi nella catena del video             0.0 — 0 buchi in 120 s
      GREEN    caduta, riavvio, errore che stacca       nessuna caduta, riavvio o errore che stacca
      GREEN    nascita (accesso → primo fotogramma)     2.393 — accesso → primo fotogramma
  utente 6   B  chrome   c16006u6       GREEN
      GREEN    ritardo input → fotogramma (p95)         23.72 — p95 dei p95 al secondo di «NOSTRO» (copia → byte fuori, 79 righe del figlio) 14.7 ms + 9 ms d'ingresso (tetto costruttivo: poll di 8 ms)
      GREEN    fotogrammi saltati                       0.0 — 1077 consegnati, 1077 dipinti (salt 0)
      GREEN    blocco piu' lungo dell'immagine          0.047 — dall'attore (18 righe)
      GREEN    buchi nella catena del video             0.0 — 0 buchi in 124 s
      GREEN    caduta, riavvio, errore che stacca       nessuna caduta, riavvio o errore che stacca
      GREEN    nascita (accesso → primo fotogramma)     2.433 — accesso → primo fotogramma
  utente 7   C  firefox  c16007u7       GREEN
      GREEN    ritardo input → fotogramma (p95)         22.73 — p95 dei p95 al secondo di «NOSTRO» (copia → byte fuori, 76 righe del figlio) 13.7 ms + 9 ms d'ingresso (tetto costruttivo: poll di 8 ms)
      GREEN    fotogrammi saltati                       0.0 — 252 consegnati, 252 dipinti (salt 0)
      GREEN    blocco piu' lungo dell'immagine          0.582 — dall'attore (13 righe)
      GREEN    buchi nella catena del video             0.0 — 0 buchi in 117 s
      GREEN    caduta, riavvio, errore che stacca       nessuna caduta, riavvio o errore che stacca
      GREEN    nascita (accesso → primo fotogramma)     2.406 — accesso → primo fotogramma
  utente 8   D  chrome   c16008u8       GREEN
      GREEN    ritardo input → fotogramma (p95)         36.2 — p95 dei p95 al secondo di «NOSTRO» (copia → byte fuori, 119 righe del figlio) 27.2 ms + 9 ms d'ingresso (tetto costruttivo: poll di 8 ms)
      GREEN    fotogrammi saltati                       0.0 — 3643 consegnati, 3643 dipinti (salt 0)
      GREEN    blocco piu' lungo dell'immagine          0.061 — dall'attore (23 righe)
      GREEN    buchi nella catena del video             0.0 — 0 buchi in 122 s
      GREEN    video: dipinti al secondo                0.999 — 30.0 dipinti/s in 122 s di video, f = 30.0
      GREEN    audio udibile                            100.0 — 6000 suonati su 6000 mandati (6000 ricevuti + 0 mancati)
      GREEN    caduta, riavvio, errore che stacca       nessuna caduta, riavvio o errore che stacca
      GREEN    nascita (accesso → primo fotogramma)     2.453 — accesso → primo fotogramma
  utente 9   A  firefox  c16009u9       GREEN
      GREEN    ritardo input → fotogramma (p95)         25.96 — p95 dei p95 al secondo di «NOSTRO» (copia → byte fuori, 46 righe del figlio) 17.0 ms + 9 ms d'ingresso (tetto costruttivo: poll di 8 ms)
      GREEN    fotogrammi saltati                       0.0 — 793 consegnati, 793 dipinti (salt 0)
      GREEN    blocco piu' lungo dell'immagine          0.051 — dall'attore (14 righe)
      GREEN    buchi nella catena del video             0.0 — 0 buchi in 121 s
      GREEN    caduta, riavvio, errore che stacca       nessuna caduta, riavvio o errore che stacca
      GREEN    nascita (accesso → primo fotogramma)     2.395 — accesso → primo fotogramma
  utente 10  B  chrome   c16010u10      GREEN
      GREEN    ritardo input → fotogramma (p95)         26.33 — p95 dei p95 al secondo di «NOSTRO» (copia → byte fuori, 77 righe del figlio) 17.3 ms + 9 ms d'ingresso (tetto costruttivo: poll di 8 ms)
      GREEN    fotogrammi saltati                       0.0 — 928 consegnati, 928 dipinti (salt 0)
      GREEN    blocco piu' lungo dell'immagine          0.052 — dall'attore (17 righe)
      GREEN    buchi nella catena del video             0.0 — 0 buchi in 121 s
      GREEN    caduta, riavvio, errore che stacca       nessuna caduta, riavvio o errore che stacca
      GREEN    nascita (accesso → primo fotogramma)     2.539 — accesso → primo fotogramma
  utente 11  C  firefox  c16011u11      GREEN
      GREEN    ritardo input → fotogramma (p95)         27.43 — p95 dei p95 al secondo di «NOSTRO» (copia → byte fuori, 79 righe del figlio) 18.4 ms + 9 ms d'ingresso (tetto costruttivo: poll di 8 ms)
      GREEN    fotogrammi saltati                       0.0 — 288 consegnati, 288 dipinti (salt 0)
      GREEN    blocco piu' lungo dell'immagine          0.586 — dall'attore (13 righe)
      GREEN    buchi nella catena del video             0.0 — 0 buchi in 119 s
      GREEN    caduta, riavvio, errore che stacca       nessuna caduta, riavvio o errore che stacca
      GREEN    nascita (accesso → primo fotogramma)     2.526 — accesso → primo fotogramma
  utente 12  D  chrome   c16012u12      FAIL
      GREEN    ritardo input → fotogramma (p95)         34.56 — p95 dei p95 al secondo di «NOSTRO» (copia → byte fuori, 116 righe del figlio) 25.6 ms + 9 ms d'ingresso (tetto costruttivo: poll di 8 ms)
      GREEN    fotogrammi saltati                       0.0 — 3519 consegnati, 3519 dipinti (salt 0)
      FAIL     blocco piu' lungo dell'immagine          3.66 — dall'attore (23 righe)
      GREEN    buchi nella catena del video             0.0 — 0 buchi in 121 s
      GREEN    video: dipinti al secondo                0.969 — 29.1 dipinti/s in 121 s di video, f = 30.0
      DEGRADED audio udibile                            98.917 — 5935 suonati su 6000 mandati (5935 ricevuti + 65 mancati)
      GREEN    caduta, riavvio, errore che stacca       nessuna caduta, riavvio o errore che stacca
      GREEN    nascita (accesso → primo fotogramma)     2.451 — accesso → primo fotogramma
  utente 13  A  firefox  c16013u13      GREEN
      GREEN    ritardo input → fotogramma (p95)         22.16 — p95 dei p95 al secondo di «NOSTRO» (copia → byte fuori, 40 righe del figlio) 13.2 ms + 9 ms d'ingresso (tetto costruttivo: poll di 8 ms)
      GREEN    fotogrammi saltati                       0.0 — 620 consegnati, 620 dipinti (salt 0)
      GREEN    blocco piu' lungo dell'immagine          0.217 — dall'attore (13 righe)
      GREEN    buchi nella catena del video             0.0 — 0 buchi in 116 s
      GREEN    caduta, riavvio, errore che stacca       nessuna caduta, riavvio o errore che stacca
      GREEN    nascita (accesso → primo fotogramma)     2.708 — accesso → primo fotogramma
  utente 14  B  chrome   c16014u14      GREEN
      GREEN    ritardo input → fotogramma (p95)         36.45 — p95 dei p95 al secondo di «NOSTRO» (copia → byte fuori, 85 righe del figlio) 27.4 ms + 9 ms d'ingresso (tetto costruttivo: poll di 8 ms)
      GREEN    fotogrammi saltati                       0.0 — 1094 consegnati, 1094 dipinti (salt 0)
      GREEN    blocco piu' lungo dell'immagine          0.054 — dall'attore (17 righe)
      GREEN    buchi nella catena del video             0.0 — 0 buchi in 121 s
      GREEN    caduta, riavvio, errore che stacca       nessuna caduta, riavvio o errore che stacca
      GREEN    nascita (accesso → primo fotogramma)     2.636 — accesso → primo fotogramma
  utente 15  C  firefox  c16015u15      GREEN
      GREEN    ritardo input → fotogramma (p95)         34.92 — p95 dei p95 al secondo di «NOSTRO» (copia → byte fuori, 91 righe del figlio) 25.9 ms + 9 ms d'ingresso (tetto costruttivo: poll di 8 ms)
      GREEN    fotogrammi saltati                       0.0 — 310 consegnati, 310 dipinti (salt 0)
      GREEN    blocco piu' lungo dell'immagine          0.346 — dall'attore (19 righe)
      GREEN    buchi nella catena del video             0.0 — 0 buchi in 117 s
      GREEN    caduta, riavvio, errore che stacca       nessuna caduta, riavvio o errore che stacca
      GREEN    nascita (accesso → primo fotogramma)     2.727 — accesso → primo fotogramma
  utente 16  D  chrome   c16016u16      FAIL
      GREEN    ritardo input → fotogramma (p95)         35.62 — p95 dei p95 al secondo di «NOSTRO» (copia → byte fuori, 116 righe del figlio) 26.6 ms + 9 ms d'ingresso (tetto costruttivo: poll di 8 ms)
      GREEN    fotogrammi saltati                       0.0 — 3516 consegnati, 3516 dipinti (salt 0)
      FAIL     blocco piu' lungo dell'immagine          3.71 — dall'attore (23 righe)
      GREEN    buchi nella catena del video             0.0 — 0 buchi in 121 s
      GREEN    video: dipinti al secondo                0.968 — 29.1 dipinti/s in 121 s di video, f = 30.0
      DEGRADED audio udibile                            98.867 — 5932 suonati su 6000 mandati (5932 ricevuti + 68 mancati)
      GREEN    caduta, riavvio, errore che stacca       nessuna caduta, riavvio o errore che stacca
      GREEN    nascita (accesso → primo fotogramma)     2.656 — accesso → primo fotogramma
  utente 99  controllo firefox  c16016u99      FAIL
      GREEN    nascita (accesso → primo fotogramma)     2.68 — accesso → primo fotogramma dipinto, a carico pieno (non degenere a 3.87 s)
      FAIL     controllo funzionale corto               FAIL: F-003
  livello  GREEN    memoria_remotix                PSS 1277 → 1283 MB in 1619 s di lavoro (18:18:43–18:45:42); seconda meta' +0.3 %/ora, +1 MB su +6 · da: inizio del lavoro + 60 s
  livello  GREEN    memoria_sessioni               PSS 8029 → 8232 MB in 1619 s di lavoro (18:18:43–18:45:42); seconda meta' +3.8 %/ora, +70 MB su +203 e CONTINUA a salire · da: inizio del lavoro + 60 s
  livello  GREEN    riavvio_server                 il padre remotix e' lo stesso per tutto il livello
  livello  GREEN    entrati                        entrati 16 su 16
  risorse: cpu macchina 30.61 % (media) · mem usata 28460 MB · card0 disegno 57.2%, video 9.56%, video_enhance 0.0% · card1 disegno 7.83%, video 127.31%
{"campagna": "amd-b-2k-gnome", "livello": 16, "desktop": "gnome", "scheda": "AMD Radeon RX 6800", "driver": "amdgpu intel-media-va-driver=25.2.3+dfsg1-1 libgl1-mesa-dri=25.0.7-2+deb13u1 libva2=2.22.0-3 mesa-va-drivers=25.0.7-2+deb13u1", "misura": "2k", "commit": "678a2da", "binario": "28a947f5", "pagina": "fb9a18f3", "nucleo": "7.0", "tetto_sessioni": 17, "inizio": "2026-09-27T18:14:38+00:00", "durata_s": 2165, "finestra": ["18:48:43", "18:50:43"], "fps_video": 30.0, "tipo": "livello", "utenti": 17, "sessioni": {"GREEN": 14, "DEGRADED": 0, "FAIL": 3}, "journal_err": {"righe": 265, "per_inquilino": {"c16001u1": 11, "c16002u2": 8, "c16003u3": 8, "c16004u4": 23, "c16005u5": 7, "c16006u6": 8, "c16007u7": 8, "c16008u8": 19, "c16009u9": 11, "c16010u10": 8, "c16011u11": 8, "c16012u12": 12, "c16013u13": 13, "c16014u14": 8, "c16015u15": 8, "c16016u16": 8, "c16016u99": 10}, "esempi": ["figlio  [c16001u1] ⛔ «/usr/bin/loginctl» non e' andato (stato 1)", "figlio  [c16001u1] ⛔ SENZA PALCO alla nascita: la sessione grafica di «c16001u1» non c'e' (ancora).  ⚠ NON esco — §8.3 vieta di staccare — e NON resto fermo: riprovo, la prima volta fra 1000 ms", "figlio  ⛔ il palco di «c16001u1»: bus ⛔ NO, sessione 5, presa 0, monitor «» (0 prima, 0 dopo), 0x0 stride 0 a 0 bit, 0 flussi in consegna — aspetto la tela del cliente", "figlio  [c16001u1] ⛔⛔ FIFO **NON** OTTENUTO: 3 thread su 3 del percorso audio girano a politica NORMALE (nice peggiore 0), e RLIMIT_RTPRIO = 0 — ⚠ il rlimit dice «puoi CHIEDERLA», non «ce l'hai».  `[M", "figlio  [c16001u1] ⛔ nessun monitor virtuale da catturare: ScreenCast: Mutter non espone RemoteDesktop (la sessione grafica e' avviata?): GDBus.Error:org.freedesktop.DBus.Error.ServiceUnknown: The nam"], "fonte": "/media/REMOTIX/misure/fase16/amd-b-2k-gnome/livello-16-ripetizione/journal-err.jsonl"}, "voci": {"memoria_remotix": {"valore": 0.446, "classe": "GREEN", "significativo": false, "nota": "PSS 1277 → 1283 MB in 1619 s di lavoro (18:18:43–18:45:42); seconda meta' +0.3 %/ora, +1 MB su +6 · da: inizio del lavoro + 60 s", "continua": false, "pendenza_pct_ora": 0.323, "tratto_s": 1619}, "memoria_sessioni": {"valore": 2.525, "classe": "GREEN", "significativo": false, "nota": "PSS 8029 → 8232 MB in 1619 s di lavoro (18:18:43–18:45:42); seconda meta' +3.8 %/ora, +70 MB su +203 e CONTINUA a salire · da: inizio del lavoro + 60 s", "continua": true, "pendenza_pct_ora": 3.797, "tratto_s": 1619}, "riavvio_server": {"valore": 728256, "classe": "GREEN", "significativo": false, "nota": "il padre remotix e' lo stesso per tutto il livello"}, "entrati": {"valore": 16, "classe": "GREEN", "significativo": false, "nota": "entrati 16 su 16"}}, "risorse": {"campioni": 120, "cpu_macchina_pct": {"media": 30.61, "p95": 36.8, "max": 38.6}, "carico_1m": {"media": 7.35, "p95": 8.53, "max": 8.72}, "mem_usata_mb": {"media": 28039.67, "p95": 28249, "max": 28460}, "mem_totale_mb": 31869, "thread": {"media": 11485.77, "p95": 11541, "max": 11609}, "misuratore_cpu_s": {"media": 0.2, "p95": 0.26, "max": 0.28}, "recinti": {"remotix": {"cpu_core": {"media": 0.46, "p95": 0.57, "max": 0.6}, "pss_mb": {"media": 1384.56, "p95": 1385.3, "max": 1385.5}, "processi": {"media": 18.99, "p95": 19, "max": 19}, "gpu": {"calcolo": {"media": 0.0, "p95": 0.0, "max": 0.0}, "video": {"media": 78.75, "p95": 97.96, "max": 112.5}}}, "sessioni": {"cpu_core": {"media": 2.52, "p95": 3.67, "max": 5.32}, "pss_mb": {"media": 8791.84, "p95": 8923.2, "max": 9014.7}, "processi": {"media": 886.29, "p95": 888, "max": 889}, "gpu": {"calcolo": {"media": 0.06, "p95": 0.18, "max": 0.67}, "disegno": {"media": 7.83, "p95": 9.37, "max": 10.86}, "video": {"media": 48.56, "p95": 55.22, "max": 82.84}}}, "browser": {"cpu_core": {"media": 1.97, "p95": 2.4, "max": 2.74}, "pss_mb": {"media": 4705.63, "p95": 4763.0, "max": 4769.1}, "processi": {"media": 189.92, "p95": 190, "max": 191}, "gpu": {"copia": {"media": 0.0, "p95": 0.0, "max": 0.0}, "disegno": {"media": 45.35, "p95": 51.46, "max": 59.71}, "video": {"media": 9.56, "p95": 11.18, "max": 13.61}, "video_enhance": {"media": 0.0, "p95": 0.0, "max": 0.0}}}, "altro_scatola": {"cpu_core": {"media": 0.04, "p95": 0.06, "max": 0.17}, "pss_mb": {"media": 258.69, "p95": 265.6, "max": 266.4}, "processi": {"media": 32.38, "p95": 34, "max": 34}, "gpu": {}}, "labwc_cliente": {"cpu_core": {"media": 0.09, "p95": 0.13, "max": 0.16}, "pss_mb": {"media": 120.4, "p95": 120.4, "max": 120.7}, "processi": {"media": 21.0, "p95": 21, "max": 21}, "gpu": {"copia": {"media": 0.0, "p95": 0.0, "max": 0.0}, "disegno": {"media": 11.84, "p95": 13.67, "max": 14.96}, "video": {"media": 0.0, "p95": 0.0, "max": 0.0}, "video_enhance": {"media": 0.0, "p95": 0.0, "max": 0.0}}}}, "gpu": {"0000:00:02.0": {"scheda": "card0", "driver": "i915", "copia": {"media": 0.0, "p95": 0.0, "max": 0.0}, "disegno": {"media": 57.2, "p95": 65.12, "max": 74.67}, "video": {"media": 9.56, "p95": 11.18, "max": 13.61}, "video_enhance": {"media": 0.0, "p95": 0.0, "max": 0.0}, "freq_att_mhz": {"media": 776.67, "p95": 1550.0, "max": 1550.0}, "freq_mhz": {"media": 1357.64, "p95": 1550.0, "max": 1550.0}, "temp_c": {"media": 52.86, "p95": 56.0, "max": 57.0}, "potenza_w": {"media": 2.88, "p95": 3.97, "max": 4.74}, "vram_usata_mb": null, "occupata_pct": null, "strozzatura_frazione": {"pl4": 0.17}}, "0000:03:00.0": {"scheda": "card1", "driver": "amdgpu", "calcolo": {"media": 0.06, "p95": 0.18, "max": 0.67}, "disegno": {"media": 7.83, "p95": 9.37, "max": 10.86}, "video": {"media": 127.31, "p95": 152.06, "max": 188.9}, "freq_att_mhz": {"media": 1306.67, "p95": 1600.0, "max": 1600.0}, "freq_mhz": {"media": 121.53, "p95": 181.0, "max": 803.0}, "temp_c": {"media": 61.21, "p95": 65.0, "max": 65.0}, "potenza_w": {"media": 53.26, "p95": 56.0, "max": 57.0}, "vram_usata_mb": {"media": 9201.54, "p95": 9244.8, "max": 9260.5}, "occupata_pct": {"media": 7.47, "p95": 13.0, "max": 19.0}, "strozzatura_frazione": {}}}, "avvisi": ["⚠ PSS illeggibile per 1 processi (non si e' root?)", "⚠ PSS illeggibile per 2 processi (non si e' root?)"]}, "classe": "FAIL", "significativo": true, "ragione": "14 GREEN · 0 DEGRADED · 3 FAIL", "evidenze": ["/media/REMOTIX/misure/fase16/amd-b-2k-gnome/livello-16-ripetizione"]}
{"campagna": "amd-b-2k-gnome", "livello": 16, "desktop": "gnome", "scheda": "AMD Radeon RX 6800", "driver": "amdgpu intel-media-va-driver=25.2.3+dfsg1-1 libgl1-mesa-dri=25.0.7-2+deb13u1 libva2=2.22.0-3 mesa-va-drivers=25.0.7-2+deb13u1", "misura": "2k", "commit": "678a2da", "binario": "28a947f5", "pagina": "fb9a18f3", "nucleo": "7.0", "tetto_sessioni": 17, "inizio": "2026-09-27T18:14:38+00:00", "durata_s": 2165, "finestra": ["18:48:43", "18:50:43"], "fps_video": 30.0, "tipo": "sessione", "utente": 1, "profilo": "A", "browser": "firefox", "versione": "Firefox 140.16.0 · finestra vera", "inquilino": "c16001u1", "misure": {"finestra_s": 120.2, "esperienza": {"giro_eco_p95_ms": 44.8, "giro_eco_campioni": 73, "giro_tutti_p95_ms": 44.8, "giro_tutti_campioni": 118}, "video_non_avanza": 0, "input_azioni": 6, "input_persi": 0, "input_latenza_p95_ms": 186, "tratto": {"righe": 30, "mediana_p95_ms": 5.54, "max_campione_p95_ms": 29.65, "produttore_mediana_ms": 0.34}, "ritardo_p95_ms": 22.66, "nostro": {"righe": 30, "p95_dei_p95_ms": 13.66, "max_al_secondo_max_ms": 29.38, "max_al_secondo_p95_ms": 14.74, "mediana_ms": 4.67, "fotogrammi": 341}, "consegnati": 323, "dipinti": 323, "salt": 0, "saltati_pct": 0.0, "lavoro_s": 55.0, "blocco_max_s": 0.052, "buchi": 0, "rete": {"persi": 0, "byte_persi": 0, "spediti": 1051, "byte_spediti": 1033224, "ricevuti": 619, "scartati": 0, "dgram_persi": 0, "dgram_ok": 0, "dgram_falsi": 0, "connessioni": 1, "perdita_pct": 0.0, "mbit_s": 0.07, "srtt_ms": {"mediana": 0.19, "max": 0.46}, "pto_ms_max": 21.8, "secondi": 117}, "tratto_server_ms": {"mediana": 5.41, "max": 29.65, "ora": "18:50:44.143"}, "nascita_s": 2.67, "journal_err": 11}, "voci": {"ritardo_p95_ms": {"valore": 22.66, "classe": "GREEN", "significativo": false, "nota": "p95 dei p95 al secondo di «NOSTRO» (copia → byte fuori, 30 righe del figlio) 13.7 ms + 9 ms d'ingresso (tetto costruttivo: poll di 8 ms)"}, "saltati_pct": {"valore": 0.0, "classe": "GREEN", "significativo": false, "nota": "323 consegnati, 323 dipinti (salt 0)"}, "blocco_max_s": {"valore": 0.052, "classe": "GREEN", "significativo": false, "nota": "dall'attore (10 righe)"}, "buchi_al_min": {"valore": 0.0, "classe": "GREEN", "significativo": false, "nota": "0 buchi in 120 s"}, "caduta": {"valore": false, "classe": "GREEN", "significativo": false, "nota": "nessuna caduta, riavvio o errore che stacca"}, "nascita_s": {"valore": 2.672, "classe": "GREEN", "significativo": false, "nota": "accesso → primo fotogramma"}}, "classe": "GREEN", "ragione": "tutte le voci GREEN", "non_misurate": [], "evidenze": ["/media/REMOTIX/misure/fase16/amd-b-2k-gnome/livello-16-ripetizione/utente-01"]}
{"campagna": "amd-b-2k-gnome", "livello": 16, "desktop": "gnome", "scheda": "AMD Radeon RX 6800", "driver": "amdgpu intel-media-va-driver=25.2.3+dfsg1-1 libgl1-mesa-dri=25.0.7-2+deb13u1 libva2=2.22.0-3 mesa-va-drivers=25.0.7-2+deb13u1", "misura": "2k", "commit": "678a2da", "binario": "28a947f5", "pagina": "fb9a18f3", "nucleo": "7.0", "tetto_sessioni": 17, "inizio": "2026-09-27T18:14:38+00:00", "durata_s": 2165, "finestra": ["18:48:43", "18:50:43"], "fps_video": 30.0, "tipo": "sessione", "utente": 2, "profilo": "B", "browser": "chrome", "versione": "Chrome/154.0.8037.57 · finestra vera", "inquilino": "c16002u2", "misure": {"finestra_s": 116.3, "esperienza": {"giro_eco_p95_ms": 40.1, "giro_eco_campioni": 157, "giro_tutti_p95_ms": 54.6, "giro_tutti_campioni": 230}, "video_non_avanza": 0, "input_azioni": 3, "input_persi": 0, "input_latenza_p95_ms": 438, "tratto": {"righe": 78, "mediana_p95_ms": 7.56, "max_campione_p95_ms": 56.47, "produttore_mediana_ms": 0.38}, "ritardo_p95_ms": 41.87, "nostro": {"righe": 78, "p95_dei_p95_ms": 32.87, "max_al_secondo_max_ms": 51.44, "max_al_secondo_p95_ms": 34.69, "mediana_ms": 7.01, "fotogrammi": 856}, "consegnati": 805, "dipinti": 805, "salt": 0, "saltati_pct": 0.0, "lavoro_s": 85.4, "blocco_max_s": 0.072, "buchi": 0, "rete": {"persi": 0, "byte_persi": 0, "spediti": 1357, "byte_spediti": 1543724, "ricevuti": 1239, "scartati": 0, "dgram_persi": 0, "dgram_ok": 0, "dgram_falsi": 0, "connessioni": 1, "perdita_pct": 0.0, "mbit_s": 0.1, "srtt_ms": {"mediana": 0.29, "max": 0.71}, "pto_ms_max": 27.8, "secondi": 118}, "tratto_server_ms": {"mediana": 7.39, "max": 51.68, "ora": "18:50:44.661"}, "nascita_s": 2.45, "journal_err": 8}, "voci": {"ritardo_p95_ms": {"valore": 41.87, "classe": "GREEN", "significativo": false, "nota": "p95 dei p95 al secondo di «NOSTRO» (copia → byte fuori, 78 righe del figlio) 32.9 ms + 9 ms d'ingresso (tetto costruttivo: poll di 8 ms)"}, "saltati_pct": {"valore": 0.0, "classe": "GREEN", "significativo": false, "nota": "805 consegnati, 805 dipinti (salt 0)"}, "blocco_max_s": {"valore": 0.072, "classe": "GREEN", "significativo": false, "nota": "dall'attore (15 righe)"}, "buchi_al_min": {"valore": 0.0, "classe": "GREEN", "significativo": false, "nota": "0 buchi in 116 s"}, "caduta": {"valore": false, "classe": "GREEN", "significativo": false, "nota": "nessuna caduta, riavvio o errore che stacca"}, "nascita_s": {"valore": 2.451, "classe": "GREEN", "significativo": false, "nota": "accesso → primo fotogramma"}}, "classe": "GREEN", "ragione": "tutte le voci GREEN", "non_misurate": [], "evidenze": ["/media/REMOTIX/misure/fase16/amd-b-2k-gnome/livello-16-ripetizione/utente-02"]}
{"campagna": "amd-b-2k-gnome", "livello": 16, "desktop": "gnome", "scheda": "AMD Radeon RX 6800", "driver": "amdgpu intel-media-va-driver=25.2.3+dfsg1-1 libgl1-mesa-dri=25.0.7-2+deb13u1 libva2=2.22.0-3 mesa-va-drivers=25.0.7-2+deb13u1", "misura": "2k", "commit": "678a2da", "binario": "28a947f5", "pagina": "fb9a18f3", "nucleo": "7.0", "tetto_sessioni": 17, "inizio": "2026-09-27T18:14:38+00:00", "durata_s": 2165, "finestra": ["18:48:43", "18:50:43"], "fps_video": 30.0, "tipo": "sessione", "utente": 3, "profilo": "C", "browser": "firefox", "versione": "Firefox 140.16.0 · finestra vera", "inquilino": "c16003u3", "misure": {"finestra_s": 117.5, "esperienza": {"giro_eco_p95_ms": 41.9, "giro_eco_campioni": 43, "giro_tutti_p95_ms": 42.4, "giro_tutti_campioni": 60}, "video_non_avanza": 0, "input_azioni": 3, "input_persi": 0, "input_latenza_p95_ms": 60, "tratto": {"righe": 46, "mediana_p95_ms": 5.52, "max_campione_p95_ms": 31.51, "produttore_mediana_ms": 0.27}, "ritardo_p95_ms": 19.67, "nostro": {"righe": 46, "p95_dei_p95_ms": 10.67, "max_al_secondo_max_ms": 11.9, "max_al_secondo_p95_ms": 10.67, "mediana_ms": 4.97, "fotogrammi": 136}, "consegnati": 137, "dipinti": 137, "salt": 0, "saltati_pct": 0.0, "lavoro_s": 30.8, "blocco_max_s": 0.148, "buchi": 0, "rete": {"persi": 0, "byte_persi": 0, "spediti": 1703, "byte_spediti": 2247088, "ricevuti": 296, "scartati": 0, "dgram_persi": 0, "dgram_ok": 0, "dgram_falsi": 0, "connessioni": 1, "perdita_pct": 0.0, "mbit_s": 0.16, "srtt_ms": {"mediana": 0.2, "max": 0.3}, "pto_ms_max": 21.3, "secondi": 113}, "tratto_server_ms": {"mediana": 5.44, "max": 31.51, "ora": "18:50:38.303"}, "nascita_s": 2.42, "journal_err": 8}, "voci": {"ritardo_p95_ms": {"valore": 19.67, "classe": "GREEN", "significativo": false, "nota": "p95 dei p95 al secondo di «NOSTRO» (copia → byte fuori, 46 righe del figlio) 10.7 ms + 9 ms d'ingresso (tetto costruttivo: poll di 8 ms)"}, "saltati_pct": {"valore": 0.0, "classe": "GREEN", "significativo": false, "nota": "137 consegnati, 137 dipinti (salt 0)"}, "blocco_max_s": {"valore": 0.148, "classe": "GREEN", "significativo": false, "nota": "dall'attore (6 righe)"}, "buchi_al_min": {"valore": 0.0, "classe": "GREEN", "significativo": false, "nota": "0 buchi in 117 s"}, "caduta": {"valore": false, "classe": "GREEN", "significativo": false, "nota": "nessuna caduta, riavvio o errore che stacca"}, "nascita_s": {"valore": 2.422, "classe": "GREEN", "significativo": false, "nota": "accesso → primo fotogramma"}}, "classe": "GREEN", "ragione": "tutte le voci GREEN", "non_misurate": [], "evidenze": ["/media/REMOTIX/misure/fase16/amd-b-2k-gnome/livello-16-ripetizione/utente-03"]}
{"campagna": "amd-b-2k-gnome", "livello": 16, "desktop": "gnome", "scheda": "AMD Radeon RX 6800", "driver": "amdgpu intel-media-va-driver=25.2.3+dfsg1-1 libgl1-mesa-dri=25.0.7-2+deb13u1 libva2=2.22.0-3 mesa-va-drivers=25.0.7-2+deb13u1", "misura": "2k", "commit": "678a2da", "binario": "28a947f5", "pagina": "fb9a18f3", "nucleo": "7.0", "tetto_sessioni": 17, "inizio": "2026-09-27T18:14:38+00:00", "durata_s": 2165, "finestra": ["18:48:43", "18:50:43"], "fps_video": 30.0, "tipo": "sessione", "utente": 4, "profilo": "D", "browser": "chrome", "versione": "Chrome/154.0.8037.57 · finestra vera", "inquilino": "c16004u4", "misure": {"finestra_s": 121.2, "esperienza": {"giro_eco_p95_ms": null, "giro_eco_campioni": 0, "giro_tutti_p95_ms": 40.9, "giro_tutti_campioni": 6}, "video_non_avanza": 0, "input_azioni": 0, "input_persi": 0, "input_latenza_p95_ms": null, "tratto": {"righe": 119, "mediana_p95_ms": 5.55, "max_campione_p95_ms": 72.66, "produttore_mediana_ms": 0.33}, "ritardo_p95_ms": 32.53, "nostro": {"righe": 119, "p95_dei_p95_ms": 23.53, "max_al_secondo_max_ms": 72.33, "max_al_secondo_p95_ms": 28.34, "mediana_ms": 4.67, "fotogrammi": 3639}, "consegnati": 3629, "dipinti": 3629, "salt": 0, "saltati_pct": 0.0, "lavoro_s": 121.2, "blocco_max_s": 0.059, "buchi": 0, "video_fps": 29.931, "audio_udibile_pct": 100.0, "rete": {"persi": 0, "byte_persi": 0, "spediti": 36991, "byte_spediti": 52243944, "ricevuti": 9458, "scartati": 0, "dgram_persi": 0, "dgram_ok": 6000, "dgram_falsi": 0, "connessioni": 1, "perdita_pct": 0.0, "mbit_s": 3.45, "srtt_ms": {"mediana": 0.24, "max": 0.59}, "pto_ms_max": 28.0, "secondi": 121}, "tratto_server_ms": {"mediana": 5.14, "max": 17.81, "ora": "18:50:44.356"}, "nascita_s": 2.38, "journal_err": 23}, "voci": {"ritardo_p95_ms": {"valore": 32.53, "classe": "GREEN", "significativo": false, "nota": "p95 dei p95 al secondo di «NOSTRO» (copia → byte fuori, 119 righe del figlio) 23.5 ms + 9 ms d'ingresso (tetto costruttivo: poll di 8 ms)"}, "saltati_pct": {"valore": 0.0, "classe": "GREEN", "significativo": false, "nota": "3629 consegnati, 3629 dipinti (salt 0)"}, "blocco_max_s": {"valore": 0.059, "classe": "GREEN", "significativo": false, "nota": "dall'attore (23 righe)"}, "buchi_al_min": {"valore": 0.0, "classe": "GREEN", "significativo": false, "nota": "0 buchi in 121 s"}, "video_frazione_f": {"valore": 0.998, "classe": "GREEN", "significativo": false, "nota": "29.9 dipinti/s in 121 s di video, f = 30.0"}, "audio_udibile_pct": {"valore": 100.0, "classe": "GREEN", "significativo": false, "nota": "6000 suonati su 6000 mandati (6000 ricevuti + 0 mancati)"}, "caduta": {"valore": false, "classe": "GREEN", "significativo": false, "nota": "nessuna caduta, riavvio o errore che stacca"}, "nascita_s": {"valore": 2.377, "classe": "GREEN", "significativo": false, "nota": "accesso → primo fotogramma"}}, "classe": "GREEN", "ragione": "tutte le voci GREEN", "non_misurate": [], "evidenze": ["/media/REMOTIX/misure/fase16/amd-b-2k-gnome/livello-16-ripetizione/utente-04"]}
{"campagna": "amd-b-2k-gnome", "livello": 16, "desktop": "gnome", "scheda": "AMD Radeon RX 6800", "driver": "amdgpu intel-media-va-driver=25.2.3+dfsg1-1 libgl1-mesa-dri=25.0.7-2+deb13u1 libva2=2.22.0-3 mesa-va-drivers=25.0.7-2+deb13u1", "misura": "2k", "commit": "678a2da", "binario": "28a947f5", "pagina": "fb9a18f3", "nucleo": "7.0", "tetto_sessioni": 17, "inizio": "2026-09-27T18:14:38+00:00", "durata_s": 2165, "finestra": ["18:48:43", "18:50:43"], "fps_video": 30.0, "tipo": "sessione", "utente": 5, "profilo": "A", "browser": "firefox", "versione": "Firefox 140.16.0 · finestra vera", "inquilino": "c16005u5", "misure": {"finestra_s": 120.4, "esperienza": {"giro_eco_p95_ms": 52.6, "giro_eco_campioni": 39, "giro_tutti_p95_ms": 46.4, "giro_tutti_campioni": 177}, "video_non_avanza": 0, "input_azioni": 13, "input_persi": 0, "input_latenza_p95_ms": 189, "tratto": {"righe": 41, "mediana_p95_ms": 7.5, "max_campione_p95_ms": 58.97, "produttore_mediana_ms": 0.34}, "ritardo_p95_ms": 43.55, "nostro": {"righe": 41, "p95_dei_p95_ms": 34.55, "max_al_secondo_max_ms": 58.65, "max_al_secondo_p95_ms": 36.88, "mediana_ms": 6.68, "fotogrammi": 844}, "consegnati": 790, "dipinti": 790, "salt": 0, "saltati_pct": 0.0, "lavoro_s": 64.7, "blocco_max_s": 0.143, "buchi": 0, "rete": {"persi": 0, "byte_persi": 0, "spediti": 8102, "byte_spediti": 10490404, "ricevuti": 1274, "scartati": 0, "dgram_persi": 0, "dgram_ok": 0, "dgram_falsi": 0, "connessioni": 1, "perdita_pct": 0.0, "mbit_s": 0.7, "srtt_ms": {"mediana": 0.22, "max": 0.46}, "pto_ms_max": 21.5, "secondi": 120}, "tratto_server_ms": {"mediana": 7.67, "max": 58.97, "ora": "18:50:43.965"}, "nascita_s": 2.39, "journal_err": 7}, "voci": {"ritardo_p95_ms": {"valore": 43.55, "classe": "GREEN", "significativo": false, "nota": "p95 dei p95 al secondo di «NOSTRO» (copia → byte fuori, 41 righe del figlio) 34.5 ms + 9 ms d'ingresso (tetto costruttivo: poll di 8 ms)"}, "saltati_pct": {"valore": 0.0, "classe": "GREEN", "significativo": false, "nota": "790 consegnati, 790 dipinti (salt 0)"}, "blocco_max_s": {"valore": 0.143, "classe": "GREEN", "significativo": false, "nota": "dall'attore (12 righe)"}, "buchi_al_min": {"valore": 0.0, "classe": "GREEN", "significativo": false, "nota": "0 buchi in 120 s"}, "caduta": {"valore": false, "classe": "GREEN", "significativo": false, "nota": "nessuna caduta, riavvio o errore che stacca"}, "nascita_s": {"valore": 2.393, "classe": "GREEN", "significativo": false, "nota": "accesso → primo fotogramma"}}, "classe": "GREEN", "ragione": "tutte le voci GREEN", "non_misurate": [], "evidenze": ["/media/REMOTIX/misure/fase16/amd-b-2k-gnome/livello-16-ripetizione/utente-05"]}
{"campagna": "amd-b-2k-gnome", "livello": 16, "desktop": "gnome", "scheda": "AMD Radeon RX 6800", "driver": "amdgpu intel-media-va-driver=25.2.3+dfsg1-1 libgl1-mesa-dri=25.0.7-2+deb13u1 libva2=2.22.0-3 mesa-va-drivers=25.0.7-2+deb13u1", "misura": "2k", "commit": "678a2da", "binario": "28a947f5", "pagina": "fb9a18f3", "nucleo": "7.0", "tetto_sessioni": 17, "inizio": "2026-09-27T18:14:38+00:00", "durata_s": 2165, "finestra": ["18:48:43", "18:50:43"], "fps_video": 30.0, "tipo": "sessione", "utente": 6, "profilo": "B", "browser": "chrome", "versione": "Chrome/154.0.8037.57 · finestra vera", "inquilino": "c16006u6", "misure": {"finestra_s": 124.4, "esperienza": {"giro_eco_p95_ms": 33.7, "giro_eco_campioni": 185, "giro_tutti_p95_ms": 44, "giro_tutti_campioni": 277}, "video_non_avanza": 0, "input_azioni": 4, "input_persi": 0, "input_latenza_p95_ms": 459, "tratto": {"righe": 79, "mediana_p95_ms": 6.49, "max_campione_p95_ms": 31.19, "produttore_mediana_ms": 0.64}, "ritardo_p95_ms": 23.72, "nostro": {"righe": 79, "p95_dei_p95_ms": 14.72, "max_al_secondo_max_ms": 28.54, "max_al_secondo_p95_ms": 14.77, "mediana_ms": 4.75, "fotogrammi": 1057}, "consegnati": 1077, "dipinti": 1077, "salt": 0, "saltati_pct": 0.0, "lavoro_s": 101.6, "blocco_max_s": 0.047, "buchi": 0, "rete": {"persi": 0, "byte_persi": 0, "spediti": 1573, "byte_spediti": 1790444, "ricevuti": 1477, "scartati": 0, "dgram_persi": 0, "dgram_ok": 0, "dgram_falsi": 0, "connessioni": 1, "perdita_pct": 0.0, "mbit_s": 0.12, "srtt_ms": {"mediana": 0.25, "max": 0.57}, "pto_ms_max": 27.9, "secondi": 121}, "tratto_server_ms": {"mediana": 5.67, "max": 16.11, "ora": "18:50:43.674"}, "nascita_s": 2.43, "journal_err": 8}, "voci": {"ritardo_p95_ms": {"valore": 23.72, "classe": "GREEN", "significativo": false, "nota": "p95 dei p95 al secondo di «NOSTRO» (copia → byte fuori, 79 righe del figlio) 14.7 ms + 9 ms d'ingresso (tetto costruttivo: poll di 8 ms)"}, "saltati_pct": {"valore": 0.0, "classe": "GREEN", "significativo": false, "nota": "1077 consegnati, 1077 dipinti (salt 0)"}, "blocco_max_s": {"valore": 0.047, "classe": "GREEN", "significativo": false, "nota": "dall'attore (18 righe)"}, "buchi_al_min": {"valore": 0.0, "classe": "GREEN", "significativo": false, "nota": "0 buchi in 124 s"}, "caduta": {"valore": false, "classe": "GREEN", "significativo": false, "nota": "nessuna caduta, riavvio o errore che stacca"}, "nascita_s": {"valore": 2.433, "classe": "GREEN", "significativo": false, "nota": "accesso → primo fotogramma"}}, "classe": "GREEN", "ragione": "tutte le voci GREEN", "non_misurate": [], "evidenze": ["/media/REMOTIX/misure/fase16/amd-b-2k-gnome/livello-16-ripetizione/utente-06"]}
{"campagna": "amd-b-2k-gnome", "livello": 16, "desktop": "gnome", "scheda": "AMD Radeon RX 6800", "driver": "amdgpu intel-media-va-driver=25.2.3+dfsg1-1 libgl1-mesa-dri=25.0.7-2+deb13u1 libva2=2.22.0-3 mesa-va-drivers=25.0.7-2+deb13u1", "misura": "2k", "commit": "678a2da", "binario": "28a947f5", "pagina": "fb9a18f3", "nucleo": "7.0", "tetto_sessioni": 17, "inizio": "2026-09-27T18:14:38+00:00", "durata_s": 2165, "finestra": ["18:48:43", "18:50:43"], "fps_video": 30.0, "tipo": "sessione", "utente": 7, "profilo": "C", "browser": "firefox", "versione": "Firefox 140.16.0 · finestra vera", "inquilino": "c16007u7", "misure": {"finestra_s": 117.5, "esperienza": {"giro_eco_p95_ms": 38.2, "giro_eco_campioni": 105, "giro_tutti_p95_ms": 44.3, "giro_tutti_campioni": 172}, "video_non_avanza": 0, "input_azioni": 5, "input_persi": 0, "input_latenza_p95_ms": 60, "tratto": {"righe": 76, "mediana_p95_ms": 7.47, "max_campione_p95_ms": 33.76, "produttore_mediana_ms": 1.31}, "ritardo_p95_ms": 22.73, "nostro": {"righe": 76, "p95_dei_p95_ms": 13.73, "max_al_secondo_max_ms": 23.81, "max_al_secondo_p95_ms": 13.73, "mediana_ms": 5.38, "fotogrammi": 261}, "consegnati": 252, "dipinti": 252, "salt": 0, "saltati_pct": 0.0, "lavoro_s": 72.1, "blocco_max_s": 0.582, "buchi": 0, "rete": {"persi": 0, "byte_persi": 0, "spediti": 3115, "byte_spediti": 4108712, "ricevuti": 659, "scartati": 0, "dgram_persi": 0, "dgram_ok": 0, "dgram_falsi": 0, "connessioni": 1, "perdita_pct": 0.0, "mbit_s": 0.27, "srtt_ms": {"mediana": 0.17, "max": 0.46}, "pto_ms_max": 21.5, "secondi": 121}, "tratto_server_ms": {"mediana": 7.23, "max": 33.76, "ora": "18:50:44.684"}, "nascita_s": 2.41, "journal_err": 8}, "voci": {"ritardo_p95_ms": {"valore": 22.73, "classe": "GREEN", "significativo": false, "nota": "p95 dei p95 al secondo di «NOSTRO» (copia → byte fuori, 76 righe del figlio) 13.7 ms + 9 ms d'ingresso (tetto costruttivo: poll di 8 ms)"}, "saltati_pct": {"valore": 0.0, "classe": "GREEN", "significativo": false, "nota": "252 consegnati, 252 dipinti (salt 0)"}, "blocco_max_s": {"valore": 0.582, "classe": "GREEN", "significativo": false, "nota": "dall'attore (13 righe)"}, "buchi_al_min": {"valore": 0.0, "classe": "GREEN", "significativo": false, "nota": "0 buchi in 117 s"}, "caduta": {"valore": false, "classe": "GREEN", "significativo": false, "nota": "nessuna caduta, riavvio o errore che stacca"}, "nascita_s": {"valore": 2.406, "classe": "GREEN", "significativo": false, "nota": "accesso → primo fotogramma"}}, "classe": "GREEN", "ragione": "tutte le voci GREEN", "non_misurate": [], "evidenze": ["/media/REMOTIX/misure/fase16/amd-b-2k-gnome/livello-16-ripetizione/utente-07"]}
{"campagna": "amd-b-2k-gnome", "livello": 16, "desktop": "gnome", "scheda": "AMD Radeon RX 6800", "driver": "amdgpu intel-media-va-driver=25.2.3+dfsg1-1 libgl1-mesa-dri=25.0.7-2+deb13u1 libva2=2.22.0-3 mesa-va-drivers=25.0.7-2+deb13u1", "misura": "2k", "commit": "678a2da", "binario": "28a947f5", "pagina": "fb9a18f3", "nucleo": "7.0", "tetto_sessioni": 17, "inizio": "2026-09-27T18:14:38+00:00", "durata_s": 2165, "finestra": ["18:48:43", "18:50:43"], "fps_video": 30.0, "tipo": "sessione", "utente": 8, "profilo": "D", "browser": "chrome", "versione": "Chrome/154.0.8037.57 · finestra vera", "inquilino": "c16008u8", "misure": {"finestra_s": 121.5, "esperienza": {"giro_eco_p95_ms": null, "giro_eco_campioni": 0, "giro_tutti_p95_ms": null, "giro_tutti_campioni": 0}, "video_non_avanza": 0, "input_azioni": 0, "input_persi": 0, "input_latenza_p95_ms": null, "tratto": {"righe": 119, "mediana_p95_ms": 8.27, "max_campione_p95_ms": 82.67, "produttore_mediana_ms": 0.37}, "ritardo_p95_ms": 36.2, "nostro": {"righe": 119, "p95_dei_p95_ms": 27.2, "max_al_secondo_max_ms": 81.84, "max_al_secondo_p95_ms": 29.79, "mediana_ms": 5.22, "fotogrammi": 3640}, "consegnati": 3643, "dipinti": 3643, "salt": 0, "saltati_pct": 0.0, "lavoro_s": 121.5, "blocco_max_s": 0.061, "buchi": 0, "video_fps": 29.981, "audio_udibile_pct": 100.0, "rete": {"persi": 0, "byte_persi": 0, "spediti": 38394, "byte_spediti": 54160012, "ricevuti": 9331, "scartati": 0, "dgram_persi": 0, "dgram_ok": 6000, "dgram_falsi": 0, "connessioni": 1, "perdita_pct": 0.0, "mbit_s": 3.58, "srtt_ms": {"mediana": 0.24, "max": 0.66}, "pto_ms_max": 28.8, "secondi": 121}, "tratto_server_ms": {"mediana": 5.39, "max": 12.42, "ora": "18:50:44.404"}, "nascita_s": 2.45, "journal_err": 19}, "voci": {"ritardo_p95_ms": {"valore": 36.2, "classe": "GREEN", "significativo": false, "nota": "p95 dei p95 al secondo di «NOSTRO» (copia → byte fuori, 119 righe del figlio) 27.2 ms + 9 ms d'ingresso (tetto costruttivo: poll di 8 ms)"}, "saltati_pct": {"valore": 0.0, "classe": "GREEN", "significativo": false, "nota": "3643 consegnati, 3643 dipinti (salt 0)"}, "blocco_max_s": {"valore": 0.061, "classe": "GREEN", "significativo": false, "nota": "dall'attore (23 righe)"}, "buchi_al_min": {"valore": 0.0, "classe": "GREEN", "significativo": false, "nota": "0 buchi in 122 s"}, "video_frazione_f": {"valore": 0.999, "classe": "GREEN", "significativo": false, "nota": "30.0 dipinti/s in 122 s di video, f = 30.0"}, "audio_udibile_pct": {"valore": 100.0, "classe": "GREEN", "significativo": false, "nota": "6000 suonati su 6000 mandati (6000 ricevuti + 0 mancati)"}, "caduta": {"valore": false, "classe": "GREEN", "significativo": false, "nota": "nessuna caduta, riavvio o errore che stacca"}, "nascita_s": {"valore": 2.453, "classe": "GREEN", "significativo": false, "nota": "accesso → primo fotogramma"}}, "classe": "GREEN", "ragione": "tutte le voci GREEN", "non_misurate": [], "evidenze": ["/media/REMOTIX/misure/fase16/amd-b-2k-gnome/livello-16-ripetizione/utente-08"]}
{"campagna": "amd-b-2k-gnome", "livello": 16, "desktop": "gnome", "scheda": "AMD Radeon RX 6800", "driver": "amdgpu intel-media-va-driver=25.2.3+dfsg1-1 libgl1-mesa-dri=25.0.7-2+deb13u1 libva2=2.22.0-3 mesa-va-drivers=25.0.7-2+deb13u1", "misura": "2k", "commit": "678a2da", "binario": "28a947f5", "pagina": "fb9a18f3", "nucleo": "7.0", "tetto_sessioni": 17, "inizio": "2026-09-27T18:14:38+00:00", "durata_s": 2165, "finestra": ["18:48:43", "18:50:43"], "fps_video": 30.0, "tipo": "sessione", "utente": 9, "profilo": "A", "browser": "firefox", "versione": "Firefox 140.16.0 · finestra vera", "inquilino": "c16009u9", "misure": {"finestra_s": 120.6, "esperienza": {"giro_eco_p95_ms": 48.5, "giro_eco_campioni": 74, "giro_tutti_p95_ms": 44.2, "giro_tutti_campioni": 203}, "video_non_avanza": 0, "input_azioni": 15, "input_persi": 0, "input_latenza_p95_ms": 204, "tratto": {"righe": 46, "mediana_p95_ms": 8.17, "max_campione_p95_ms": 28.89, "produttore_mediana_ms": 1.37}, "ritardo_p95_ms": 25.96, "nostro": {"righe": 46, "p95_dei_p95_ms": 16.96, "max_al_secondo_max_ms": 27.84, "max_al_secondo_p95_ms": 17.46, "mediana_ms": 4.52, "fotogrammi": 787}, "consegnati": 793, "dipinti": 793, "salt": 0, "saltati_pct": 0.0, "lavoro_s": 75.4, "blocco_max_s": 0.051, "buchi": 0, "rete": {"persi": 0, "byte_persi": 0, "spediti": 9827, "byte_spediti": 13047172, "ricevuti": 1297, "scartati": 0, "dgram_persi": 0, "dgram_ok": 0, "dgram_falsi": 0, "connessioni": 1, "perdita_pct": 0.0, "mbit_s": 0.86, "srtt_ms": {"mediana": 0.19, "max": 0.51}, "pto_ms_max": 22.9, "secondi": 121}, "tratto_server_ms": {"mediana": 6.76, "max": 18.69, "ora": "18:50:43.801"}, "nascita_s": 2.4, "journal_err": 11}, "voci": {"ritardo_p95_ms": {"valore": 25.96, "classe": "GREEN", "significativo": false, "nota": "p95 dei p95 al secondo di «NOSTRO» (copia → byte fuori, 46 righe del figlio) 17.0 ms + 9 ms d'ingresso (tetto costruttivo: poll di 8 ms)"}, "saltati_pct": {"valore": 0.0, "classe": "GREEN", "significativo": false, "nota": "793 consegnati, 793 dipinti (salt 0)"}, "blocco_max_s": {"valore": 0.051, "classe": "GREEN", "significativo": false, "nota": "dall'attore (14 righe)"}, "buchi_al_min": {"valore": 0.0, "classe": "GREEN", "significativo": false, "nota": "0 buchi in 121 s"}, "caduta": {"valore": false, "classe": "GREEN", "significativo": false, "nota": "nessuna caduta, riavvio o errore che stacca"}, "nascita_s": {"valore": 2.395, "classe": "GREEN", "significativo": false, "nota": "accesso → primo fotogramma"}}, "classe": "GREEN", "ragione": "tutte le voci GREEN", "non_misurate": [], "evidenze": ["/media/REMOTIX/misure/fase16/amd-b-2k-gnome/livello-16-ripetizione/utente-09"]}
{"campagna": "amd-b-2k-gnome", "livello": 16, "desktop": "gnome", "scheda": "AMD Radeon RX 6800", "driver": "amdgpu intel-media-va-driver=25.2.3+dfsg1-1 libgl1-mesa-dri=25.0.7-2+deb13u1 libva2=2.22.0-3 mesa-va-drivers=25.0.7-2+deb13u1", "misura": "2k", "commit": "678a2da", "binario": "28a947f5", "pagina": "fb9a18f3", "nucleo": "7.0", "tetto_sessioni": 17, "inizio": "2026-09-27T18:14:38+00:00", "durata_s": 2165, "finestra": ["18:48:43", "18:50:43"], "fps_video": 30.0, "tipo": "sessione", "utente": 10, "profilo": "B", "browser": "chrome", "versione": "Chrome/154.0.8037.57 · finestra vera", "inquilino": "c16010u10", "misure": {"finestra_s": 120.6, "esperienza": {"giro_eco_p95_ms": 38.7, "giro_eco_campioni": 231, "giro_tutti_p95_ms": 43.6, "giro_tutti_campioni": 306}, "video_non_avanza": 0, "input_azioni": 6, "input_persi": 0, "input_latenza_p95_ms": 503, "tratto": {"righe": 77, "mediana_p95_ms": 8.41, "max_campione_p95_ms": 28.08, "produttore_mediana_ms": 1.41}, "ritardo_p95_ms": 26.33, "nostro": {"righe": 77, "p95_dei_p95_ms": 17.33, "max_al_secondo_max_ms": 26.98, "max_al_secondo_p95_ms": 17.33, "mediana_ms": 4.83, "fotogrammi": 925}, "consegnati": 928, "dipinti": 928, "salt": 0, "saltati_pct": 0.0, "lavoro_s": 94.9, "blocco_max_s": 0.052, "buchi": 0, "rete": {"persi": 0, "byte_persi": 0, "spediti": 1485, "byte_spediti": 1632724, "ricevuti": 1362, "scartati": 0, "dgram_persi": 0, "dgram_ok": 0, "dgram_falsi": 0, "connessioni": 1, "perdita_pct": 0.0, "mbit_s": 0.11, "srtt_ms": {"mediana": 0.2, "max": 0.4}, "pto_ms_max": 26.7, "secondi": 121}, "tratto_server_ms": {"mediana": 7.13, "max": 20.64, "ora": "18:50:44.474"}, "nascita_s": 2.54, "journal_err": 8}, "voci": {"ritardo_p95_ms": {"valore": 26.33, "classe": "GREEN", "significativo": false, "nota": "p95 dei p95 al secondo di «NOSTRO» (copia → byte fuori, 77 righe del figlio) 17.3 ms + 9 ms d'ingresso (tetto costruttivo: poll di 8 ms)"}, "saltati_pct": {"valore": 0.0, "classe": "GREEN", "significativo": false, "nota": "928 consegnati, 928 dipinti (salt 0)"}, "blocco_max_s": {"valore": 0.052, "classe": "GREEN", "significativo": false, "nota": "dall'attore (17 righe)"}, "buchi_al_min": {"valore": 0.0, "classe": "GREEN", "significativo": false, "nota": "0 buchi in 121 s"}, "caduta": {"valore": false, "classe": "GREEN", "significativo": false, "nota": "nessuna caduta, riavvio o errore che stacca"}, "nascita_s": {"valore": 2.539, "classe": "GREEN", "significativo": false, "nota": "accesso → primo fotogramma"}}, "classe": "GREEN", "ragione": "tutte le voci GREEN", "non_misurate": [], "evidenze": ["/media/REMOTIX/misure/fase16/amd-b-2k-gnome/livello-16-ripetizione/utente-10"]}
{"campagna": "amd-b-2k-gnome", "livello": 16, "desktop": "gnome", "scheda": "AMD Radeon RX 6800", "driver": "amdgpu intel-media-va-driver=25.2.3+dfsg1-1 libgl1-mesa-dri=25.0.7-2+deb13u1 libva2=2.22.0-3 mesa-va-drivers=25.0.7-2+deb13u1", "misura": "2k", "commit": "678a2da", "binario": "28a947f5", "pagina": "fb9a18f3", "nucleo": "7.0", "tetto_sessioni": 17, "inizio": "2026-09-27T18:14:38+00:00", "durata_s": 2165, "finestra": ["18:48:43", "18:50:43"], "fps_video": 30.0, "tipo": "sessione", "utente": 11, "profilo": "C", "browser": "firefox", "versione": "Firefox 140.16.0 · finestra vera", "inquilino": "c16011u11", "misure": {"finestra_s": 119.0, "esperienza": {"giro_eco_p95_ms": 44.6, "giro_eco_campioni": 163, "giro_tutti_p95_ms": 49.4, "giro_tutti_campioni": 188}, "video_non_avanza": 0, "input_azioni": 6, "input_persi": 0, "input_latenza_p95_ms": 50, "tratto": {"righe": 79, "mediana_p95_ms": 8.62, "max_campione_p95_ms": 47.55, "produttore_mediana_ms": 1.47}, "ritardo_p95_ms": 27.43, "nostro": {"righe": 79, "p95_dei_p95_ms": 18.43, "max_al_secondo_max_ms": 38.84, "max_al_secondo_p95_ms": 18.43, "mediana_ms": 7.36, "fotogrammi": 287}, "consegnati": 288, "dipinti": 288, "salt": 0, "saltati_pct": 0.0, "lavoro_s": 73.6, "blocco_max_s": 0.586, "buchi": 0, "rete": {"persi": 0, "byte_persi": 0, "spediti": 2670, "byte_spediti": 3432796, "ricevuti": 700, "scartati": 0, "dgram_persi": 0, "dgram_ok": 0, "dgram_falsi": 0, "connessioni": 1, "perdita_pct": 0.0, "mbit_s": 0.23, "srtt_ms": {"mediana": 0.2, "max": 0.35}, "pto_ms_max": 22.3, "secondi": 121}, "tratto_server_ms": {"mediana": 8.56, "max": 47.55, "ora": "18:50:43.597"}, "nascita_s": 2.53, "journal_err": 8}, "voci": {"ritardo_p95_ms": {"valore": 27.43, "classe": "GREEN", "significativo": false, "nota": "p95 dei p95 al secondo di «NOSTRO» (copia → byte fuori, 79 righe del figlio) 18.4 ms + 9 ms d'ingresso (tetto costruttivo: poll di 8 ms)"}, "saltati_pct": {"valore": 0.0, "classe": "GREEN", "significativo": false, "nota": "288 consegnati, 288 dipinti (salt 0)"}, "blocco_max_s": {"valore": 0.586, "classe": "GREEN", "significativo": false, "nota": "dall'attore (13 righe)"}, "buchi_al_min": {"valore": 0.0, "classe": "GREEN", "significativo": false, "nota": "0 buchi in 119 s"}, "caduta": {"valore": false, "classe": "GREEN", "significativo": false, "nota": "nessuna caduta, riavvio o errore che stacca"}, "nascita_s": {"valore": 2.526, "classe": "GREEN", "significativo": false, "nota": "accesso → primo fotogramma"}}, "classe": "GREEN", "ragione": "tutte le voci GREEN", "non_misurate": [], "evidenze": ["/media/REMOTIX/misure/fase16/amd-b-2k-gnome/livello-16-ripetizione/utente-11"]}
{"campagna": "amd-b-2k-gnome", "livello": 16, "desktop": "gnome", "scheda": "AMD Radeon RX 6800", "driver": "amdgpu intel-media-va-driver=25.2.3+dfsg1-1 libgl1-mesa-dri=25.0.7-2+deb13u1 libva2=2.22.0-3 mesa-va-drivers=25.0.7-2+deb13u1", "misura": "2k", "commit": "678a2da", "binario": "28a947f5", "pagina": "fb9a18f3", "nucleo": "7.0", "tetto_sessioni": 17, "inizio": "2026-09-27T18:14:38+00:00", "durata_s": 2165, "finestra": ["18:48:43", "18:50:43"], "fps_video": 30.0, "tipo": "sessione", "utente": 12, "profilo": "D", "browser": "chrome", "versione": "Chrome/154.0.8037.57 · finestra vera", "inquilino": "c16012u12", "misure": {"finestra_s": 121.0, "esperienza": {"giro_eco_p95_ms": null, "giro_eco_campioni": 0, "giro_tutti_p95_ms": 29.8, "giro_tutti_campioni": 4}, "video_non_avanza": 0, "input_azioni": 0, "input_persi": 0, "input_latenza_p95_ms": null, "tratto": {"righe": 116, "mediana_p95_ms": 9.88, "max_campione_p95_ms": 94.07, "produttore_mediana_ms": 1.46}, "ritardo_p95_ms": 34.56, "nostro": {"righe": 116, "p95_dei_p95_ms": 25.56, "max_al_secondo_max_ms": 87.26, "max_al_secondo_p95_ms": 28.62, "mediana_ms": 5.71, "fotogrammi": 3520}, "consegnati": 3519, "dipinti": 3519, "salt": 0, "saltati_pct": 0.0, "lavoro_s": 121.0, "blocco_max_s": 3.66, "buchi": 0, "video_fps": 29.071, "audio_udibile_pct": 98.917, "rete": {"persi": 0, "byte_persi": 0, "spediti": 54590, "byte_spediti": 77609280, "ricevuti": 10901, "scartati": 0, "dgram_persi": 0, "dgram_ok": 5935, "dgram_falsi": 0, "connessioni": 1, "perdita_pct": 0.0, "mbit_s": 5.13, "srtt_ms": {"mediana": 0.32, "max": 1.19}, "pto_ms_max": 29.8, "secondi": 121}, "tratto_server_ms": {"mediana": 7.38, "max": 19.19, "ora": "18:50:43.884"}, "nascita_s": 2.45, "journal_err": 12}, "voci": {"ritardo_p95_ms": {"valore": 34.56, "classe": "GREEN", "significativo": false, "nota": "p95 dei p95 al secondo di «NOSTRO» (copia → byte fuori, 116 righe del figlio) 25.6 ms + 9 ms d'ingresso (tetto costruttivo: poll di 8 ms)"}, "saltati_pct": {"valore": 0.0, "classe": "GREEN", "significativo": false, "nota": "3519 consegnati, 3519 dipinti (salt 0)"}, "blocco_max_s": {"valore": 3.66, "classe": "FAIL", "significativo": true, "nota": "dall'attore (23 righe)"}, "buchi_al_min": {"valore": 0.0, "classe": "GREEN", "significativo": false, "nota": "0 buchi in 121 s"}, "video_frazione_f": {"valore": 0.969, "classe": "GREEN", "significativo": false, "nota": "29.1 dipinti/s in 121 s di video, f = 30.0"}, "audio_udibile_pct": {"valore": 98.917, "classe": "DEGRADED", "significativo": false, "nota": "5935 suonati su 6000 mandati (5935 ricevuti + 65 mancati)"}, "caduta": {"valore": false, "classe": "GREEN", "significativo": false, "nota": "nessuna caduta, riavvio o errore che stacca"}, "nascita_s": {"valore": 2.451, "classe": "GREEN", "significativo": false, "nota": "accesso → primo fotogramma"}}, "classe": "FAIL", "ragione": "FAIL blocco piu' lungo dell'immagine: 3.66 — dall'attore (23 righe) · DEGRADED audio udibile: 98.917 — 5935 suonati su 6000 mandati (5935 ricevuti + 65 mancati)", "non_misurate": [], "evidenze": ["/media/REMOTIX/misure/fase16/amd-b-2k-gnome/livello-16-ripetizione/utente-12"]}
{"campagna": "amd-b-2k-gnome", "livello": 16, "desktop": "gnome", "scheda": "AMD Radeon RX 6800", "driver": "amdgpu intel-media-va-driver=25.2.3+dfsg1-1 libgl1-mesa-dri=25.0.7-2+deb13u1 libva2=2.22.0-3 mesa-va-drivers=25.0.7-2+deb13u1", "misura": "2k", "commit": "678a2da", "binario": "28a947f5", "pagina": "fb9a18f3", "nucleo": "7.0", "tetto_sessioni": 17, "inizio": "2026-09-27T18:14:38+00:00", "durata_s": 2165, "finestra": ["18:48:43", "18:50:43"], "fps_video": 30.0, "tipo": "sessione", "utente": 13, "profilo": "A", "browser": "firefox", "versione": "Firefox 140.16.0 · finestra vera", "inquilino": "c16013u13", "misure": {"finestra_s": 116.4, "esperienza": {"giro_eco_p95_ms": 45.7, "giro_eco_campioni": 65, "giro_tutti_p95_ms": 44.4, "giro_tutti_campioni": 160}, "video_non_avanza": 0, "input_azioni": 11, "input_persi": 0, "input_latenza_p95_ms": 198, "tratto": {"righe": 40, "mediana_p95_ms": 7.45, "max_campione_p95_ms": 25.22, "produttore_mediana_ms": 1.48}, "ritardo_p95_ms": 22.16, "nostro": {"righe": 40, "p95_dei_p95_ms": 13.16, "max_al_secondo_max_ms": 17.87, "max_al_secondo_p95_ms": 13.16, "mediana_ms": 4.48, "fotogrammi": 621}, "consegnati": 620, "dipinti": 620, "salt": 0, "saltati_pct": 0.0, "lavoro_s": 71.3, "blocco_max_s": 0.217, "buchi": 0, "rete": {"persi": 0, "byte_persi": 0, "spediti": 3023, "byte_spediti": 3434964, "ricevuti": 1000, "scartati": 0, "dgram_persi": 0, "dgram_ok": 0, "dgram_falsi": 0, "connessioni": 1, "perdita_pct": 0.0, "mbit_s": 0.23, "srtt_ms": {"mediana": 0.15, "max": 0.59}, "pto_ms_max": 22.6, "secondi": 117}, "tratto_server_ms": {"mediana": 6.73, "max": 16.48, "ora": "18:50:25.170"}, "nascita_s": 2.71, "journal_err": 13}, "voci": {"ritardo_p95_ms": {"valore": 22.16, "classe": "GREEN", "significativo": false, "nota": "p95 dei p95 al secondo di «NOSTRO» (copia → byte fuori, 40 righe del figlio) 13.2 ms + 9 ms d'ingresso (tetto costruttivo: poll di 8 ms)"}, "saltati_pct": {"valore": 0.0, "classe": "GREEN", "significativo": false, "nota": "620 consegnati, 620 dipinti (salt 0)"}, "blocco_max_s": {"valore": 0.217, "classe": "GREEN", "significativo": false, "nota": "dall'attore (13 righe)"}, "buchi_al_min": {"valore": 0.0, "classe": "GREEN", "significativo": false, "nota": "0 buchi in 116 s"}, "caduta": {"valore": false, "classe": "GREEN", "significativo": false, "nota": "nessuna caduta, riavvio o errore che stacca"}, "nascita_s": {"valore": 2.708, "classe": "GREEN", "significativo": false, "nota": "accesso → primo fotogramma"}}, "classe": "GREEN", "ragione": "tutte le voci GREEN", "non_misurate": [], "evidenze": ["/media/REMOTIX/misure/fase16/amd-b-2k-gnome/livello-16-ripetizione/utente-13"]}
{"campagna": "amd-b-2k-gnome", "livello": 16, "desktop": "gnome", "scheda": "AMD Radeon RX 6800", "driver": "amdgpu intel-media-va-driver=25.2.3+dfsg1-1 libgl1-mesa-dri=25.0.7-2+deb13u1 libva2=2.22.0-3 mesa-va-drivers=25.0.7-2+deb13u1", "misura": "2k", "commit": "678a2da", "binario": "28a947f5", "pagina": "fb9a18f3", "nucleo": "7.0", "tetto_sessioni": 17, "inizio": "2026-09-27T18:14:38+00:00", "durata_s": 2165, "finestra": ["18:48:43", "18:50:43"], "fps_video": 30.0, "tipo": "sessione", "utente": 14, "profilo": "B", "browser": "chrome", "versione": "Chrome/154.0.8037.57 · finestra vera", "inquilino": "c16014u14", "misure": {"finestra_s": 121.4, "esperienza": {"giro_eco_p95_ms": 40.5, "giro_eco_campioni": 234, "giro_tutti_p95_ms": 48.3, "giro_tutti_campioni": 332}, "video_non_avanza": 0, "input_azioni": 6, "input_persi": 0, "input_latenza_p95_ms": 534, "tratto": {"righe": 85, "mediana_p95_ms": 9.69, "max_campione_p95_ms": 85.06, "produttore_mediana_ms": 1.58}, "ritardo_p95_ms": 36.45, "nostro": {"righe": 85, "p95_dei_p95_ms": 27.45, "max_al_secondo_max_ms": 83.38, "max_al_secondo_p95_ms": 27.45, "mediana_ms": 6.76, "fotogrammi": 1103}, "consegnati": 1094, "dipinti": 1094, "salt": 0, "saltati_pct": 0.0, "lavoro_s": 96.1, "blocco_max_s": 0.054, "buchi": 0, "rete": {"persi": 0, "byte_persi": 0, "spediti": 1771, "byte_spediti": 2019552, "ricevuti": 1589, "scartati": 0, "dgram_persi": 0, "dgram_ok": 0, "dgram_falsi": 0, "connessioni": 1, "perdita_pct": 0.0, "mbit_s": 0.13, "srtt_ms": {"mediana": 0.2, "max": 0.67}, "pto_ms_max": 29.6, "secondi": 120}, "tratto_server_ms": {"mediana": 9.58, "max": 39.92, "ora": "18:50:43.522"}, "nascita_s": 2.64, "journal_err": 8}, "voci": {"ritardo_p95_ms": {"valore": 36.45, "classe": "GREEN", "significativo": false, "nota": "p95 dei p95 al secondo di «NOSTRO» (copia → byte fuori, 85 righe del figlio) 27.4 ms + 9 ms d'ingresso (tetto costruttivo: poll di 8 ms)"}, "saltati_pct": {"valore": 0.0, "classe": "GREEN", "significativo": false, "nota": "1094 consegnati, 1094 dipinti (salt 0)"}, "blocco_max_s": {"valore": 0.054, "classe": "GREEN", "significativo": false, "nota": "dall'attore (17 righe)"}, "buchi_al_min": {"valore": 0.0, "classe": "GREEN", "significativo": false, "nota": "0 buchi in 121 s"}, "caduta": {"valore": false, "classe": "GREEN", "significativo": false, "nota": "nessuna caduta, riavvio o errore che stacca"}, "nascita_s": {"valore": 2.636, "classe": "GREEN", "significativo": false, "nota": "accesso → primo fotogramma"}}, "classe": "GREEN", "ragione": "tutte le voci GREEN", "non_misurate": [], "evidenze": ["/media/REMOTIX/misure/fase16/amd-b-2k-gnome/livello-16-ripetizione/utente-14"]}
{"campagna": "amd-b-2k-gnome", "livello": 16, "desktop": "gnome", "scheda": "AMD Radeon RX 6800", "driver": "amdgpu intel-media-va-driver=25.2.3+dfsg1-1 libgl1-mesa-dri=25.0.7-2+deb13u1 libva2=2.22.0-3 mesa-va-drivers=25.0.7-2+deb13u1", "misura": "2k", "commit": "678a2da", "binario": "28a947f5", "pagina": "fb9a18f3", "nucleo": "7.0", "tetto_sessioni": 17, "inizio": "2026-09-27T18:14:38+00:00", "durata_s": 2165, "finestra": ["18:48:43", "18:50:43"], "fps_video": 30.0, "tipo": "sessione", "utente": 15, "profilo": "C", "browser": "firefox", "versione": "Firefox 140.16.0 · finestra vera", "inquilino": "c16015u15", "misure": {"finestra_s": 116.7, "esperienza": {"giro_eco_p95_ms": 43.4, "giro_eco_campioni": 190, "giro_tutti_p95_ms": 54.8, "giro_tutti_campioni": 210}, "video_non_avanza": 0, "input_azioni": 9, "input_persi": 0, "input_latenza_p95_ms": 74, "tratto": {"righe": 91, "mediana_p95_ms": 8.77, "max_campione_p95_ms": 53.11, "produttore_mediana_ms": 1.43}, "ritardo_p95_ms": 34.92, "nostro": {"righe": 91, "p95_dei_p95_ms": 25.92, "max_al_secondo_max_ms": 51.31, "max_al_secondo_p95_ms": 25.92, "mediana_ms": 8.0, "fotogrammi": 322}, "consegnati": 310, "dipinti": 310, "salt": 0, "saltati_pct": 0.0, "lavoro_s": 106.1, "blocco_max_s": 0.346, "buchi": 0, "rete": {"persi": 0, "byte_persi": 0, "spediti": 2846, "byte_spediti": 3624764, "ricevuti": 802, "scartati": 0, "dgram_persi": 0, "dgram_ok": 0, "dgram_falsi": 0, "connessioni": 1, "perdita_pct": 0.0, "mbit_s": 0.25, "srtt_ms": {"mediana": 0.18, "max": 0.46}, "pto_ms_max": 21.5, "secondi": 118}, "tratto_server_ms": {"mediana": 8.77, "max": 53.11, "ora": "18:50:43.689"}, "nascita_s": 2.73, "journal_err": 8}, "voci": {"ritardo_p95_ms": {"valore": 34.92, "classe": "GREEN", "significativo": false, "nota": "p95 dei p95 al secondo di «NOSTRO» (copia → byte fuori, 91 righe del figlio) 25.9 ms + 9 ms d'ingresso (tetto costruttivo: poll di 8 ms)"}, "saltati_pct": {"valore": 0.0, "classe": "GREEN", "significativo": false, "nota": "310 consegnati, 310 dipinti (salt 0)"}, "blocco_max_s": {"valore": 0.346, "classe": "GREEN", "significativo": false, "nota": "dall'attore (19 righe)"}, "buchi_al_min": {"valore": 0.0, "classe": "GREEN", "significativo": false, "nota": "0 buchi in 117 s"}, "caduta": {"valore": false, "classe": "GREEN", "significativo": false, "nota": "nessuna caduta, riavvio o errore che stacca"}, "nascita_s": {"valore": 2.727, "classe": "GREEN", "significativo": false, "nota": "accesso → primo fotogramma"}}, "classe": "GREEN", "ragione": "tutte le voci GREEN", "non_misurate": [], "evidenze": ["/media/REMOTIX/misure/fase16/amd-b-2k-gnome/livello-16-ripetizione/utente-15"]}
{"campagna": "amd-b-2k-gnome", "livello": 16, "desktop": "gnome", "scheda": "AMD Radeon RX 6800", "driver": "amdgpu intel-media-va-driver=25.2.3+dfsg1-1 libgl1-mesa-dri=25.0.7-2+deb13u1 libva2=2.22.0-3 mesa-va-drivers=25.0.7-2+deb13u1", "misura": "2k", "commit": "678a2da", "binario": "28a947f5", "pagina": "fb9a18f3", "nucleo": "7.0", "tetto_sessioni": 17, "inizio": "2026-09-27T18:14:38+00:00", "durata_s": 2165, "finestra": ["18:48:43", "18:50:43"], "fps_video": 30.0, "tipo": "sessione", "utente": 16, "profilo": "D", "browser": "chrome", "versione": "Chrome/154.0.8037.57 · finestra vera", "inquilino": "c16016u16", "misure": {"finestra_s": 121.0, "esperienza": {"giro_eco_p95_ms": null, "giro_eco_campioni": 0, "giro_tutti_p95_ms": null, "giro_tutti_campioni": 0}, "video_non_avanza": 0, "input_azioni": 0, "input_persi": 0, "input_latenza_p95_ms": null, "tratto": {"righe": 116, "mediana_p95_ms": 10.27, "max_campione_p95_ms": 54.94, "produttore_mediana_ms": 1.47}, "ritardo_p95_ms": 35.62, "nostro": {"righe": 116, "p95_dei_p95_ms": 26.62, "max_al_secondo_max_ms": 53.74, "max_al_secondo_p95_ms": 33.06, "mediana_ms": 5.26, "fotogrammi": 3523}, "consegnati": 3516, "dipinti": 3516, "salt": 0, "saltati_pct": 0.0, "lavoro_s": 121.0, "blocco_max_s": 3.71, "buchi": 0, "video_fps": 29.051, "audio_udibile_pct": 98.867, "rete": {"persi": 0, "byte_persi": 0, "spediti": 84953, "byte_spediti": 119896844, "ricevuti": 13873, "scartati": 0, "dgram_persi": 0, "dgram_ok": 5933, "dgram_falsi": 0, "connessioni": 1, "perdita_pct": 0.0, "mbit_s": 7.93, "srtt_ms": {"mediana": 0.35, "max": 2.65}, "pto_ms_max": 37.7, "secondi": 121}, "tratto_server_ms": {"mediana": 6.71, "max": 24.01, "ora": "18:50:44.341"}, "nascita_s": 2.66, "journal_err": 8}, "voci": {"ritardo_p95_ms": {"valore": 35.62, "classe": "GREEN", "significativo": false, "nota": "p95 dei p95 al secondo di «NOSTRO» (copia → byte fuori, 116 righe del figlio) 26.6 ms + 9 ms d'ingresso (tetto costruttivo: poll di 8 ms)"}, "saltati_pct": {"valore": 0.0, "classe": "GREEN", "significativo": false, "nota": "3516 consegnati, 3516 dipinti (salt 0)"}, "blocco_max_s": {"valore": 3.71, "classe": "FAIL", "significativo": true, "nota": "dall'attore (23 righe)"}, "buchi_al_min": {"valore": 0.0, "classe": "GREEN", "significativo": false, "nota": "0 buchi in 121 s"}, "video_frazione_f": {"valore": 0.968, "classe": "GREEN", "significativo": false, "nota": "29.1 dipinti/s in 121 s di video, f = 30.0"}, "audio_udibile_pct": {"valore": 98.867, "classe": "DEGRADED", "significativo": false, "nota": "5932 suonati su 6000 mandati (5932 ricevuti + 68 mancati)"}, "caduta": {"valore": false, "classe": "GREEN", "significativo": false, "nota": "nessuna caduta, riavvio o errore che stacca"}, "nascita_s": {"valore": 2.656, "classe": "GREEN", "significativo": false, "nota": "accesso → primo fotogramma"}}, "classe": "FAIL", "ragione": "FAIL blocco piu' lungo dell'immagine: 3.71 — dall'attore (23 righe) · DEGRADED audio udibile: 98.867 — 5932 suonati su 6000 mandati (5932 ricevuti + 68 mancati)", "non_misurate": [], "evidenze": ["/media/REMOTIX/misure/fase16/amd-b-2k-gnome/livello-16-ripetizione/utente-16"]}
{"campagna": "amd-b-2k-gnome", "livello": 16, "desktop": "gnome", "scheda": "AMD Radeon RX 6800", "driver": "amdgpu intel-media-va-driver=25.2.3+dfsg1-1 libgl1-mesa-dri=25.0.7-2+deb13u1 libva2=2.22.0-3 mesa-va-drivers=25.0.7-2+deb13u1", "misura": "2k", "commit": "678a2da", "binario": "28a947f5", "pagina": "fb9a18f3", "nucleo": "7.0", "tetto_sessioni": 17, "inizio": "2026-09-27T18:14:38+00:00", "durata_s": 2165, "finestra": ["18:48:43", "18:50:43"], "fps_video": 30.0, "tipo": "sessione", "utente": 99, "profilo": "controllo", "browser": "firefox", "versione": "Firefox 140.16.0 · finestra vera", "inquilino": "c16016u99", "misure": {"nascita_s": 2.68, "ammissione_s": 1.23, "primo_non_degenere_s": 3.87, "sessioni_durante": 32}, "voci": {"nascita_s": {"valore": 2.68, "classe": "GREEN", "significativo": false, "nota": "accesso → primo fotogramma dipinto, a carico pieno (non degenere a 3.87 s)"}, "controllo_corto": {"valore": {"F-004": "BLOCKED", "F-007": "BLOCKED", "F-003": "FAIL", "F-014": "BLOCKED"}, "classe": "FAIL", "significativo": true, "nota": "FAIL: F-003"}}, "classe": "FAIL", "ragione": "FAIL controllo funzionale corto: FAIL: F-003", "non_misurate": [], "evidenze": ["/media/REMOTIX/misure/fase16/amd-b-2k-gnome/livello-16-ripetizione/controllo-corto"]}
→ 18 righe in /media/REMOTIX/src/controllo/banchi/16-stress/registro.jsonl
