LIVELLO 16 · amd-b-2k-lxqt · finestra 19:38:24–19:40:24 · FAIL
  utente 1   A  firefox  c16001u1       GREEN
      GREEN    ritardo input → fotogramma (p95)         34.21 — p95 dei p95 al secondo di «NOSTRO» (copia → byte fuori, 39 righe del figlio) 25.2 ms + 9 ms d'ingresso (tetto costruttivo: poll di 8 ms) · ⚠ strada wlroots: la «copia» e' contata due volte (~4 ms in piu', cattura.c:2309 / figlio.c:5191) — NON corretto, e' dal lato prudente
      GREEN    fotogrammi saltati                       0.0 — 1027 consegnati, 1027 dipinti (salt 0)
      GREEN    blocco piu' lungo dell'immagine          0.045 — dall'attore (13 righe)
      GREEN    buchi nella catena del video             0.0 — 0 buchi in 122 s
      GREEN    caduta, riavvio, errore che stacca       nessuna caduta, riavvio o errore che stacca
      GREEN    nascita (accesso → primo fotogramma)     1.713 — accesso → primo fotogramma
  utente 2   B  chrome   c16002u2       GREEN
      GREEN    ritardo input → fotogramma (p95)         32.64 — p95 dei p95 al secondo di «NOSTRO» (copia → byte fuori, 70 righe del figlio) 23.6 ms + 9 ms d'ingresso (tetto costruttivo: poll di 8 ms) · ⚠ strada wlroots: la «copia» e' contata due volte (~4 ms in piu', cattura.c:2309 / figlio.c:5191) — NON corretto, e' dal lato prudente
      GREEN    fotogrammi saltati                       0.0 — 476 consegnati, 476 dipinti (salt 0)
      GREEN    blocco piu' lungo dell'immagine          0.031 — dall'attore (16 righe)
      GREEN    buchi nella catena del video             0.0 — 0 buchi in 123 s
      GREEN    caduta, riavvio, errore che stacca       nessuna caduta, riavvio o errore che stacca
      GREEN    nascita (accesso → primo fotogramma)     1.427 — accesso → primo fotogramma
  utente 3   C  firefox  c16003u3       GREEN
      GREEN    ritardo input → fotogramma (p95)         32.24 — p95 dei p95 al secondo di «NOSTRO» (copia → byte fuori, 55 righe del figlio) 23.2 ms + 9 ms d'ingresso (tetto costruttivo: poll di 8 ms) · ⚠ strada wlroots: la «copia» e' contata due volte (~4 ms in piu', cattura.c:2309 / figlio.c:5191) — NON corretto, e' dal lato prudente
      GREEN    fotogrammi saltati                       0.0 — 257 consegnati, 257 dipinti (salt 0)
      GREEN    blocco piu' lungo dell'immagine          0.578 — dall'attore (15 righe)
      GREEN    buchi nella catena del video             0.0 — 0 buchi in 118 s
      GREEN    caduta, riavvio, errore che stacca       nessuna caduta, riavvio o errore che stacca
      GREEN    nascita (accesso → primo fotogramma)     1.396 — accesso → primo fotogramma
  utente 4   D  chrome   c16004u4       DEGRADED
      GREEN    ritardo input → fotogramma (p95)         31.31 — p95 dei p95 al secondo di «NOSTRO» (copia → byte fuori, 118 righe del figlio) 22.3 ms + 9 ms d'ingresso (tetto costruttivo: poll di 8 ms) · ⚠ strada wlroots: la «copia» e' contata due volte (~4 ms in piu', cattura.c:2309 / figlio.c:5191) — NON corretto, e' dal lato prudente
      GREEN    fotogrammi saltati                       0.0 — 3445 consegnati, 3445 dipinti (salt 0)
      DEGRADED blocco piu' lungo dell'immagine          1.571 — dall'attore (22 righe)
      GREEN    buchi nella catena del video             0.0 — 0 buchi in 117 s
      GREEN    video: dipinti al secondo                0.985 — 29.5 dipinti/s in 117 s di video, f = 30.0
      GREEN    audio udibile                            99.652 — 5730 suonati su 5750 mandati (5730 ricevuti + 20 mancati)
      GREEN    caduta, riavvio, errore che stacca       nessuna caduta, riavvio o errore che stacca
      GREEN    nascita (accesso → primo fotogramma)     1.439 — accesso → primo fotogramma
  utente 5   A  firefox  c16005u5       GREEN
      GREEN    ritardo input → fotogramma (p95)         32.3 — p95 dei p95 al secondo di «NOSTRO» (copia → byte fuori, 53 righe del figlio) 23.3 ms + 9 ms d'ingresso (tetto costruttivo: poll di 8 ms) · ⚠ strada wlroots: la «copia» e' contata due volte (~4 ms in piu', cattura.c:2309 / figlio.c:5191) — NON corretto, e' dal lato prudente
      GREEN    fotogrammi saltati                       0.0 — 1329 consegnati, 1329 dipinti (salt 0)
      GREEN    blocco piu' lungo dell'immagine          0.242 — dall'attore (15 righe)
      GREEN    buchi nella catena del video             0.0 — 0 buchi in 119 s
      GREEN    caduta, riavvio, errore che stacca       nessuna caduta, riavvio o errore che stacca
      GREEN    nascita (accesso → primo fotogramma)     1.663 — accesso → primo fotogramma
  utente 6   B  chrome   c16006u6       GREEN
      GREEN    ritardo input → fotogramma (p95)         35.23 — p95 dei p95 al secondo di «NOSTRO» (copia → byte fuori, 69 righe del figlio) 26.2 ms + 9 ms d'ingresso (tetto costruttivo: poll di 8 ms) · ⚠ strada wlroots: la «copia» e' contata due volte (~4 ms in piu', cattura.c:2309 / figlio.c:5191) — NON corretto, e' dal lato prudente
      GREEN    fotogrammi saltati                       0.0 — 505 consegnati, 505 dipinti (salt 0)
      GREEN    blocco piu' lungo dell'immagine          0.035 — dall'attore (18 righe)
      GREEN    buchi nella catena del video             0.0 — 0 buchi in 121 s
      GREEN    caduta, riavvio, errore che stacca       nessuna caduta, riavvio o errore che stacca
      GREEN    nascita (accesso → primo fotogramma)     1.628 — accesso → primo fotogramma
  utente 7   C  firefox  c16007u7       GREEN
      GREEN    ritardo input → fotogramma (p95)         32.13 — p95 dei p95 al secondo di «NOSTRO» (copia → byte fuori, 43 righe del figlio) 23.1 ms + 9 ms d'ingresso (tetto costruttivo: poll di 8 ms) · ⚠ strada wlroots: la «copia» e' contata due volte (~4 ms in piu', cattura.c:2309 / figlio.c:5191) — NON corretto, e' dal lato prudente
      GREEN    fotogrammi saltati                       0.0 — 166 consegnati, 166 dipinti (salt 0)
      GREEN    blocco piu' lungo dell'immagine          0.182 — dall'attore (12 righe)
      GREEN    buchi nella catena del video             0.0 — 0 buchi in 119 s
      GREEN    caduta, riavvio, errore che stacca       nessuna caduta, riavvio o errore che stacca
      GREEN    nascita (accesso → primo fotogramma)     1.689 — accesso → primo fotogramma
  utente 8   D  chrome   c16008u8       GREEN
      GREEN    ritardo input → fotogramma (p95)         32.31 — p95 dei p95 al secondo di «NOSTRO» (copia → byte fuori, 119 righe del figlio) 23.3 ms + 9 ms d'ingresso (tetto costruttivo: poll di 8 ms) · ⚠ strada wlroots: la «copia» e' contata due volte (~4 ms in piu', cattura.c:2309 / figlio.c:5191) — NON corretto, e' dal lato prudente
      GREEN    fotogrammi saltati                       0.0 — 3515 consegnati, 3515 dipinti (salt 0)
      GREEN    blocco piu' lungo dell'immagine          0.1 — dall'attore (22 righe)
      GREEN    buchi nella catena del video             0.0 — 0 buchi in 117 s
      GREEN    video: dipinti al secondo                1.002 — 30.1 dipinti/s in 117 s di video, f = 30.0
      GREEN    audio udibile                            100.0 — 5750 suonati su 5750 mandati (5750 ricevuti + 0 mancati)
      GREEN    caduta, riavvio, errore che stacca       nessuna caduta, riavvio o errore che stacca
      GREEN    nascita (accesso → primo fotogramma)     1.662 — accesso → primo fotogramma
  utente 9   A  firefox  c16009u9       GREEN
      GREEN    ritardo input → fotogramma (p95)         33.1 — p95 dei p95 al secondo di «NOSTRO» (copia → byte fuori, 58 righe del figlio) 24.1 ms + 9 ms d'ingresso (tetto costruttivo: poll di 8 ms) · ⚠ strada wlroots: la «copia» e' contata due volte (~4 ms in piu', cattura.c:2309 / figlio.c:5191) — NON corretto, e' dal lato prudente
      GREEN    fotogrammi saltati                       0.0 — 1389 consegnati, 1389 dipinti (salt 0)
      GREEN    blocco piu' lungo dell'immagine          0.233 — dall'attore (17 righe)
      GREEN    buchi nella catena del video             0.0 — 0 buchi in 121 s
      GREEN    caduta, riavvio, errore che stacca       nessuna caduta, riavvio o errore che stacca
      GREEN    nascita (accesso → primo fotogramma)     1.665 — accesso → primo fotogramma
  utente 10  B  chrome   c16010u10      GREEN
      GREEN    ritardo input → fotogramma (p95)         34.2 — p95 dei p95 al secondo di «NOSTRO» (copia → byte fuori, 89 righe del figlio) 25.2 ms + 9 ms d'ingresso (tetto costruttivo: poll di 8 ms) · ⚠ strada wlroots: la «copia» e' contata due volte (~4 ms in piu', cattura.c:2309 / figlio.c:5191) — NON corretto, e' dal lato prudente
      GREEN    fotogrammi saltati                       0.0 — 653 consegnati, 653 dipinti (salt 0)
      GREEN    blocco piu' lungo dell'immagine          0.032 — dall'attore (21 righe)
      GREEN    buchi nella catena del video             0.0 — 0 buchi in 119 s
      GREEN    caduta, riavvio, errore che stacca       nessuna caduta, riavvio o errore che stacca
      GREEN    nascita (accesso → primo fotogramma)     1.418 — accesso → primo fotogramma
  utente 11  C  firefox  c16011u11      GREEN
      GREEN    ritardo input → fotogramma (p95)         31.89 — p95 dei p95 al secondo di «NOSTRO» (copia → byte fuori, 33 righe del figlio) 22.9 ms + 9 ms d'ingresso (tetto costruttivo: poll di 8 ms) · ⚠ strada wlroots: la «copia» e' contata due volte (~4 ms in piu', cattura.c:2309 / figlio.c:5191) — NON corretto, e' dal lato prudente
      GREEN    fotogrammi saltati                       0.0 — 109 consegnati, 109 dipinti (salt 0)
      GREEN    blocco piu' lungo dell'immagine          0.333 — dall'attore (10 righe)
      GREEN    buchi nella catena del video             0.0 — 0 buchi in 119 s
      GREEN    caduta, riavvio, errore che stacca       nessuna caduta, riavvio o errore che stacca
      GREEN    nascita (accesso → primo fotogramma)     1.696 — accesso → primo fotogramma
  utente 12  D  chrome   c16012u12      GREEN
      GREEN    ritardo input → fotogramma (p95)         31.9 — p95 dei p95 al secondo di «NOSTRO» (copia → byte fuori, 119 righe del figlio) 22.9 ms + 9 ms d'ingresso (tetto costruttivo: poll di 8 ms) · ⚠ strada wlroots: la «copia» e' contata due volte (~4 ms in piu', cattura.c:2309 / figlio.c:5191) — NON corretto, e' dal lato prudente
      GREEN    fotogrammi saltati                       0.0 — 3671 consegnati, 3671 dipinti (salt 0)
      GREEN    blocco piu' lungo dell'immagine          0.1 — dall'attore (23 righe)
      GREEN    buchi nella catena del video             0.0 — 0 buchi in 121 s
      GREEN    video: dipinti al secondo                1.008 — 30.2 dipinti/s in 121 s di video, f = 30.0
      GREEN    audio udibile                            100.0 — 6000 suonati su 6000 mandati (6000 ricevuti + 0 mancati)
      GREEN    caduta, riavvio, errore che stacca       nessuna caduta, riavvio o errore che stacca
      GREEN    nascita (accesso → primo fotogramma)     1.644 — accesso → primo fotogramma
  utente 13  A  firefox  c16013u13      GREEN
      GREEN    ritardo input → fotogramma (p95)         34.01 — p95 dei p95 al secondo di «NOSTRO» (copia → byte fuori, 21 righe del figlio) 25.0 ms + 9 ms d'ingresso (tetto costruttivo: poll di 8 ms) · ⚠ strada wlroots: la «copia» e' contata due volte (~4 ms in piu', cattura.c:2309 / figlio.c:5191) — NON corretto, e' dal lato prudente
      GREEN    fotogrammi saltati                       0.0 — 836 consegnati, 836 dipinti (salt 0)
      GREEN    blocco piu' lungo dell'immagine          0.018 — dall'attore (9 righe)
      GREEN    buchi nella catena del video             0.0 — 0 buchi in 122 s
      GREEN    caduta, riavvio, errore che stacca       nessuna caduta, riavvio o errore che stacca
      GREEN    nascita (accesso → primo fotogramma)     1.671 — accesso → primo fotogramma
  utente 14  B  chrome   c16014u14      GREEN
      GREEN    ritardo input → fotogramma (p95)         33.51 — p95 dei p95 al secondo di «NOSTRO» (copia → byte fuori, 73 righe del figlio) 24.5 ms + 9 ms d'ingresso (tetto costruttivo: poll di 8 ms) · ⚠ strada wlroots: la «copia» e' contata due volte (~4 ms in piu', cattura.c:2309 / figlio.c:5191) — NON corretto, e' dal lato prudente
      GREEN    fotogrammi saltati                       0.0 — 657 consegnati, 657 dipinti (salt 0)
      GREEN    blocco piu' lungo dell'immagine          0.039 — dall'attore (19 righe)
      GREEN    buchi nella catena del video             0.0 — 0 buchi in 122 s
      GREEN    caduta, riavvio, errore che stacca       nessuna caduta, riavvio o errore che stacca
      GREEN    nascita (accesso → primo fotogramma)     1.638 — accesso → primo fotogramma
  utente 15  C  firefox  c16015u15      GREEN
      GREEN    ritardo input → fotogramma (p95)         33.67 — p95 dei p95 al secondo di «NOSTRO» (copia → byte fuori, 56 righe del figlio) 24.7 ms + 9 ms d'ingresso (tetto costruttivo: poll di 8 ms) · ⚠ strada wlroots: la «copia» e' contata due volte (~4 ms in piu', cattura.c:2309 / figlio.c:5191) — NON corretto, e' dal lato prudente
      GREEN    fotogrammi saltati                       0.0 — 207 consegnati, 207 dipinti (salt 0)
      GREEN    blocco piu' lungo dell'immagine          0.26 — dall'attore (14 righe)
      GREEN    buchi nella catena del video             0.0 — 0 buchi in 116 s
      GREEN    caduta, riavvio, errore che stacca       nessuna caduta, riavvio o errore che stacca
      GREEN    nascita (accesso → primo fotogramma)     1.661 — accesso → primo fotogramma
  utente 16  D  chrome   c16016u16      GREEN
      GREEN    ritardo input → fotogramma (p95)         32.24 — p95 dei p95 al secondo di «NOSTRO» (copia → byte fuori, 119 righe del figlio) 23.2 ms + 9 ms d'ingresso (tetto costruttivo: poll di 8 ms) · ⚠ strada wlroots: la «copia» e' contata due volte (~4 ms in piu', cattura.c:2309 / figlio.c:5191) — NON corretto, e' dal lato prudente
      GREEN    fotogrammi saltati                       0.0 — 3662 consegnati, 3663 dipinti (salt 0)
      GREEN    blocco piu' lungo dell'immagine          0.09 — dall'attore (23 righe)
      GREEN    buchi nella catena del video             0.0 — 0 buchi in 122 s
      GREEN    video: dipinti al secondo                1.003 — 30.1 dipinti/s in 122 s di video, f = 30.0
      GREEN    audio udibile                            100.0 — 6251 suonati su 6251 mandati (6251 ricevuti + 0 mancati)
      GREEN    caduta, riavvio, errore che stacca       nessuna caduta, riavvio o errore che stacca
      GREEN    nascita (accesso → primo fotogramma)     1.727 — accesso → primo fotogramma
  utente 99  controllo chrome   c16016u99      FAIL
      FAIL     nascita (accesso → primo fotogramma)     la sessione del controllo non e' nata: nessun fotogramma dipinto 90 s dopo l'accesso
      DEGRADED controllo funzionale corto               NON MISURATO: non guardate: F-004, F-007, F-003, F-014
  livello  GREEN    memoria_remotix                PSS 1362 → 1363 MB in 1619 s di lavoro (19:11:24–19:38:23); seconda meta' +0.2 %/ora, +0 MB su +2 · da: inizio del lavoro + 60 s
  livello  GREEN    memoria_sessioni               PSS 6574 → 6720 MB in 1619 s di lavoro (19:11:24–19:38:23); seconda meta' +3.8 %/ora, +56 MB su +146 e CONTINUA a salire · da: inizio del lavoro + 60 s
  livello  GREEN    riavvio_server                 il padre remotix e' lo stesso per tutto il livello
  livello  GREEN    entrati                        entrati 16 su 16
  risorse: cpu macchina 34.2 % (media) · mem usata 29581 MB · card0 disegno 58.17%, video 10.02%, video_enhance 0.0% · card1 disegno 6.99%, video 124.06%
{"campagna": "amd-b-2k-lxqt", "livello": 16, "desktop": "lxqt", "scheda": "AMD Radeon RX 6800", "driver": "amdgpu intel-media-va-driver=25.2.3+dfsg1-1 libgl1-mesa-dri=25.0.7-2+deb13u1 libva2=2.22.0-3 mesa-va-drivers=25.0.7-2+deb13u1", "misura": "2k", "commit": "678a2da", "binario": "28a947f5", "pagina": "fb9a18f3", "nucleo": "7.0", "tetto_sessioni": 17, "inizio": "2026-09-28T19:07:33+00:00", "durata_s": 1971, "finestra": ["19:38:24", "19:40:24"], "fps_video": 30.0, "tipo": "livello", "utenti": 17, "sessioni": {"GREEN": 15, "DEGRADED": 1, "FAIL": 1}, "journal_err": {"righe": 639, "per_inquilino": {"c16001u1": 12, "c16002u2": 5, "c16003u3": 5, "c16004u4": 15, "c16005u5": 11, "c16006u6": 5, "c16007u7": 5, "c16008u8": 13, "c16009u9": 7, "c16010u10": 5, "c16011u11": 5, "c16012u12": 11, "c16013u13": 5, "c16014u14": 5, "c16015u15": 5, "c16016u16": 5, "c16016u99": 5}, "esempi": ["figlio  [c16001u1] ⛔ «/usr/bin/loginctl» non e' andato (stato 1)", "figlio  [c16001u1] ⛔ SENZA PALCO alla nascita: la sessione grafica di «c16001u1» non c'e' (ancora).  ⚠ NON esco — §8.3 vieta di staccare — e NON resto fermo: riprovo, la prima volta fra 1000 ms", "figlio  ⛔ il palco di «c16001u1»: bus ⛔ NO, sessione 5, presa 0, monitor «» (0 prima, 0 dopo), 0x0 stride 0 a 0 bit, 0 flussi in consegna — aspetto la tela del cliente", "figlio  [c16001u1] ⛔⛔ FIFO **NON** OTTENUTO: 3 thread su 3 del percorso audio girano a politica NORMALE (nice peggiore 0), e RLIMIT_RTPRIO = 0 — ⚠ il rlimit dice «puoi CHIEDERLA», non «ce l'hai».  `[M", "figlio  ⛔ il palco di «c16001u1»: bus APERTO, sessione 4, presa 0, monitor «» (0 prima, 0 dopo), 0x0 stride 0 a 0 bit, 0 flussi in consegna — il gestore di sessione non è ancora sul bus"], "fonte": "/media/REMOTIX/misure/fase16/amd-b-2k-lxqt/livello-16-ripetizione/journal-err.jsonl"}, "voci": {"memoria_remotix": {"valore": 0.11, "classe": "GREEN", "significativo": false, "nota": "PSS 1362 → 1363 MB in 1619 s di lavoro (19:11:24–19:38:23); seconda meta' +0.2 %/ora, +0 MB su +2 · da: inizio del lavoro + 60 s", "continua": false, "pendenza_pct_ora": 0.153, "tratto_s": 1619}, "memoria_sessioni": {"valore": 2.222, "classe": "GREEN", "significativo": false, "nota": "PSS 6574 → 6720 MB in 1619 s di lavoro (19:11:24–19:38:23); seconda meta' +3.8 %/ora, +56 MB su +146 e CONTINUA a salire · da: inizio del lavoro + 60 s", "continua": true, "pendenza_pct_ora": 3.784, "tratto_s": 1619}, "riavvio_server": {"valore": 288947, "classe": "GREEN", "significativo": false, "nota": "il padre remotix e' lo stesso per tutto il livello"}, "entrati": {"valore": 16, "classe": "GREEN", "significativo": false, "nota": "entrati 16 su 16"}}, "risorse": {"campioni": 120, "cpu_macchina_pct": {"media": 34.2, "p95": 39.6, "max": 44.9}, "carico_1m": {"media": 8.04, "p95": 8.6, "max": 8.71}, "mem_usata_mb": {"media": 29364.55, "p95": 29547, "max": 29581}, "mem_totale_mb": 31869, "thread": {"media": 8058.96, "p95": 8123, "max": 8159}, "misuratore_cpu_s": {"media": 0.17, "p95": 0.2, "max": 0.25}, "recinti": {"remotix": {"cpu_core": {"media": 1.28, "p95": 1.43, "max": 1.48}, "pss_mb": {"media": 1368.04, "p95": 1369.7, "max": 1369.7}, "processi": {"media": 18.76, "p95": 19, "max": 19}, "gpu": {"calcolo": {"media": 0.0, "p95": 0.0, "max": 0.0}, "video": {"media": 77.08, "p95": 101.82, "max": 130.79}}}, "sessioni": {"cpu_core": {"media": 1.73, "p95": 2.34, "max": 2.83}, "pss_mb": {"media": 6727.15, "p95": 6757.4, "max": 6777.7}, "processi": {"media": 361.36, "p95": 363, "max": 364}, "gpu": {"calcolo": {"media": 0.01, "p95": 0.01, "max": 0.03}, "disegno": {"media": 6.99, "p95": 8.69, "max": 10.29}, "video": {"media": 46.99, "p95": 51.42, "max": 58.44}}}, "browser": {"cpu_core": {"media": 2.4, "p95": 2.99, "max": 3.34}, "pss_mb": {"media": 7346.43, "p95": 7423.6, "max": 7437.5}, "processi": {"media": 190.58, "p95": 196, "max": 198}, "gpu": {"copia": {"media": 0.0, "p95": 0.0, "max": 0.0}, "disegno": {"media": 46.68, "p95": 56.81, "max": 67.4}, "video": {"media": 10.02, "p95": 12.08, "max": 13.97}, "video_enhance": {"media": 0.0, "p95": 0.0, "max": 0.0}}}, "altro_scatola": {"cpu_core": {"media": 0.05, "p95": 0.06, "max": 0.16}, "pss_mb": {"media": 193.89, "p95": 231.3, "max": 232.1}, "processi": {"media": 25.03, "p95": 25, "max": 27}, "gpu": {}}, "labwc_cliente": {"cpu_core": {"media": 0.11, "p95": 0.15, "max": 0.19}, "pss_mb": {"media": 578.75, "p95": 579.4, "max": 579.4}, "processi": {"media": 17.0, "p95": 17, "max": 17}, "gpu": {"copia": {"media": 0.0, "p95": 0.0, "max": 0.0}, "disegno": {"media": 11.49, "p95": 13.39, "max": 15.39}, "video": {"media": 0.0, "p95": 0.0, "max": 0.0}, "video_enhance": {"media": 0.0, "p95": 0.0, "max": 0.0}}}}, "gpu": {"0000:00:02.0": {"scheda": "card0", "driver": "i915", "copia": {"media": 0.0, "p95": 0.0, "max": 0.0}, "disegno": {"media": 58.17, "p95": 70.13, "max": 82.79}, "video": {"media": 10.02, "p95": 12.08, "max": 13.97}, "video_enhance": {"media": 0.0, "p95": 0.0, "max": 0.0}, "freq_att_mhz": {"media": 830.83, "p95": 1550.0, "max": 1550.0}, "freq_mhz": {"media": 1353.21, "p95": 1550.0, "max": 1550.0}, "temp_c": {"media": 55.96, "p95": 59.0, "max": 60.0}, "potenza_w": {"media": 3.07, "p95": 4.61, "max": 5.57}, "vram_usata_mb": null, "occupata_pct": null, "strozzatura_frazione": {"pl4": 0.21}}, "0000:03:00.0": {"scheda": "card1", "driver": "amdgpu", "calcolo": {"media": 0.01, "p95": 0.01, "max": 0.03}, "disegno": {"media": 6.99, "p95": 8.69, "max": 10.29}, "video": {"media": 124.06, "p95": 149.54, "max": 184.71}, "freq_att_mhz": {"media": 1123.33, "p95": 1600.0, "max": 1600.0}, "freq_mhz": {"media": 86.12, "p95": 141.0, "max": 183.0}, "temp_c": {"media": 53.33, "p95": 59.0, "max": 61.0}, "potenza_w": {"media": 49.75, "p95": 53.0, "max": 54.0}, "vram_usata_mb": {"media": 4525.57, "p95": 4536.6, "max": 4578.1}, "occupata_pct": {"media": 5.97, "p95": 11.0, "max": 14.0}, "strozzatura_frazione": {}}}, "avvisi": ["⚠ PSS illeggibile per 1 processi (non si e' root?)", "⚠ PSS illeggibile per 2 processi (non si e' root?)"]}, "classe": "FAIL", "significativo": true, "ragione": "15 GREEN · 1 DEGRADED · 1 FAIL", "evidenze": ["/media/REMOTIX/misure/fase16/amd-b-2k-lxqt/livello-16-ripetizione"]}
{"campagna": "amd-b-2k-lxqt", "livello": 16, "desktop": "lxqt", "scheda": "AMD Radeon RX 6800", "driver": "amdgpu intel-media-va-driver=25.2.3+dfsg1-1 libgl1-mesa-dri=25.0.7-2+deb13u1 libva2=2.22.0-3 mesa-va-drivers=25.0.7-2+deb13u1", "misura": "2k", "commit": "678a2da", "binario": "28a947f5", "pagina": "fb9a18f3", "nucleo": "7.0", "tetto_sessioni": 17, "inizio": "2026-09-28T19:07:33+00:00", "durata_s": 1971, "finestra": ["19:38:24", "19:40:24"], "fps_video": 30.0, "tipo": "sessione", "utente": 1, "profilo": "A", "browser": "firefox", "versione": "Firefox 140.16.0 · finestra vera", "inquilino": "c16001u1", "misure": {"finestra_s": 122.0, "esperienza": {"giro_eco_p95_ms": 40.6, "giro_eco_campioni": 46, "giro_tutti_p95_ms": 37, "giro_tutti_campioni": 153}, "video_non_avanza": 0, "input_azioni": 13, "input_persi": 0, "input_latenza_p95_ms": 199, "tratto": {"righe": 39, "mediana_p95_ms": 12.63, "max_campione_p95_ms": 31.61, "produttore_mediana_ms": 0.0}, "ritardo_p95_ms": 34.21, "nostro": {"righe": 39, "p95_dei_p95_ms": 25.21, "max_al_secondo_max_ms": 31.61, "max_al_secondo_p95_ms": 29.03, "mediana_ms": 12.17, "fotogrammi": 1027}, "consegnati": 1027, "dipinti": 1027, "salt": 0, "saltati_pct": 0.0, "lavoro_s": 71.9, "blocco_max_s": 0.045, "buchi": 0, "rete": {"persi": 0, "byte_persi": 0, "spediti": 6823, "byte_spediti": 8327756, "ricevuti": 1376, "scartati": 0, "dgram_persi": 0, "dgram_ok": 0, "dgram_falsi": 0, "connessioni": 1, "perdita_pct": 0.0, "mbit_s": 0.57, "srtt_ms": {"mediana": 0.18, "max": 0.43}, "pto_ms_max": 22.2, "secondi": 117}, "tratto_server_ms": {"mediana": 12.35, "max": 31.61, "ora": "19:40:22.099"}, "nascita_s": 1.71, "journal_err": 12}, "voci": {"ritardo_p95_ms": {"valore": 34.21, "classe": "GREEN", "significativo": false, "nota": "p95 dei p95 al secondo di «NOSTRO» (copia → byte fuori, 39 righe del figlio) 25.2 ms + 9 ms d'ingresso (tetto costruttivo: poll di 8 ms) · ⚠ strada wlroots: la «copia» e' contata due volte (~4 ms in piu', cattura.c:2309 / figlio.c:5191) — NON corretto, e' dal lato prudente"}, "saltati_pct": {"valore": 0.0, "classe": "GREEN", "significativo": false, "nota": "1027 consegnati, 1027 dipinti (salt 0)"}, "blocco_max_s": {"valore": 0.045, "classe": "GREEN", "significativo": false, "nota": "dall'attore (13 righe)"}, "buchi_al_min": {"valore": 0.0, "classe": "GREEN", "significativo": false, "nota": "0 buchi in 122 s"}, "caduta": {"valore": false, "classe": "GREEN", "significativo": false, "nota": "nessuna caduta, riavvio o errore che stacca"}, "nascita_s": {"valore": 1.713, "classe": "GREEN", "significativo": false, "nota": "accesso → primo fotogramma"}}, "classe": "GREEN", "ragione": "tutte le voci GREEN", "non_misurate": [], "evidenze": ["/media/REMOTIX/misure/fase16/amd-b-2k-lxqt/livello-16-ripetizione/utente-01"]}
{"campagna": "amd-b-2k-lxqt", "livello": 16, "desktop": "lxqt", "scheda": "AMD Radeon RX 6800", "driver": "amdgpu intel-media-va-driver=25.2.3+dfsg1-1 libgl1-mesa-dri=25.0.7-2+deb13u1 libva2=2.22.0-3 mesa-va-drivers=25.0.7-2+deb13u1", "misura": "2k", "commit": "678a2da", "binario": "28a947f5", "pagina": "fb9a18f3", "nucleo": "7.0", "tetto_sessioni": 17, "inizio": "2026-09-28T19:07:33+00:00", "durata_s": 1971, "finestra": ["19:38:24", "19:40:24"], "fps_video": 30.0, "tipo": "sessione", "utente": 2, "profilo": "B", "browser": "chrome", "versione": "Chrome/154.0.8037.57 · finestra vera", "inquilino": "c16002u2", "misure": {"finestra_s": 122.9, "esperienza": {"giro_eco_p95_ms": 21.3, "giro_eco_campioni": 195, "giro_tutti_p95_ms": 25, "giro_tutti_campioni": 270}, "video_non_avanza": 0, "input_azioni": 4, "input_persi": 0, "input_latenza_p95_ms": 1937, "tratto": {"righe": 70, "mediana_p95_ms": 11.72, "max_campione_p95_ms": 33.06, "produttore_mediana_ms": 0.0}, "ritardo_p95_ms": 32.64, "nostro": {"righe": 70, "p95_dei_p95_ms": 23.64, "max_al_secondo_max_ms": 33.06, "max_al_secondo_p95_ms": 23.64, "mediana_ms": 11.9, "fotogrammi": 460}, "consegnati": 476, "dipinti": 476, "salt": 0, "saltati_pct": 0.0, "lavoro_s": 87.1, "blocco_max_s": 0.031, "buchi": 0, "rete": {"persi": 0, "byte_persi": 0, "spediti": 917, "byte_spediti": 905236, "ricevuti": 844, "scartati": 0, "dgram_persi": 0, "dgram_ok": 0, "dgram_falsi": 0, "connessioni": 1, "perdita_pct": 0.0, "mbit_s": 0.06, "srtt_ms": {"mediana": 0.21, "max": 0.53}, "pto_ms_max": 27.7, "secondi": 121}, "tratto_server_ms": {"mediana": 11.38, "max": 33.06, "ora": "19:40:25.205"}, "nascita_s": 1.43, "journal_err": 5}, "voci": {"ritardo_p95_ms": {"valore": 32.64, "classe": "GREEN", "significativo": false, "nota": "p95 dei p95 al secondo di «NOSTRO» (copia → byte fuori, 70 righe del figlio) 23.6 ms + 9 ms d'ingresso (tetto costruttivo: poll di 8 ms) · ⚠ strada wlroots: la «copia» e' contata due volte (~4 ms in piu', cattura.c:2309 / figlio.c:5191) — NON corretto, e' dal lato prudente"}, "saltati_pct": {"valore": 0.0, "classe": "GREEN", "significativo": false, "nota": "476 consegnati, 476 dipinti (salt 0)"}, "blocco_max_s": {"valore": 0.031, "classe": "GREEN", "significativo": false, "nota": "dall'attore (16 righe)"}, "buchi_al_min": {"valore": 0.0, "classe": "GREEN", "significativo": false, "nota": "0 buchi in 123 s"}, "caduta": {"valore": false, "classe": "GREEN", "significativo": false, "nota": "nessuna caduta, riavvio o errore che stacca"}, "nascita_s": {"valore": 1.427, "classe": "GREEN", "significativo": false, "nota": "accesso → primo fotogramma"}}, "classe": "GREEN", "ragione": "tutte le voci GREEN", "non_misurate": [], "evidenze": ["/media/REMOTIX/misure/fase16/amd-b-2k-lxqt/livello-16-ripetizione/utente-02"]}
{"campagna": "amd-b-2k-lxqt", "livello": 16, "desktop": "lxqt", "scheda": "AMD Radeon RX 6800", "driver": "amdgpu intel-media-va-driver=25.2.3+dfsg1-1 libgl1-mesa-dri=25.0.7-2+deb13u1 libva2=2.22.0-3 mesa-va-drivers=25.0.7-2+deb13u1", "misura": "2k", "commit": "678a2da", "binario": "28a947f5", "pagina": "fb9a18f3", "nucleo": "7.0", "tetto_sessioni": 17, "inizio": "2026-09-28T19:07:33+00:00", "durata_s": 1971, "finestra": ["19:38:24", "19:40:24"], "fps_video": 30.0, "tipo": "sessione", "utente": 3, "profilo": "C", "browser": "firefox", "versione": "Firefox 140.16.0 · finestra vera", "inquilino": "c16003u3", "misure": {"finestra_s": 118.2, "esperienza": {"giro_eco_p95_ms": 32.2, "giro_eco_campioni": 218, "giro_tutti_p95_ms": 32.4, "giro_tutti_campioni": 251}, "video_non_avanza": 0, "input_azioni": 9, "input_persi": 0, "input_latenza_p95_ms": 56, "tratto": {"righe": 55, "mediana_p95_ms": 14.23, "max_campione_p95_ms": 40.29, "produttore_mediana_ms": 0.0}, "ritardo_p95_ms": 32.24, "nostro": {"righe": 55, "p95_dei_p95_ms": 23.24, "max_al_secondo_max_ms": 26.49, "max_al_secondo_p95_ms": 23.24, "mediana_ms": 14.49, "fotogrammi": 258}, "consegnati": 257, "dipinti": 257, "salt": 0, "saltati_pct": 0.0, "lavoro_s": 87.0, "blocco_max_s": 0.578, "buchi": 0, "rete": {"persi": 0, "byte_persi": 0, "spediti": 1016, "byte_spediti": 1080964, "ricevuti": 797, "scartati": 0, "dgram_persi": 0, "dgram_ok": 0, "dgram_falsi": 0, "connessioni": 1, "perdita_pct": 0.0, "mbit_s": 0.08, "srtt_ms": {"mediana": 0.18, "max": 0.32}, "pto_ms_max": 21.6, "secondi": 114}, "tratto_server_ms": {"mediana": 14.06, "max": 26.49, "ora": "19:40:21.125"}, "nascita_s": 1.4, "journal_err": 5}, "voci": {"ritardo_p95_ms": {"valore": 32.24, "classe": "GREEN", "significativo": false, "nota": "p95 dei p95 al secondo di «NOSTRO» (copia → byte fuori, 55 righe del figlio) 23.2 ms + 9 ms d'ingresso (tetto costruttivo: poll di 8 ms) · ⚠ strada wlroots: la «copia» e' contata due volte (~4 ms in piu', cattura.c:2309 / figlio.c:5191) — NON corretto, e' dal lato prudente"}, "saltati_pct": {"valore": 0.0, "classe": "GREEN", "significativo": false, "nota": "257 consegnati, 257 dipinti (salt 0)"}, "blocco_max_s": {"valore": 0.578, "classe": "GREEN", "significativo": false, "nota": "dall'attore (15 righe)"}, "buchi_al_min": {"valore": 0.0, "classe": "GREEN", "significativo": false, "nota": "0 buchi in 118 s"}, "caduta": {"valore": false, "classe": "GREEN", "significativo": false, "nota": "nessuna caduta, riavvio o errore che stacca"}, "nascita_s": {"valore": 1.396, "classe": "GREEN", "significativo": false, "nota": "accesso → primo fotogramma"}}, "classe": "GREEN", "ragione": "tutte le voci GREEN", "non_misurate": [], "evidenze": ["/media/REMOTIX/misure/fase16/amd-b-2k-lxqt/livello-16-ripetizione/utente-03"]}
{"campagna": "amd-b-2k-lxqt", "livello": 16, "desktop": "lxqt", "scheda": "AMD Radeon RX 6800", "driver": "amdgpu intel-media-va-driver=25.2.3+dfsg1-1 libgl1-mesa-dri=25.0.7-2+deb13u1 libva2=2.22.0-3 mesa-va-drivers=25.0.7-2+deb13u1", "misura": "2k", "commit": "678a2da", "binario": "28a947f5", "pagina": "fb9a18f3", "nucleo": "7.0", "tetto_sessioni": 17, "inizio": "2026-09-28T19:07:33+00:00", "durata_s": 1971, "finestra": ["19:38:24", "19:40:24"], "fps_video": 30.0, "tipo": "sessione", "utente": 4, "profilo": "D", "browser": "chrome", "versione": "Chrome/154.0.8037.57 · finestra vera", "inquilino": "c16004u4", "misure": {"finestra_s": 116.6, "esperienza": {"giro_eco_p95_ms": null, "giro_eco_campioni": 0, "giro_tutti_p95_ms": null, "giro_tutti_campioni": 0}, "video_non_avanza": 0, "input_azioni": 0, "input_persi": 0, "input_latenza_p95_ms": null, "tratto": {"righe": 118, "mediana_p95_ms": 10.81, "max_campione_p95_ms": 40.13, "produttore_mediana_ms": 0.0}, "ritardo_p95_ms": 31.31, "nostro": {"righe": 118, "p95_dei_p95_ms": 22.31, "max_al_secondo_max_ms": 40.13, "max_al_secondo_p95_ms": 28.04, "mediana_ms": 10.74, "fotogrammi": 3550}, "consegnati": 3445, "dipinti": 3445, "salt": 0, "saltati_pct": 0.0, "lavoro_s": 116.6, "blocco_max_s": 1.571, "buchi": 0, "video_fps": 29.541, "audio_udibile_pct": 99.652, "rete": {"persi": 0, "byte_persi": 0, "spediti": 104269, "byte_spediti": 148511416, "ricevuti": 16217, "scartati": 0, "dgram_persi": 0, "dgram_ok": 5982, "dgram_falsi": 0, "connessioni": 1, "perdita_pct": 0.0, "mbit_s": 9.81, "srtt_ms": {"mediana": 0.34, "max": 1.7}, "pto_ms_max": 31.2, "secondi": 121}, "tratto_server_ms": {"mediana": 10.62, "max": 40.13, "ora": "19:40:24.582"}, "nascita_s": 1.44, "journal_err": 15}, "voci": {"ritardo_p95_ms": {"valore": 31.31, "classe": "GREEN", "significativo": false, "nota": "p95 dei p95 al secondo di «NOSTRO» (copia → byte fuori, 118 righe del figlio) 22.3 ms + 9 ms d'ingresso (tetto costruttivo: poll di 8 ms) · ⚠ strada wlroots: la «copia» e' contata due volte (~4 ms in piu', cattura.c:2309 / figlio.c:5191) — NON corretto, e' dal lato prudente"}, "saltati_pct": {"valore": 0.0, "classe": "GREEN", "significativo": false, "nota": "3445 consegnati, 3445 dipinti (salt 0)"}, "blocco_max_s": {"valore": 1.571, "classe": "DEGRADED", "significativo": false, "nota": "dall'attore (22 righe)"}, "buchi_al_min": {"valore": 0.0, "classe": "GREEN", "significativo": false, "nota": "0 buchi in 117 s"}, "video_frazione_f": {"valore": 0.985, "classe": "GREEN", "significativo": false, "nota": "29.5 dipinti/s in 117 s di video, f = 30.0"}, "audio_udibile_pct": {"valore": 99.652, "classe": "GREEN", "significativo": false, "nota": "5730 suonati su 5750 mandati (5730 ricevuti + 20 mancati)"}, "caduta": {"valore": false, "classe": "GREEN", "significativo": false, "nota": "nessuna caduta, riavvio o errore che stacca"}, "nascita_s": {"valore": 1.439, "classe": "GREEN", "significativo": false, "nota": "accesso → primo fotogramma"}}, "classe": "DEGRADED", "ragione": "DEGRADED blocco piu' lungo dell'immagine: 1.571 — dall'attore (22 righe)", "non_misurate": [], "evidenze": ["/media/REMOTIX/misure/fase16/amd-b-2k-lxqt/livello-16-ripetizione/utente-04"]}
{"campagna": "amd-b-2k-lxqt", "livello": 16, "desktop": "lxqt", "scheda": "AMD Radeon RX 6800", "driver": "amdgpu intel-media-va-driver=25.2.3+dfsg1-1 libgl1-mesa-dri=25.0.7-2+deb13u1 libva2=2.22.0-3 mesa-va-drivers=25.0.7-2+deb13u1", "misura": "2k", "commit": "678a2da", "binario": "28a947f5", "pagina": "fb9a18f3", "nucleo": "7.0", "tetto_sessioni": 17, "inizio": "2026-09-28T19:07:33+00:00", "durata_s": 1971, "finestra": ["19:38:24", "19:40:24"], "fps_video": 30.0, "tipo": "sessione", "utente": 5, "profilo": "A", "browser": "firefox", "versione": "Firefox 140.16.0 · finestra vera", "inquilino": "c16005u5", "misure": {"finestra_s": 118.8, "esperienza": {"giro_eco_p95_ms": 47.7, "giro_eco_campioni": 105, "giro_tutti_p95_ms": 44.7, "giro_tutti_campioni": 278}, "video_non_avanza": 0, "input_azioni": 18, "input_persi": 0, "input_latenza_p95_ms": 251, "tratto": {"righe": 53, "mediana_p95_ms": 12.87, "max_campione_p95_ms": 34.99, "produttore_mediana_ms": 0.0}, "ritardo_p95_ms": 32.3, "nostro": {"righe": 53, "p95_dei_p95_ms": 23.3, "max_al_secondo_max_ms": 31.77, "max_al_secondo_p95_ms": 27.03, "mediana_ms": 12.3, "fotogrammi": 1332}, "consegnati": 1329, "dipinti": 1329, "salt": 0, "saltati_pct": 0.0, "lavoro_s": 83.6, "blocco_max_s": 0.242, "buchi": 0, "rete": {"persi": 0, "byte_persi": 0, "spediti": 6080, "byte_spediti": 6781796, "ricevuti": 1978, "scartati": 0, "dgram_persi": 0, "dgram_ok": 0, "dgram_falsi": 0, "connessioni": 1, "perdita_pct": 0.0, "mbit_s": 0.46, "srtt_ms": {"mediana": 0.2, "max": 0.66}, "pto_ms_max": 22.8, "secondi": 119}, "tratto_server_ms": {"mediana": 12.31, "max": 31.26, "ora": "19:40:22.370"}, "nascita_s": 1.66, "journal_err": 11}, "voci": {"ritardo_p95_ms": {"valore": 32.3, "classe": "GREEN", "significativo": false, "nota": "p95 dei p95 al secondo di «NOSTRO» (copia → byte fuori, 53 righe del figlio) 23.3 ms + 9 ms d'ingresso (tetto costruttivo: poll di 8 ms) · ⚠ strada wlroots: la «copia» e' contata due volte (~4 ms in piu', cattura.c:2309 / figlio.c:5191) — NON corretto, e' dal lato prudente"}, "saltati_pct": {"valore": 0.0, "classe": "GREEN", "significativo": false, "nota": "1329 consegnati, 1329 dipinti (salt 0)"}, "blocco_max_s": {"valore": 0.242, "classe": "GREEN", "significativo": false, "nota": "dall'attore (15 righe)"}, "buchi_al_min": {"valore": 0.0, "classe": "GREEN", "significativo": false, "nota": "0 buchi in 119 s"}, "caduta": {"valore": false, "classe": "GREEN", "significativo": false, "nota": "nessuna caduta, riavvio o errore che stacca"}, "nascita_s": {"valore": 1.663, "classe": "GREEN", "significativo": false, "nota": "accesso → primo fotogramma"}}, "classe": "GREEN", "ragione": "tutte le voci GREEN", "non_misurate": [], "evidenze": ["/media/REMOTIX/misure/fase16/amd-b-2k-lxqt/livello-16-ripetizione/utente-05"]}
{"campagna": "amd-b-2k-lxqt", "livello": 16, "desktop": "lxqt", "scheda": "AMD Radeon RX 6800", "driver": "amdgpu intel-media-va-driver=25.2.3+dfsg1-1 libgl1-mesa-dri=25.0.7-2+deb13u1 libva2=2.22.0-3 mesa-va-drivers=25.0.7-2+deb13u1", "misura": "2k", "commit": "678a2da", "binario": "28a947f5", "pagina": "fb9a18f3", "nucleo": "7.0", "tetto_sessioni": 17, "inizio": "2026-09-28T19:07:33+00:00", "durata_s": 1971, "finestra": ["19:38:24", "19:40:24"], "fps_video": 30.0, "tipo": "sessione", "utente": 6, "profilo": "B", "browser": "chrome", "versione": "Chrome/154.0.8037.57 · finestra vera", "inquilino": "c16006u6", "misure": {"finestra_s": 121.1, "esperienza": {"giro_eco_p95_ms": 21.5, "giro_eco_campioni": 203, "giro_tutti_p95_ms": 25.1, "giro_tutti_campioni": 271}, "video_non_avanza": 0, "input_azioni": 2, "input_persi": 0, "input_latenza_p95_ms": 4, "tratto": {"righe": 69, "mediana_p95_ms": 11.74, "max_campione_p95_ms": 33.21, "produttore_mediana_ms": 0.0}, "ritardo_p95_ms": 35.23, "nostro": {"righe": 69, "p95_dei_p95_ms": 26.23, "max_al_secondo_max_ms": 33.21, "max_al_secondo_p95_ms": 26.23, "mediana_ms": 12.06, "fotogrammi": 489}, "consegnati": 505, "dipinti": 505, "salt": 0, "saltati_pct": 0.0, "lavoro_s": 100.7, "blocco_max_s": 0.035, "buchi": 0, "rete": {"persi": 0, "byte_persi": 0, "spediti": 947, "byte_spediti": 951244, "ricevuti": 834, "scartati": 0, "dgram_persi": 0, "dgram_ok": 0, "dgram_falsi": 0, "connessioni": 1, "perdita_pct": 0.0, "mbit_s": 0.06, "srtt_ms": {"mediana": 0.23, "max": 0.43}, "pto_ms_max": 26.9, "secondi": 121}, "tratto_server_ms": {"mediana": 11.55, "max": 33.21, "ora": "19:40:24.013"}, "nascita_s": 1.63, "journal_err": 5}, "voci": {"ritardo_p95_ms": {"valore": 35.23, "classe": "GREEN", "significativo": false, "nota": "p95 dei p95 al secondo di «NOSTRO» (copia → byte fuori, 69 righe del figlio) 26.2 ms + 9 ms d'ingresso (tetto costruttivo: poll di 8 ms) · ⚠ strada wlroots: la «copia» e' contata due volte (~4 ms in piu', cattura.c:2309 / figlio.c:5191) — NON corretto, e' dal lato prudente"}, "saltati_pct": {"valore": 0.0, "classe": "GREEN", "significativo": false, "nota": "505 consegnati, 505 dipinti (salt 0)"}, "blocco_max_s": {"valore": 0.035, "classe": "GREEN", "significativo": false, "nota": "dall'attore (18 righe)"}, "buchi_al_min": {"valore": 0.0, "classe": "GREEN", "significativo": false, "nota": "0 buchi in 121 s"}, "caduta": {"valore": false, "classe": "GREEN", "significativo": false, "nota": "nessuna caduta, riavvio o errore che stacca"}, "nascita_s": {"valore": 1.628, "classe": "GREEN", "significativo": false, "nota": "accesso → primo fotogramma"}}, "classe": "GREEN", "ragione": "tutte le voci GREEN", "non_misurate": [], "evidenze": ["/media/REMOTIX/misure/fase16/amd-b-2k-lxqt/livello-16-ripetizione/utente-06"]}
{"campagna": "amd-b-2k-lxqt", "livello": 16, "desktop": "lxqt", "scheda": "AMD Radeon RX 6800", "driver": "amdgpu intel-media-va-driver=25.2.3+dfsg1-1 libgl1-mesa-dri=25.0.7-2+deb13u1 libva2=2.22.0-3 mesa-va-drivers=25.0.7-2+deb13u1", "misura": "2k", "commit": "678a2da", "binario": "28a947f5", "pagina": "fb9a18f3", "nucleo": "7.0", "tetto_sessioni": 17, "inizio": "2026-09-28T19:07:33+00:00", "durata_s": 1971, "finestra": ["19:38:24", "19:40:24"], "fps_video": 30.0, "tipo": "sessione", "utente": 7, "profilo": "C", "browser": "firefox", "versione": "Firefox 140.16.0 · finestra vera", "inquilino": "c16007u7", "misure": {"finestra_s": 119.1, "esperienza": {"giro_eco_p95_ms": 30.8, "giro_eco_campioni": 119, "giro_tutti_p95_ms": 30.8, "giro_tutti_campioni": 162}, "video_non_avanza": 0, "input_azioni": 5, "input_persi": 0, "input_latenza_p95_ms": 47, "tratto": {"righe": 43, "mediana_p95_ms": 14.47, "max_campione_p95_ms": 41.1, "produttore_mediana_ms": 0.0}, "ritardo_p95_ms": 32.13, "nostro": {"righe": 43, "p95_dei_p95_ms": 23.13, "max_al_secondo_max_ms": 25.9, "max_al_secondo_p95_ms": 23.13, "mediana_ms": 14.49, "fotogrammi": 160}, "consegnati": 166, "dipinti": 166, "salt": 0, "saltati_pct": 0.0, "lavoro_s": 69.0, "blocco_max_s": 0.182, "buchi": 0, "rete": {"persi": 0, "byte_persi": 0, "spediti": 754, "byte_spediti": 852544, "ricevuti": 478, "scartati": 0, "dgram_persi": 0, "dgram_ok": 0, "dgram_falsi": 0, "connessioni": 1, "perdita_pct": 0.0, "mbit_s": 0.06, "srtt_ms": {"mediana": 0.19, "max": 0.56}, "pto_ms_max": 23.4, "secondi": 117}, "tratto_server_ms": {"mediana": 14.3, "max": 41.1, "ora": "19:40:25.177"}, "nascita_s": 1.69, "journal_err": 5}, "voci": {"ritardo_p95_ms": {"valore": 32.13, "classe": "GREEN", "significativo": false, "nota": "p95 dei p95 al secondo di «NOSTRO» (copia → byte fuori, 43 righe del figlio) 23.1 ms + 9 ms d'ingresso (tetto costruttivo: poll di 8 ms) · ⚠ strada wlroots: la «copia» e' contata due volte (~4 ms in piu', cattura.c:2309 / figlio.c:5191) — NON corretto, e' dal lato prudente"}, "saltati_pct": {"valore": 0.0, "classe": "GREEN", "significativo": false, "nota": "166 consegnati, 166 dipinti (salt 0)"}, "blocco_max_s": {"valore": 0.182, "classe": "GREEN", "significativo": false, "nota": "dall'attore (12 righe)"}, "buchi_al_min": {"valore": 0.0, "classe": "GREEN", "significativo": false, "nota": "0 buchi in 119 s"}, "caduta": {"valore": false, "classe": "GREEN", "significativo": false, "nota": "nessuna caduta, riavvio o errore che stacca"}, "nascita_s": {"valore": 1.689, "classe": "GREEN", "significativo": false, "nota": "accesso → primo fotogramma"}}, "classe": "GREEN", "ragione": "tutte le voci GREEN", "non_misurate": [], "evidenze": ["/media/REMOTIX/misure/fase16/amd-b-2k-lxqt/livello-16-ripetizione/utente-07"]}
{"campagna": "amd-b-2k-lxqt", "livello": 16, "desktop": "lxqt", "scheda": "AMD Radeon RX 6800", "driver": "amdgpu intel-media-va-driver=25.2.3+dfsg1-1 libgl1-mesa-dri=25.0.7-2+deb13u1 libva2=2.22.0-3 mesa-va-drivers=25.0.7-2+deb13u1", "misura": "2k", "commit": "678a2da", "binario": "28a947f5", "pagina": "fb9a18f3", "nucleo": "7.0", "tetto_sessioni": 17, "inizio": "2026-09-28T19:07:33+00:00", "durata_s": 1971, "finestra": ["19:38:24", "19:40:24"], "fps_video": 30.0, "tipo": "sessione", "utente": 8, "profilo": "D", "browser": "chrome", "versione": "Chrome/154.0.8037.57 · finestra vera", "inquilino": "c16008u8", "misure": {"finestra_s": 116.9, "esperienza": {"giro_eco_p95_ms": null, "giro_eco_campioni": 0, "giro_tutti_p95_ms": 32, "giro_tutti_campioni": 7}, "video_non_avanza": 0, "input_azioni": 0, "input_persi": 0, "input_latenza_p95_ms": null, "tratto": {"righe": 119, "mediana_p95_ms": 10.95, "max_campione_p95_ms": 28.51, "produttore_mediana_ms": 0.0}, "ritardo_p95_ms": 32.31, "nostro": {"righe": 119, "p95_dei_p95_ms": 23.31, "max_al_secondo_max_ms": 28.51, "max_al_secondo_p95_ms": 26.02, "mediana_ms": 10.87, "fotogrammi": 3631}, "consegnati": 3515, "dipinti": 3515, "salt": 0, "saltati_pct": 0.0, "lavoro_s": 116.9, "blocco_max_s": 0.1, "buchi": 0, "video_fps": 30.065, "audio_udibile_pct": 100.0, "rete": {"persi": 0, "byte_persi": 0, "spediti": 105786, "byte_spediti": 151187588, "ricevuti": 16218, "scartati": 0, "dgram_persi": 0, "dgram_ok": 6014, "dgram_falsi": 0, "connessioni": 1, "perdita_pct": 0.0, "mbit_s": 9.97, "srtt_ms": {"mediana": 0.49, "max": 1.59}, "pto_ms_max": 30.9, "secondi": 121}, "tratto_server_ms": {"mediana": 10.9, "max": 24.81, "ora": "19:40:25.202"}, "nascita_s": 1.66, "journal_err": 13}, "voci": {"ritardo_p95_ms": {"valore": 32.31, "classe": "GREEN", "significativo": false, "nota": "p95 dei p95 al secondo di «NOSTRO» (copia → byte fuori, 119 righe del figlio) 23.3 ms + 9 ms d'ingresso (tetto costruttivo: poll di 8 ms) · ⚠ strada wlroots: la «copia» e' contata due volte (~4 ms in piu', cattura.c:2309 / figlio.c:5191) — NON corretto, e' dal lato prudente"}, "saltati_pct": {"valore": 0.0, "classe": "GREEN", "significativo": false, "nota": "3515 consegnati, 3515 dipinti (salt 0)"}, "blocco_max_s": {"valore": 0.1, "classe": "GREEN", "significativo": false, "nota": "dall'attore (22 righe)"}, "buchi_al_min": {"valore": 0.0, "classe": "GREEN", "significativo": false, "nota": "0 buchi in 117 s"}, "video_frazione_f": {"valore": 1.002, "classe": "GREEN", "significativo": false, "nota": "30.1 dipinti/s in 117 s di video, f = 30.0"}, "audio_udibile_pct": {"valore": 100.0, "classe": "GREEN", "significativo": false, "nota": "5750 suonati su 5750 mandati (5750 ricevuti + 0 mancati)"}, "caduta": {"valore": false, "classe": "GREEN", "significativo": false, "nota": "nessuna caduta, riavvio o errore che stacca"}, "nascita_s": {"valore": 1.662, "classe": "GREEN", "significativo": false, "nota": "accesso → primo fotogramma"}}, "classe": "GREEN", "ragione": "tutte le voci GREEN", "non_misurate": [], "evidenze": ["/media/REMOTIX/misure/fase16/amd-b-2k-lxqt/livello-16-ripetizione/utente-08"]}
{"campagna": "amd-b-2k-lxqt", "livello": 16, "desktop": "lxqt", "scheda": "AMD Radeon RX 6800", "driver": "amdgpu intel-media-va-driver=25.2.3+dfsg1-1 libgl1-mesa-dri=25.0.7-2+deb13u1 libva2=2.22.0-3 mesa-va-drivers=25.0.7-2+deb13u1", "misura": "2k", "commit": "678a2da", "binario": "28a947f5", "pagina": "fb9a18f3", "nucleo": "7.0", "tetto_sessioni": 17, "inizio": "2026-09-28T19:07:33+00:00", "durata_s": 1971, "finestra": ["19:38:24", "19:40:24"], "fps_video": 30.0, "tipo": "sessione", "utente": 9, "profilo": "A", "browser": "firefox", "versione": "Firefox 140.16.0 · finestra vera", "inquilino": "c16009u9", "misure": {"finestra_s": 121.5, "esperienza": {"giro_eco_p95_ms": 44.5, "giro_eco_campioni": 75, "giro_tutti_p95_ms": 38.1, "giro_tutti_campioni": 245}, "video_non_avanza": 0, "input_azioni": 20, "input_persi": 0, "input_latenza_p95_ms": 197, "tratto": {"righe": 58, "mediana_p95_ms": 13.07, "max_campione_p95_ms": 36.43, "produttore_mediana_ms": 0.0}, "ritardo_p95_ms": 33.1, "nostro": {"righe": 58, "p95_dei_p95_ms": 24.1, "max_al_secondo_max_ms": 36.43, "max_al_secondo_p95_ms": 30.43, "mediana_ms": 12.33, "fotogrammi": 1359}, "consegnati": 1389, "dipinti": 1389, "salt": 0, "saltati_pct": 0.0, "lavoro_s": 91.4, "blocco_max_s": 0.233, "buchi": 0, "rete": {"persi": 0, "byte_persi": 0, "spediti": 8541, "byte_spediti": 10385576, "ricevuti": 1873, "scartati": 0, "dgram_persi": 0, "dgram_ok": 0, "dgram_falsi": 0, "connessioni": 1, "perdita_pct": 0.0, "mbit_s": 0.69, "srtt_ms": {"mediana": 0.2, "max": 0.58}, "pto_ms_max": 21.9, "secondi": 120}, "tratto_server_ms": {"mediana": 12.3, "max": 35.94, "ora": "19:40:24.847"}, "nascita_s": 1.67, "journal_err": 7}, "voci": {"ritardo_p95_ms": {"valore": 33.1, "classe": "GREEN", "significativo": false, "nota": "p95 dei p95 al secondo di «NOSTRO» (copia → byte fuori, 58 righe del figlio) 24.1 ms + 9 ms d'ingresso (tetto costruttivo: poll di 8 ms) · ⚠ strada wlroots: la «copia» e' contata due volte (~4 ms in piu', cattura.c:2309 / figlio.c:5191) — NON corretto, e' dal lato prudente"}, "saltati_pct": {"valore": 0.0, "classe": "GREEN", "significativo": false, "nota": "1389 consegnati, 1389 dipinti (salt 0)"}, "blocco_max_s": {"valore": 0.233, "classe": "GREEN", "significativo": false, "nota": "dall'attore (17 righe)"}, "buchi_al_min": {"valore": 0.0, "classe": "GREEN", "significativo": false, "nota": "0 buchi in 121 s"}, "caduta": {"valore": false, "classe": "GREEN", "significativo": false, "nota": "nessuna caduta, riavvio o errore che stacca"}, "nascita_s": {"valore": 1.665, "classe": "GREEN", "significativo": false, "nota": "accesso → primo fotogramma"}}, "classe": "GREEN", "ragione": "tutte le voci GREEN", "non_misurate": [], "evidenze": ["/media/REMOTIX/misure/fase16/amd-b-2k-lxqt/livello-16-ripetizione/utente-09"]}
{"campagna": "amd-b-2k-lxqt", "livello": 16, "desktop": "lxqt", "scheda": "AMD Radeon RX 6800", "driver": "amdgpu intel-media-va-driver=25.2.3+dfsg1-1 libgl1-mesa-dri=25.0.7-2+deb13u1 libva2=2.22.0-3 mesa-va-drivers=25.0.7-2+deb13u1", "misura": "2k", "commit": "678a2da", "binario": "28a947f5", "pagina": "fb9a18f3", "nucleo": "7.0", "tetto_sessioni": 17, "inizio": "2026-09-28T19:07:33+00:00", "durata_s": 1971, "finestra": ["19:38:24", "19:40:24"], "fps_video": 30.0, "tipo": "sessione", "utente": 10, "profilo": "B", "browser": "chrome", "versione": "Chrome/154.0.8037.57 · finestra vera", "inquilino": "c16010u10", "misure": {"finestra_s": 119.4, "esperienza": {"giro_eco_p95_ms": 20.8, "giro_eco_campioni": 262, "giro_tutti_p95_ms": 22.5, "giro_tutti_campioni": 361}, "video_non_avanza": 0, "input_azioni": 6, "input_persi": 0, "input_latenza_p95_ms": 2089, "tratto": {"righe": 89, "mediana_p95_ms": 11.96, "max_campione_p95_ms": 33.65, "produttore_mediana_ms": 0.0}, "ritardo_p95_ms": 34.2, "nostro": {"righe": 89, "p95_dei_p95_ms": 25.2, "max_al_secondo_max_ms": 32.63, "max_al_secondo_p95_ms": 25.2, "mediana_ms": 11.74, "fotogrammi": 667}, "consegnati": 653, "dipinti": 653, "salt": 0, "saltati_pct": 0.0, "lavoro_s": 114.0, "blocco_max_s": 0.032, "buchi": 0, "rete": {"persi": 0, "byte_persi": 0, "spediti": 1286, "byte_spediti": 1293380, "ricevuti": 1138, "scartati": 0, "dgram_persi": 0, "dgram_ok": 0, "dgram_falsi": 0, "connessioni": 1, "perdita_pct": 0.0, "mbit_s": 0.09, "srtt_ms": {"mediana": 0.26, "max": 0.56}, "pto_ms_max": 27.8, "secondi": 121}, "tratto_server_ms": {"mediana": 11.53, "max": 25.42, "ora": "19:40:25.355"}, "nascita_s": 1.42, "journal_err": 5}, "voci": {"ritardo_p95_ms": {"valore": 34.2, "classe": "GREEN", "significativo": false, "nota": "p95 dei p95 al secondo di «NOSTRO» (copia → byte fuori, 89 righe del figlio) 25.2 ms + 9 ms d'ingresso (tetto costruttivo: poll di 8 ms) · ⚠ strada wlroots: la «copia» e' contata due volte (~4 ms in piu', cattura.c:2309 / figlio.c:5191) — NON corretto, e' dal lato prudente"}, "saltati_pct": {"valore": 0.0, "classe": "GREEN", "significativo": false, "nota": "653 consegnati, 653 dipinti (salt 0)"}, "blocco_max_s": {"valore": 0.032, "classe": "GREEN", "significativo": false, "nota": "dall'attore (21 righe)"}, "buchi_al_min": {"valore": 0.0, "classe": "GREEN", "significativo": false, "nota": "0 buchi in 119 s"}, "caduta": {"valore": false, "classe": "GREEN", "significativo": false, "nota": "nessuna caduta, riavvio o errore che stacca"}, "nascita_s": {"valore": 1.418, "classe": "GREEN", "significativo": false, "nota": "accesso → primo fotogramma"}}, "classe": "GREEN", "ragione": "tutte le voci GREEN", "non_misurate": [], "evidenze": ["/media/REMOTIX/misure/fase16/amd-b-2k-lxqt/livello-16-ripetizione/utente-10"]}
{"campagna": "amd-b-2k-lxqt", "livello": 16, "desktop": "lxqt", "scheda": "AMD Radeon RX 6800", "driver": "amdgpu intel-media-va-driver=25.2.3+dfsg1-1 libgl1-mesa-dri=25.0.7-2+deb13u1 libva2=2.22.0-3 mesa-va-drivers=25.0.7-2+deb13u1", "misura": "2k", "commit": "678a2da", "binario": "28a947f5", "pagina": "fb9a18f3", "nucleo": "7.0", "tetto_sessioni": 17, "inizio": "2026-09-28T19:07:33+00:00", "durata_s": 1971, "finestra": ["19:38:24", "19:40:24"], "fps_video": 30.0, "tipo": "sessione", "utente": 11, "profilo": "C", "browser": "firefox", "versione": "Firefox 140.16.0 · finestra vera", "inquilino": "c16011u11", "misure": {"finestra_s": 118.6, "esperienza": {"giro_eco_p95_ms": 31.5, "giro_eco_campioni": 86, "giro_tutti_p95_ms": 32, "giro_tutti_campioni": 105}, "video_non_avanza": 0, "input_azioni": 4, "input_persi": 0, "input_latenza_p95_ms": 7, "tratto": {"righe": 33, "mediana_p95_ms": 14.76, "max_campione_p95_ms": 44.16, "produttore_mediana_ms": 0.0}, "ritardo_p95_ms": 31.89, "nostro": {"righe": 33, "p95_dei_p95_ms": 22.89, "max_al_secondo_max_ms": 26.45, "max_al_secondo_p95_ms": 22.89, "mediana_ms": 15.59, "fotogrammi": 132}, "consegnati": 109, "dipinti": 109, "salt": 0, "saltati_pct": 0.0, "lavoro_s": 52.1, "blocco_max_s": 0.333, "buchi": 0, "rete": {"persi": 0, "byte_persi": 0, "spediti": 494, "byte_spediti": 520948, "ricevuti": 388, "scartati": 0, "dgram_persi": 0, "dgram_ok": 0, "dgram_falsi": 0, "connessioni": 1, "perdita_pct": 0.0, "mbit_s": 0.04, "srtt_ms": {"mediana": 0.18, "max": 0.35}, "pto_ms_max": 21.3, "secondi": 119}, "tratto_server_ms": {"mediana": 14.77, "max": 31.93, "ora": "19:40:24.563"}, "nascita_s": 1.7, "journal_err": 5}, "voci": {"ritardo_p95_ms": {"valore": 31.89, "classe": "GREEN", "significativo": false, "nota": "p95 dei p95 al secondo di «NOSTRO» (copia → byte fuori, 33 righe del figlio) 22.9 ms + 9 ms d'ingresso (tetto costruttivo: poll di 8 ms) · ⚠ strada wlroots: la «copia» e' contata due volte (~4 ms in piu', cattura.c:2309 / figlio.c:5191) — NON corretto, e' dal lato prudente"}, "saltati_pct": {"valore": 0.0, "classe": "GREEN", "significativo": false, "nota": "109 consegnati, 109 dipinti (salt 0)"}, "blocco_max_s": {"valore": 0.333, "classe": "GREEN", "significativo": false, "nota": "dall'attore (10 righe)"}, "buchi_al_min": {"valore": 0.0, "classe": "GREEN", "significativo": false, "nota": "0 buchi in 119 s"}, "caduta": {"valore": false, "classe": "GREEN", "significativo": false, "nota": "nessuna caduta, riavvio o errore che stacca"}, "nascita_s": {"valore": 1.696, "classe": "GREEN", "significativo": false, "nota": "accesso → primo fotogramma"}}, "classe": "GREEN", "ragione": "tutte le voci GREEN", "non_misurate": [], "evidenze": ["/media/REMOTIX/misure/fase16/amd-b-2k-lxqt/livello-16-ripetizione/utente-11"]}
{"campagna": "amd-b-2k-lxqt", "livello": 16, "desktop": "lxqt", "scheda": "AMD Radeon RX 6800", "driver": "amdgpu intel-media-va-driver=25.2.3+dfsg1-1 libgl1-mesa-dri=25.0.7-2+deb13u1 libva2=2.22.0-3 mesa-va-drivers=25.0.7-2+deb13u1", "misura": "2k", "commit": "678a2da", "binario": "28a947f5", "pagina": "fb9a18f3", "nucleo": "7.0", "tetto_sessioni": 17, "inizio": "2026-09-28T19:07:33+00:00", "durata_s": 1971, "finestra": ["19:38:24", "19:40:24"], "fps_video": 30.0, "tipo": "sessione", "utente": 12, "profilo": "D", "browser": "chrome", "versione": "Chrome/154.0.8037.57 · finestra vera", "inquilino": "c16012u12", "misure": {"finestra_s": 121.4, "esperienza": {"giro_eco_p95_ms": null, "giro_eco_campioni": 0, "giro_tutti_p95_ms": 39.1, "giro_tutti_campioni": 12}, "video_non_avanza": 0, "input_azioni": 0, "input_persi": 0, "input_latenza_p95_ms": null, "tratto": {"righe": 119, "mediana_p95_ms": 10.82, "max_campione_p95_ms": 40.51, "produttore_mediana_ms": 0.0}, "ritardo_p95_ms": 31.9, "nostro": {"righe": 119, "p95_dei_p95_ms": 22.9, "max_al_secondo_max_ms": 36.29, "max_al_secondo_p95_ms": 25.54, "mediana_ms": 10.58, "fotogrammi": 3646}, "consegnati": 3671, "dipinti": 3671, "salt": 0, "saltati_pct": 0.0, "lavoro_s": 121.4, "blocco_max_s": 0.1, "buchi": 0, "video_fps": 30.248, "audio_udibile_pct": 100.0, "rete": {"persi": 0, "byte_persi": 0, "spediti": 79397, "byte_spediti": 110804940, "ricevuti": 13628, "scartati": 0, "dgram_persi": 0, "dgram_ok": 6001, "dgram_falsi": 0, "connessioni": 1, "perdita_pct": 0.0, "mbit_s": 7.33, "srtt_ms": {"mediana": 0.37, "max": 1.14}, "pto_ms_max": 29.4, "secondi": 121}, "tratto_server_ms": {"mediana": 10.82, "max": 25.42, "ora": "19:40:25.169"}, "nascita_s": 1.64, "journal_err": 11}, "voci": {"ritardo_p95_ms": {"valore": 31.9, "classe": "GREEN", "significativo": false, "nota": "p95 dei p95 al secondo di «NOSTRO» (copia → byte fuori, 119 righe del figlio) 22.9 ms + 9 ms d'ingresso (tetto costruttivo: poll di 8 ms) · ⚠ strada wlroots: la «copia» e' contata due volte (~4 ms in piu', cattura.c:2309 / figlio.c:5191) — NON corretto, e' dal lato prudente"}, "saltati_pct": {"valore": 0.0, "classe": "GREEN", "significativo": false, "nota": "3671 consegnati, 3671 dipinti (salt 0)"}, "blocco_max_s": {"valore": 0.1, "classe": "GREEN", "significativo": false, "nota": "dall'attore (23 righe)"}, "buchi_al_min": {"valore": 0.0, "classe": "GREEN", "significativo": false, "nota": "0 buchi in 121 s"}, "video_frazione_f": {"valore": 1.008, "classe": "GREEN", "significativo": false, "nota": "30.2 dipinti/s in 121 s di video, f = 30.0"}, "audio_udibile_pct": {"valore": 100.0, "classe": "GREEN", "significativo": false, "nota": "6000 suonati su 6000 mandati (6000 ricevuti + 0 mancati)"}, "caduta": {"valore": false, "classe": "GREEN", "significativo": false, "nota": "nessuna caduta, riavvio o errore che stacca"}, "nascita_s": {"valore": 1.644, "classe": "GREEN", "significativo": false, "nota": "accesso → primo fotogramma"}}, "classe": "GREEN", "ragione": "tutte le voci GREEN", "non_misurate": [], "evidenze": ["/media/REMOTIX/misure/fase16/amd-b-2k-lxqt/livello-16-ripetizione/utente-12"]}
{"campagna": "amd-b-2k-lxqt", "livello": 16, "desktop": "lxqt", "scheda": "AMD Radeon RX 6800", "driver": "amdgpu intel-media-va-driver=25.2.3+dfsg1-1 libgl1-mesa-dri=25.0.7-2+deb13u1 libva2=2.22.0-3 mesa-va-drivers=25.0.7-2+deb13u1", "misura": "2k", "commit": "678a2da", "binario": "28a947f5", "pagina": "fb9a18f3", "nucleo": "7.0", "tetto_sessioni": 17, "inizio": "2026-09-28T19:07:33+00:00", "durata_s": 1971, "finestra": ["19:38:24", "19:40:24"], "fps_video": 30.0, "tipo": "sessione", "utente": 13, "profilo": "A", "browser": "firefox", "versione": "Firefox 140.16.0 · finestra vera", "inquilino": "c16013u13", "misure": {"finestra_s": 122.1, "esperienza": {"giro_eco_p95_ms": null, "giro_eco_campioni": 0, "giro_tutti_p95_ms": 30.7, "giro_tutti_campioni": 94}, "video_non_avanza": 0, "input_azioni": 11, "input_persi": 0, "input_latenza_p95_ms": 235, "tratto": {"righe": 21, "mediana_p95_ms": 12.64, "max_campione_p95_ms": 41.96, "produttore_mediana_ms": 0.0}, "ritardo_p95_ms": 34.01, "nostro": {"righe": 21, "p95_dei_p95_ms": 25.01, "max_al_secondo_max_ms": 31.81, "max_al_secondo_p95_ms": 29.65, "mediana_ms": 12.48, "fotogrammi": 756}, "consegnati": 836, "dipinti": 836, "salt": 0, "saltati_pct": 0.0, "lavoro_s": 47.0, "blocco_max_s": 0.018, "buchi": 0, "rete": {"persi": 0, "byte_persi": 0, "spediti": 4461, "byte_spediti": 5368988, "ricevuti": 963, "scartati": 0, "dgram_persi": 0, "dgram_ok": 0, "dgram_falsi": 0, "connessioni": 1, "perdita_pct": 0.0, "mbit_s": 0.38, "srtt_ms": {"mediana": 0.2, "max": 0.53}, "pto_ms_max": 22.2, "secondi": 114}, "tratto_server_ms": {"mediana": 12.56, "max": 31.81, "ora": "19:40:06.178"}, "nascita_s": 1.67, "journal_err": 5}, "voci": {"ritardo_p95_ms": {"valore": 34.01, "classe": "GREEN", "significativo": false, "nota": "p95 dei p95 al secondo di «NOSTRO» (copia → byte fuori, 21 righe del figlio) 25.0 ms + 9 ms d'ingresso (tetto costruttivo: poll di 8 ms) · ⚠ strada wlroots: la «copia» e' contata due volte (~4 ms in piu', cattura.c:2309 / figlio.c:5191) — NON corretto, e' dal lato prudente"}, "saltati_pct": {"valore": 0.0, "classe": "GREEN", "significativo": false, "nota": "836 consegnati, 836 dipinti (salt 0)"}, "blocco_max_s": {"valore": 0.018, "classe": "GREEN", "significativo": false, "nota": "dall'attore (9 righe)"}, "buchi_al_min": {"valore": 0.0, "classe": "GREEN", "significativo": false, "nota": "0 buchi in 122 s"}, "caduta": {"valore": false, "classe": "GREEN", "significativo": false, "nota": "nessuna caduta, riavvio o errore che stacca"}, "nascita_s": {"valore": 1.671, "classe": "GREEN", "significativo": false, "nota": "accesso → primo fotogramma"}}, "classe": "GREEN", "ragione": "tutte le voci GREEN", "non_misurate": [], "evidenze": ["/media/REMOTIX/misure/fase16/amd-b-2k-lxqt/livello-16-ripetizione/utente-13"]}
{"campagna": "amd-b-2k-lxqt", "livello": 16, "desktop": "lxqt", "scheda": "AMD Radeon RX 6800", "driver": "amdgpu intel-media-va-driver=25.2.3+dfsg1-1 libgl1-mesa-dri=25.0.7-2+deb13u1 libva2=2.22.0-3 mesa-va-drivers=25.0.7-2+deb13u1", "misura": "2k", "commit": "678a2da", "binario": "28a947f5", "pagina": "fb9a18f3", "nucleo": "7.0", "tetto_sessioni": 17, "inizio": "2026-09-28T19:07:33+00:00", "durata_s": 1971, "finestra": ["19:38:24", "19:40:24"], "fps_video": 30.0, "tipo": "sessione", "utente": 14, "profilo": "B", "browser": "chrome", "versione": "Chrome/154.0.8037.57 · finestra vera", "inquilino": "c16014u14", "misure": {"finestra_s": 122.1, "esperienza": {"giro_eco_p95_ms": 21.5, "giro_eco_campioni": 263, "giro_tutti_p95_ms": 24.9, "giro_tutti_campioni": 360}, "video_non_avanza": 0, "input_azioni": 4, "input_persi": 0, "input_latenza_p95_ms": 2096, "tratto": {"righe": 73, "mediana_p95_ms": 11.87, "max_campione_p95_ms": 28.95, "produttore_mediana_ms": 0.0}, "ritardo_p95_ms": 33.51, "nostro": {"righe": 73, "p95_dei_p95_ms": 24.51, "max_al_secondo_max_ms": 27.24, "max_al_secondo_p95_ms": 24.51, "mediana_ms": 11.73, "fotogrammi": 663}, "consegnati": 657, "dipinti": 657, "salt": 0, "saltati_pct": 0.0, "lavoro_s": 106.7, "blocco_max_s": 0.039, "buchi": 0, "rete": {"persi": 0, "byte_persi": 0, "spediti": 1283, "byte_spediti": 1298796, "ricevuti": 1129, "scartati": 0, "dgram_persi": 0, "dgram_ok": 0, "dgram_falsi": 0, "connessioni": 1, "perdita_pct": 0.0, "mbit_s": 0.09, "srtt_ms": {"mediana": 0.23, "max": 0.71}, "pto_ms_max": 28.3, "secondi": 121}, "tratto_server_ms": {"mediana": 11.5, "max": 26.72, "ora": "19:40:24.839"}, "nascita_s": 1.64, "journal_err": 5}, "voci": {"ritardo_p95_ms": {"valore": 33.51, "classe": "GREEN", "significativo": false, "nota": "p95 dei p95 al secondo di «NOSTRO» (copia → byte fuori, 73 righe del figlio) 24.5 ms + 9 ms d'ingresso (tetto costruttivo: poll di 8 ms) · ⚠ strada wlroots: la «copia» e' contata due volte (~4 ms in piu', cattura.c:2309 / figlio.c:5191) — NON corretto, e' dal lato prudente"}, "saltati_pct": {"valore": 0.0, "classe": "GREEN", "significativo": false, "nota": "657 consegnati, 657 dipinti (salt 0)"}, "blocco_max_s": {"valore": 0.039, "classe": "GREEN", "significativo": false, "nota": "dall'attore (19 righe)"}, "buchi_al_min": {"valore": 0.0, "classe": "GREEN", "significativo": false, "nota": "0 buchi in 122 s"}, "caduta": {"valore": false, "classe": "GREEN", "significativo": false, "nota": "nessuna caduta, riavvio o errore che stacca"}, "nascita_s": {"valore": 1.638, "classe": "GREEN", "significativo": false, "nota": "accesso → primo fotogramma"}}, "classe": "GREEN", "ragione": "tutte le voci GREEN", "non_misurate": [], "evidenze": ["/media/REMOTIX/misure/fase16/amd-b-2k-lxqt/livello-16-ripetizione/utente-14"]}
{"campagna": "amd-b-2k-lxqt", "livello": 16, "desktop": "lxqt", "scheda": "AMD Radeon RX 6800", "driver": "amdgpu intel-media-va-driver=25.2.3+dfsg1-1 libgl1-mesa-dri=25.0.7-2+deb13u1 libva2=2.22.0-3 mesa-va-drivers=25.0.7-2+deb13u1", "misura": "2k", "commit": "678a2da", "binario": "28a947f5", "pagina": "fb9a18f3", "nucleo": "7.0", "tetto_sessioni": 17, "inizio": "2026-09-28T19:07:33+00:00", "durata_s": 1971, "finestra": ["19:38:24", "19:40:24"], "fps_video": 30.0, "tipo": "sessione", "utente": 15, "profilo": "C", "browser": "firefox", "versione": "Firefox 140.16.0 · finestra vera", "inquilino": "c16015u15", "misure": {"finestra_s": 116.3, "esperienza": {"giro_eco_p95_ms": 29.9, "giro_eco_campioni": 153, "giro_tutti_p95_ms": 30.9, "giro_tutti_campioni": 204}, "video_non_avanza": 0, "input_azioni": 7, "input_persi": 0, "input_latenza_p95_ms": 68, "tratto": {"righe": 56, "mediana_p95_ms": 14.87, "max_campione_p95_ms": 37.22, "produttore_mediana_ms": 0.0}, "ritardo_p95_ms": 33.67, "nostro": {"righe": 56, "p95_dei_p95_ms": 24.67, "max_al_secondo_max_ms": 29.83, "max_al_secondo_p95_ms": 24.67, "mediana_ms": 15.21, "fotogrammi": 225}, "consegnati": 207, "dipinti": 207, "salt": 0, "saltati_pct": 0.0, "lavoro_s": 79.7, "blocco_max_s": 0.26, "buchi": 0, "rete": {"persi": 0, "byte_persi": 0, "spediti": 782, "byte_spediti": 796420, "ricevuti": 685, "scartati": 0, "dgram_persi": 0, "dgram_ok": 0, "dgram_falsi": 0, "connessioni": 1, "perdita_pct": 0.0, "mbit_s": 0.05, "srtt_ms": {"mediana": 0.18, "max": 0.29}, "pto_ms_max": 21.5, "secondi": 117}, "tratto_server_ms": {"mediana": 14.51, "max": 29.83, "ora": "19:40:23.872"}, "nascita_s": 1.66, "journal_err": 5}, "voci": {"ritardo_p95_ms": {"valore": 33.67, "classe": "GREEN", "significativo": false, "nota": "p95 dei p95 al secondo di «NOSTRO» (copia → byte fuori, 56 righe del figlio) 24.7 ms + 9 ms d'ingresso (tetto costruttivo: poll di 8 ms) · ⚠ strada wlroots: la «copia» e' contata due volte (~4 ms in piu', cattura.c:2309 / figlio.c:5191) — NON corretto, e' dal lato prudente"}, "saltati_pct": {"valore": 0.0, "classe": "GREEN", "significativo": false, "nota": "207 consegnati, 207 dipinti (salt 0)"}, "blocco_max_s": {"valore": 0.26, "classe": "GREEN", "significativo": false, "nota": "dall'attore (14 righe)"}, "buchi_al_min": {"valore": 0.0, "classe": "GREEN", "significativo": false, "nota": "0 buchi in 116 s"}, "caduta": {"valore": false, "classe": "GREEN", "significativo": false, "nota": "nessuna caduta, riavvio o errore che stacca"}, "nascita_s": {"valore": 1.661, "classe": "GREEN", "significativo": false, "nota": "accesso → primo fotogramma"}}, "classe": "GREEN", "ragione": "tutte le voci GREEN", "non_misurate": [], "evidenze": ["/media/REMOTIX/misure/fase16/amd-b-2k-lxqt/livello-16-ripetizione/utente-15"]}
{"campagna": "amd-b-2k-lxqt", "livello": 16, "desktop": "lxqt", "scheda": "AMD Radeon RX 6800", "driver": "amdgpu intel-media-va-driver=25.2.3+dfsg1-1 libgl1-mesa-dri=25.0.7-2+deb13u1 libva2=2.22.0-3 mesa-va-drivers=25.0.7-2+deb13u1", "misura": "2k", "commit": "678a2da", "binario": "28a947f5", "pagina": "fb9a18f3", "nucleo": "7.0", "tetto_sessioni": 17, "inizio": "2026-09-28T19:07:33+00:00", "durata_s": 1971, "finestra": ["19:38:24", "19:40:24"], "fps_video": 30.0, "tipo": "sessione", "utente": 16, "profilo": "D", "browser": "chrome", "versione": "Chrome/154.0.8037.57 · finestra vera", "inquilino": "c16016u16", "misure": {"finestra_s": 121.8, "esperienza": {"giro_eco_p95_ms": null, "giro_eco_campioni": 0, "giro_tutti_p95_ms": 23, "giro_tutti_campioni": 4}, "video_non_avanza": 0, "input_azioni": 0, "input_persi": 0, "input_latenza_p95_ms": null, "tratto": {"righe": 119, "mediana_p95_ms": 10.94, "max_campione_p95_ms": 30.54, "produttore_mediana_ms": 0.0}, "ritardo_p95_ms": 32.24, "nostro": {"righe": 119, "p95_dei_p95_ms": 23.24, "max_al_secondo_max_ms": 30.54, "max_al_secondo_p95_ms": 26.12, "mediana_ms": 10.8, "fotogrammi": 3625}, "consegnati": 3662, "dipinti": 3663, "salt": 0, "saltati_pct": 0.0, "lavoro_s": 121.8, "blocco_max_s": 0.09, "buchi": 0, "video_fps": 30.08, "audio_udibile_pct": 100.0, "rete": {"persi": 0, "byte_persi": 0, "spediti": 63521, "byte_spediti": 90520680, "ricevuti": 12005, "scartati": 0, "dgram_persi": 0, "dgram_ok": 5998, "dgram_falsi": 0, "connessioni": 1, "perdita_pct": 0.0, "mbit_s": 5.99, "srtt_ms": {"mediana": 0.25, "max": 1.36}, "pto_ms_max": 28.3, "secondi": 121}, "tratto_server_ms": {"mediana": 10.73, "max": 23.57, "ora": "19:40:24.924"}, "nascita_s": 1.73, "journal_err": 5}, "voci": {"ritardo_p95_ms": {"valore": 32.24, "classe": "GREEN", "significativo": false, "nota": "p95 dei p95 al secondo di «NOSTRO» (copia → byte fuori, 119 righe del figlio) 23.2 ms + 9 ms d'ingresso (tetto costruttivo: poll di 8 ms) · ⚠ strada wlroots: la «copia» e' contata due volte (~4 ms in piu', cattura.c:2309 / figlio.c:5191) — NON corretto, e' dal lato prudente"}, "saltati_pct": {"valore": 0.0, "classe": "GREEN", "significativo": false, "nota": "3662 consegnati, 3663 dipinti (salt 0)"}, "blocco_max_s": {"valore": 0.09, "classe": "GREEN", "significativo": false, "nota": "dall'attore (23 righe)"}, "buchi_al_min": {"valore": 0.0, "classe": "GREEN", "significativo": false, "nota": "0 buchi in 122 s"}, "video_frazione_f": {"valore": 1.003, "classe": "GREEN", "significativo": false, "nota": "30.1 dipinti/s in 122 s di video, f = 30.0"}, "audio_udibile_pct": {"valore": 100.0, "classe": "GREEN", "significativo": false, "nota": "6251 suonati su 6251 mandati (6251 ricevuti + 0 mancati)"}, "caduta": {"valore": false, "classe": "GREEN", "significativo": false, "nota": "nessuna caduta, riavvio o errore che stacca"}, "nascita_s": {"valore": 1.727, "classe": "GREEN", "significativo": false, "nota": "accesso → primo fotogramma"}}, "classe": "GREEN", "ragione": "tutte le voci GREEN", "non_misurate": [], "evidenze": ["/media/REMOTIX/misure/fase16/amd-b-2k-lxqt/livello-16-ripetizione/utente-16"]}
{"campagna": "amd-b-2k-lxqt", "livello": 16, "desktop": "lxqt", "scheda": "AMD Radeon RX 6800", "driver": "amdgpu intel-media-va-driver=25.2.3+dfsg1-1 libgl1-mesa-dri=25.0.7-2+deb13u1 libva2=2.22.0-3 mesa-va-drivers=25.0.7-2+deb13u1", "misura": "2k", "commit": "678a2da", "binario": "28a947f5", "pagina": "fb9a18f3", "nucleo": "7.0", "tetto_sessioni": 17, "inizio": "2026-09-28T19:07:33+00:00", "durata_s": 1971, "finestra": ["19:38:24", "19:40:24"], "fps_video": 30.0, "tipo": "sessione", "utente": 99, "profilo": "controllo", "browser": "chrome", "versione": "Chrome/154.0.8037.57 · finestra vera", "inquilino": "c16016u99", "misure": {"nascita_s": null, "ammissione_s": 1.21, "primo_non_degenere_s": null, "sessioni_durante": 32}, "voci": {"nascita_s": {"valore": null, "classe": "FAIL", "significativo": true, "nota": "la sessione del controllo non e' nata: nessun fotogramma dipinto 90 s dopo l'accesso"}, "controllo_corto": {"valore": {"F-004": "BLOCKED", "F-007": "BLOCKED", "F-003": "BLOCKED", "F-014": "BLOCKED"}, "classe": "DEGRADED", "significativo": true, "non_misurato": true, "nota": "NON MISURATO: non guardate: F-004, F-007, F-003, F-014"}}, "classe": "FAIL", "ragione": "FAIL nascita (accesso → primo fotogramma): la sessione del controllo non e' nata: nessun fotogramma dipinto 90 s dopo l'accesso · DEGRADED controllo funzionale corto: NON MISURATO: non guardate: F-004, F-007, F-003, F-014", "non_misurate": ["controllo_corto"], "evidenze": ["/media/REMOTIX/misure/fase16/amd-b-2k-lxqt/livello-16-ripetizione/controllo-corto"]}
→ 18 righe in /media/REMOTIX/src/controllo/banchi/16-stress/registro.jsonl
