
[1;34m==> Cartelle di lavoro su /media/REMOTIX[0m
    [1;32mOK[0m  pronte (TMPDIR confinato in /media/REMOTIX/tmp)

[1;34m==> Strumenti di bootstrap (confinati in /media/REMOTIX/hosttools)[0m
    [1;32mOK[0m  mmdebstrap gia' disponibile (mmdebstrap 1.5.7)

[1;34m==> Contenitore Debian trixie[0m
    [1;32mOK[0m  gia' presente (3.2G)

[1;34m==> Bind mount di servizio[0m
    [1;32mOK[0m  proc, sys, dev, src, rust collegati

[1;34m==> Utente di sviluppo nel contenitore (uid 0)[0m
    [1;32mOK[0m  utente 'dev' gia' presente

[1;34m==> Dipendenze di compilazione nel contenitore[0m
    [1;32mOK[0m  gia' presenti (37 pacchetti)

[1;34m==> Toolchain Rust[0m
error: rustup could not choose a version of rustc to run, because one wasn't specified explicitly, and no default is configured.
help: run 'rustup default stable' to download the latest stable release of Rust and set it as your default toolchain.
    [1;32mOK[0m  gia' installata ()

[1;34m==> Profilo di shell nel contenitore[0m
    [1;32mOK[0m  /etc/profile.d/remotix.sh

[1;34m==> Script di ingresso[0m
    [1;32mOK[0m  /media/REMOTIX/enter.sh

[1;34m==> Ambiente pronto[0m

    contenitore   /media/REMOTIX/devroot
    sorgenti      /media/REMOTIX/src   ->  /srv/src
    toolchain     /media/REMOTIX/rust   ->  /opt/rust
    ingresso      bash /media/REMOTIX/enter.sh

    Rust:   non disponibile
    Cargo:  non disponibile

    Nulla e' stato installato nel sistema host.

