[20:31:53] ⭐ SALITA amd-b-4k-kde · kde · 4k (3840x2160) · gradini 1,4,8,12,16 · 10 min (ultimo 30) · tetto 17
[20:31:53]    scheda della scatola: amd · browser-cliente sulla Intel
[20:31:53]    commit del prodotto: 678a2da
[20:31:53]    kernel 7.0 · Intel UHD 770 (i5-13500T) [i915] + AMD Radeon RX 6800 [amdgpu] · binario 28a947f5 · pagina fb9a18f3 · banchi 678a2da+modifiche
[20:31:57]    scatola accendi: codice 0 in 3 s ·   OK  dentro ci sono solo i nodi della Radeon: card0 card1 renderD128 renderD129
[20:31:58]    scatola prodotto: codice 0 in 1 s ·   OK  la catena PAM del prodotto e installata
[20:31:58]    scatola server: codice 0 in 1 s ·       righe rosse nel registro di avvio: 7
[20:31:58]    ⭐ scheda della scatola: AMD Radeon RX 6800 [amdgpu] 0000:03:00.0 = renderD128 dentro
[20:31:59]    ⭐ tetto delle sessioni in vigore: 17
[20:31:59]    scatola: binario 28a947f5 · pagina fb9a18f3 · --tetto-sessioni 17 -- --journal ; · dri card0,card1,renderD128,renderD129 · VA Driver version: Mesa Gallium driver 25.0.7-2+deb13u1 for AMD Radeon RX 6800 (radeonsi, navi21, LLVM 19.1.7, DRM 3.64, 7.0)
[20:31:59] ══ livello-01: 1 utenti, 10 min (gradino) ══
[20:32:00]    + utente 01 (pid 1670021, wayland-5, seme 1601, porte 9910)
[20:32:13]      utente 01 nato in 13.0 s
[20:32:13]    tutti dentro (14 s dopo l'inizio del livello): lavoro fino alle 20:42:13
[20:39:43]    SIGUSR1 a 1 attori (foto piena), 30 s prima della finestra
[20:39:44]    foto scritte: 1/1 in 1 s
[20:40:13]    controllo corto: firefox su wayland-4
[20:41:25]    controllo corto: PASS (codice 0)
[20:42:15]    ▶ livello-01: DEGRADED (significativo) — 1 GREEN · 1 DEGRADED · 0 FAIL · ⛔ DEGRADED SIGNIFICATIVO (piu' di un quarto degli attori DEGRADED (1 su 1)): non si sale
[20:42:15] ⚠ 1 utenti: DEGRADED — si RIPETE nelle stesse condizioni (§14), da scatola pulita
[20:42:15]    fermo 1 attori (SIGTERM: sgomberano da se')
[20:42:20]    scatola accendi: codice 0 in 2 s ·   OK  dentro ci sono solo i nodi della Radeon: card0 card1 renderD128 renderD129
[20:42:21]    scatola prodotto: codice 0 in 1 s ·   OK  la catena PAM del prodotto e installata
[20:42:22]    scatola server: codice 0 in 1 s ·       righe rosse nel registro di avvio: 7
[20:42:22]    ⭐ scheda della scatola: AMD Radeon RX 6800 [amdgpu] 0000:03:00.0 = renderD128 dentro
[20:42:22]    ⭐ tetto delle sessioni in vigore: 17
[20:42:22]    scatola: binario 28a947f5 · pagina fb9a18f3 · --tetto-sessioni 17 -- --journal ; · dri card0,card1,renderD128,renderD129 · VA Driver version: Mesa Gallium driver 25.0.7-2+deb13u1 for AMD Radeon RX 6800 (radeonsi, navi21, LLVM 19.1.7, DRM 3.64, 7.0)
[20:42:22] ══ livello-01-ripetizione: 1 utenti, 10 min (ripetizione) ══
[20:42:22]    + utente 01 (pid 1682704, wayland-5, seme 1601, porte 9910)
[20:42:35]      utente 01 nato in 13.0 s
[20:42:35]    tutti dentro (13 s dopo l'inizio del livello): lavoro fino alle 20:52:35
[20:50:05]    SIGUSR1 a 1 attori (foto piena), 30 s prima della finestra
[20:50:06]    foto scritte: 1/1 in 1 s
[20:50:35]    controllo corto: chrome su wayland-4
[20:51:49]    controllo corto: PASS (codice 0)
[20:52:37]    ▶ livello-01-ripetizione: DEGRADED (significativo) — 1 GREEN · 1 DEGRADED · 0 FAIL · ⛔ DEGRADED SIGNIFICATIVO (piu' di un quarto degli attori DEGRADED (1 su 1)): non si sale
[20:52:37] ⛔ confermato: 1 utenti DEGRADED due volte
[20:52:37] ⏹ FINE: ultimo livello buono 0 · rottura 1
[20:52:37]    fermo 1 attori (SIGTERM: sgomberano da se')
[20:52:40]    compositori spenti (2)
[20:52:42]    server rimesso col tetto predefinito (codice 0, tetto 10)
[20:52:42] fine · [{"livello": 1, "nome": "livello-01", "tipo": "gradino", "classe": "DEGRADED", "significativo": true, "dir": "/media/REMOTIX/misure/fase16/amd-b-4k-kde/livello-01"}, {"livello": 1, "nome": "livello-01-ripetizione", "tipo": "ripetizione", "classe": "DEGRADED", "significativo": true, "dir": "/media/REMOTIX/misure/fase16/amd-b-4k-kde/livello-01-ripetizione"}]
