[09:08:17] ⭐ SALITA amd-4k-gnome · gnome · 4k (3840x2160) · gradini 1,4,8,12,16 · 10 min (ultimo 30) · tetto 17
[09:08:17]    scheda della scatola: amd · browser-cliente sulla Intel
[09:08:17]    commit del prodotto: e4e05dc
[09:08:17]    kernel 7.0 · Intel UHD 770 (i5-13500T) [i915] + AMD Radeon RX 6800 [amdgpu] · binario 45d048c8 · pagina fb9a18f3 · banchi 9e97f8d
[09:08:19]    scatola accendi: codice 0 in 2 s ·   OK  dentro ci sono solo i nodi della Radeon: card0 card1 renderD128 renderD129
[09:08:20]    scatola prodotto: codice 0 in 1 s ·   OK  la catena PAM del prodotto e installata
[09:08:21]    scatola server: codice 0 in 1 s ·       righe rosse nel registro di avvio: 7
[09:08:21]    ⭐ scheda della scatola: AMD Radeon RX 6800 [amdgpu] 0000:03:00.0 = renderD128 dentro
[09:08:21]    ⭐ tetto delle sessioni in vigore: 17
[09:08:21]    scatola: binario 45d048c8 · pagina fb9a18f3 · --tetto-sessioni 17 -- --journal ; · dri card0,card1,renderD128,renderD129 · VA Driver version: Mesa Gallium driver 25.0.7-2+deb13u1 for AMD Radeon RX 6800 (radeonsi, navi21, LLVM 19.1.7, DRM 3.64, 7.0)
[09:08:21] ══ livello-01: 1 utenti, 10 min (gradino) ══
[09:08:22]    + utente 01 (pid 2702507, wayland-5, seme 1601, porte 9910)
[09:08:33]      utente 01 nato in 11.0 s
[09:08:33]    tutti dentro (12 s dopo l'inizio del livello): lavoro fino alle 09:18:33
[09:16:03]    SIGUSR1 a 1 attori (foto piena), 30 s prima della finestra
[09:16:04]    foto scritte: 1/1 in 1 s
[09:16:33]    controllo corto: firefox su wayland-4
[09:17:41]    controllo corto: PASS (codice 0)
[09:18:35]    ▶ livello-01: DEGRADED (significativo) — 1 GREEN · 1 DEGRADED · 0 FAIL · ⛔ DEGRADED SIGNIFICATIVO (piu' di un quarto degli attori DEGRADED (1 su 1)): non si sale
[09:18:35] ⚠ 1 utenti: DEGRADED — si RIPETE nelle stesse condizioni (§14), da scatola pulita
[09:18:35]    fermo 1 attori (SIGTERM: sgomberano da se')
[09:18:40]    scatola accendi: codice 0 in 2 s ·   OK  dentro ci sono solo i nodi della Radeon: card0 card1 renderD128 renderD129
[09:18:41]    scatola prodotto: codice 0 in 1 s ·   OK  la catena PAM del prodotto e installata
[09:18:42]    scatola server: codice 0 in 1 s ·       righe rosse nel registro di avvio: 7
[09:18:42]    ⭐ scheda della scatola: AMD Radeon RX 6800 [amdgpu] 0000:03:00.0 = renderD128 dentro
[09:18:42]    ⭐ tetto delle sessioni in vigore: 17
[09:18:42]    scatola: binario 45d048c8 · pagina fb9a18f3 · --tetto-sessioni 17 -- --journal ; · dri card0,card1,renderD128,renderD129 · VA Driver version: Mesa Gallium driver 25.0.7-2+deb13u1 for AMD Radeon RX 6800 (radeonsi, navi21, LLVM 19.1.7, DRM 3.64, 7.0)
[09:18:42] ══ livello-01-ripetizione: 1 utenti, 10 min (ripetizione) ══
[09:18:43]    + utente 01 (pid 2714182, wayland-5, seme 1601, porte 9910)
[09:18:53]      utente 01 nato in 10.5 s
[09:18:53]    tutti dentro (11 s dopo l'inizio del livello): lavoro fino alle 09:28:53
[09:26:23]    SIGUSR1 a 1 attori (foto piena), 30 s prima della finestra
[09:26:24]    foto scritte: 1/1 in 1 s
[09:26:53]    controllo corto: chrome su wayland-4
[09:28:33]    controllo corto: BLOCKED (codice 3)
[09:28:55]    ▶ livello-01-ripetizione: FAIL (significativo) — 0 GREEN · 1 DEGRADED · 1 FAIL
[09:28:55] ⛔ confermato: 1 utenti FAIL due volte
[09:28:55] ⏹ FINE: ultimo livello buono 0 · rottura 1
[09:28:55]    fermo 1 attori (SIGTERM: sgomberano da se')
[09:28:58]    compositori spenti (2)
[09:29:02]    server rimesso col tetto predefinito (codice 0, tetto 10)
[09:29:02] fine · [{"livello": 1, "nome": "livello-01", "tipo": "gradino", "classe": "DEGRADED", "significativo": true, "dir": "/media/REMOTIX/misure/fase16/amd-4k-gnome/livello-01"}, {"livello": 1, "nome": "livello-01-ripetizione", "tipo": "ripetizione", "classe": "FAIL", "significativo": true, "dir": "/media/REMOTIX/misure/fase16/amd-4k-gnome/livello-01-ripetizione"}]
