LIVELLO 16 · amd-b-2k-xfce · finestra 11:40:29–11:42:29 · FAIL
  utente 1   A  firefox  c16001u1       GREEN
      GREEN    ritardo input → fotogramma (p95)         32.36 — p95 dei p95 al secondo di «NOSTRO» (copia → byte fuori, 34 righe del figlio) 23.4 ms + 9 ms d'ingresso (tetto costruttivo: poll di 8 ms) · ⚠ strada wlroots: la «copia» e' contata due volte (~4 ms in piu', cattura.c:2309 / figlio.c:5191) — NON corretto, e' dal lato prudente
      GREEN    fotogrammi saltati                       0.0 — 1031 consegnati, 1031 dipinti (salt 0)
      GREEN    blocco piu' lungo dell'immagine          0.046 — dall'attore (12 righe)
      GREEN    buchi nella catena del video             0.0 — 0 buchi in 126 s
      GREEN    caduta, riavvio, errore che stacca       nessuna caduta, riavvio o errore che stacca
      GREEN    nascita (accesso → primo fotogramma)     2.039 — accesso → primo fotogramma
  utente 2   B  chrome   c16002u2       GREEN
      GREEN    ritardo input → fotogramma (p95)         36.06 — p95 dei p95 al secondo di «NOSTRO» (copia → byte fuori, 65 righe del figlio) 27.1 ms + 9 ms d'ingresso (tetto costruttivo: poll di 8 ms) · ⚠ strada wlroots: la «copia» e' contata due volte (~4 ms in piu', cattura.c:2309 / figlio.c:5191) — NON corretto, e' dal lato prudente
      GREEN    fotogrammi saltati                       0.0 — 628 consegnati, 628 dipinti (salt 0)
      GREEN    blocco piu' lungo dell'immagine          0.039 — dall'attore (15 righe)
      GREEN    buchi nella catena del video             0.0 — 0 buchi in 122 s
      GREEN    caduta, riavvio, errore che stacca       nessuna caduta, riavvio o errore che stacca
      GREEN    nascita (accesso → primo fotogramma)     1.748 — accesso → primo fotogramma
  utente 3   C  firefox  c16003u3       GREEN
      GREEN    ritardo input → fotogramma (p95)         33.12 — p95 dei p95 al secondo di «NOSTRO» (copia → byte fuori, 48 righe del figlio) 24.1 ms + 9 ms d'ingresso (tetto costruttivo: poll di 8 ms) · ⚠ strada wlroots: la «copia» e' contata due volte (~4 ms in piu', cattura.c:2309 / figlio.c:5191) — NON corretto, e' dal lato prudente
      GREEN    fotogrammi saltati                       0.0 — 209 consegnati, 209 dipinti (salt 0)
      GREEN    blocco piu' lungo dell'immagine          0.633 — dall'attore (12 righe)
      GREEN    buchi nella catena del video             0.0 — 0 buchi in 115 s
      GREEN    caduta, riavvio, errore che stacca       nessuna caduta, riavvio o errore che stacca
      GREEN    nascita (accesso → primo fotogramma)     1.813 — accesso → primo fotogramma
  utente 4   D  chrome   c16004u4       FAIL
      GREEN    ritardo input → fotogramma (p95)         35.91 — p95 dei p95 al secondo di «NOSTRO» (copia → byte fuori, 116 righe del figlio) 26.9 ms + 9 ms d'ingresso (tetto costruttivo: poll di 8 ms) · ⚠ strada wlroots: la «copia» e' contata due volte (~4 ms in piu', cattura.c:2309 / figlio.c:5191) — NON corretto, e' dal lato prudente
      GREEN    fotogrammi saltati                       0.0 — 3513 consegnati, 3513 dipinti (salt 0)
      FAIL     blocco piu' lungo dell'immagine          4.39 — dall'attore (23 righe)
      GREEN    buchi nella catena del video             0.0 — 0 buchi in 122 s
      GREEN    video: dipinti al secondo                0.963 — 28.9 dipinti/s in 122 s di video, f = 30.0
      DEGRADED audio udibile                            98.2 — 5892 suonati su 6000 mandati (5892 ricevuti + 108 mancati)
      GREEN    caduta, riavvio, errore che stacca       nessuna caduta, riavvio o errore che stacca
      GREEN    nascita (accesso → primo fotogramma)     1.851 — accesso → primo fotogramma
  utente 5   A  firefox  c16005u5       GREEN
      GREEN    ritardo input → fotogramma (p95)         32.45 — p95 dei p95 al secondo di «NOSTRO» (copia → byte fuori, 48 righe del figlio) 23.4 ms + 9 ms d'ingresso (tetto costruttivo: poll di 8 ms) · ⚠ strada wlroots: la «copia» e' contata due volte (~4 ms in piu', cattura.c:2309 / figlio.c:5191) — NON corretto, e' dal lato prudente
      GREEN    fotogrammi saltati                       0.0 — 1241 consegnati, 1241 dipinti (salt 0)
      GREEN    blocco piu' lungo dell'immagine          0.226 — dall'attore (13 righe)
      GREEN    buchi nella catena del video             0.0 — 0 buchi in 120 s
      GREEN    caduta, riavvio, errore che stacca       nessuna caduta, riavvio o errore che stacca
      GREEN    nascita (accesso → primo fotogramma)     1.664 — accesso → primo fotogramma
  utente 6   B  chrome   c16006u6       GREEN
      GREEN    ritardo input → fotogramma (p95)         37.06 — p95 dei p95 al secondo di «NOSTRO» (copia → byte fuori, 64 righe del figlio) 28.1 ms + 9 ms d'ingresso (tetto costruttivo: poll di 8 ms) · ⚠ strada wlroots: la «copia» e' contata due volte (~4 ms in piu', cattura.c:2309 / figlio.c:5191) — NON corretto, e' dal lato prudente
      GREEN    fotogrammi saltati                       0.0 — 606 consegnati, 606 dipinti (salt 0)
      GREEN    blocco piu' lungo dell'immagine          0.037 — dall'attore (15 righe)
      GREEN    buchi nella catena del video             0.0 — 0 buchi in 117 s
      GREEN    caduta, riavvio, errore che stacca       nessuna caduta, riavvio o errore che stacca
      GREEN    nascita (accesso → primo fotogramma)     1.726 — accesso → primo fotogramma
  utente 7   C  firefox  c16007u7       GREEN
      GREEN    ritardo input → fotogramma (p95)         39.59 — p95 dei p95 al secondo di «NOSTRO» (copia → byte fuori, 44 righe del figlio) 30.6 ms + 9 ms d'ingresso (tetto costruttivo: poll di 8 ms) · ⚠ strada wlroots: la «copia» e' contata due volte (~4 ms in piu', cattura.c:2309 / figlio.c:5191) — NON corretto, e' dal lato prudente
      GREEN    fotogrammi saltati                       0.0 — 166 consegnati, 166 dipinti (salt 0)
      GREEN    blocco piu' lungo dell'immagine          0.527 — dall'attore (12 righe)
      GREEN    buchi nella catena del video             0.0 — 0 buchi in 120 s
      GREEN    caduta, riavvio, errore che stacca       nessuna caduta, riavvio o errore che stacca
      GREEN    nascita (accesso → primo fotogramma)     1.683 — accesso → primo fotogramma
  utente 8   D  chrome   c16008u8       GREEN
      GREEN    ritardo input → fotogramma (p95)         31.4 — p95 dei p95 al secondo di «NOSTRO» (copia → byte fuori, 119 righe del figlio) 22.4 ms + 9 ms d'ingresso (tetto costruttivo: poll di 8 ms) · ⚠ strada wlroots: la «copia» e' contata due volte (~4 ms in piu', cattura.c:2309 / figlio.c:5191) — NON corretto, e' dal lato prudente
      GREEN    fotogrammi saltati                       0.027 — 3641 consegnati, 3640 dipinti (salt 0)
      GREEN    blocco piu' lungo dell'immagine          0.1 — dall'attore (23 righe)
      GREEN    buchi nella catena del video             0.0 — 0 buchi in 121 s
      GREEN    video: dipinti al secondo                1.003 — 30.1 dipinti/s in 121 s di video, f = 30.0
      GREEN    audio udibile                            100.0 — 6000 suonati su 6000 mandati (6000 ricevuti + 0 mancati)
      GREEN    caduta, riavvio, errore che stacca       nessuna caduta, riavvio o errore che stacca
      GREEN    nascita (accesso → primo fotogramma)     1.73 — accesso → primo fotogramma
  utente 9   A  firefox  c16009u9       GREEN
      GREEN    ritardo input → fotogramma (p95)         36.64 — p95 dei p95 al secondo di «NOSTRO» (copia → byte fuori, 60 righe del figlio) 27.6 ms + 9 ms d'ingresso (tetto costruttivo: poll di 8 ms) · ⚠ strada wlroots: la «copia» e' contata due volte (~4 ms in piu', cattura.c:2309 / figlio.c:5191) — NON corretto, e' dal lato prudente
      GREEN    fotogrammi saltati                       0.0 — 1272 consegnati, 1272 dipinti (salt 0)
      GREEN    blocco piu' lungo dell'immagine          0.395 — dall'attore (16 righe)
      GREEN    buchi nella catena del video             0.0 — 0 buchi in 116 s
      GREEN    caduta, riavvio, errore che stacca       nessuna caduta, riavvio o errore che stacca
      GREEN    nascita (accesso → primo fotogramma)     1.671 — accesso → primo fotogramma
  utente 10  B  chrome   c16010u10      GREEN
      GREEN    ritardo input → fotogramma (p95)         33.3 — p95 dei p95 al secondo di «NOSTRO» (copia → byte fuori, 80 righe del figlio) 24.3 ms + 9 ms d'ingresso (tetto costruttivo: poll di 8 ms) · ⚠ strada wlroots: la «copia» e' contata due volte (~4 ms in piu', cattura.c:2309 / figlio.c:5191) — NON corretto, e' dal lato prudente
      GREEN    fotogrammi saltati                       0.0 — 788 consegnati, 788 dipinti (salt 0)
      GREEN    blocco piu' lungo dell'immagine          0.042 — dall'attore (19 righe)
      GREEN    buchi nella catena del video             0.0 — 0 buchi in 120 s
      GREEN    caduta, riavvio, errore che stacca       nessuna caduta, riavvio o errore che stacca
      GREEN    nascita (accesso → primo fotogramma)     1.727 — accesso → primo fotogramma
  utente 11  C  firefox  c16011u11      GREEN
      GREEN    ritardo input → fotogramma (p95)         41.24 — p95 dei p95 al secondo di «NOSTRO» (copia → byte fuori, 40 righe del figlio) 32.2 ms + 9 ms d'ingresso (tetto costruttivo: poll di 8 ms) · ⚠ strada wlroots: la «copia» e' contata due volte (~4 ms in piu', cattura.c:2309 / figlio.c:5191) — NON corretto, e' dal lato prudente
      GREEN    fotogrammi saltati                       0.0 — 141 consegnati, 141 dipinti (salt 0)
      GREEN    blocco piu' lungo dell'immagine          0.426 — dall'attore (12 righe)
      GREEN    buchi nella catena del video             0.0 — 0 buchi in 120 s
      GREEN    caduta, riavvio, errore che stacca       nessuna caduta, riavvio o errore che stacca
      GREEN    nascita (accesso → primo fotogramma)     1.686 — accesso → primo fotogramma
  utente 12  D  chrome   c16012u12      GREEN
      GREEN    ritardo input → fotogramma (p95)         34.71 — p95 dei p95 al secondo di «NOSTRO» (copia → byte fuori, 119 righe del figlio) 25.7 ms + 9 ms d'ingresso (tetto costruttivo: poll di 8 ms) · ⚠ strada wlroots: la «copia» e' contata due volte (~4 ms in piu', cattura.c:2309 / figlio.c:5191) — NON corretto, e' dal lato prudente
      GREEN    fotogrammi saltati                       0.0 — 3479 consegnati, 3479 dipinti (salt 0)
      GREEN    blocco piu' lungo dell'immagine          0.1 — dall'attore (22 righe)
      GREEN    buchi nella catena del video             0.0 — 0 buchi in 115 s
      GREEN    video: dipinti al secondo                1.006 — 30.2 dipinti/s in 115 s di video, f = 30.0
      GREEN    audio udibile                            100.0 — 5750 suonati su 5750 mandati (5750 ricevuti + 0 mancati)
      GREEN    caduta, riavvio, errore che stacca       nessuna caduta, riavvio o errore che stacca
      GREEN    nascita (accesso → primo fotogramma)     1.833 — accesso → primo fotogramma
  utente 13  A  firefox  c16013u13      GREEN
      GREEN    ritardo input → fotogramma (p95)         33.79 — p95 dei p95 al secondo di «NOSTRO» (copia → byte fuori, 21 righe del figlio) 24.8 ms + 9 ms d'ingresso (tetto costruttivo: poll di 8 ms) · ⚠ strada wlroots: la «copia» e' contata due volte (~4 ms in piu', cattura.c:2309 / figlio.c:5191) — NON corretto, e' dal lato prudente
      GREEN    fotogrammi saltati                       0.0 — 751 consegnati, 751 dipinti (salt 0)
      GREEN    blocco piu' lungo dell'immagine          0.023 — dall'attore (8 righe)
      GREEN    buchi nella catena del video             0.0 — 0 buchi in 117 s
      GREEN    caduta, riavvio, errore che stacca       nessuna caduta, riavvio o errore che stacca
      GREEN    nascita (accesso → primo fotogramma)     1.778 — accesso → primo fotogramma
  utente 14  B  chrome   c16014u14      GREEN
      GREEN    ritardo input → fotogramma (p95)         40.19 — p95 dei p95 al secondo di «NOSTRO» (copia → byte fuori, 63 righe del figlio) 31.2 ms + 9 ms d'ingresso (tetto costruttivo: poll di 8 ms) · ⚠ strada wlroots: la «copia» e' contata due volte (~4 ms in piu', cattura.c:2309 / figlio.c:5191) — NON corretto, e' dal lato prudente
      GREEN    fotogrammi saltati                       0.0 — 716 consegnati, 716 dipinti (salt 0)
      GREEN    blocco piu' lungo dell'immagine          0.045 — dall'attore (15 righe)
      GREEN    buchi nella catena del video             0.0 — 0 buchi in 121 s
      GREEN    caduta, riavvio, errore che stacca       nessuna caduta, riavvio o errore che stacca
      GREEN    nascita (accesso → primo fotogramma)     1.724 — accesso → primo fotogramma
  utente 15  C  firefox  c16015u15      GREEN
      GREEN    ritardo input → fotogramma (p95)         34.23 — p95 dei p95 al secondo di «NOSTRO» (copia → byte fuori, 66 righe del figlio) 25.2 ms + 9 ms d'ingresso (tetto costruttivo: poll di 8 ms) · ⚠ strada wlroots: la «copia» e' contata due volte (~4 ms in piu', cattura.c:2309 / figlio.c:5191) — NON corretto, e' dal lato prudente
      GREEN    fotogrammi saltati                       0.0 — 236 consegnati, 236 dipinti (salt 0)
      GREEN    blocco piu' lungo dell'immagine          0.593 — dall'attore (15 righe)
      GREEN    buchi nella catena del video             0.0 — 0 buchi in 118 s
      GREEN    caduta, riavvio, errore che stacca       nessuna caduta, riavvio o errore che stacca
      GREEN    nascita (accesso → primo fotogramma)     1.777 — accesso → primo fotogramma
  utente 16  D  chrome   c16016u16      GREEN
      GREEN    ritardo input → fotogramma (p95)         35.08 — p95 dei p95 al secondo di «NOSTRO» (copia → byte fuori, 120 righe del figlio) 26.1 ms + 9 ms d'ingresso (tetto costruttivo: poll di 8 ms) · ⚠ strada wlroots: la «copia» e' contata due volte (~4 ms in piu', cattura.c:2309 / figlio.c:5191) — NON corretto, e' dal lato prudente
      GREEN    fotogrammi saltati                       0.0 — 3679 consegnati, 3679 dipinti (salt 0)
      GREEN    blocco piu' lungo dell'immagine          0.12 — dall'attore (23 righe)
      GREEN    buchi nella catena del video             0.0 — 0 buchi in 122 s
      GREEN    video: dipinti al secondo                1.004 — 30.1 dipinti/s in 122 s di video, f = 30.0
      GREEN    audio udibile                            100.0 — 6000 suonati su 6000 mandati (6000 ricevuti + 0 mancati)
      GREEN    caduta, riavvio, errore che stacca       nessuna caduta, riavvio o errore che stacca
      GREEN    nascita (accesso → primo fotogramma)     1.732 — accesso → primo fotogramma
  utente 99  controllo chrome   c16016u99      FAIL
      FAIL     nascita (accesso → primo fotogramma)     la sessione del controllo non e' nata: nessun fotogramma dipinto 90 s dopo l'accesso
      DEGRADED controllo funzionale corto               NON MISURATO: non guardate: F-004, F-007, F-003, F-014
  livello  GREEN    memoria_remotix                PSS 1355 → 1358 MB in 1619 s di lavoro (11:13:30–11:40:29); seconda meta' +0.4 %/ora, +1 MB su +3 · da: inizio del lavoro + 60 s
  livello  GREEN    memoria_sessioni               PSS 5971 → 6074 MB in 1619 s di lavoro (11:13:30–11:40:29); seconda meta' +6.0 %/ora, +81 MB su +103 e CONTINUA a salire · da: inizio del lavoro + 60 s
  livello  GREEN    riavvio_server                 il padre remotix e' lo stesso per tutto il livello
  livello  GREEN    entrati                        entrati 16 su 16
  risorse: cpu macchina 34.01 % (media) · mem usata 29280 MB · card0 disegno 58.42%, video 10.09%, video_enhance 0.0% · card1 disegno 8.66%, video 133.59%
{"campagna": "amd-b-2k-xfce", "livello": 16, "desktop": "xfce", "scheda": "AMD Radeon RX 6800", "driver": "amdgpu intel-media-va-driver=25.2.3+dfsg1-1 libgl1-mesa-dri=25.0.7-2+deb13u1 libva2=2.22.0-3 mesa-va-drivers=25.0.7-2+deb13u1", "misura": "2k", "commit": "678a2da", "binario": "28a947f5", "pagina": "fb9a18f3", "nucleo": "7.0", "tetto_sessioni": 17, "inizio": "2026-09-28T11:09:34+00:00", "durata_s": 1975, "finestra": ["11:40:29", "11:42:29"], "fps_video": 30.0, "tipo": "livello", "utenti": 17, "sessioni": {"GREEN": 15, "DEGRADED": 0, "FAIL": 2}, "journal_err": {"righe": 663, "per_inquilino": {"c16001u1": 8, "c16002u2": 7, "c16003u3": 5, "c16004u4": 24, "c16005u5": 16, "c16006u6": 5, "c16007u7": 5, "c16008u8": 18, "c16009u9": 10, "c16010u10": 5, "c16011u11": 5, "c16012u12": 11, "c16013u13": 10, "c16014u14": 5, "c16015u15": 5, "c16016u16": 7, "c16016u99": 5}, "esempi": ["figlio  [c16001u1] ⛔ «/usr/bin/loginctl» non e' andato (stato 1)", "figlio  [c16001u1] ⛔ SENZA PALCO alla nascita: la sessione grafica di «c16001u1» non c'e' (ancora).  ⚠ NON esco — §8.3 vieta di staccare — e NON resto fermo: riprovo, la prima volta fra 1000 ms", "figlio  ⛔ il palco di «c16001u1»: bus ⛔ NO, sessione 5, presa 0, monitor «» (0 prima, 0 dopo), 0x0 stride 0 a 0 bit, 0 flussi in consegna — aspetto la tela del cliente", "figlio  [c16001u1] ⛔⛔ FIFO **NON** OTTENUTO: 3 thread su 3 del percorso audio girano a politica NORMALE (nice peggiore 0), e RLIMIT_RTPRIO = 0 — ⚠ il rlimit dice «puoi CHIEDERLA», non «ce l'hai».  `[M", "figlio  ⛔ il palco di «c16001u1»: bus APERTO, sessione 4, presa 0, monitor «» (0 prima, 0 dopo), 0x0 stride 0 a 0 bit, 0 flussi in consegna — il gestore di sessione non è ancora sul bus"], "fonte": "/media/REMOTIX/misure/fase16/amd-b-2k-xfce/livello-16-ripetizione/journal-err.jsonl"}, "voci": {"memoria_remotix": {"valore": 0.23, "classe": "GREEN", "significativo": false, "nota": "PSS 1355 → 1358 MB in 1619 s di lavoro (11:13:30–11:40:29); seconda meta' +0.4 %/ora, +1 MB su +3 · da: inizio del lavoro + 60 s", "continua": false, "pendenza_pct_ora": 0.386, "tratto_s": 1619}, "memoria_sessioni": {"valore": 1.721, "classe": "GREEN", "significativo": false, "nota": "PSS 5971 → 6074 MB in 1619 s di lavoro (11:13:30–11:40:29); seconda meta' +6.0 %/ora, +81 MB su +103 e CONTINUA a salire · da: inizio del lavoro + 60 s", "continua": true, "pendenza_pct_ora": 5.994, "tratto_s": 1619}, "riavvio_server": {"valore": 1455282, "classe": "GREEN", "significativo": false, "nota": "il padre remotix e' lo stesso per tutto il livello"}, "entrati": {"valore": 16, "classe": "GREEN", "significativo": false, "nota": "entrati 16 su 16"}}, "risorse": {"campioni": 120, "cpu_macchina_pct": {"media": 34.01, "p95": 41.1, "max": 42.9}, "carico_1m": {"media": 9.4, "p95": 11.65, "max": 12.32}, "mem_usata_mb": {"media": 29030.72, "p95": 29255, "max": 29280}, "mem_totale_mb": 31869, "thread": {"media": 7975.63, "p95": 8038, "max": 8173}, "misuratore_cpu_s": {"media": 0.15, "p95": 0.18, "max": 0.21}, "recinti": {"remotix": {"cpu_core": {"media": 1.28, "p95": 1.41, "max": 1.48}, "pss_mb": {"media": 1366.12, "p95": 1368.3, "max": 1368.3}, "processi": {"media": 18.77, "p95": 19, "max": 20}, "gpu": {"calcolo": {"media": 0.0, "p95": 0.0, "max": 0.0}, "video": {"media": 81.79, "p95": 106.84, "max": 136.56}}}, "sessioni": {"cpu_core": {"media": 1.9, "p95": 2.55, "max": 3.06}, "pss_mb": {"media": 6075.94, "p95": 6095.2, "max": 6112.6}, "processi": {"media": 365.88, "p95": 369, "max": 369}, "gpu": {"calcolo": {"media": 0.0, "p95": 0.02, "max": 0.04}, "disegno": {"media": 8.66, "p95": 10.4, "max": 11.56}, "video": {"media": 51.8, "p95": 56.89, "max": 59.49}}}, "browser": {"cpu_core": {"media": 2.33, "p95": 2.86, "max": 3.09}, "pss_mb": {"media": 7423.43, "p95": 7542.5, "max": 7554.4}, "processi": {"media": 190.59, "p95": 196, "max": 197}, "gpu": {"copia": {"media": 0.0, "p95": 0.0, "max": 0.0}, "disegno": {"media": 46.88, "p95": 57.42, "max": 68.43}, "video": {"media": 10.09, "p95": 12.4, "max": 14.17}, "video_enhance": {"media": 0.0, "p95": 0.0, "max": 0.0}}}, "altro_scatola": {"cpu_core": {"media": 0.04, "p95": 0.06, "max": 0.14}, "pss_mb": {"media": 200.57, "p95": 236.2, "max": 237.1}, "processi": {"media": 24.04, "p95": 24, "max": 26}, "gpu": {}}, "labwc_cliente": {"cpu_core": {"media": 0.1, "p95": 0.14, "max": 0.18}, "pss_mb": {"media": 580.43, "p95": 581.0, "max": 581.0}, "processi": {"media": 17.0, "p95": 17, "max": 17}, "gpu": {"copia": {"media": 0.0, "p95": 0.0, "max": 0.0}, "disegno": {"media": 11.54, "p95": 13.42, "max": 15.69}, "video": {"media": 0.0, "p95": 0.0, "max": 0.0}, "video_enhance": {"media": 0.0, "p95": 0.0, "max": 0.0}}}}, "gpu": {"0000:00:02.0": {"scheda": "card0", "driver": "i915", "copia": {"media": 0.0, "p95": 0.0, "max": 0.0}, "disegno": {"media": 58.42, "p95": 70.58, "max": 84.12}, "video": {"media": 10.09, "p95": 12.4, "max": 14.17}, "video_enhance": {"media": 0.0, "p95": 0.0, "max": 0.0}, "freq_att_mhz": {"media": 810.42, "p95": 1550.0, "max": 1550.0}, "freq_mhz": {"media": 1333.91, "p95": 1550.0, "max": 1550.0}, "temp_c": {"media": 55.02, "p95": 59.0, "max": 60.0}, "potenza_w": {"media": 3.09, "p95": 4.55, "max": 5.68}, "vram_usata_mb": null, "occupata_pct": null, "strozzatura_frazione": {"pl4": 0.17}}, "0000:03:00.0": {"scheda": "card1", "driver": "amdgpu", "calcolo": {"media": 0.0, "p95": 0.02, "max": 0.04}, "disegno": {"media": 8.66, "p95": 10.4, "max": 11.56}, "video": {"media": 133.59, "p95": 162.07, "max": 191.43}, "freq_att_mhz": {"media": 1150.83, "p95": 1600.0, "max": 1600.0}, "freq_mhz": {"media": 128.89, "p95": 212.0, "max": 776.0}, "temp_c": {"media": 56.42, "p95": 65.0, "max": 65.0}, "potenza_w": {"media": 50.62, "p95": 55.0, "max": 58.0}, "vram_usata_mb": {"media": 4720.92, "p95": 4738.2, "max": 4825.1}, "occupata_pct": {"media": 7.82, "p95": 15.0, "max": 19.0}, "strozzatura_frazione": {}}}, "avvisi": ["⚠ PSS illeggibile per 1 processi (non si e' root?)", "⚠ PSS illeggibile per 2 processi (non si e' root?)"]}, "classe": "FAIL", "significativo": true, "ragione": "15 GREEN · 0 DEGRADED · 2 FAIL", "evidenze": ["/media/REMOTIX/misure/fase16/amd-b-2k-xfce/livello-16-ripetizione"]}
{"campagna": "amd-b-2k-xfce", "livello": 16, "desktop": "xfce", "scheda": "AMD Radeon RX 6800", "driver": "amdgpu intel-media-va-driver=25.2.3+dfsg1-1 libgl1-mesa-dri=25.0.7-2+deb13u1 libva2=2.22.0-3 mesa-va-drivers=25.0.7-2+deb13u1", "misura": "2k", "commit": "678a2da", "binario": "28a947f5", "pagina": "fb9a18f3", "nucleo": "7.0", "tetto_sessioni": 17, "inizio": "2026-09-28T11:09:34+00:00", "durata_s": 1975, "finestra": ["11:40:29", "11:42:29"], "fps_video": 30.0, "tipo": "sessione", "utente": 1, "profilo": "A", "browser": "firefox", "versione": "Firefox 140.16.0 · finestra vera", "inquilino": "c16001u1", "misure": {"finestra_s": 125.8, "esperienza": {"giro_eco_p95_ms": 44, "giro_eco_campioni": 45, "giro_tutti_p95_ms": 37.8, "giro_tutti_campioni": 152}, "video_non_avanza": 0, "input_azioni": 13, "input_persi": 0, "input_latenza_p95_ms": 196, "tratto": {"righe": 34, "mediana_p95_ms": 12.75, "max_campione_p95_ms": 36.05, "produttore_mediana_ms": 0.0}, "ritardo_p95_ms": 32.36, "nostro": {"righe": 34, "p95_dei_p95_ms": 23.36, "max_al_secondo_max_ms": 29.0, "max_al_secondo_p95_ms": 27.13, "mediana_ms": 12.56, "fotogrammi": 936}, "consegnati": 1031, "dipinti": 1031, "salt": 0, "saltati_pct": 0.0, "lavoro_s": 65.7, "blocco_max_s": 0.046, "buchi": 0, "rete": {"persi": 0, "byte_persi": 0, "spediti": 6488, "byte_spediti": 7995240, "ricevuti": 1274, "scartati": 0, "dgram_persi": 0, "dgram_ok": 0, "dgram_falsi": 0, "connessioni": 1, "perdita_pct": 0.0, "mbit_s": 0.55, "srtt_ms": {"mediana": 0.18, "max": 0.61}, "pto_ms_max": 22.1, "secondi": 117}, "tratto_server_ms": {"mediana": 12.64, "max": 29.0, "ora": "11:42:20.094"}, "nascita_s": 2.04, "journal_err": 8}, "voci": {"ritardo_p95_ms": {"valore": 32.36, "classe": "GREEN", "significativo": false, "nota": "p95 dei p95 al secondo di «NOSTRO» (copia → byte fuori, 34 righe del figlio) 23.4 ms + 9 ms d'ingresso (tetto costruttivo: poll di 8 ms) · ⚠ strada wlroots: la «copia» e' contata due volte (~4 ms in piu', cattura.c:2309 / figlio.c:5191) — NON corretto, e' dal lato prudente"}, "saltati_pct": {"valore": 0.0, "classe": "GREEN", "significativo": false, "nota": "1031 consegnati, 1031 dipinti (salt 0)"}, "blocco_max_s": {"valore": 0.046, "classe": "GREEN", "significativo": false, "nota": "dall'attore (12 righe)"}, "buchi_al_min": {"valore": 0.0, "classe": "GREEN", "significativo": false, "nota": "0 buchi in 126 s"}, "caduta": {"valore": false, "classe": "GREEN", "significativo": false, "nota": "nessuna caduta, riavvio o errore che stacca"}, "nascita_s": {"valore": 2.039, "classe": "GREEN", "significativo": false, "nota": "accesso → primo fotogramma"}}, "classe": "GREEN", "ragione": "tutte le voci GREEN", "non_misurate": [], "evidenze": ["/media/REMOTIX/misure/fase16/amd-b-2k-xfce/livello-16-ripetizione/utente-01"]}
{"campagna": "amd-b-2k-xfce", "livello": 16, "desktop": "xfce", "scheda": "AMD Radeon RX 6800", "driver": "amdgpu intel-media-va-driver=25.2.3+dfsg1-1 libgl1-mesa-dri=25.0.7-2+deb13u1 libva2=2.22.0-3 mesa-va-drivers=25.0.7-2+deb13u1", "misura": "2k", "commit": "678a2da", "binario": "28a947f5", "pagina": "fb9a18f3", "nucleo": "7.0", "tetto_sessioni": 17, "inizio": "2026-09-28T11:09:34+00:00", "durata_s": 1975, "finestra": ["11:40:29", "11:42:29"], "fps_video": 30.0, "tipo": "sessione", "utente": 2, "profilo": "B", "browser": "chrome", "versione": "Chrome/154.0.8037.57 · finestra vera", "inquilino": "c16002u2", "misure": {"finestra_s": 121.7, "esperienza": {"giro_eco_p95_ms": 24.7, "giro_eco_campioni": 167, "giro_tutti_p95_ms": 35.9, "giro_tutti_campioni": 251}, "video_non_avanza": 0, "input_azioni": 5, "input_persi": 0, "input_latenza_p95_ms": 3565, "tratto": {"righe": 65, "mediana_p95_ms": 13.56, "max_campione_p95_ms": 35.6, "produttore_mediana_ms": 0.0}, "ritardo_p95_ms": 36.06, "nostro": {"righe": 65, "p95_dei_p95_ms": 27.06, "max_al_secondo_max_ms": 35.6, "max_al_secondo_p95_ms": 27.06, "mediana_ms": 13.39, "fotogrammi": 610}, "consegnati": 628, "dipinti": 628, "salt": 0, "saltati_pct": 0.0, "lavoro_s": 86.0, "blocco_max_s": 0.039, "buchi": 0, "rete": {"persi": 0, "byte_persi": 0, "spediti": 1094, "byte_spediti": 1185172, "ricevuti": 1000, "scartati": 0, "dgram_persi": 0, "dgram_ok": 0, "dgram_falsi": 0, "connessioni": 1, "perdita_pct": 0.0, "mbit_s": 0.08, "srtt_ms": {"mediana": 0.76, "max": 1.28}, "pto_ms_max": 28.8, "secondi": 118}, "tratto_server_ms": {"mediana": 13.37, "max": 31.02, "ora": "11:42:25.249"}, "nascita_s": 1.75, "journal_err": 7}, "voci": {"ritardo_p95_ms": {"valore": 36.06, "classe": "GREEN", "significativo": false, "nota": "p95 dei p95 al secondo di «NOSTRO» (copia → byte fuori, 65 righe del figlio) 27.1 ms + 9 ms d'ingresso (tetto costruttivo: poll di 8 ms) · ⚠ strada wlroots: la «copia» e' contata due volte (~4 ms in piu', cattura.c:2309 / figlio.c:5191) — NON corretto, e' dal lato prudente"}, "saltati_pct": {"valore": 0.0, "classe": "GREEN", "significativo": false, "nota": "628 consegnati, 628 dipinti (salt 0)"}, "blocco_max_s": {"valore": 0.039, "classe": "GREEN", "significativo": false, "nota": "dall'attore (15 righe)"}, "buchi_al_min": {"valore": 0.0, "classe": "GREEN", "significativo": false, "nota": "0 buchi in 122 s"}, "caduta": {"valore": false, "classe": "GREEN", "significativo": false, "nota": "nessuna caduta, riavvio o errore che stacca"}, "nascita_s": {"valore": 1.748, "classe": "GREEN", "significativo": false, "nota": "accesso → primo fotogramma"}}, "classe": "GREEN", "ragione": "tutte le voci GREEN", "non_misurate": [], "evidenze": ["/media/REMOTIX/misure/fase16/amd-b-2k-xfce/livello-16-ripetizione/utente-02"]}
{"campagna": "amd-b-2k-xfce", "livello": 16, "desktop": "xfce", "scheda": "AMD Radeon RX 6800", "driver": "amdgpu intel-media-va-driver=25.2.3+dfsg1-1 libgl1-mesa-dri=25.0.7-2+deb13u1 libva2=2.22.0-3 mesa-va-drivers=25.0.7-2+deb13u1", "misura": "2k", "commit": "678a2da", "binario": "28a947f5", "pagina": "fb9a18f3", "nucleo": "7.0", "tetto_sessioni": 17, "inizio": "2026-09-28T11:09:34+00:00", "durata_s": 1975, "finestra": ["11:40:29", "11:42:29"], "fps_video": 30.0, "tipo": "sessione", "utente": 3, "profilo": "C", "browser": "firefox", "versione": "Firefox 140.16.0 · finestra vera", "inquilino": "c16003u3", "misure": {"finestra_s": 115.5, "esperienza": {"giro_eco_p95_ms": 36.3, "giro_eco_campioni": 182, "giro_tutti_p95_ms": 36.7, "giro_tutti_campioni": 198}, "video_non_avanza": 0, "input_azioni": 7, "input_persi": 0, "input_latenza_p95_ms": 27, "tratto": {"righe": 48, "mediana_p95_ms": 13.92, "max_campione_p95_ms": 48.09, "produttore_mediana_ms": 0.0}, "ritardo_p95_ms": 33.12, "nostro": {"righe": 48, "p95_dei_p95_ms": 24.12, "max_al_secondo_max_ms": 27.26, "max_al_secondo_p95_ms": 24.12, "mediana_ms": 14.64, "fotogrammi": 240}, "consegnati": 209, "dipinti": 209, "salt": 0, "saltati_pct": 0.0, "lavoro_s": 70.2, "blocco_max_s": 0.633, "buchi": 0, "rete": {"persi": 0, "byte_persi": 0, "spediti": 1933, "byte_spediti": 2425852, "ricevuti": 722, "scartati": 0, "dgram_persi": 0, "dgram_ok": 0, "dgram_falsi": 0, "connessioni": 1, "perdita_pct": 0.0, "mbit_s": 0.16, "srtt_ms": {"mediana": 0.17, "max": 0.4}, "pto_ms_max": 21.8, "secondi": 121}, "tratto_server_ms": {"mediana": 13.04, "max": 48.09, "ora": "11:42:29.807"}, "nascita_s": 1.81, "journal_err": 5}, "voci": {"ritardo_p95_ms": {"valore": 33.12, "classe": "GREEN", "significativo": false, "nota": "p95 dei p95 al secondo di «NOSTRO» (copia → byte fuori, 48 righe del figlio) 24.1 ms + 9 ms d'ingresso (tetto costruttivo: poll di 8 ms) · ⚠ strada wlroots: la «copia» e' contata due volte (~4 ms in piu', cattura.c:2309 / figlio.c:5191) — NON corretto, e' dal lato prudente"}, "saltati_pct": {"valore": 0.0, "classe": "GREEN", "significativo": false, "nota": "209 consegnati, 209 dipinti (salt 0)"}, "blocco_max_s": {"valore": 0.633, "classe": "GREEN", "significativo": false, "nota": "dall'attore (12 righe)"}, "buchi_al_min": {"valore": 0.0, "classe": "GREEN", "significativo": false, "nota": "0 buchi in 115 s"}, "caduta": {"valore": false, "classe": "GREEN", "significativo": false, "nota": "nessuna caduta, riavvio o errore che stacca"}, "nascita_s": {"valore": 1.813, "classe": "GREEN", "significativo": false, "nota": "accesso → primo fotogramma"}}, "classe": "GREEN", "ragione": "tutte le voci GREEN", "non_misurate": [], "evidenze": ["/media/REMOTIX/misure/fase16/amd-b-2k-xfce/livello-16-ripetizione/utente-03"]}
{"campagna": "amd-b-2k-xfce", "livello": 16, "desktop": "xfce", "scheda": "AMD Radeon RX 6800", "driver": "amdgpu intel-media-va-driver=25.2.3+dfsg1-1 libgl1-mesa-dri=25.0.7-2+deb13u1 libva2=2.22.0-3 mesa-va-drivers=25.0.7-2+deb13u1", "misura": "2k", "commit": "678a2da", "binario": "28a947f5", "pagina": "fb9a18f3", "nucleo": "7.0", "tetto_sessioni": 17, "inizio": "2026-09-28T11:09:34+00:00", "durata_s": 1975, "finestra": ["11:40:29", "11:42:29"], "fps_video": 30.0, "tipo": "sessione", "utente": 4, "profilo": "D", "browser": "chrome", "versione": "Chrome/154.0.8037.57 · finestra vera", "inquilino": "c16004u4", "misure": {"finestra_s": 121.6, "esperienza": {"giro_eco_p95_ms": null, "giro_eco_campioni": 0, "giro_tutti_p95_ms": null, "giro_tutti_campioni": 0}, "video_non_avanza": 0, "input_azioni": 0, "input_persi": 0, "input_latenza_p95_ms": null, "tratto": {"righe": 116, "mediana_p95_ms": 11.23, "max_campione_p95_ms": 46.05, "produttore_mediana_ms": 0.0}, "ritardo_p95_ms": 35.91, "nostro": {"righe": 116, "p95_dei_p95_ms": 26.91, "max_al_secondo_max_ms": 46.05, "max_al_secondo_p95_ms": 31.13, "mediana_ms": 11.07, "fotogrammi": 3515}, "consegnati": 3513, "dipinti": 3513, "salt": 0, "saltati_pct": 0.0, "lavoro_s": 121.6, "blocco_max_s": 4.39, "buchi": 0, "video_fps": 28.889, "audio_udibile_pct": 98.2, "rete": {"persi": 0, "byte_persi": 0, "spediti": 103950, "byte_spediti": 148248088, "ricevuti": 15858, "scartati": 0, "dgram_persi": 0, "dgram_ok": 5888, "dgram_falsi": 0, "connessioni": 1, "perdita_pct": 0.0, "mbit_s": 9.81, "srtt_ms": {"mediana": 0.42, "max": 1.36}, "pto_ms_max": 30.6, "secondi": 121}, "tratto_server_ms": {"mediana": 11.29, "max": 35.2, "ora": "11:42:30.317"}, "nascita_s": 1.85, "journal_err": 24}, "voci": {"ritardo_p95_ms": {"valore": 35.91, "classe": "GREEN", "significativo": false, "nota": "p95 dei p95 al secondo di «NOSTRO» (copia → byte fuori, 116 righe del figlio) 26.9 ms + 9 ms d'ingresso (tetto costruttivo: poll di 8 ms) · ⚠ strada wlroots: la «copia» e' contata due volte (~4 ms in piu', cattura.c:2309 / figlio.c:5191) — NON corretto, e' dal lato prudente"}, "saltati_pct": {"valore": 0.0, "classe": "GREEN", "significativo": false, "nota": "3513 consegnati, 3513 dipinti (salt 0)"}, "blocco_max_s": {"valore": 4.39, "classe": "FAIL", "significativo": true, "nota": "dall'attore (23 righe)"}, "buchi_al_min": {"valore": 0.0, "classe": "GREEN", "significativo": false, "nota": "0 buchi in 122 s"}, "video_frazione_f": {"valore": 0.963, "classe": "GREEN", "significativo": false, "nota": "28.9 dipinti/s in 122 s di video, f = 30.0"}, "audio_udibile_pct": {"valore": 98.2, "classe": "DEGRADED", "significativo": false, "nota": "5892 suonati su 6000 mandati (5892 ricevuti + 108 mancati)"}, "caduta": {"valore": false, "classe": "GREEN", "significativo": false, "nota": "nessuna caduta, riavvio o errore che stacca"}, "nascita_s": {"valore": 1.851, "classe": "GREEN", "significativo": false, "nota": "accesso → primo fotogramma"}}, "classe": "FAIL", "ragione": "FAIL blocco piu' lungo dell'immagine: 4.39 — dall'attore (23 righe) · DEGRADED audio udibile: 98.2 — 5892 suonati su 6000 mandati (5892 ricevuti + 108 mancati)", "non_misurate": [], "evidenze": ["/media/REMOTIX/misure/fase16/amd-b-2k-xfce/livello-16-ripetizione/utente-04"]}
{"campagna": "amd-b-2k-xfce", "livello": 16, "desktop": "xfce", "scheda": "AMD Radeon RX 6800", "driver": "amdgpu intel-media-va-driver=25.2.3+dfsg1-1 libgl1-mesa-dri=25.0.7-2+deb13u1 libva2=2.22.0-3 mesa-va-drivers=25.0.7-2+deb13u1", "misura": "2k", "commit": "678a2da", "binario": "28a947f5", "pagina": "fb9a18f3", "nucleo": "7.0", "tetto_sessioni": 17, "inizio": "2026-09-28T11:09:34+00:00", "durata_s": 1975, "finestra": ["11:40:29", "11:42:29"], "fps_video": 30.0, "tipo": "sessione", "utente": 5, "profilo": "A", "browser": "firefox", "versione": "Firefox 140.16.0 · finestra vera", "inquilino": "c16005u5", "misure": {"finestra_s": 120.5, "esperienza": {"giro_eco_p95_ms": 44.8, "giro_eco_campioni": 105, "giro_tutti_p95_ms": 42.2, "giro_tutti_campioni": 259}, "video_non_avanza": 0, "input_azioni": 17, "input_persi": 0, "input_latenza_p95_ms": 243, "tratto": {"righe": 48, "mediana_p95_ms": 12.72, "max_campione_p95_ms": 36.47, "produttore_mediana_ms": 0.0}, "ritardo_p95_ms": 32.45, "nostro": {"righe": 48, "p95_dei_p95_ms": 23.45, "max_al_secondo_max_ms": 34.75, "max_al_secondo_p95_ms": 26.89, "mediana_ms": 12.29, "fotogrammi": 1208}, "consegnati": 1241, "dipinti": 1241, "salt": 0, "saltati_pct": 0.0, "lavoro_s": 70.0, "blocco_max_s": 0.226, "buchi": 0, "rete": {"persi": 0, "byte_persi": 0, "spediti": 5713, "byte_spediti": 6478888, "ricevuti": 1778, "scartati": 0, "dgram_persi": 0, "dgram_ok": 0, "dgram_falsi": 0, "connessioni": 1, "perdita_pct": 0.0, "mbit_s": 0.44, "srtt_ms": {"mediana": 0.18, "max": 0.51}, "pto_ms_max": 21.9, "secondi": 118}, "tratto_server_ms": {"mediana": 12.28, "max": 34.75, "ora": "11:42:21.484"}, "nascita_s": 1.66, "journal_err": 16}, "voci": {"ritardo_p95_ms": {"valore": 32.45, "classe": "GREEN", "significativo": false, "nota": "p95 dei p95 al secondo di «NOSTRO» (copia → byte fuori, 48 righe del figlio) 23.4 ms + 9 ms d'ingresso (tetto costruttivo: poll di 8 ms) · ⚠ strada wlroots: la «copia» e' contata due volte (~4 ms in piu', cattura.c:2309 / figlio.c:5191) — NON corretto, e' dal lato prudente"}, "saltati_pct": {"valore": 0.0, "classe": "GREEN", "significativo": false, "nota": "1241 consegnati, 1241 dipinti (salt 0)"}, "blocco_max_s": {"valore": 0.226, "classe": "GREEN", "significativo": false, "nota": "dall'attore (13 righe)"}, "buchi_al_min": {"valore": 0.0, "classe": "GREEN", "significativo": false, "nota": "0 buchi in 120 s"}, "caduta": {"valore": false, "classe": "GREEN", "significativo": false, "nota": "nessuna caduta, riavvio o errore che stacca"}, "nascita_s": {"valore": 1.664, "classe": "GREEN", "significativo": false, "nota": "accesso → primo fotogramma"}}, "classe": "GREEN", "ragione": "tutte le voci GREEN", "non_misurate": [], "evidenze": ["/media/REMOTIX/misure/fase16/amd-b-2k-xfce/livello-16-ripetizione/utente-05"]}
{"campagna": "amd-b-2k-xfce", "livello": 16, "desktop": "xfce", "scheda": "AMD Radeon RX 6800", "driver": "amdgpu intel-media-va-driver=25.2.3+dfsg1-1 libgl1-mesa-dri=25.0.7-2+deb13u1 libva2=2.22.0-3 mesa-va-drivers=25.0.7-2+deb13u1", "misura": "2k", "commit": "678a2da", "binario": "28a947f5", "pagina": "fb9a18f3", "nucleo": "7.0", "tetto_sessioni": 17, "inizio": "2026-09-28T11:09:34+00:00", "durata_s": 1975, "finestra": ["11:40:29", "11:42:29"], "fps_video": 30.0, "tipo": "sessione", "utente": 6, "profilo": "B", "browser": "chrome", "versione": "Chrome/154.0.8037.57 · finestra vera", "inquilino": "c16006u6", "misure": {"finestra_s": 117.3, "esperienza": {"giro_eco_p95_ms": 24.5, "giro_eco_campioni": 182, "giro_tutti_p95_ms": 29.9, "giro_tutti_campioni": 243}, "video_non_avanza": 0, "input_azioni": 4, "input_persi": 0, "input_latenza_p95_ms": 3690, "tratto": {"righe": 64, "mediana_p95_ms": 13.5, "max_campione_p95_ms": 36.81, "produttore_mediana_ms": 0.0}, "ritardo_p95_ms": 37.06, "nostro": {"righe": 64, "p95_dei_p95_ms": 28.06, "max_al_secondo_max_ms": 33.89, "max_al_secondo_p95_ms": 28.06, "mediana_ms": 13.52, "fotogrammi": 619}, "consegnati": 606, "dipinti": 606, "salt": 0, "saltati_pct": 0.0, "lavoro_s": 81.6, "blocco_max_s": 0.037, "buchi": 0, "rete": {"persi": 0, "byte_persi": 0, "spediti": 1173, "byte_spediti": 1310480, "ricevuti": 950, "scartati": 0, "dgram_persi": 0, "dgram_ok": 0, "dgram_falsi": 0, "connessioni": 1, "perdita_pct": 0.0, "mbit_s": 0.09, "srtt_ms": {"mediana": 0.32, "max": 0.74}, "pto_ms_max": 28.3, "secondi": 118}, "tratto_server_ms": {"mediana": 13.42, "max": 33.89, "ora": "11:42:22.066"}, "nascita_s": 1.73, "journal_err": 5}, "voci": {"ritardo_p95_ms": {"valore": 37.06, "classe": "GREEN", "significativo": false, "nota": "p95 dei p95 al secondo di «NOSTRO» (copia → byte fuori, 64 righe del figlio) 28.1 ms + 9 ms d'ingresso (tetto costruttivo: poll di 8 ms) · ⚠ strada wlroots: la «copia» e' contata due volte (~4 ms in piu', cattura.c:2309 / figlio.c:5191) — NON corretto, e' dal lato prudente"}, "saltati_pct": {"valore": 0.0, "classe": "GREEN", "significativo": false, "nota": "606 consegnati, 606 dipinti (salt 0)"}, "blocco_max_s": {"valore": 0.037, "classe": "GREEN", "significativo": false, "nota": "dall'attore (15 righe)"}, "buchi_al_min": {"valore": 0.0, "classe": "GREEN", "significativo": false, "nota": "0 buchi in 117 s"}, "caduta": {"valore": false, "classe": "GREEN", "significativo": false, "nota": "nessuna caduta, riavvio o errore che stacca"}, "nascita_s": {"valore": 1.726, "classe": "GREEN", "significativo": false, "nota": "accesso → primo fotogramma"}}, "classe": "GREEN", "ragione": "tutte le voci GREEN", "non_misurate": [], "evidenze": ["/media/REMOTIX/misure/fase16/amd-b-2k-xfce/livello-16-ripetizione/utente-06"]}
{"campagna": "amd-b-2k-xfce", "livello": 16, "desktop": "xfce", "scheda": "AMD Radeon RX 6800", "driver": "amdgpu intel-media-va-driver=25.2.3+dfsg1-1 libgl1-mesa-dri=25.0.7-2+deb13u1 libva2=2.22.0-3 mesa-va-drivers=25.0.7-2+deb13u1", "misura": "2k", "commit": "678a2da", "binario": "28a947f5", "pagina": "fb9a18f3", "nucleo": "7.0", "tetto_sessioni": 17, "inizio": "2026-09-28T11:09:34+00:00", "durata_s": 1975, "finestra": ["11:40:29", "11:42:29"], "fps_video": 30.0, "tipo": "sessione", "utente": 7, "profilo": "C", "browser": "firefox", "versione": "Firefox 140.16.0 · finestra vera", "inquilino": "c16007u7", "misure": {"finestra_s": 119.8, "esperienza": {"giro_eco_p95_ms": 38.4, "giro_eco_campioni": 144, "giro_tutti_p95_ms": 40.6, "giro_tutti_campioni": 154}, "video_non_avanza": 0, "input_azioni": 6, "input_persi": 0, "input_latenza_p95_ms": 24, "tratto": {"righe": 44, "mediana_p95_ms": 14.85, "max_campione_p95_ms": 34.2, "produttore_mediana_ms": 0.0}, "ritardo_p95_ms": 39.59, "nostro": {"righe": 44, "p95_dei_p95_ms": 30.59, "max_al_secondo_max_ms": 34.2, "max_al_secondo_p95_ms": 30.59, "mediana_ms": 15.36, "fotogrammi": 173}, "consegnati": 166, "dipinti": 166, "salt": 0, "saltati_pct": 0.0, "lavoro_s": 69.7, "blocco_max_s": 0.527, "buchi": 0, "rete": {"persi": 0, "byte_persi": 0, "spediti": 2517, "byte_spediti": 3367188, "ricevuti": 515, "scartati": 0, "dgram_persi": 0, "dgram_ok": 0, "dgram_falsi": 0, "connessioni": 1, "perdita_pct": 0.0, "mbit_s": 0.22, "srtt_ms": {"mediana": 0.18, "max": 0.36}, "pto_ms_max": 22.1, "secondi": 121}, "tratto_server_ms": {"mediana": 14.71, "max": 34.2, "ora": "11:42:30.457"}, "nascita_s": 1.68, "journal_err": 5}, "voci": {"ritardo_p95_ms": {"valore": 39.59, "classe": "GREEN", "significativo": false, "nota": "p95 dei p95 al secondo di «NOSTRO» (copia → byte fuori, 44 righe del figlio) 30.6 ms + 9 ms d'ingresso (tetto costruttivo: poll di 8 ms) · ⚠ strada wlroots: la «copia» e' contata due volte (~4 ms in piu', cattura.c:2309 / figlio.c:5191) — NON corretto, e' dal lato prudente"}, "saltati_pct": {"valore": 0.0, "classe": "GREEN", "significativo": false, "nota": "166 consegnati, 166 dipinti (salt 0)"}, "blocco_max_s": {"valore": 0.527, "classe": "GREEN", "significativo": false, "nota": "dall'attore (12 righe)"}, "buchi_al_min": {"valore": 0.0, "classe": "GREEN", "significativo": false, "nota": "0 buchi in 120 s"}, "caduta": {"valore": false, "classe": "GREEN", "significativo": false, "nota": "nessuna caduta, riavvio o errore che stacca"}, "nascita_s": {"valore": 1.683, "classe": "GREEN", "significativo": false, "nota": "accesso → primo fotogramma"}}, "classe": "GREEN", "ragione": "tutte le voci GREEN", "non_misurate": [], "evidenze": ["/media/REMOTIX/misure/fase16/amd-b-2k-xfce/livello-16-ripetizione/utente-07"]}
{"campagna": "amd-b-2k-xfce", "livello": 16, "desktop": "xfce", "scheda": "AMD Radeon RX 6800", "driver": "amdgpu intel-media-va-driver=25.2.3+dfsg1-1 libgl1-mesa-dri=25.0.7-2+deb13u1 libva2=2.22.0-3 mesa-va-drivers=25.0.7-2+deb13u1", "misura": "2k", "commit": "678a2da", "binario": "28a947f5", "pagina": "fb9a18f3", "nucleo": "7.0", "tetto_sessioni": 17, "inizio": "2026-09-28T11:09:34+00:00", "durata_s": 1975, "finestra": ["11:40:29", "11:42:29"], "fps_video": 30.0, "tipo": "sessione", "utente": 8, "profilo": "D", "browser": "chrome", "versione": "Chrome/154.0.8037.57 · finestra vera", "inquilino": "c16008u8", "misure": {"finestra_s": 120.9, "esperienza": {"giro_eco_p95_ms": null, "giro_eco_campioni": 0, "giro_tutti_p95_ms": 24.8, "giro_tutti_campioni": 7}, "video_non_avanza": 0, "input_azioni": 0, "input_persi": 0, "input_latenza_p95_ms": null, "tratto": {"righe": 119, "mediana_p95_ms": 10.92, "max_campione_p95_ms": 32.92, "produttore_mediana_ms": 0.0}, "ritardo_p95_ms": 31.4, "nostro": {"righe": 119, "p95_dei_p95_ms": 22.4, "max_al_secondo_max_ms": 32.92, "max_al_secondo_p95_ms": 26.3, "mediana_ms": 10.76, "fotogrammi": 3629}, "consegnati": 3641, "dipinti": 3640, "salt": 0, "saltati_pct": 0.027, "lavoro_s": 120.9, "blocco_max_s": 0.1, "buchi": 0, "video_fps": 30.104, "audio_udibile_pct": 100.0, "rete": {"persi": 0, "byte_persi": 0, "spediti": 105687, "byte_spediti": 150897584, "ricevuti": 16263, "scartati": 0, "dgram_persi": 0, "dgram_ok": 6000, "dgram_falsi": 0, "connessioni": 1, "perdita_pct": 0.0, "mbit_s": 9.98, "srtt_ms": {"mediana": 0.47, "max": 1.64}, "pto_ms_max": 31.6, "secondi": 121}, "tratto_server_ms": {"mediana": 10.81, "max": 28.64, "ora": "11:42:29.829"}, "nascita_s": 1.73, "journal_err": 18}, "voci": {"ritardo_p95_ms": {"valore": 31.4, "classe": "GREEN", "significativo": false, "nota": "p95 dei p95 al secondo di «NOSTRO» (copia → byte fuori, 119 righe del figlio) 22.4 ms + 9 ms d'ingresso (tetto costruttivo: poll di 8 ms) · ⚠ strada wlroots: la «copia» e' contata due volte (~4 ms in piu', cattura.c:2309 / figlio.c:5191) — NON corretto, e' dal lato prudente"}, "saltati_pct": {"valore": 0.027, "classe": "GREEN", "significativo": false, "nota": "3641 consegnati, 3640 dipinti (salt 0)"}, "blocco_max_s": {"valore": 0.1, "classe": "GREEN", "significativo": false, "nota": "dall'attore (23 righe)"}, "buchi_al_min": {"valore": 0.0, "classe": "GREEN", "significativo": false, "nota": "0 buchi in 121 s"}, "video_frazione_f": {"valore": 1.003, "classe": "GREEN", "significativo": false, "nota": "30.1 dipinti/s in 121 s di video, f = 30.0"}, "audio_udibile_pct": {"valore": 100.0, "classe": "GREEN", "significativo": false, "nota": "6000 suonati su 6000 mandati (6000 ricevuti + 0 mancati)"}, "caduta": {"valore": false, "classe": "GREEN", "significativo": false, "nota": "nessuna caduta, riavvio o errore che stacca"}, "nascita_s": {"valore": 1.73, "classe": "GREEN", "significativo": false, "nota": "accesso → primo fotogramma"}}, "classe": "GREEN", "ragione": "tutte le voci GREEN", "non_misurate": [], "evidenze": ["/media/REMOTIX/misure/fase16/amd-b-2k-xfce/livello-16-ripetizione/utente-08"]}
{"campagna": "amd-b-2k-xfce", "livello": 16, "desktop": "xfce", "scheda": "AMD Radeon RX 6800", "driver": "amdgpu intel-media-va-driver=25.2.3+dfsg1-1 libgl1-mesa-dri=25.0.7-2+deb13u1 libva2=2.22.0-3 mesa-va-drivers=25.0.7-2+deb13u1", "misura": "2k", "commit": "678a2da", "binario": "28a947f5", "pagina": "fb9a18f3", "nucleo": "7.0", "tetto_sessioni": 17, "inizio": "2026-09-28T11:09:34+00:00", "durata_s": 1975, "finestra": ["11:40:29", "11:42:29"], "fps_video": 30.0, "tipo": "sessione", "utente": 9, "profilo": "A", "browser": "firefox", "versione": "Firefox 140.16.0 · finestra vera", "inquilino": "c16009u9", "misure": {"finestra_s": 115.6, "esperienza": {"giro_eco_p95_ms": 44.8, "giro_eco_campioni": 63, "giro_tutti_p95_ms": 38.3, "giro_tutti_campioni": 221}, "video_non_avanza": 0, "input_azioni": 19, "input_persi": 0, "input_latenza_p95_ms": 219, "tratto": {"righe": 60, "mediana_p95_ms": 13.81, "max_campione_p95_ms": 36.34, "produttore_mediana_ms": 0.0}, "ritardo_p95_ms": 36.64, "nostro": {"righe": 60, "p95_dei_p95_ms": 27.64, "max_al_secondo_max_ms": 36.34, "max_al_secondo_p95_ms": 32.92, "mediana_ms": 13.08, "fotogrammi": 1409}, "consegnati": 1272, "dipinti": 1272, "salt": 0, "saltati_pct": 0.0, "lavoro_s": 84.9, "blocco_max_s": 0.395, "buchi": 0, "rete": {"persi": 0, "byte_persi": 0, "spediti": 8457, "byte_spediti": 10222200, "ricevuti": 1919, "scartati": 0, "dgram_persi": 0, "dgram_ok": 0, "dgram_falsi": 0, "connessioni": 1, "perdita_pct": 0.0, "mbit_s": 0.68, "srtt_ms": {"mediana": 0.2, "max": 0.55}, "pto_ms_max": 23.0, "secondi": 120}, "tratto_server_ms": {"mediana": 12.78, "max": 36.34, "ora": "11:42:29.767"}, "nascita_s": 1.67, "journal_err": 10}, "voci": {"ritardo_p95_ms": {"valore": 36.64, "classe": "GREEN", "significativo": false, "nota": "p95 dei p95 al secondo di «NOSTRO» (copia → byte fuori, 60 righe del figlio) 27.6 ms + 9 ms d'ingresso (tetto costruttivo: poll di 8 ms) · ⚠ strada wlroots: la «copia» e' contata due volte (~4 ms in piu', cattura.c:2309 / figlio.c:5191) — NON corretto, e' dal lato prudente"}, "saltati_pct": {"valore": 0.0, "classe": "GREEN", "significativo": false, "nota": "1272 consegnati, 1272 dipinti (salt 0)"}, "blocco_max_s": {"valore": 0.395, "classe": "GREEN", "significativo": false, "nota": "dall'attore (16 righe)"}, "buchi_al_min": {"valore": 0.0, "classe": "GREEN", "significativo": false, "nota": "0 buchi in 116 s"}, "caduta": {"valore": false, "classe": "GREEN", "significativo": false, "nota": "nessuna caduta, riavvio o errore che stacca"}, "nascita_s": {"valore": 1.671, "classe": "GREEN", "significativo": false, "nota": "accesso → primo fotogramma"}}, "classe": "GREEN", "ragione": "tutte le voci GREEN", "non_misurate": [], "evidenze": ["/media/REMOTIX/misure/fase16/amd-b-2k-xfce/livello-16-ripetizione/utente-09"]}
{"campagna": "amd-b-2k-xfce", "livello": 16, "desktop": "xfce", "scheda": "AMD Radeon RX 6800", "driver": "amdgpu intel-media-va-driver=25.2.3+dfsg1-1 libgl1-mesa-dri=25.0.7-2+deb13u1 libva2=2.22.0-3 mesa-va-drivers=25.0.7-2+deb13u1", "misura": "2k", "commit": "678a2da", "binario": "28a947f5", "pagina": "fb9a18f3", "nucleo": "7.0", "tetto_sessioni": 17, "inizio": "2026-09-28T11:09:34+00:00", "durata_s": 1975, "finestra": ["11:40:29", "11:42:29"], "fps_video": 30.0, "tipo": "sessione", "utente": 10, "profilo": "B", "browser": "chrome", "versione": "Chrome/154.0.8037.57 · finestra vera", "inquilino": "c16010u10", "misure": {"finestra_s": 120.2, "esperienza": {"giro_eco_p95_ms": 24.8, "giro_eco_campioni": 255, "giro_tutti_p95_ms": 25.4, "giro_tutti_campioni": 324}, "video_non_avanza": 0, "input_azioni": 5, "input_persi": 0, "input_latenza_p95_ms": 3506, "tratto": {"righe": 80, "mediana_p95_ms": 13.19, "max_campione_p95_ms": 46.28, "produttore_mediana_ms": 0.0}, "ritardo_p95_ms": 33.3, "nostro": {"righe": 80, "p95_dei_p95_ms": 24.3, "max_al_secondo_max_ms": 31.3, "max_al_secondo_p95_ms": 24.59, "mediana_ms": 12.74, "fotogrammi": 788}, "consegnati": 788, "dipinti": 788, "salt": 0, "saltati_pct": 0.0, "lavoro_s": 110.0, "blocco_max_s": 0.042, "buchi": 0, "rete": {"persi": 0, "byte_persi": 0, "spediti": 1521, "byte_spediti": 1679172, "ricevuti": 1237, "scartati": 0, "dgram_persi": 0, "dgram_ok": 0, "dgram_falsi": 0, "connessioni": 1, "perdita_pct": 0.0, "mbit_s": 0.11, "srtt_ms": {"mediana": 0.6, "max": 4.68}, "pto_ms_max": 63.4, "secondi": 121}, "tratto_server_ms": {"mediana": 12.54, "max": 31.3, "ora": "11:42:29.916"}, "nascita_s": 1.73, "journal_err": 5}, "voci": {"ritardo_p95_ms": {"valore": 33.3, "classe": "GREEN", "significativo": false, "nota": "p95 dei p95 al secondo di «NOSTRO» (copia → byte fuori, 80 righe del figlio) 24.3 ms + 9 ms d'ingresso (tetto costruttivo: poll di 8 ms) · ⚠ strada wlroots: la «copia» e' contata due volte (~4 ms in piu', cattura.c:2309 / figlio.c:5191) — NON corretto, e' dal lato prudente"}, "saltati_pct": {"valore": 0.0, "classe": "GREEN", "significativo": false, "nota": "788 consegnati, 788 dipinti (salt 0)"}, "blocco_max_s": {"valore": 0.042, "classe": "GREEN", "significativo": false, "nota": "dall'attore (19 righe)"}, "buchi_al_min": {"valore": 0.0, "classe": "GREEN", "significativo": false, "nota": "0 buchi in 120 s"}, "caduta": {"valore": false, "classe": "GREEN", "significativo": false, "nota": "nessuna caduta, riavvio o errore che stacca"}, "nascita_s": {"valore": 1.727, "classe": "GREEN", "significativo": false, "nota": "accesso → primo fotogramma"}}, "classe": "GREEN", "ragione": "tutte le voci GREEN", "non_misurate": [], "evidenze": ["/media/REMOTIX/misure/fase16/amd-b-2k-xfce/livello-16-ripetizione/utente-10"]}
{"campagna": "amd-b-2k-xfce", "livello": 16, "desktop": "xfce", "scheda": "AMD Radeon RX 6800", "driver": "amdgpu intel-media-va-driver=25.2.3+dfsg1-1 libgl1-mesa-dri=25.0.7-2+deb13u1 libva2=2.22.0-3 mesa-va-drivers=25.0.7-2+deb13u1", "misura": "2k", "commit": "678a2da", "binario": "28a947f5", "pagina": "fb9a18f3", "nucleo": "7.0", "tetto_sessioni": 17, "inizio": "2026-09-28T11:09:34+00:00", "durata_s": 1975, "finestra": ["11:40:29", "11:42:29"], "fps_video": 30.0, "tipo": "sessione", "utente": 11, "profilo": "C", "browser": "firefox", "versione": "Firefox 140.16.0 · finestra vera", "inquilino": "c16011u11", "misure": {"finestra_s": 120.4, "esperienza": {"giro_eco_p95_ms": 40.1, "giro_eco_campioni": 86, "giro_tutti_p95_ms": 40.2, "giro_tutti_campioni": 132}, "video_non_avanza": 0, "input_azioni": 4, "input_persi": 0, "input_latenza_p95_ms": 4, "tratto": {"righe": 40, "mediana_p95_ms": 14.08, "max_campione_p95_ms": 47.16, "produttore_mediana_ms": 0.0}, "ritardo_p95_ms": 41.24, "nostro": {"righe": 40, "p95_dei_p95_ms": 32.24, "max_al_secondo_max_ms": 38.14, "max_al_secondo_p95_ms": 32.24, "mediana_ms": 16.14, "fotogrammi": 162}, "consegnati": 141, "dipinti": 141, "salt": 0, "saltati_pct": 0.0, "lavoro_s": 69.4, "blocco_max_s": 0.426, "buchi": 0, "rete": {"persi": 0, "byte_persi": 0, "spediti": 1013, "byte_spediti": 1226860, "ricevuti": 478, "scartati": 0, "dgram_persi": 0, "dgram_ok": 0, "dgram_falsi": 0, "connessioni": 1, "perdita_pct": 0.0, "mbit_s": 0.08, "srtt_ms": {"mediana": 0.2, "max": 0.31}, "pto_ms_max": 21.9, "secondi": 121}, "tratto_server_ms": {"mediana": 13.83, "max": 47.16, "ora": "11:42:29.740"}, "nascita_s": 1.69, "journal_err": 5}, "voci": {"ritardo_p95_ms": {"valore": 41.24, "classe": "GREEN", "significativo": false, "nota": "p95 dei p95 al secondo di «NOSTRO» (copia → byte fuori, 40 righe del figlio) 32.2 ms + 9 ms d'ingresso (tetto costruttivo: poll di 8 ms) · ⚠ strada wlroots: la «copia» e' contata due volte (~4 ms in piu', cattura.c:2309 / figlio.c:5191) — NON corretto, e' dal lato prudente"}, "saltati_pct": {"valore": 0.0, "classe": "GREEN", "significativo": false, "nota": "141 consegnati, 141 dipinti (salt 0)"}, "blocco_max_s": {"valore": 0.426, "classe": "GREEN", "significativo": false, "nota": "dall'attore (12 righe)"}, "buchi_al_min": {"valore": 0.0, "classe": "GREEN", "significativo": false, "nota": "0 buchi in 120 s"}, "caduta": {"valore": false, "classe": "GREEN", "significativo": false, "nota": "nessuna caduta, riavvio o errore che stacca"}, "nascita_s": {"valore": 1.686, "classe": "GREEN", "significativo": false, "nota": "accesso → primo fotogramma"}}, "classe": "GREEN", "ragione": "tutte le voci GREEN", "non_misurate": [], "evidenze": ["/media/REMOTIX/misure/fase16/amd-b-2k-xfce/livello-16-ripetizione/utente-11"]}
{"campagna": "amd-b-2k-xfce", "livello": 16, "desktop": "xfce", "scheda": "AMD Radeon RX 6800", "driver": "amdgpu intel-media-va-driver=25.2.3+dfsg1-1 libgl1-mesa-dri=25.0.7-2+deb13u1 libva2=2.22.0-3 mesa-va-drivers=25.0.7-2+deb13u1", "misura": "2k", "commit": "678a2da", "binario": "28a947f5", "pagina": "fb9a18f3", "nucleo": "7.0", "tetto_sessioni": 17, "inizio": "2026-09-28T11:09:34+00:00", "durata_s": 1975, "finestra": ["11:40:29", "11:42:29"], "fps_video": 30.0, "tipo": "sessione", "utente": 12, "profilo": "D", "browser": "chrome", "versione": "Chrome/154.0.8037.57 · finestra vera", "inquilino": "c16012u12", "misure": {"finestra_s": 115.3, "esperienza": {"giro_eco_p95_ms": null, "giro_eco_campioni": 0, "giro_tutti_p95_ms": 28.9, "giro_tutti_campioni": 12}, "video_non_avanza": 0, "input_azioni": 0, "input_persi": 0, "input_latenza_p95_ms": null, "tratto": {"righe": 119, "mediana_p95_ms": 11.68, "max_campione_p95_ms": 41.23, "produttore_mediana_ms": 0.0}, "ritardo_p95_ms": 34.71, "nostro": {"righe": 119, "p95_dei_p95_ms": 25.71, "max_al_secondo_max_ms": 41.23, "max_al_secondo_p95_ms": 29.97, "mediana_ms": 11.48, "fotogrammi": 3642}, "consegnati": 3479, "dipinti": 3479, "salt": 0, "saltati_pct": 0.0, "lavoro_s": 115.3, "blocco_max_s": 0.1, "buchi": 0, "video_fps": 30.181, "audio_udibile_pct": 100.0, "rete": {"persi": 0, "byte_persi": 0, "spediti": 79474, "byte_spediti": 110999560, "ricevuti": 13460, "scartati": 0, "dgram_persi": 0, "dgram_ok": 6000, "dgram_falsi": 0, "connessioni": 1, "perdita_pct": 0.0, "mbit_s": 7.34, "srtt_ms": {"mediana": 0.38, "max": 1.12}, "pto_ms_max": 29.3, "secondi": 121}, "tratto_server_ms": {"mediana": 11.61, "max": 27.75, "ora": "11:42:29.634"}, "nascita_s": 1.83, "journal_err": 11}, "voci": {"ritardo_p95_ms": {"valore": 34.71, "classe": "GREEN", "significativo": false, "nota": "p95 dei p95 al secondo di «NOSTRO» (copia → byte fuori, 119 righe del figlio) 25.7 ms + 9 ms d'ingresso (tetto costruttivo: poll di 8 ms) · ⚠ strada wlroots: la «copia» e' contata due volte (~4 ms in piu', cattura.c:2309 / figlio.c:5191) — NON corretto, e' dal lato prudente"}, "saltati_pct": {"valore": 0.0, "classe": "GREEN", "significativo": false, "nota": "3479 consegnati, 3479 dipinti (salt 0)"}, "blocco_max_s": {"valore": 0.1, "classe": "GREEN", "significativo": false, "nota": "dall'attore (22 righe)"}, "buchi_al_min": {"valore": 0.0, "classe": "GREEN", "significativo": false, "nota": "0 buchi in 115 s"}, "video_frazione_f": {"valore": 1.006, "classe": "GREEN", "significativo": false, "nota": "30.2 dipinti/s in 115 s di video, f = 30.0"}, "audio_udibile_pct": {"valore": 100.0, "classe": "GREEN", "significativo": false, "nota": "5750 suonati su 5750 mandati (5750 ricevuti + 0 mancati)"}, "caduta": {"valore": false, "classe": "GREEN", "significativo": false, "nota": "nessuna caduta, riavvio o errore che stacca"}, "nascita_s": {"valore": 1.833, "classe": "GREEN", "significativo": false, "nota": "accesso → primo fotogramma"}}, "classe": "GREEN", "ragione": "tutte le voci GREEN", "non_misurate": [], "evidenze": ["/media/REMOTIX/misure/fase16/amd-b-2k-xfce/livello-16-ripetizione/utente-12"]}
{"campagna": "amd-b-2k-xfce", "livello": 16, "desktop": "xfce", "scheda": "AMD Radeon RX 6800", "driver": "amdgpu intel-media-va-driver=25.2.3+dfsg1-1 libgl1-mesa-dri=25.0.7-2+deb13u1 libva2=2.22.0-3 mesa-va-drivers=25.0.7-2+deb13u1", "misura": "2k", "commit": "678a2da", "binario": "28a947f5", "pagina": "fb9a18f3", "nucleo": "7.0", "tetto_sessioni": 17, "inizio": "2026-09-28T11:09:34+00:00", "durata_s": 1975, "finestra": ["11:40:29", "11:42:29"], "fps_video": 30.0, "tipo": "sessione", "utente": 13, "profilo": "A", "browser": "firefox", "versione": "Firefox 140.16.0 · finestra vera", "inquilino": "c16013u13", "misure": {"finestra_s": 116.8, "esperienza": {"giro_eco_p95_ms": null, "giro_eco_campioni": 0, "giro_tutti_p95_ms": 32.3, "giro_tutti_campioni": 86}, "video_non_avanza": 0, "input_azioni": 10, "input_persi": 0, "input_latenza_p95_ms": 188, "tratto": {"righe": 21, "mediana_p95_ms": 13.45, "max_campione_p95_ms": 35.94, "produttore_mediana_ms": 0.0}, "ritardo_p95_ms": 33.79, "nostro": {"righe": 21, "p95_dei_p95_ms": 24.79, "max_al_secondo_max_ms": 32.47, "max_al_secondo_p95_ms": 31.0, "mediana_ms": 13.24, "fotogrammi": 749}, "consegnati": 751, "dipinti": 751, "salt": 0, "saltati_pct": 0.0, "lavoro_s": 41.7, "blocco_max_s": 0.023, "buchi": 0, "rete": {"persi": 0, "byte_persi": 0, "spediti": 4403, "byte_spediti": 5290852, "ricevuti": 959, "scartati": 0, "dgram_persi": 0, "dgram_ok": 0, "dgram_falsi": 0, "connessioni": 1, "perdita_pct": 0.0, "mbit_s": 0.36, "srtt_ms": {"mediana": 0.18, "max": 0.49}, "pto_ms_max": 22.4, "secondi": 117}, "tratto_server_ms": {"mediana": 13.56, "max": 29.33, "ora": "11:42:08.488"}, "nascita_s": 1.78, "journal_err": 10}, "voci": {"ritardo_p95_ms": {"valore": 33.79, "classe": "GREEN", "significativo": false, "nota": "p95 dei p95 al secondo di «NOSTRO» (copia → byte fuori, 21 righe del figlio) 24.8 ms + 9 ms d'ingresso (tetto costruttivo: poll di 8 ms) · ⚠ strada wlroots: la «copia» e' contata due volte (~4 ms in piu', cattura.c:2309 / figlio.c:5191) — NON corretto, e' dal lato prudente"}, "saltati_pct": {"valore": 0.0, "classe": "GREEN", "significativo": false, "nota": "751 consegnati, 751 dipinti (salt 0)"}, "blocco_max_s": {"valore": 0.023, "classe": "GREEN", "significativo": false, "nota": "dall'attore (8 righe)"}, "buchi_al_min": {"valore": 0.0, "classe": "GREEN", "significativo": false, "nota": "0 buchi in 117 s"}, "caduta": {"valore": false, "classe": "GREEN", "significativo": false, "nota": "nessuna caduta, riavvio o errore che stacca"}, "nascita_s": {"valore": 1.778, "classe": "GREEN", "significativo": false, "nota": "accesso → primo fotogramma"}}, "classe": "GREEN", "ragione": "tutte le voci GREEN", "non_misurate": [], "evidenze": ["/media/REMOTIX/misure/fase16/amd-b-2k-xfce/livello-16-ripetizione/utente-13"]}
{"campagna": "amd-b-2k-xfce", "livello": 16, "desktop": "xfce", "scheda": "AMD Radeon RX 6800", "driver": "amdgpu intel-media-va-driver=25.2.3+dfsg1-1 libgl1-mesa-dri=25.0.7-2+deb13u1 libva2=2.22.0-3 mesa-va-drivers=25.0.7-2+deb13u1", "misura": "2k", "commit": "678a2da", "binario": "28a947f5", "pagina": "fb9a18f3", "nucleo": "7.0", "tetto_sessioni": 17, "inizio": "2026-09-28T11:09:34+00:00", "durata_s": 1975, "finestra": ["11:40:29", "11:42:29"], "fps_video": 30.0, "tipo": "sessione", "utente": 14, "profilo": "B", "browser": "chrome", "versione": "Chrome/154.0.8037.57 · finestra vera", "inquilino": "c16014u14", "misure": {"finestra_s": 121.5, "esperienza": {"giro_eco_p95_ms": 29.7, "giro_eco_campioni": 216, "giro_tutti_p95_ms": 33.7, "giro_tutti_campioni": 300}, "video_non_avanza": 0, "input_azioni": 5, "input_persi": 0, "input_latenza_p95_ms": 3945, "tratto": {"righe": 63, "mediana_p95_ms": 14.79, "max_campione_p95_ms": 36.8, "produttore_mediana_ms": 0.0}, "ritardo_p95_ms": 40.19, "nostro": {"righe": 63, "p95_dei_p95_ms": 31.19, "max_al_secondo_max_ms": 36.8, "max_al_secondo_p95_ms": 31.19, "mediana_ms": 13.85, "fotogrammi": 715}, "consegnati": 716, "dipinti": 716, "salt": 0, "saltati_pct": 0.0, "lavoro_s": 85.3, "blocco_max_s": 0.045, "buchi": 0, "rete": {"persi": 0, "byte_persi": 0, "spediti": 1344, "byte_spediti": 1482952, "ricevuti": 1126, "scartati": 0, "dgram_persi": 0, "dgram_ok": 0, "dgram_falsi": 0, "connessioni": 1, "perdita_pct": 0.0, "mbit_s": 0.1, "srtt_ms": {"mediana": 0.7, "max": 1.2}, "pto_ms_max": 28.7, "secondi": 121}, "tratto_server_ms": {"mediana": 13.77, "max": 30.3, "ora": "11:42:29.947"}, "nascita_s": 1.72, "journal_err": 5}, "voci": {"ritardo_p95_ms": {"valore": 40.19, "classe": "GREEN", "significativo": false, "nota": "p95 dei p95 al secondo di «NOSTRO» (copia → byte fuori, 63 righe del figlio) 31.2 ms + 9 ms d'ingresso (tetto costruttivo: poll di 8 ms) · ⚠ strada wlroots: la «copia» e' contata due volte (~4 ms in piu', cattura.c:2309 / figlio.c:5191) — NON corretto, e' dal lato prudente"}, "saltati_pct": {"valore": 0.0, "classe": "GREEN", "significativo": false, "nota": "716 consegnati, 716 dipinti (salt 0)"}, "blocco_max_s": {"valore": 0.045, "classe": "GREEN", "significativo": false, "nota": "dall'attore (15 righe)"}, "buchi_al_min": {"valore": 0.0, "classe": "GREEN", "significativo": false, "nota": "0 buchi in 121 s"}, "caduta": {"valore": false, "classe": "GREEN", "significativo": false, "nota": "nessuna caduta, riavvio o errore che stacca"}, "nascita_s": {"valore": 1.724, "classe": "GREEN", "significativo": false, "nota": "accesso → primo fotogramma"}}, "classe": "GREEN", "ragione": "tutte le voci GREEN", "non_misurate": [], "evidenze": ["/media/REMOTIX/misure/fase16/amd-b-2k-xfce/livello-16-ripetizione/utente-14"]}
{"campagna": "amd-b-2k-xfce", "livello": 16, "desktop": "xfce", "scheda": "AMD Radeon RX 6800", "driver": "amdgpu intel-media-va-driver=25.2.3+dfsg1-1 libgl1-mesa-dri=25.0.7-2+deb13u1 libva2=2.22.0-3 mesa-va-drivers=25.0.7-2+deb13u1", "misura": "2k", "commit": "678a2da", "binario": "28a947f5", "pagina": "fb9a18f3", "nucleo": "7.0", "tetto_sessioni": 17, "inizio": "2026-09-28T11:09:34+00:00", "durata_s": 1975, "finestra": ["11:40:29", "11:42:29"], "fps_video": 30.0, "tipo": "sessione", "utente": 15, "profilo": "C", "browser": "firefox", "versione": "Firefox 140.16.0 · finestra vera", "inquilino": "c16015u15", "misure": {"finestra_s": 117.8, "esperienza": {"giro_eco_p95_ms": 40.3, "giro_eco_campioni": 193, "giro_tutti_p95_ms": 40.9, "giro_tutti_campioni": 227}, "video_non_avanza": 0, "input_azioni": 7, "input_persi": 0, "input_latenza_p95_ms": 210, "tratto": {"righe": 66, "mediana_p95_ms": 12.71, "max_campione_p95_ms": 42.53, "produttore_mediana_ms": 0.0}, "ritardo_p95_ms": 34.23, "nostro": {"righe": 66, "p95_dei_p95_ms": 25.23, "max_al_secondo_max_ms": 42.53, "max_al_secondo_p95_ms": 25.23, "mediana_ms": 14.36, "fotogrammi": 259}, "consegnati": 236, "dipinti": 236, "salt": 0, "saltati_pct": 0.0, "lavoro_s": 86.3, "blocco_max_s": 0.593, "buchi": 0, "rete": {"persi": 0, "byte_persi": 0, "spediti": 1333, "byte_spediti": 1526920, "ricevuti": 787, "scartati": 0, "dgram_persi": 0, "dgram_ok": 0, "dgram_falsi": 0, "connessioni": 1, "perdita_pct": 0.0, "mbit_s": 0.1, "srtt_ms": {"mediana": 0.18, "max": 0.53}, "pto_ms_max": 22.5, "secondi": 120}, "tratto_server_ms": {"mediana": 12.7, "max": 42.53, "ora": "11:42:30.073"}, "nascita_s": 1.78, "journal_err": 5}, "voci": {"ritardo_p95_ms": {"valore": 34.23, "classe": "GREEN", "significativo": false, "nota": "p95 dei p95 al secondo di «NOSTRO» (copia → byte fuori, 66 righe del figlio) 25.2 ms + 9 ms d'ingresso (tetto costruttivo: poll di 8 ms) · ⚠ strada wlroots: la «copia» e' contata due volte (~4 ms in piu', cattura.c:2309 / figlio.c:5191) — NON corretto, e' dal lato prudente"}, "saltati_pct": {"valore": 0.0, "classe": "GREEN", "significativo": false, "nota": "236 consegnati, 236 dipinti (salt 0)"}, "blocco_max_s": {"valore": 0.593, "classe": "GREEN", "significativo": false, "nota": "dall'attore (15 righe)"}, "buchi_al_min": {"valore": 0.0, "classe": "GREEN", "significativo": false, "nota": "0 buchi in 118 s"}, "caduta": {"valore": false, "classe": "GREEN", "significativo": false, "nota": "nessuna caduta, riavvio o errore che stacca"}, "nascita_s": {"valore": 1.777, "classe": "GREEN", "significativo": false, "nota": "accesso → primo fotogramma"}}, "classe": "GREEN", "ragione": "tutte le voci GREEN", "non_misurate": [], "evidenze": ["/media/REMOTIX/misure/fase16/amd-b-2k-xfce/livello-16-ripetizione/utente-15"]}
{"campagna": "amd-b-2k-xfce", "livello": 16, "desktop": "xfce", "scheda": "AMD Radeon RX 6800", "driver": "amdgpu intel-media-va-driver=25.2.3+dfsg1-1 libgl1-mesa-dri=25.0.7-2+deb13u1 libva2=2.22.0-3 mesa-va-drivers=25.0.7-2+deb13u1", "misura": "2k", "commit": "678a2da", "binario": "28a947f5", "pagina": "fb9a18f3", "nucleo": "7.0", "tetto_sessioni": 17, "inizio": "2026-09-28T11:09:34+00:00", "durata_s": 1975, "finestra": ["11:40:29", "11:42:29"], "fps_video": 30.0, "tipo": "sessione", "utente": 16, "profilo": "D", "browser": "chrome", "versione": "Chrome/154.0.8037.57 · finestra vera", "inquilino": "c16016u16", "misure": {"finestra_s": 122.2, "esperienza": {"giro_eco_p95_ms": null, "giro_eco_campioni": 0, "giro_tutti_p95_ms": 25.2, "giro_tutti_campioni": 4}, "video_non_avanza": 0, "input_azioni": 0, "input_persi": 0, "input_latenza_p95_ms": null, "tratto": {"righe": 120, "mediana_p95_ms": 12.19, "max_campione_p95_ms": 45.21, "produttore_mediana_ms": 0.0}, "ritardo_p95_ms": 35.08, "nostro": {"righe": 120, "p95_dei_p95_ms": 26.08, "max_al_secondo_max_ms": 45.21, "max_al_secondo_p95_ms": 33.39, "mediana_ms": 11.64, "fotogrammi": 3663}, "consegnati": 3679, "dipinti": 3679, "salt": 0, "saltati_pct": 0.0, "lavoro_s": 122.2, "blocco_max_s": 0.12, "buchi": 0, "video_fps": 30.106, "audio_udibile_pct": 100.0, "rete": {"persi": 0, "byte_persi": 0, "spediti": 63511, "byte_spediti": 90523208, "ricevuti": 11874, "scartati": 0, "dgram_persi": 0, "dgram_ok": 6001, "dgram_falsi": 0, "connessioni": 1, "perdita_pct": 0.0, "mbit_s": 5.98, "srtt_ms": {"mediana": 0.28, "max": 1.47}, "pto_ms_max": 30.7, "secondi": 121}, "tratto_server_ms": {"mediana": 11.58, "max": 38.54, "ora": "11:42:30.176"}, "nascita_s": 1.73, "journal_err": 7}, "voci": {"ritardo_p95_ms": {"valore": 35.08, "classe": "GREEN", "significativo": false, "nota": "p95 dei p95 al secondo di «NOSTRO» (copia → byte fuori, 120 righe del figlio) 26.1 ms + 9 ms d'ingresso (tetto costruttivo: poll di 8 ms) · ⚠ strada wlroots: la «copia» e' contata due volte (~4 ms in piu', cattura.c:2309 / figlio.c:5191) — NON corretto, e' dal lato prudente"}, "saltati_pct": {"valore": 0.0, "classe": "GREEN", "significativo": false, "nota": "3679 consegnati, 3679 dipinti (salt 0)"}, "blocco_max_s": {"valore": 0.12, "classe": "GREEN", "significativo": false, "nota": "dall'attore (23 righe)"}, "buchi_al_min": {"valore": 0.0, "classe": "GREEN", "significativo": false, "nota": "0 buchi in 122 s"}, "video_frazione_f": {"valore": 1.004, "classe": "GREEN", "significativo": false, "nota": "30.1 dipinti/s in 122 s di video, f = 30.0"}, "audio_udibile_pct": {"valore": 100.0, "classe": "GREEN", "significativo": false, "nota": "6000 suonati su 6000 mandati (6000 ricevuti + 0 mancati)"}, "caduta": {"valore": false, "classe": "GREEN", "significativo": false, "nota": "nessuna caduta, riavvio o errore che stacca"}, "nascita_s": {"valore": 1.732, "classe": "GREEN", "significativo": false, "nota": "accesso → primo fotogramma"}}, "classe": "GREEN", "ragione": "tutte le voci GREEN", "non_misurate": [], "evidenze": ["/media/REMOTIX/misure/fase16/amd-b-2k-xfce/livello-16-ripetizione/utente-16"]}
{"campagna": "amd-b-2k-xfce", "livello": 16, "desktop": "xfce", "scheda": "AMD Radeon RX 6800", "driver": "amdgpu intel-media-va-driver=25.2.3+dfsg1-1 libgl1-mesa-dri=25.0.7-2+deb13u1 libva2=2.22.0-3 mesa-va-drivers=25.0.7-2+deb13u1", "misura": "2k", "commit": "678a2da", "binario": "28a947f5", "pagina": "fb9a18f3", "nucleo": "7.0", "tetto_sessioni": 17, "inizio": "2026-09-28T11:09:34+00:00", "durata_s": 1975, "finestra": ["11:40:29", "11:42:29"], "fps_video": 30.0, "tipo": "sessione", "utente": 99, "profilo": "controllo", "browser": "chrome", "versione": "Chrome/154.0.8037.57 · finestra vera", "inquilino": "c16016u99", "misure": {"nascita_s": null, "ammissione_s": 1.21, "primo_non_degenere_s": null, "sessioni_durante": 32}, "voci": {"nascita_s": {"valore": null, "classe": "FAIL", "significativo": true, "nota": "la sessione del controllo non e' nata: nessun fotogramma dipinto 90 s dopo l'accesso"}, "controllo_corto": {"valore": {"F-004": "BLOCKED", "F-007": "BLOCKED", "F-003": "BLOCKED", "F-014": "BLOCKED"}, "classe": "DEGRADED", "significativo": true, "non_misurato": true, "nota": "NON MISURATO: non guardate: F-004, F-007, F-003, F-014"}}, "classe": "FAIL", "ragione": "FAIL nascita (accesso → primo fotogramma): la sessione del controllo non e' nata: nessun fotogramma dipinto 90 s dopo l'accesso · DEGRADED controllo funzionale corto: NON MISURATO: non guardate: F-004, F-007, F-003, F-014", "non_misurate": ["controllo_corto"], "evidenze": ["/media/REMOTIX/misure/fase16/amd-b-2k-xfce/livello-16-ripetizione/controllo-corto"]}
→ 18 righe in /media/REMOTIX/src/controllo/banchi/16-stress/registro.jsonl
